Archive member included because of file (symbol)

.\CortexM3\ARM_GCC_484\Debug\chickybot.a(cyfitter_cfg.o)
                              .\CortexM3\ARM_GCC_484\Debug\Cm3Start.o (cyfitter_cfg)
.\CortexM3\ARM_GCC_484\Debug\chickybot.a(CyBootAsmGnu.o)
                              .\CortexM3\ARM_GCC_484\Debug\chickybot.a(cyfitter_cfg.o) (CyDelayCycles)
.\CortexM3\ARM_GCC_484\Debug\chickybot.a(CyLib.o)
                              .\CortexM3\ARM_GCC_484\Debug\Cm3Start.o (CyHalt)
.\CortexM3\ARM_GCC_484\Debug\chickybot.a(cyPm.o)
                              .\CortexM3\ARM_GCC_484\Debug\chickybot.a(CyLib.o) (CyPmReadStatus)
.\CortexM3\ARM_GCC_484\Debug\chickybot.a(LedGreen.o)
                              .\CortexM3\ARM_GCC_484\Debug\main.o (LedGreen_Write)
.\CortexM3\ARM_GCC_484\Debug\chickybot.a(LedBlue.o)
                              .\CortexM3\ARM_GCC_484\Debug\main.o (LedBlue_Write)
.\CortexM3\ARM_GCC_484\Debug\chickybot.a(Lcd.o)
                              .\CortexM3\ARM_GCC_484\Debug\main.o (Lcd_PrintString)
.\CortexM3\ARM_GCC_484\Debug\chickybot.a(IsrBtn0Pressed.o)
                              .\CortexM3\ARM_GCC_484\Debug\main.o (IsrBtn0Pressed_StartEx)
.\CortexM3\ARM_GCC_484\Debug\chickybot.a(IsrBtn1Pressed.o)
                              .\CortexM3\ARM_GCC_484\Debug\main.o (IsrBtn1Pressed_StartEx)
.\CortexM3\ARM_GCC_484\Debug\chickybot.a(CsBtns_PWM.o)
                              .\CortexM3\ARM_GCC_484\Debug\main.o (CsBtns_PWM_Start)
.\CortexM3\ARM_GCC_484\Debug\chickybot.a(CyFlash.o)
                              .\CortexM3\ARM_GCC_484\Debug\chickybot.a(cyPm.o) (CyFlash_SetWaitCycles)
.\CortexM3\ARM_GCC_484\Debug\chickybot.a(CySpc.o)
                              .\CortexM3\ARM_GCC_484\Debug\chickybot.a(CyFlash.o) (CySpcStart)
c:/program files (x86)/cypress/psoc creator/3.2/psoc creator/import/gnu/arm/4.8.4/bin/../lib/gcc/arm-none-eabi/4.8.4/../../../../arm-none-eabi/lib/armv7-m\libg_s.a(lib_a-errno.o)
                              .\CortexM3\ARM_GCC_484\Debug\Cm3Start.o (__errno)
c:/program files (x86)/cypress/psoc creator/3.2/psoc creator/import/gnu/arm/4.8.4/bin/../lib/gcc/arm-none-eabi/4.8.4/../../../../arm-none-eabi/lib/armv7-m\libg_s.a(lib_a-exit.o)
                              c:/program files (x86)/cypress/psoc creator/3.2/psoc creator/import/gnu/arm/4.8.4/bin/../lib/gcc/arm-none-eabi/4.8.4/../../../../arm-none-eabi/lib/armv7-m/crt0.o (exit)
c:/program files (x86)/cypress/psoc creator/3.2/psoc creator/import/gnu/arm/4.8.4/bin/../lib/gcc/arm-none-eabi/4.8.4/../../../../arm-none-eabi/lib/armv7-m\libg_s.a(lib_a-impure.o)
                              c:/program files (x86)/cypress/psoc creator/3.2/psoc creator/import/gnu/arm/4.8.4/bin/../lib/gcc/arm-none-eabi/4.8.4/../../../../arm-none-eabi/lib/armv7-m\libg_s.a(lib_a-exit.o) (_global_impure_ptr)
c:/program files (x86)/cypress/psoc creator/3.2/psoc creator/import/gnu/arm/4.8.4/bin/../lib/gcc/arm-none-eabi/4.8.4/../../../../arm-none-eabi/lib/armv7-m\libg_s.a(lib_a-init.o)
                              c:/program files (x86)/cypress/psoc creator/3.2/psoc creator/import/gnu/arm/4.8.4/bin/../lib/gcc/arm-none-eabi/4.8.4/../../../../arm-none-eabi/lib/armv7-m/crt0.o (__libc_init_array)
c:/program files (x86)/cypress/psoc creator/3.2/psoc creator/import/gnu/arm/4.8.4/bin/../lib/gcc/arm-none-eabi/4.8.4/../../../../arm-none-eabi/lib/armv7-m\libg_s.a(lib_a-memcpy-stub.o)
                              .\CortexM3\ARM_GCC_484\Debug\chickybot.a(cyfitter_cfg.o) (memcpy)
c:/program files (x86)/cypress/psoc creator/3.2/psoc creator/import/gnu/arm/4.8.4/bin/../lib/gcc/arm-none-eabi/4.8.4/../../../../arm-none-eabi/lib/armv7-m\libg_s.a(lib_a-memset.o)
                              c:/program files (x86)/cypress/psoc creator/3.2/psoc creator/import/gnu/arm/4.8.4/bin/../lib/gcc/arm-none-eabi/4.8.4/../../../../arm-none-eabi/lib/armv7-m/crt0.o (memset)

Allocating common symbols
Common symbol       size              file

dieTemperature      0x2               .\CortexM3\ARM_GCC_484\Debug\chickybot.a(CyFlash.o)

Discarded input sections

 .text          0x00000000        0x0 c:/program files (x86)/cypress/psoc creator/3.2/psoc creator/import/gnu/arm/4.8.4/bin/../lib/gcc/arm-none-eabi/4.8.4/armv7-m/crti.o
 .data          0x00000000        0x0 c:/program files (x86)/cypress/psoc creator/3.2/psoc creator/import/gnu/arm/4.8.4/bin/../lib/gcc/arm-none-eabi/4.8.4/armv7-m/crti.o
 .bss           0x00000000        0x0 c:/program files (x86)/cypress/psoc creator/3.2/psoc creator/import/gnu/arm/4.8.4/bin/../lib/gcc/arm-none-eabi/4.8.4/armv7-m/crti.o
 .data          0x00000000        0x4 c:/program files (x86)/cypress/psoc creator/3.2/psoc creator/import/gnu/arm/4.8.4/bin/../lib/gcc/arm-none-eabi/4.8.4/armv7-m/crtbegin.o
 .text          0x00000000       0x74 c:/program files (x86)/cypress/psoc creator/3.2/psoc creator/import/gnu/arm/4.8.4/bin/../lib/gcc/arm-none-eabi/4.8.4/../../../../arm-none-eabi/lib/armv7-m/crt0.o
 .data          0x00000000        0x0 c:/program files (x86)/cypress/psoc creator/3.2/psoc creator/import/gnu/arm/4.8.4/bin/../lib/gcc/arm-none-eabi/4.8.4/../../../../arm-none-eabi/lib/armv7-m/crt0.o
 .bss           0x00000000        0x0 c:/program files (x86)/cypress/psoc creator/3.2/psoc creator/import/gnu/arm/4.8.4/bin/../lib/gcc/arm-none-eabi/4.8.4/../../../../arm-none-eabi/lib/armv7-m/crt0.o
 .ARM.extab     0x00000000        0x0 c:/program files (x86)/cypress/psoc creator/3.2/psoc creator/import/gnu/arm/4.8.4/bin/../lib/gcc/arm-none-eabi/4.8.4/../../../../arm-none-eabi/lib/armv7-m/crt0.o
 .ARM.exidx     0x00000000        0x8 c:/program files (x86)/cypress/psoc creator/3.2/psoc creator/import/gnu/arm/4.8.4/bin/../lib/gcc/arm-none-eabi/4.8.4/../../../../arm-none-eabi/lib/armv7-m/crt0.o
 .text          0x00000000        0x0 .\CortexM3\ARM_GCC_484\Debug\main.o
 .data          0x00000000        0x0 .\CortexM3\ARM_GCC_484\Debug\main.o
 .bss           0x00000000        0x0 .\CortexM3\ARM_GCC_484\Debug\main.o
 .text          0x00000000        0x0 .\CortexM3\ARM_GCC_484\Debug\cymetadata.o
 .data          0x00000000        0x0 .\CortexM3\ARM_GCC_484\Debug\cymetadata.o
 .bss           0x00000000        0x0 .\CortexM3\ARM_GCC_484\Debug\cymetadata.o
 .text          0x00000000        0x0 .\CortexM3\ARM_GCC_484\Debug\Cm3Start.o
 .data          0x00000000        0x4 .\CortexM3\ARM_GCC_484\Debug\Cm3Start.o
 .bss           0x00000000        0x0 .\CortexM3\ARM_GCC_484\Debug\Cm3Start.o
 .text._exit    0x00000000        0xc .\CortexM3\ARM_GCC_484\Debug\Cm3Start.o
 .text._sbrk    0x00000000       0x30 .\CortexM3\ARM_GCC_484\Debug\Cm3Start.o
 .text          0x00000000        0x0 .\CortexM3\ARM_GCC_484\Debug\cybootloader.o
 .data          0x00000000        0x0 .\CortexM3\ARM_GCC_484\Debug\cybootloader.o
 .bss           0x00000000        0x0 .\CortexM3\ARM_GCC_484\Debug\cybootloader.o
 .text          0x00000000        0x0 .\CortexM3\ARM_GCC_484\Debug\chickybot.a(cyfitter_cfg.o)
 .data          0x00000000        0x0 .\CortexM3\ARM_GCC_484\Debug\chickybot.a(cyfitter_cfg.o)
 .bss           0x00000000        0x0 .\CortexM3\ARM_GCC_484\Debug\chickybot.a(cyfitter_cfg.o)
 .text.SetAnalogRoutingPumps
                0x00000000       0x10 .\CortexM3\ARM_GCC_484\Debug\chickybot.a(cyfitter_cfg.o)
 .data          0x00000000        0x0 .\CortexM3\ARM_GCC_484\Debug\chickybot.a(CyBootAsmGnu.o)
 .bss           0x00000000        0x0 .\CortexM3\ARM_GCC_484\Debug\chickybot.a(CyBootAsmGnu.o)
 .text          0x00000000        0x0 .\CortexM3\ARM_GCC_484\Debug\chickybot.a(CyLib.o)
 .bss           0x00000000       0x1c .\CortexM3\ARM_GCC_484\Debug\chickybot.a(CyLib.o)
 .text.CyUSB_PowerOnCheck
                0x00000000       0x48 .\CortexM3\ARM_GCC_484\Debug\chickybot.a(CyLib.o)
 .text.CyBusClk_Internal_SetDivider
                0x00000000       0x38 .\CortexM3\ARM_GCC_484\Debug\chickybot.a(CyLib.o)
 .text.CyPLL_OUT_Stop
                0x00000000       0x10 .\CortexM3\ARM_GCC_484\Debug\chickybot.a(CyLib.o)
 .text.CyIMO_Stop
                0x00000000       0x1c .\CortexM3\ARM_GCC_484\Debug\chickybot.a(CyLib.o)
 .text.CyIMO_EnableDoubler
                0x00000000       0x10 .\CortexM3\ARM_GCC_484\Debug\chickybot.a(CyLib.o)
 .text.CyIMO_DisableDoubler
                0x00000000       0x10 .\CortexM3\ARM_GCC_484\Debug\chickybot.a(CyLib.o)
 .text.CyMasterClk_SetSource
                0x00000000       0x18 .\CortexM3\ARM_GCC_484\Debug\chickybot.a(CyLib.o)
 .text.CyMasterClk_SetDivider
                0x00000000        0xc .\CortexM3\ARM_GCC_484\Debug\chickybot.a(CyLib.o)
 .text.CyBusClk_SetDivider
                0x00000000       0x70 .\CortexM3\ARM_GCC_484\Debug\chickybot.a(CyLib.o)
 .text.CyUsbClk_SetSource
                0x00000000       0x18 .\CortexM3\ARM_GCC_484\Debug\chickybot.a(CyLib.o)
 .text.CyILO_Start1K
                0x00000000       0x10 .\CortexM3\ARM_GCC_484\Debug\chickybot.a(CyLib.o)
 .text.CyILO_Stop1K
                0x00000000       0x10 .\CortexM3\ARM_GCC_484\Debug\chickybot.a(CyLib.o)
 .text.CyILO_Start100K
                0x00000000       0x10 .\CortexM3\ARM_GCC_484\Debug\chickybot.a(CyLib.o)
 .text.CyILO_Stop100K
                0x00000000       0x10 .\CortexM3\ARM_GCC_484\Debug\chickybot.a(CyLib.o)
 .text.CyPLL_OUT_Start
                0x00000000       0x80 .\CortexM3\ARM_GCC_484\Debug\chickybot.a(CyLib.o)
 .text.CyIMO_Start
                0x00000000       0x5c .\CortexM3\ARM_GCC_484\Debug\chickybot.a(CyLib.o)
 .text.CyILO_Enable33K
                0x00000000       0x10 .\CortexM3\ARM_GCC_484\Debug\chickybot.a(CyLib.o)
 .text.CyILO_Disable33K
                0x00000000       0x10 .\CortexM3\ARM_GCC_484\Debug\chickybot.a(CyLib.o)
 .text.CyILO_SetSource
                0x00000000       0x18 .\CortexM3\ARM_GCC_484\Debug\chickybot.a(CyLib.o)
 .text.CyILO_SetPowerMode
                0x00000000       0x24 .\CortexM3\ARM_GCC_484\Debug\chickybot.a(CyLib.o)
 .text.CyXTAL_32KHZ_Stop
                0x00000000       0x30 .\CortexM3\ARM_GCC_484\Debug\chickybot.a(CyLib.o)
 .text.CyXTAL_32KHZ_ReadStatus
                0x00000000       0x10 .\CortexM3\ARM_GCC_484\Debug\chickybot.a(CyLib.o)
 .text.CyXTAL_Start
                0x00000000       0xb0 .\CortexM3\ARM_GCC_484\Debug\chickybot.a(CyLib.o)
 .text.CyXTAL_Stop
                0x00000000       0x10 .\CortexM3\ARM_GCC_484\Debug\chickybot.a(CyLib.o)
 .text.CyXTAL_EnableErrStatus
                0x00000000       0x10 .\CortexM3\ARM_GCC_484\Debug\chickybot.a(CyLib.o)
 .text.CyXTAL_DisableErrStatus
                0x00000000       0x10 .\CortexM3\ARM_GCC_484\Debug\chickybot.a(CyLib.o)
 .text.CyXTAL_ReadStatus
                0x00000000       0x18 .\CortexM3\ARM_GCC_484\Debug\chickybot.a(CyLib.o)
 .text.CyXTAL_EnableFaultRecovery
                0x00000000       0x10 .\CortexM3\ARM_GCC_484\Debug\chickybot.a(CyLib.o)
 .text.CyXTAL_DisableFaultRecovery
                0x00000000       0x10 .\CortexM3\ARM_GCC_484\Debug\chickybot.a(CyLib.o)
 .text.CyXTAL_SetStartup
                0x00000000       0x18 .\CortexM3\ARM_GCC_484\Debug\chickybot.a(CyLib.o)
 .text.CyXTAL_SetFbVoltage
                0x00000000       0x18 .\CortexM3\ARM_GCC_484\Debug\chickybot.a(CyLib.o)
 .text.CyXTAL_SetWdVoltage
                0x00000000       0x18 .\CortexM3\ARM_GCC_484\Debug\chickybot.a(CyLib.o)
 .text.CyHalt   0x00000000        0x4 .\CortexM3\ARM_GCC_484\Debug\chickybot.a(CyLib.o)
 .text.CyPLL_OUT_SetPQ
                0x00000000       0x5c .\CortexM3\ARM_GCC_484\Debug\chickybot.a(CyLib.o)
 .text.CyPLL_OUT_SetSource
                0x00000000       0x34 .\CortexM3\ARM_GCC_484\Debug\chickybot.a(CyLib.o)
 .text.CyIMO_SetTrimValue
                0x00000000       0xcc .\CortexM3\ARM_GCC_484\Debug\chickybot.a(CyLib.o)
 .text.CyIMO_SetFreq
                0x00000000       0xf4 .\CortexM3\ARM_GCC_484\Debug\chickybot.a(CyLib.o)
 .text.CyIMO_SetSource
                0x00000000       0x58 .\CortexM3\ARM_GCC_484\Debug\chickybot.a(CyLib.o)
 .text.CySoftwareReset
                0x00000000       0x10 .\CortexM3\ARM_GCC_484\Debug\chickybot.a(CyLib.o)
 .text.CyXTAL_32KHZ_SetPowerMode
                0x00000000       0x84 .\CortexM3\ARM_GCC_484\Debug\chickybot.a(CyLib.o)
 .text.CyXTAL_32KHZ_Start
                0x00000000       0x70 .\CortexM3\ARM_GCC_484\Debug\chickybot.a(CyLib.o)
 .text.CyDelayFreq
                0x00000000       0x50 .\CortexM3\ARM_GCC_484\Debug\chickybot.a(CyLib.o)
 .text.CyWdtStart
                0x00000000       0x40 .\CortexM3\ARM_GCC_484\Debug\chickybot.a(CyLib.o)
 .text.CyWdtClear
                0x00000000        0xc .\CortexM3\ARM_GCC_484\Debug\chickybot.a(CyLib.o)
 .text.CyVdStickyStatus
                0x00000000       0x2c .\CortexM3\ARM_GCC_484\Debug\chickybot.a(CyLib.o)
 .text.CyVdLvDigitEnable
                0x00000000       0x88 .\CortexM3\ARM_GCC_484\Debug\chickybot.a(CyLib.o)
 .text.CyVdLvAnalogEnable
                0x00000000       0x84 .\CortexM3\ARM_GCC_484\Debug\chickybot.a(CyLib.o)
 .text.CyVdLvDigitDisable
                0x00000000       0x30 .\CortexM3\ARM_GCC_484\Debug\chickybot.a(CyLib.o)
 .text.CyVdLvAnalogDisable
                0x00000000       0x2c .\CortexM3\ARM_GCC_484\Debug\chickybot.a(CyLib.o)
 .text.CyVdHvAnalogEnable
                0x00000000       0x54 .\CortexM3\ARM_GCC_484\Debug\chickybot.a(CyLib.o)
 .text.CyVdHvAnalogDisable
                0x00000000       0x20 .\CortexM3\ARM_GCC_484\Debug\chickybot.a(CyLib.o)
 .text.CyVdRealTimeStatus
                0x00000000       0x1c .\CortexM3\ARM_GCC_484\Debug\chickybot.a(CyLib.o)
 .text.CyDisableInts
                0x00000000       0x1c .\CortexM3\ARM_GCC_484\Debug\chickybot.a(CyLib.o)
 .text.CyEnableInts
                0x00000000       0x18 .\CortexM3\ARM_GCC_484\Debug\chickybot.a(CyLib.o)
 .text.CyFlushCache
                0x00000000       0x44 .\CortexM3\ARM_GCC_484\Debug\chickybot.a(CyLib.o)
 .text.CyIntSetSysVector
                0x00000000       0x28 .\CortexM3\ARM_GCC_484\Debug\chickybot.a(CyLib.o)
 .text.CyIntGetSysVector
                0x00000000       0x20 .\CortexM3\ARM_GCC_484\Debug\chickybot.a(CyLib.o)
 .text.CyIntSetVector
                0x00000000       0x28 .\CortexM3\ARM_GCC_484\Debug\chickybot.a(CyLib.o)
 .text.CyIntGetVector
                0x00000000       0x24 .\CortexM3\ARM_GCC_484\Debug\chickybot.a(CyLib.o)
 .text.CyIntSetPriority
                0x00000000       0x30 .\CortexM3\ARM_GCC_484\Debug\chickybot.a(CyLib.o)
 .text.CyIntGetPriority
                0x00000000       0x20 .\CortexM3\ARM_GCC_484\Debug\chickybot.a(CyLib.o)
 .text.CyIntGetState
                0x00000000       0x24 .\CortexM3\ARM_GCC_484\Debug\chickybot.a(CyLib.o)
 .text.CySysTickStop
                0x00000000       0x10 .\CortexM3\ARM_GCC_484\Debug\chickybot.a(CyLib.o)
 .text.CySysTickEnableInterrupt
                0x00000000       0x10 .\CortexM3\ARM_GCC_484\Debug\chickybot.a(CyLib.o)
 .text.CySysTickEnable
                0x00000000       0x18 .\CortexM3\ARM_GCC_484\Debug\chickybot.a(CyLib.o)
 .text.CySysTickDisableInterrupt
                0x00000000       0x10 .\CortexM3\ARM_GCC_484\Debug\chickybot.a(CyLib.o)
 .text.CySysTickSetReload
                0x00000000       0x10 .\CortexM3\ARM_GCC_484\Debug\chickybot.a(CyLib.o)
 .text.CySysTickGetReload
                0x00000000       0x10 .\CortexM3\ARM_GCC_484\Debug\chickybot.a(CyLib.o)
 .text.CySysTickGetValue
                0x00000000       0x10 .\CortexM3\ARM_GCC_484\Debug\chickybot.a(CyLib.o)
 .text.CySysTickSetClockSource
                0x00000000       0x20 .\CortexM3\ARM_GCC_484\Debug\chickybot.a(CyLib.o)
 .text.CySysTickGetCountFlag
                0x00000000       0x10 .\CortexM3\ARM_GCC_484\Debug\chickybot.a(CyLib.o)
 .text.CySysTickServiceCallbacks
                0x00000000       0x28 .\CortexM3\ARM_GCC_484\Debug\chickybot.a(CyLib.o)
 .text.CySysTickClear
                0x00000000        0xc .\CortexM3\ARM_GCC_484\Debug\chickybot.a(CyLib.o)
 .text.CySysTickInit
                0x00000000       0x58 .\CortexM3\ARM_GCC_484\Debug\chickybot.a(CyLib.o)
 .text.CySysTickStart
                0x00000000       0x1c .\CortexM3\ARM_GCC_484\Debug\chickybot.a(CyLib.o)
 .text.CySysTickSetCallback
                0x00000000       0x10 .\CortexM3\ARM_GCC_484\Debug\chickybot.a(CyLib.o)
 .text.CySysTickGetCallback
                0x00000000       0x10 .\CortexM3\ARM_GCC_484\Debug\chickybot.a(CyLib.o)
 .text.CyGetUniqueId
                0x00000000       0x70 .\CortexM3\ARM_GCC_484\Debug\chickybot.a(CyLib.o)
 .text          0x00000000        0x0 .\CortexM3\ARM_GCC_484\Debug\chickybot.a(cyPm.o)
 .data          0x00000000        0x0 .\CortexM3\ARM_GCC_484\Debug\chickybot.a(cyPm.o)
 .bss           0x00000000       0x44 .\CortexM3\ARM_GCC_484\Debug\chickybot.a(cyPm.o)
 .text.CyPmHibSlpSaveSet
                0x00000000      0x1fc .\CortexM3\ARM_GCC_484\Debug\chickybot.a(cyPm.o)
 .text.CyPmHibSlpRestore
                0x00000000       0xd4 .\CortexM3\ARM_GCC_484\Debug\chickybot.a(cyPm.o)
 .text.CyPmHviLviSaveDisable
                0x00000000       0xa0 .\CortexM3\ARM_GCC_484\Debug\chickybot.a(cyPm.o)
 .text.CyPmHibSaveSet
                0x00000000       0x8c .\CortexM3\ARM_GCC_484\Debug\chickybot.a(cyPm.o)
 .text.CyPmHviLviRestore
                0x00000000       0x48 .\CortexM3\ARM_GCC_484\Debug\chickybot.a(cyPm.o)
 .text.CyPmHibRestore
                0x00000000       0x58 .\CortexM3\ARM_GCC_484\Debug\chickybot.a(cyPm.o)
 .text.CyPmSaveClocks
                0x00000000      0x218 .\CortexM3\ARM_GCC_484\Debug\chickybot.a(cyPm.o)
 .text.CyPmRestoreClocks
                0x00000000      0x24c .\CortexM3\ARM_GCC_484\Debug\chickybot.a(cyPm.o)
 .text.CyPmAltAct
                0x00000000       0x6c .\CortexM3\ARM_GCC_484\Debug\chickybot.a(cyPm.o)
 .text.CyPmSleep
                0x00000000       0xf4 .\CortexM3\ARM_GCC_484\Debug\chickybot.a(cyPm.o)
 .text.CyPmHibernateEx
                0x00000000       0xf0 .\CortexM3\ARM_GCC_484\Debug\chickybot.a(cyPm.o)
 .text.CyPmHibernate
                0x00000000        0xc .\CortexM3\ARM_GCC_484\Debug\chickybot.a(cyPm.o)
 .text.CyPmReadStatus
                0x00000000       0x30 .\CortexM3\ARM_GCC_484\Debug\chickybot.a(cyPm.o)
 .text.CyPmCtwSetInterval
                0x00000000       0x5c .\CortexM3\ARM_GCC_484\Debug\chickybot.a(cyPm.o)
 .text.CyPmOppsSet
                0x00000000       0x2c .\CortexM3\ARM_GCC_484\Debug\chickybot.a(cyPm.o)
 .text.CyPmFtwSetInterval
                0x00000000       0x5c .\CortexM3\ARM_GCC_484\Debug\chickybot.a(cyPm.o)
 .rodata        0x00000000       0x10 .\CortexM3\ARM_GCC_484\Debug\chickybot.a(cyPm.o)
 .text          0x00000000        0x0 .\CortexM3\ARM_GCC_484\Debug\chickybot.a(LedGreen.o)
 .data          0x00000000        0x0 .\CortexM3\ARM_GCC_484\Debug\chickybot.a(LedGreen.o)
 .bss           0x00000000        0x0 .\CortexM3\ARM_GCC_484\Debug\chickybot.a(LedGreen.o)
 .text.LedGreen_SetDriveMode
                0x00000000       0x18 .\CortexM3\ARM_GCC_484\Debug\chickybot.a(LedGreen.o)
 .text.LedGreen_ReadDataReg
                0x00000000       0x10 .\CortexM3\ARM_GCC_484\Debug\chickybot.a(LedGreen.o)
 .text          0x00000000        0x0 .\CortexM3\ARM_GCC_484\Debug\chickybot.a(LedBlue.o)
 .data          0x00000000        0x0 .\CortexM3\ARM_GCC_484\Debug\chickybot.a(LedBlue.o)
 .bss           0x00000000        0x0 .\CortexM3\ARM_GCC_484\Debug\chickybot.a(LedBlue.o)
 .text.LedBlue_SetDriveMode
                0x00000000       0x18 .\CortexM3\ARM_GCC_484\Debug\chickybot.a(LedBlue.o)
 .text.LedBlue_ReadDataReg
                0x00000000       0x10 .\CortexM3\ARM_GCC_484\Debug\chickybot.a(LedBlue.o)
 .text          0x00000000        0x0 .\CortexM3\ARM_GCC_484\Debug\chickybot.a(Lcd.o)
 .data          0x00000000        0x0 .\CortexM3\ARM_GCC_484\Debug\chickybot.a(Lcd.o)
 .text.Lcd_PutChar
                0x00000000        0x8 .\CortexM3\ARM_GCC_484\Debug\chickybot.a(Lcd.o)
 .text.Lcd_Stop
                0x00000000       0x14 .\CortexM3\ARM_GCC_484\Debug\chickybot.a(Lcd.o)
 .text.Lcd_IsReady
                0x00000000        0xc .\CortexM3\ARM_GCC_484\Debug\chickybot.a(Lcd.o)
 .text.Lcd_PrintInt8
                0x00000000       0x20 .\CortexM3\ARM_GCC_484\Debug\chickybot.a(Lcd.o)
 .text.Lcd_PrintInt16
                0x00000000       0x14 .\CortexM3\ARM_GCC_484\Debug\chickybot.a(Lcd.o)
 .text.Lcd_PrintNumber
                0x00000000       0x8c .\CortexM3\ARM_GCC_484\Debug\chickybot.a(Lcd.o)
 .rodata        0x00000000       0x10 .\CortexM3\ARM_GCC_484\Debug\chickybot.a(Lcd.o)
 .text          0x00000000        0x0 .\CortexM3\ARM_GCC_484\Debug\chickybot.a(IsrBtn0Pressed.o)
 .data          0x00000000        0x0 .\CortexM3\ARM_GCC_484\Debug\chickybot.a(IsrBtn0Pressed.o)
 .bss           0x00000000        0x0 .\CortexM3\ARM_GCC_484\Debug\chickybot.a(IsrBtn0Pressed.o)
 .text.IsrBtn0Pressed_Interrupt
                0x00000000        0x4 .\CortexM3\ARM_GCC_484\Debug\chickybot.a(IsrBtn0Pressed.o)
 .text.IsrBtn0Pressed_GetVector
                0x00000000        0xc .\CortexM3\ARM_GCC_484\Debug\chickybot.a(IsrBtn0Pressed.o)
 .text.IsrBtn0Pressed_GetPriority
                0x00000000        0xc .\CortexM3\ARM_GCC_484\Debug\chickybot.a(IsrBtn0Pressed.o)
 .text.IsrBtn0Pressed_GetState
                0x00000000       0x10 .\CortexM3\ARM_GCC_484\Debug\chickybot.a(IsrBtn0Pressed.o)
 .text.IsrBtn0Pressed_Start
                0x00000000       0x1c .\CortexM3\ARM_GCC_484\Debug\chickybot.a(IsrBtn0Pressed.o)
 .text.IsrBtn0Pressed_Stop
                0x00000000       0x14 .\CortexM3\ARM_GCC_484\Debug\chickybot.a(IsrBtn0Pressed.o)
 .text.IsrBtn0Pressed_SetPending
                0x00000000        0xc .\CortexM3\ARM_GCC_484\Debug\chickybot.a(IsrBtn0Pressed.o)
 .text.IsrBtn0Pressed_ClearPending
                0x00000000        0xc .\CortexM3\ARM_GCC_484\Debug\chickybot.a(IsrBtn0Pressed.o)
 .text          0x00000000        0x0 .\CortexM3\ARM_GCC_484\Debug\chickybot.a(IsrBtn1Pressed.o)
 .data          0x00000000        0x0 .\CortexM3\ARM_GCC_484\Debug\chickybot.a(IsrBtn1Pressed.o)
 .bss           0x00000000        0x0 .\CortexM3\ARM_GCC_484\Debug\chickybot.a(IsrBtn1Pressed.o)
 .text.IsrBtn1Pressed_Interrupt
                0x00000000        0x4 .\CortexM3\ARM_GCC_484\Debug\chickybot.a(IsrBtn1Pressed.o)
 .text.IsrBtn1Pressed_GetVector
                0x00000000        0xc .\CortexM3\ARM_GCC_484\Debug\chickybot.a(IsrBtn1Pressed.o)
 .text.IsrBtn1Pressed_GetPriority
                0x00000000        0xc .\CortexM3\ARM_GCC_484\Debug\chickybot.a(IsrBtn1Pressed.o)
 .text.IsrBtn1Pressed_GetState
                0x00000000       0x18 .\CortexM3\ARM_GCC_484\Debug\chickybot.a(IsrBtn1Pressed.o)
 .text.IsrBtn1Pressed_Start
                0x00000000       0x1c .\CortexM3\ARM_GCC_484\Debug\chickybot.a(IsrBtn1Pressed.o)
 .text.IsrBtn1Pressed_Stop
                0x00000000       0x14 .\CortexM3\ARM_GCC_484\Debug\chickybot.a(IsrBtn1Pressed.o)
 .text.IsrBtn1Pressed_SetPending
                0x00000000        0xc .\CortexM3\ARM_GCC_484\Debug\chickybot.a(IsrBtn1Pressed.o)
 .text.IsrBtn1Pressed_ClearPending
                0x00000000        0xc .\CortexM3\ARM_GCC_484\Debug\chickybot.a(IsrBtn1Pressed.o)
 .text          0x00000000        0x0 .\CortexM3\ARM_GCC_484\Debug\chickybot.a(CsBtns_PWM.o)
 .data          0x00000000        0x0 .\CortexM3\ARM_GCC_484\Debug\chickybot.a(CsBtns_PWM.o)
 .text.CsBtns_PWM_Stop
                0x00000000       0x28 .\CortexM3\ARM_GCC_484\Debug\chickybot.a(CsBtns_PWM.o)
 .text.CsBtns_PWM_ReadStatusRegister
                0x00000000        0xc .\CortexM3\ARM_GCC_484\Debug\chickybot.a(CsBtns_PWM.o)
 .text.CsBtns_PWM_ReadControlRegister
                0x00000000        0xc .\CortexM3\ARM_GCC_484\Debug\chickybot.a(CsBtns_PWM.o)
 .text.CsBtns_PWM_WriteControlRegister
                0x00000000        0xc .\CortexM3\ARM_GCC_484\Debug\chickybot.a(CsBtns_PWM.o)
 .text.CsBtns_PWM_ReadCompare
                0x00000000        0xc .\CortexM3\ARM_GCC_484\Debug\chickybot.a(CsBtns_PWM.o)
 .text.CsBtns_PWM_ReadPeriod
                0x00000000        0xc .\CortexM3\ARM_GCC_484\Debug\chickybot.a(CsBtns_PWM.o)
 .text          0x00000000        0x0 .\CortexM3\ARM_GCC_484\Debug\chickybot.a(CyFlash.o)
 .data          0x00000000        0x0 .\CortexM3\ARM_GCC_484\Debug\chickybot.a(CyFlash.o)
 .bss           0x00000000        0x0 .\CortexM3\ARM_GCC_484\Debug\chickybot.a(CyFlash.o)
 .text.CyFlashGetSpcAlgorithm
                0x00000000       0x50 .\CortexM3\ARM_GCC_484\Debug\chickybot.a(CyFlash.o)
 .text.CySetTempInt
                0x00000000       0x68 .\CortexM3\ARM_GCC_484\Debug\chickybot.a(CyFlash.o)
 .text.CyFlash_Start
                0x00000000       0x50 .\CortexM3\ARM_GCC_484\Debug\chickybot.a(CyFlash.o)
 .text.CyFlash_Stop
                0x00000000       0x24 .\CortexM3\ARM_GCC_484\Debug\chickybot.a(CyFlash.o)
 .text.CySetTemp
                0x00000000       0x14 .\CortexM3\ARM_GCC_484\Debug\chickybot.a(CyFlash.o)
 .text.CySetFlashEEBuffer
                0x00000000        0xc .\CortexM3\ARM_GCC_484\Debug\chickybot.a(CyFlash.o)
 .text.CyWriteRowFull
                0x00000000      0x104 .\CortexM3\ARM_GCC_484\Debug\chickybot.a(CyFlash.o)
 .text.CyWriteRowData
                0x00000000       0x14 .\CortexM3\ARM_GCC_484\Debug\chickybot.a(CyFlash.o)
 .text.CyFlash_SetWaitCycles
                0x00000000       0x7c .\CortexM3\ARM_GCC_484\Debug\chickybot.a(CyFlash.o)
 .text.CyEEPROM_Start
                0x00000000       0x50 .\CortexM3\ARM_GCC_484\Debug\chickybot.a(CyFlash.o)
 .text.CyEEPROM_Stop
                0x00000000       0x24 .\CortexM3\ARM_GCC_484\Debug\chickybot.a(CyFlash.o)
 .text.CyEEPROM_ReadReserve
                0x00000000       0x1c .\CortexM3\ARM_GCC_484\Debug\chickybot.a(CyFlash.o)
 .text.CyEEPROM_ReadRelease
                0x00000000       0x10 .\CortexM3\ARM_GCC_484\Debug\chickybot.a(CyFlash.o)
 COMMON         0x00000000        0x2 .\CortexM3\ARM_GCC_484\Debug\chickybot.a(CyFlash.o)
 .text          0x00000000        0x0 .\CortexM3\ARM_GCC_484\Debug\chickybot.a(CySpc.o)
 .data          0x00000000        0x0 .\CortexM3\ARM_GCC_484\Debug\chickybot.a(CySpc.o)
 .bss           0x00000000        0x8 .\CortexM3\ARM_GCC_484\Debug\chickybot.a(CySpc.o)
 .text.CySpcStart
                0x00000000       0x24 .\CortexM3\ARM_GCC_484\Debug\chickybot.a(CySpc.o)
 .text.CySpcStop
                0x00000000       0x24 .\CortexM3\ARM_GCC_484\Debug\chickybot.a(CySpc.o)
 .text.CySpcReadData
                0x00000000       0x44 .\CortexM3\ARM_GCC_484\Debug\chickybot.a(CySpc.o)
 .text.CySpcLoadMultiByte
                0x00000000       0x78 .\CortexM3\ARM_GCC_484\Debug\chickybot.a(CySpc.o)
 .text.CySpcLoadRow
                0x00000000       0x54 .\CortexM3\ARM_GCC_484\Debug\chickybot.a(CySpc.o)
 .text.CySpcLoadRowFull
                0x00000000       0x54 .\CortexM3\ARM_GCC_484\Debug\chickybot.a(CySpc.o)
 .text.CySpcWriteRow
                0x00000000       0x4c .\CortexM3\ARM_GCC_484\Debug\chickybot.a(CySpc.o)
 .text.CySpcEraseSector
                0x00000000       0x3c .\CortexM3\ARM_GCC_484\Debug\chickybot.a(CySpc.o)
 .text.CySpcGetTemp
                0x00000000       0x3c .\CortexM3\ARM_GCC_484\Debug\chickybot.a(CySpc.o)
 .text.CySpcLock
                0x00000000       0x4c .\CortexM3\ARM_GCC_484\Debug\chickybot.a(CySpc.o)
 .text.CySpcUnlock
                0x00000000       0x38 .\CortexM3\ARM_GCC_484\Debug\chickybot.a(CySpc.o)
 .text.CySpcGetAlgorithm
                0x00000000       0x28 .\CortexM3\ARM_GCC_484\Debug\chickybot.a(CySpc.o)
 .text          0x00000000        0x0 c:/program files (x86)/cypress/psoc creator/3.2/psoc creator/import/gnu/arm/4.8.4/bin/../lib/gcc/arm-none-eabi/4.8.4/../../../../arm-none-eabi/lib/armv7-m\libg_s.a(lib_a-errno.o)
 .data          0x00000000        0x0 c:/program files (x86)/cypress/psoc creator/3.2/psoc creator/import/gnu/arm/4.8.4/bin/../lib/gcc/arm-none-eabi/4.8.4/../../../../arm-none-eabi/lib/armv7-m\libg_s.a(lib_a-errno.o)
 .bss           0x00000000        0x0 c:/program files (x86)/cypress/psoc creator/3.2/psoc creator/import/gnu/arm/4.8.4/bin/../lib/gcc/arm-none-eabi/4.8.4/../../../../arm-none-eabi/lib/armv7-m\libg_s.a(lib_a-errno.o)
 .text.__errno  0x00000000        0xc c:/program files (x86)/cypress/psoc creator/3.2/psoc creator/import/gnu/arm/4.8.4/bin/../lib/gcc/arm-none-eabi/4.8.4/../../../../arm-none-eabi/lib/armv7-m\libg_s.a(lib_a-errno.o)
 .text          0x00000000        0x0 c:/program files (x86)/cypress/psoc creator/3.2/psoc creator/import/gnu/arm/4.8.4/bin/../lib/gcc/arm-none-eabi/4.8.4/../../../../arm-none-eabi/lib/armv7-m\libg_s.a(lib_a-exit.o)
 .data          0x00000000        0x0 c:/program files (x86)/cypress/psoc creator/3.2/psoc creator/import/gnu/arm/4.8.4/bin/../lib/gcc/arm-none-eabi/4.8.4/../../../../arm-none-eabi/lib/armv7-m\libg_s.a(lib_a-exit.o)
 .bss           0x00000000        0x0 c:/program files (x86)/cypress/psoc creator/3.2/psoc creator/import/gnu/arm/4.8.4/bin/../lib/gcc/arm-none-eabi/4.8.4/../../../../arm-none-eabi/lib/armv7-m\libg_s.a(lib_a-exit.o)
 .text.exit     0x00000000       0x28 c:/program files (x86)/cypress/psoc creator/3.2/psoc creator/import/gnu/arm/4.8.4/bin/../lib/gcc/arm-none-eabi/4.8.4/../../../../arm-none-eabi/lib/armv7-m\libg_s.a(lib_a-exit.o)
 .text          0x00000000        0x0 c:/program files (x86)/cypress/psoc creator/3.2/psoc creator/import/gnu/arm/4.8.4/bin/../lib/gcc/arm-none-eabi/4.8.4/../../../../arm-none-eabi/lib/armv7-m\libg_s.a(lib_a-impure.o)
 .data          0x00000000        0x0 c:/program files (x86)/cypress/psoc creator/3.2/psoc creator/import/gnu/arm/4.8.4/bin/../lib/gcc/arm-none-eabi/4.8.4/../../../../arm-none-eabi/lib/armv7-m\libg_s.a(lib_a-impure.o)
 .bss           0x00000000        0x0 c:/program files (x86)/cypress/psoc creator/3.2/psoc creator/import/gnu/arm/4.8.4/bin/../lib/gcc/arm-none-eabi/4.8.4/../../../../arm-none-eabi/lib/armv7-m\libg_s.a(lib_a-impure.o)
 .data.impure_data
                0x00000000       0x60 c:/program files (x86)/cypress/psoc creator/3.2/psoc creator/import/gnu/arm/4.8.4/bin/../lib/gcc/arm-none-eabi/4.8.4/../../../../arm-none-eabi/lib/armv7-m\libg_s.a(lib_a-impure.o)
 .data._impure_ptr
                0x00000000        0x4 c:/program files (x86)/cypress/psoc creator/3.2/psoc creator/import/gnu/arm/4.8.4/bin/../lib/gcc/arm-none-eabi/4.8.4/../../../../arm-none-eabi/lib/armv7-m\libg_s.a(lib_a-impure.o)
 .rodata.str1.1
                0x00000000        0x2 c:/program files (x86)/cypress/psoc creator/3.2/psoc creator/import/gnu/arm/4.8.4/bin/../lib/gcc/arm-none-eabi/4.8.4/../../../../arm-none-eabi/lib/armv7-m\libg_s.a(lib_a-impure.o)
 .rodata._global_impure_ptr
                0x00000000        0x4 c:/program files (x86)/cypress/psoc creator/3.2/psoc creator/import/gnu/arm/4.8.4/bin/../lib/gcc/arm-none-eabi/4.8.4/../../../../arm-none-eabi/lib/armv7-m\libg_s.a(lib_a-impure.o)
 .text          0x00000000        0x0 c:/program files (x86)/cypress/psoc creator/3.2/psoc creator/import/gnu/arm/4.8.4/bin/../lib/gcc/arm-none-eabi/4.8.4/../../../../arm-none-eabi/lib/armv7-m\libg_s.a(lib_a-init.o)
 .data          0x00000000        0x0 c:/program files (x86)/cypress/psoc creator/3.2/psoc creator/import/gnu/arm/4.8.4/bin/../lib/gcc/arm-none-eabi/4.8.4/../../../../arm-none-eabi/lib/armv7-m\libg_s.a(lib_a-init.o)
 .bss           0x00000000        0x0 c:/program files (x86)/cypress/psoc creator/3.2/psoc creator/import/gnu/arm/4.8.4/bin/../lib/gcc/arm-none-eabi/4.8.4/../../../../arm-none-eabi/lib/armv7-m\libg_s.a(lib_a-init.o)
 .text          0x00000000        0x0 c:/program files (x86)/cypress/psoc creator/3.2/psoc creator/import/gnu/arm/4.8.4/bin/../lib/gcc/arm-none-eabi/4.8.4/../../../../arm-none-eabi/lib/armv7-m\libg_s.a(lib_a-memcpy-stub.o)
 .data          0x00000000        0x0 c:/program files (x86)/cypress/psoc creator/3.2/psoc creator/import/gnu/arm/4.8.4/bin/../lib/gcc/arm-none-eabi/4.8.4/../../../../arm-none-eabi/lib/armv7-m\libg_s.a(lib_a-memcpy-stub.o)
 .bss           0x00000000        0x0 c:/program files (x86)/cypress/psoc creator/3.2/psoc creator/import/gnu/arm/4.8.4/bin/../lib/gcc/arm-none-eabi/4.8.4/../../../../arm-none-eabi/lib/armv7-m\libg_s.a(lib_a-memcpy-stub.o)
 .text          0x00000000        0x0 c:/program files (x86)/cypress/psoc creator/3.2/psoc creator/import/gnu/arm/4.8.4/bin/../lib/gcc/arm-none-eabi/4.8.4/../../../../arm-none-eabi/lib/armv7-m\libg_s.a(lib_a-memset.o)
 .data          0x00000000        0x0 c:/program files (x86)/cypress/psoc creator/3.2/psoc creator/import/gnu/arm/4.8.4/bin/../lib/gcc/arm-none-eabi/4.8.4/../../../../arm-none-eabi/lib/armv7-m\libg_s.a(lib_a-memset.o)
 .bss           0x00000000        0x0 c:/program files (x86)/cypress/psoc creator/3.2/psoc creator/import/gnu/arm/4.8.4/bin/../lib/gcc/arm-none-eabi/4.8.4/../../../../arm-none-eabi/lib/armv7-m\libg_s.a(lib_a-memset.o)
 .text          0x00000000        0x0 c:/program files (x86)/cypress/psoc creator/3.2/psoc creator/import/gnu/arm/4.8.4/bin/../lib/gcc/arm-none-eabi/4.8.4/armv7-m/crtend.o
 .data          0x00000000        0x0 c:/program files (x86)/cypress/psoc creator/3.2/psoc creator/import/gnu/arm/4.8.4/bin/../lib/gcc/arm-none-eabi/4.8.4/armv7-m/crtend.o
 .bss           0x00000000        0x0 c:/program files (x86)/cypress/psoc creator/3.2/psoc creator/import/gnu/arm/4.8.4/bin/../lib/gcc/arm-none-eabi/4.8.4/armv7-m/crtend.o
 .text          0x00000000        0x0 c:/program files (x86)/cypress/psoc creator/3.2/psoc creator/import/gnu/arm/4.8.4/bin/../lib/gcc/arm-none-eabi/4.8.4/armv7-m/crtn.o
 .data          0x00000000        0x0 c:/program files (x86)/cypress/psoc creator/3.2/psoc creator/import/gnu/arm/4.8.4/bin/../lib/gcc/arm-none-eabi/4.8.4/armv7-m/crtn.o
 .bss           0x00000000        0x0 c:/program files (x86)/cypress/psoc creator/3.2/psoc creator/import/gnu/arm/4.8.4/bin/../lib/gcc/arm-none-eabi/4.8.4/armv7-m/crtn.o

Memory Configuration

Name             Origin             Length             Attributes
rom              0x00000000         0x00040000         xr
ram              0x1fff8000         0x00010000         xrw
*default*        0x00000000         0xffffffff

Linker script and memory map

LOAD c:/program files (x86)/cypress/psoc creator/3.2/psoc creator/import/gnu/arm/4.8.4/bin/../lib/gcc/arm-none-eabi/4.8.4/armv7-m/crti.o
LOAD c:/program files (x86)/cypress/psoc creator/3.2/psoc creator/import/gnu/arm/4.8.4/bin/../lib/gcc/arm-none-eabi/4.8.4/armv7-m/crtbegin.o
LOAD c:/program files (x86)/cypress/psoc creator/3.2/psoc creator/import/gnu/arm/4.8.4/bin/../lib/gcc/arm-none-eabi/4.8.4/../../../../arm-none-eabi/lib/armv7-m/crt0.o
START GROUP
LOAD .\CortexM3\ARM_GCC_484\Debug\main.o
LOAD .\CortexM3\ARM_GCC_484\Debug\cymetadata.o
LOAD .\CortexM3\ARM_GCC_484\Debug\Cm3Start.o
LOAD .\CortexM3\ARM_GCC_484\Debug\cybootloader.o
LOAD .\CortexM3\ARM_GCC_484\Debug\chickybot.a
LOAD C:\Program Files (x86)\Cypress\PSoC Creator\3.2\PSoC Creator\psoc\content\cycomponentlibrary\CyComponentLibrary.cylib\CortexM3\ARM_GCC_484\Debug\CyComponentLibrary.a
END GROUP
START GROUP
LOAD c:/program files (x86)/cypress/psoc creator/3.2/psoc creator/import/gnu/arm/4.8.4/bin/../lib/gcc/arm-none-eabi/4.8.4/armv7-m\libgcc.a
LOAD c:/program files (x86)/cypress/psoc creator/3.2/psoc creator/import/gnu/arm/4.8.4/bin/../lib/gcc/arm-none-eabi/4.8.4/../../../../arm-none-eabi/lib/armv7-m\libg_s.a
LOAD c:/program files (x86)/cypress/psoc creator/3.2/psoc creator/import/gnu/arm/4.8.4/bin/../lib/gcc/arm-none-eabi/4.8.4/../../../../arm-none-eabi/lib/armv7-m\libc_s.a
END GROUP
START GROUP
LOAD c:/program files (x86)/cypress/psoc creator/3.2/psoc creator/import/gnu/arm/4.8.4/bin/../lib/gcc/arm-none-eabi/4.8.4/armv7-m\libgcc.a
LOAD c:/program files (x86)/cypress/psoc creator/3.2/psoc creator/import/gnu/arm/4.8.4/bin/../lib/gcc/arm-none-eabi/4.8.4/../../../../arm-none-eabi/lib/armv7-m\libc_s.a
END GROUP
LOAD c:/program files (x86)/cypress/psoc creator/3.2/psoc creator/import/gnu/arm/4.8.4/bin/../lib/gcc/arm-none-eabi/4.8.4/armv7-m/crtend.o
LOAD c:/program files (x86)/cypress/psoc creator/3.2/psoc creator/import/gnu/arm/4.8.4/bin/../lib/gcc/arm-none-eabi/4.8.4/armv7-m/crtn.o
START GROUP
LOAD c:/program files (x86)/cypress/psoc creator/3.2/psoc creator/import/gnu/arm/4.8.4/bin/../lib/gcc/arm-none-eabi/4.8.4/armv7-m\libgcc.a
LOAD c:/program files (x86)/cypress/psoc creator/3.2/psoc creator/import/gnu/arm/4.8.4/bin/../lib/gcc/arm-none-eabi/4.8.4/../../../../arm-none-eabi/lib/armv7-m\libc.a
LOAD c:/program files (x86)/cypress/psoc creator/3.2/psoc creator/import/gnu/arm/4.8.4/bin/../lib/gcc/arm-none-eabi/4.8.4/../../../../arm-none-eabi/lib/armv7-m\libnosys.a
END GROUP
                0x00000000                CY_APPL_ORIGIN = 0x0
                0x00000100                CY_FLASH_ROW_SIZE = 0x100
                0x00000020                CY_ECC_ROW_SIZE = 0x20
                0x00000000                CY_EE_IN_BTLDR = 0x0
                0x00000001                CY_APPL_LOADABLE = 0x1
                0x00000800                CY_EE_SIZE = 0x800
                0x00000001                CY_APPL_NUM = 0x1
                0x00000001                CY_APPL_MAX = 0x1
                0x00000040                CY_METADATA_SIZE = 0x40
                0x1fff8140                PROVIDE (__cy_heap_start, _end)
                0x00000001                PROVIDE (__cy_region_num, ((__cy_regions_end - __cy_regions) / 0x10))
                0x20008000                PROVIDE (__cy_stack, (ORIGIN (ram) + 0x10000))
                0x20007800                PROVIDE (__cy_heap_end, (__cy_stack - 0x800))

.cybootloader   0x00000000     0x2700
 *(.cybootloader)
 .cybootloader  0x00000000     0x2700 .\CortexM3\ARM_GCC_484\Debug\cybootloader.o
                0x00000000                cy_bootloader
                0x00002700                appl1_start = CY_APPL_ORIGIN?CY_APPL_ORIGIN:ALIGN (CY_FLASH_ROW_SIZE)
                0x00021300                appl2_start = (appl1_start + ALIGN ((((0x40000 - appl1_start) - (0x2 * CY_FLASH_ROW_SIZE)) / 0x2), CY_FLASH_ROW_SIZE))
                0x00002700                appl_start = (CY_APPL_NUM == 0x1)?appl1_start:appl2_start
                0x000004e0                ecc_offset = ((appl_start / CY_FLASH_ROW_SIZE) * CY_ECC_ROW_SIZE)
                0x00000000                ee_offset = (CY_APPL_LOADABLE && ! (CY_EE_IN_BTLDR))?((CY_EE_SIZE / CY_APPL_MAX) * (CY_APPL_NUM - 0x1)):0x0
                0x00000800                ee_size = (CY_APPL_LOADABLE && ! (CY_EE_IN_BTLDR))?(CY_EE_SIZE / CY_APPL_MAX):CY_EE_SIZE
                0x000004e0                PROVIDE (CY_ECC_OFFSET, ecc_offset)

.text           0x00002700      0x82e
 CREATE_OBJECT_SYMBOLS
                0x00002700                PROVIDE (__cy_interrupt_vector, RomVectors)
 *(.romvectors)
 .romvectors    0x00002700       0x10 .\CortexM3\ARM_GCC_484\Debug\Cm3Start.o
                0x00002700                RomVectors
                0x00000001                ASSERT ((. != __cy_interrupt_vector), No interrupt vector)
                0x00000001                ASSERT (CY_APPL_ORIGIN?(SIZEOF (.cybootloader) <= CY_APPL_ORIGIN):0x1, Wrong image location)
                0x00002710                PROVIDE (__cy_reset, Reset)
 *(.text.Reset)
 .text.Reset    0x00002710        0x8 .\CortexM3\ARM_GCC_484\Debug\Cm3Start.o
                0x00002710                Reset
                0x00000001                ASSERT ((. != __cy_reset), No reset code)
 *(.dma_init)
                0x00000001                ASSERT ((((appl_start + .) <= 0x10000) || 0x1), DMA Init must be within the first 64k of flash)
 *(.text .text.* .gnu.linkonce.t.*)
 .text          0x00002718       0x54 c:/program files (x86)/cypress/psoc creator/3.2/psoc creator/import/gnu/arm/4.8.4/bin/../lib/gcc/arm-none-eabi/4.8.4/armv7-m/crtbegin.o
 .text.Btn0Pressed
                0x0000276c       0x14 .\CortexM3\ARM_GCC_484\Debug\main.o
                0x0000276c                Btn0Pressed
 .text.Btn1Pressed
                0x00002780       0x14 .\CortexM3\ARM_GCC_484\Debug\main.o
                0x00002780                Btn1Pressed
 .text.main     0x00002794       0x44 .\CortexM3\ARM_GCC_484\Debug\main.o
                0x00002794                main
 .text.IntDefaultHandler
                0x000027d8        0x4 .\CortexM3\ARM_GCC_484\Debug\Cm3Start.o
                0x000027d8                IntDefaultHandler
 .text.Start_c  0x000027dc       0x4c .\CortexM3\ARM_GCC_484\Debug\Cm3Start.o
                0x000027dc                Start_c
 .text.initialize_psoc
                0x00002828       0x70 .\CortexM3\ARM_GCC_484\Debug\Cm3Start.o
                0x00002828                initialize_psoc
 .text.CyClockStartupError
                0x00002898        0x4 .\CortexM3\ARM_GCC_484\Debug\chickybot.a(cyfitter_cfg.o)
 .text.cfg_write_bytes32
                0x0000289c       0x34 .\CortexM3\ARM_GCC_484\Debug\chickybot.a(cyfitter_cfg.o)
 .text.AnalogSetDefault
                0x000028d0       0x28 .\CortexM3\ARM_GCC_484\Debug\chickybot.a(cyfitter_cfg.o)
 .text.CYMEMZERO
                0x000028f8        0xc .\CortexM3\ARM_GCC_484\Debug\chickybot.a(cyfitter_cfg.o)
 .text.CYCONFIGCPYCODE
                0x00002904        0x8 .\CortexM3\ARM_GCC_484\Debug\chickybot.a(cyfitter_cfg.o)
 .text.CYCONFIGCPY
                0x0000290c        0x8 .\CortexM3\ARM_GCC_484\Debug\chickybot.a(cyfitter_cfg.o)
 .text.ClockSetup
                0x00002914       0xcc .\CortexM3\ARM_GCC_484\Debug\chickybot.a(cyfitter_cfg.o)
 .text.cyfitter_cfg
                0x000029e0      0x108 .\CortexM3\ARM_GCC_484\Debug\chickybot.a(cyfitter_cfg.o)
                0x000029e0                cyfitter_cfg
 .text          0x00002ae8       0x28 .\CortexM3\ARM_GCC_484\Debug\chickybot.a(CyBootAsmGnu.o)
                0x00002ae8                CyDelayCycles
                0x00002afc                CyEnterCriticalSection
                0x00002b04                CyExitCriticalSection
 .text.CyDelay  0x00002b10       0x2c .\CortexM3\ARM_GCC_484\Debug\chickybot.a(CyLib.o)
                0x00002b10                CyDelay
 .text.CyDelayUs
                0x00002b3c       0x14 .\CortexM3\ARM_GCC_484\Debug\chickybot.a(CyLib.o)
                0x00002b3c                CyDelayUs
 .text.LedGreen_Write
                0x00002b50       0x18 .\CortexM3\ARM_GCC_484\Debug\chickybot.a(LedGreen.o)
                0x00002b50                LedGreen_Write
 .text.LedGreen_Read
                0x00002b68       0x10 .\CortexM3\ARM_GCC_484\Debug\chickybot.a(LedGreen.o)
                0x00002b68                LedGreen_Read
 .text.LedBlue_Write
                0x00002b78       0x18 .\CortexM3\ARM_GCC_484\Debug\chickybot.a(LedBlue.o)
                0x00002b78                LedBlue_Write
 .text.LedBlue_Read
                0x00002b90       0x10 .\CortexM3\ARM_GCC_484\Debug\chickybot.a(LedBlue.o)
                0x00002b90                LedBlue_Read
 .text.Lcd_WrCntrlNib
                0x00002ba0       0x34 .\CortexM3\ARM_GCC_484\Debug\chickybot.a(Lcd.o)
 .text.Lcd_WrDatNib
                0x00002bd4       0x3c .\CortexM3\ARM_GCC_484\Debug\chickybot.a(Lcd.o)
 .text.Lcd_WriteData
                0x00002c10       0x20 .\CortexM3\ARM_GCC_484\Debug\chickybot.a(Lcd.o)
                0x00002c10                Lcd_WriteData
 .text.Lcd_PrintString
                0x00002c30       0x1c .\CortexM3\ARM_GCC_484\Debug\chickybot.a(Lcd.o)
                0x00002c30                Lcd_PrintString
 .text.Lcd_WriteControl
                0x00002c4c       0x24 .\CortexM3\ARM_GCC_484\Debug\chickybot.a(Lcd.o)
                0x00002c4c                Lcd_WriteControl
 .text.Lcd_Init
                0x00002c70       0x6c .\CortexM3\ARM_GCC_484\Debug\chickybot.a(Lcd.o)
                0x00002c70                Lcd_Init
 .text.Lcd_Enable
                0x00002cdc       0x14 .\CortexM3\ARM_GCC_484\Debug\chickybot.a(Lcd.o)
                0x00002cdc                Lcd_Enable
 .text.Lcd_Start
                0x00002cf0       0x1c .\CortexM3\ARM_GCC_484\Debug\chickybot.a(Lcd.o)
                0x00002cf0                Lcd_Start
 .text.Lcd_Position
                0x00002d0c       0x3c .\CortexM3\ARM_GCC_484\Debug\chickybot.a(Lcd.o)
                0x00002d0c                Lcd_Position
 .text.IsrBtn0Pressed_SetVector
                0x00002d48        0xc .\CortexM3\ARM_GCC_484\Debug\chickybot.a(IsrBtn0Pressed.o)
                0x00002d48                IsrBtn0Pressed_SetVector
 .text.IsrBtn0Pressed_SetPriority
                0x00002d54       0x10 .\CortexM3\ARM_GCC_484\Debug\chickybot.a(IsrBtn0Pressed.o)
                0x00002d54                IsrBtn0Pressed_SetPriority
 .text.IsrBtn0Pressed_Enable
                0x00002d64        0xc .\CortexM3\ARM_GCC_484\Debug\chickybot.a(IsrBtn0Pressed.o)
                0x00002d64                IsrBtn0Pressed_Enable
 .text.IsrBtn0Pressed_Disable
                0x00002d70        0xc .\CortexM3\ARM_GCC_484\Debug\chickybot.a(IsrBtn0Pressed.o)
                0x00002d70                IsrBtn0Pressed_Disable
 .text.IsrBtn0Pressed_StartEx
                0x00002d7c       0x1c .\CortexM3\ARM_GCC_484\Debug\chickybot.a(IsrBtn0Pressed.o)
                0x00002d7c                IsrBtn0Pressed_StartEx
 .text.IsrBtn1Pressed_SetVector
                0x00002d98        0xc .\CortexM3\ARM_GCC_484\Debug\chickybot.a(IsrBtn1Pressed.o)
                0x00002d98                IsrBtn1Pressed_SetVector
 .text.IsrBtn1Pressed_SetPriority
                0x00002da4       0x10 .\CortexM3\ARM_GCC_484\Debug\chickybot.a(IsrBtn1Pressed.o)
                0x00002da4                IsrBtn1Pressed_SetPriority
 .text.IsrBtn1Pressed_Enable
                0x00002db4        0xc .\CortexM3\ARM_GCC_484\Debug\chickybot.a(IsrBtn1Pressed.o)
                0x00002db4                IsrBtn1Pressed_Enable
 .text.IsrBtn1Pressed_Disable
                0x00002dc0        0xc .\CortexM3\ARM_GCC_484\Debug\chickybot.a(IsrBtn1Pressed.o)
                0x00002dc0                IsrBtn1Pressed_Disable
 .text.IsrBtn1Pressed_StartEx
                0x00002dcc       0x1c .\CortexM3\ARM_GCC_484\Debug\chickybot.a(IsrBtn1Pressed.o)
                0x00002dcc                IsrBtn1Pressed_StartEx
 .text.CsBtns_PWM_Enable
                0x00002de8       0x28 .\CortexM3\ARM_GCC_484\Debug\chickybot.a(CsBtns_PWM.o)
                0x00002de8                CsBtns_PWM_Enable
 .text.CsBtns_PWM_WritePeriod
                0x00002e10        0xc .\CortexM3\ARM_GCC_484\Debug\chickybot.a(CsBtns_PWM.o)
                0x00002e10                CsBtns_PWM_WritePeriod
 .text.CsBtns_PWM_WriteCompare
                0x00002e1c        0xc .\CortexM3\ARM_GCC_484\Debug\chickybot.a(CsBtns_PWM.o)
                0x00002e1c                CsBtns_PWM_WriteCompare
 .text.CsBtns_PWM_SetInterruptMode
                0x00002e28        0xc .\CortexM3\ARM_GCC_484\Debug\chickybot.a(CsBtns_PWM.o)
                0x00002e28                CsBtns_PWM_SetInterruptMode
 .text.CsBtns_PWM_Init
                0x00002e34       0x70 .\CortexM3\ARM_GCC_484\Debug\chickybot.a(CsBtns_PWM.o)
                0x00002e34                CsBtns_PWM_Init
 .text.CsBtns_PWM_Start
                0x00002ea4       0x1c .\CortexM3\ARM_GCC_484\Debug\chickybot.a(CsBtns_PWM.o)
                0x00002ea4                CsBtns_PWM_Start
 .text.__libc_init_array
                0x00002ec0       0x4c c:/program files (x86)/cypress/psoc creator/3.2/psoc creator/import/gnu/arm/4.8.4/bin/../lib/gcc/arm-none-eabi/4.8.4/../../../../arm-none-eabi/lib/armv7-m\libg_s.a(lib_a-init.o)
                0x00002ec0                __libc_init_array
 .text.memcpy   0x00002f0c       0x12 c:/program files (x86)/cypress/psoc creator/3.2/psoc creator/import/gnu/arm/4.8.4/bin/../lib/gcc/arm-none-eabi/4.8.4/../../../../arm-none-eabi/lib/armv7-m\libg_s.a(lib_a-memcpy-stub.o)
                0x00002f0c                memcpy
 .text.memset   0x00002f1e       0x10 c:/program files (x86)/cypress/psoc creator/3.2/psoc creator/import/gnu/arm/4.8.4/bin/../lib/gcc/arm-none-eabi/4.8.4/../../../../arm-none-eabi/lib/armv7-m\libg_s.a(lib_a-memset.o)
                0x00002f1e                memset
 *(.plt)
 *(.gnu.warning)
 *(.glue_7t)
 .glue_7t       0x00000000        0x0 linker stubs
 *(.glue_7)
 .glue_7        0x00000000        0x0 linker stubs
 *(.vfp11_veneer)
 .vfp11_veneer  0x00000000        0x0 linker stubs
 *(.bootloader)
 *(.ARM.extab* .gnu.linkonce.armextab.*)
 *(.gcc_except_table)

.v4_bx          0x00002f30        0x0
 .v4_bx         0x00000000        0x0 linker stubs

.iplt           0x00002f30        0x0
 .iplt          0x00000000        0x0 c:/program files (x86)/cypress/psoc creator/3.2/psoc creator/import/gnu/arm/4.8.4/bin/../lib/gcc/arm-none-eabi/4.8.4/armv7-m/crtbegin.o

.eh_frame_hdr
 *(.eh_frame_hdr)

.eh_frame       0x00002f30        0x4
 *(.eh_frame)
 .eh_frame      0x00002f30        0x0 c:/program files (x86)/cypress/psoc creator/3.2/psoc creator/import/gnu/arm/4.8.4/bin/../lib/gcc/arm-none-eabi/4.8.4/armv7-m/crtbegin.o
 .eh_frame      0x00002f30        0x4 c:/program files (x86)/cypress/psoc creator/3.2/psoc creator/import/gnu/arm/4.8.4/bin/../lib/gcc/arm-none-eabi/4.8.4/armv7-m/crtend.o
                0x00002f34                PROVIDE (__exidx_start, .)

.ARM.exidx
 *(.ARM.exidx* .gnu.linkonce.armexidx.*)
                0x00002f34                __exidx_end = .

.rodata         0x00002f34      0x214
 *(.rodata .rodata.* .gnu.linkonce.r.*)
 .rodata.str1.4
                0x00002f34       0x10 .\CortexM3\ARM_GCC_484\Debug\main.o
 .rodata        0x00002f44      0x1cc .\CortexM3\ARM_GCC_484\Debug\chickybot.a(cyfitter_cfg.o)
                0x00003110                . = ALIGN (0x4)
 *(.init)
 .init          0x00003110        0x4 c:/program files (x86)/cypress/psoc creator/3.2/psoc creator/import/gnu/arm/4.8.4/bin/../lib/gcc/arm-none-eabi/4.8.4/armv7-m/crti.o
                0x00003110                _init
 .init          0x00003114        0x8 c:/program files (x86)/cypress/psoc creator/3.2/psoc creator/import/gnu/arm/4.8.4/bin/../lib/gcc/arm-none-eabi/4.8.4/armv7-m/crtn.o
                0x0000311c                . = ALIGN (0x4)
                0x0000311c                __preinit_array_start = .
 *(.preinit_array)
                0x0000311c                __preinit_array_end = .
                0x0000311c                . = ALIGN (0x4)
                0x0000311c                __init_array_start = .
 *(SORT(.init_array.*))
 *(.init_array)
 .init_array    0x0000311c        0x4 c:/program files (x86)/cypress/psoc creator/3.2/psoc creator/import/gnu/arm/4.8.4/bin/../lib/gcc/arm-none-eabi/4.8.4/armv7-m/crtbegin.o
 .init_array    0x00003120        0x4 .\CortexM3\ARM_GCC_484\Debug\Cm3Start.o
                0x00003124                __init_array_end = .
                0x00003124                . = ALIGN (0x4)
 *(.fini)
 .fini          0x00003124        0x4 c:/program files (x86)/cypress/psoc creator/3.2/psoc creator/import/gnu/arm/4.8.4/bin/../lib/gcc/arm-none-eabi/4.8.4/armv7-m/crti.o
                0x00003124                _fini
 .fini          0x00003128        0x8 c:/program files (x86)/cypress/psoc creator/3.2/psoc creator/import/gnu/arm/4.8.4/bin/../lib/gcc/arm-none-eabi/4.8.4/armv7-m/crtn.o
                0x00003130                . = ALIGN (0x4)
                0x00003130                __fini_array_start = .
 *(.fini_array)
 .fini_array    0x00003130        0x4 c:/program files (x86)/cypress/psoc creator/3.2/psoc creator/import/gnu/arm/4.8.4/bin/../lib/gcc/arm-none-eabi/4.8.4/armv7-m/crtbegin.o
 *(SORT(.fini_array.*))
                0x00003134                __fini_array_end = .
                0x00003134                . = ALIGN (0x4)
 *crtbegin.o(.ctors)
 *(EXCLUDE_FILE(*crtend.o) .ctors)
 *(SORT(.ctors.*))
 *crtend.o(.ctors)
                0x00003134                . = ALIGN (0x4)
 *crtbegin.o(.dtors)
 *(EXCLUDE_FILE(*crtend.o) .dtors)
 *(SORT(.dtors.*))
 *crtend.o(.dtors)
                0x00003134                . = ALIGN (0x4)
                0x00003134                __cy_regions = .
                0x00003134        0x4 LONG 0x3148 __cy_region_init_ram
                0x00003138        0x4 LONG 0x1fff8108 __cy_region_start_data
                0x0000313c        0x4 LONG 0x18 __cy_region_init_size_ram
                0x00003140        0x4 LONG 0x20 __cy_region_zero_size_ram
                0x00003144                __cy_regions_end = .
                0x00003148                . = ALIGN (0x8)
 *fill*         0x00003144        0x4 
                0x00003148                _etext = .

.ramvectors     0x1fff8000      0x100
                0x1fff8000                __cy_region_start_ram = .
 *(.ramvectors)
 .ramvectors    0x1fff8000      0x100 .\CortexM3\ARM_GCC_484\Debug\Cm3Start.o
                0x1fff8000                CyRamVectors

.noinit         0x1fff8100        0x5
 *(.noinit)
 .noinit        0x1fff8100        0x4 .\CortexM3\ARM_GCC_484\Debug\Cm3Start.o
 .noinit        0x1fff8104        0x1 .\CortexM3\ARM_GCC_484\Debug\chickybot.a(CyLib.o)
                0x1fff8104                CyResetStatus

.data           0x1fff8108       0x18 load address 0x00003148
                0x1fff8108                __cy_region_start_data = .
 *(.jcr)
 .jcr           0x1fff8108        0x0 c:/program files (x86)/cypress/psoc creator/3.2/psoc creator/import/gnu/arm/4.8.4/bin/../lib/gcc/arm-none-eabi/4.8.4/armv7-m/crtbegin.o
 .jcr           0x1fff8108        0x4 c:/program files (x86)/cypress/psoc creator/3.2/psoc creator/import/gnu/arm/4.8.4/bin/../lib/gcc/arm-none-eabi/4.8.4/armv7-m/crtend.o
 *(.got.plt)
 *(.got)
 *(.shdata)
 *(.data .data.* .gnu.linkonce.d.*)
 .data          0x1fff810c       0x10 .\CortexM3\ARM_GCC_484\Debug\chickybot.a(CyLib.o)
                0x1fff810c                cydelay_32k_ms
                0x1fff8110                cydelay_freq_khz
                0x1fff8114                cydelay_freq_mhz
                0x1fff8118                cydelay_freq_hz
                0x1fff8120                . = ALIGN (0x8)
 *fill*         0x1fff811c        0x4 
 *(.ram)
                0x1fff8120                _edata = .

.igot.plt       0x1fff8120        0x0 load address 0x00003160
 .igot.plt      0x00000000        0x0 c:/program files (x86)/cypress/psoc creator/3.2/psoc creator/import/gnu/arm/4.8.4/bin/../lib/gcc/arm-none-eabi/4.8.4/armv7-m/crtbegin.o

.bss            0x1fff8120       0x20 load address 0x00003160
                0x1fff8120                PROVIDE (__bss_start__, .)
 *(.shbss)
 *(.bss .bss.* .gnu.linkonce.b.*)
 .bss           0x1fff8120       0x1c c:/program files (x86)/cypress/psoc creator/3.2/psoc creator/import/gnu/arm/4.8.4/bin/../lib/gcc/arm-none-eabi/4.8.4/armv7-m/crtbegin.o
 .bss           0x1fff813c        0x2 .\CortexM3\ARM_GCC_484\Debug\chickybot.a(Lcd.o)
                0x1fff813c                Lcd_enableState
                0x1fff813d                Lcd_initVar
 .bss           0x1fff813e        0x1 .\CortexM3\ARM_GCC_484\Debug\chickybot.a(CsBtns_PWM.o)
                0x1fff813e                CsBtns_PWM_initVar
 *(COMMON)
                0x1fff8140                . = ALIGN (0x8)
 *fill*         0x1fff813f        0x1 
 *(.ram.b)
                0x1fff8140                _end = .
                0x1fff8140                __end = .
                0x1fff8140                PROVIDE (end, .)
                0x1fff8140                PROVIDE (__bss_end__, .)
                0x00003148                __cy_region_init_ram = LOADADDR (.data)
                0x00000018                __cy_region_init_size_ram = (_edata - ADDR (.data))
                0x00000020                __cy_region_zero_size_ram = (_end - _edata)

.heap           0x1fff8140       0x80 load address 0x00003160
                0x1fff8140                . = _end
                0x1fff81c0                . = (. + 0x80)
 *fill*         0x1fff8140       0x80 
                0x1fff81c0                __cy_heap_limit = .

.stack          0x20007800      0x800
                0x20007800                __cy_stack_limit = .
                0x20008000                . = (. + 0x800)
 *fill*         0x20007800      0x800 
                0x00000001                ASSERT ((__cy_stack_limit >= __cy_heap_limit), region RAM overflowed with stack)

.cyloadermeta   0xf0000000       0x40
 *(.cyloadermeta)
 .cyloadermeta  0xf0000000       0x40 .\CortexM3\ARM_GCC_484\Debug\cybootloader.o
                0xf0000000                cy_meta_loader

.cyloadablemeta
                0x0003ffc0       0x40
 *(.cyloadablemeta)
 .cyloadablemeta
                0x0003ffc0       0x40 .\CortexM3\ARM_GCC_484\Debug\cymetadata.o
                0x0003ffc0                cy_meta_loadable

.cyconfigecc
 *(.cyconfigecc)

.cycustnvl      0x90000000        0x4
 *(.cycustnvl)
 .cycustnvl     0x90000000        0x4 .\CortexM3\ARM_GCC_484\Debug\cybootloader.o
                0x90000000                cy_meta_custnvl

.cywolatch      0x90100000        0x4
 *(.cywolatch)
 .cywolatch     0x90100000        0x4 .\CortexM3\ARM_GCC_484\Debug\cybootloader.o
                0x90100000                cy_meta_wonvl

.cyeeprom       0x90200000        0x0
 *(.cyeeprom)
                0x00000001                ASSERT ((. <= ((0x90200000 + ee_offset) + ee_size)), .cyeeprom data will not fit in EEPROM)

.cyflashprotect
                0x90400000      0x100
 *(.cyflashprotect)
 .cyflashprotect
                0x90400000      0x100 .\CortexM3\ARM_GCC_484\Debug\cybootloader.o
                0x90400000                cy_meta_flashprotect

.cymeta         0x90500000        0xc
 *(.cymeta)
 .cymeta        0x90500000        0xc .\CortexM3\ARM_GCC_484\Debug\cybootloader.o
                0x90500000                cy_metadata

.rel.dyn        0x00040000        0x0 load address 0x9050000c
 .rel.iplt      0x00000000        0x0 c:/program files (x86)/cypress/psoc creator/3.2/psoc creator/import/gnu/arm/4.8.4/bin/../lib/gcc/arm-none-eabi/4.8.4/armv7-m/crtbegin.o

.stab
 *(.stab)

.stabstr
 *(.stabstr)

.debug
 *(.debug)

.line
 *(.line)

.debug_srcinfo
 *(.debug_srcinfo)

.debug_sfnames
 *(.debug_sfnames)

.debug_aranges  0x00000000      0x7c8
 *(.debug_aranges)
 .debug_aranges
                0x00000000       0x30 .\CortexM3\ARM_GCC_484\Debug\main.o
 .debug_aranges
                0x00000030       0x18 .\CortexM3\ARM_GCC_484\Debug\cymetadata.o
 .debug_aranges
                0x00000048       0x48 .\CortexM3\ARM_GCC_484\Debug\Cm3Start.o
 .debug_aranges
                0x00000090       0x18 .\CortexM3\ARM_GCC_484\Debug\cybootloader.o
 .debug_aranges
                0x000000a8       0x60 .\CortexM3\ARM_GCC_484\Debug\chickybot.a(cyfitter_cfg.o)
 .debug_aranges
                0x00000108       0x20 .\CortexM3\ARM_GCC_484\Debug\chickybot.a(CyBootAsmGnu.o)
 .debug_aranges
                0x00000128      0x298 .\CortexM3\ARM_GCC_484\Debug\chickybot.a(CyLib.o)
 .debug_aranges
                0x000003c0       0x98 .\CortexM3\ARM_GCC_484\Debug\chickybot.a(cyPm.o)
 .debug_aranges
                0x00000458       0x38 .\CortexM3\ARM_GCC_484\Debug\chickybot.a(LedGreen.o)
 .debug_aranges
                0x00000490       0x38 .\CortexM3\ARM_GCC_484\Debug\chickybot.a(LedBlue.o)
 .debug_aranges
                0x000004c8       0x90 .\CortexM3\ARM_GCC_484\Debug\chickybot.a(Lcd.o)
 .debug_aranges
                0x00000558       0x80 .\CortexM3\ARM_GCC_484\Debug\chickybot.a(IsrBtn0Pressed.o)
 .debug_aranges
                0x000005d8       0x80 .\CortexM3\ARM_GCC_484\Debug\chickybot.a(IsrBtn1Pressed.o)
 .debug_aranges
                0x00000658       0x78 .\CortexM3\ARM_GCC_484\Debug\chickybot.a(CsBtns_PWM.o)
 .debug_aranges
                0x000006d0       0x80 .\CortexM3\ARM_GCC_484\Debug\chickybot.a(CyFlash.o)
 .debug_aranges
                0x00000750       0x78 .\CortexM3\ARM_GCC_484\Debug\chickybot.a(CySpc.o)

.debug_pubnames
 *(.debug_pubnames)

.debug_info     0x00000000     0x48cf
 *(.debug_info .gnu.linkonce.wi.*)
 .debug_info    0x00000000      0x272 .\CortexM3\ARM_GCC_484\Debug\main.o
 .debug_info    0x00000272       0xb1 .\CortexM3\ARM_GCC_484\Debug\cymetadata.o
 .debug_info    0x00000323      0x39f .\CortexM3\ARM_GCC_484\Debug\Cm3Start.o
 .debug_info    0x000006c2      0x164 .\CortexM3\ARM_GCC_484\Debug\cybootloader.o
 .debug_info    0x00000826      0x671 .\CortexM3\ARM_GCC_484\Debug\chickybot.a(cyfitter_cfg.o)
 .debug_info    0x00000e97       0xd0 .\CortexM3\ARM_GCC_484\Debug\chickybot.a(CyBootAsmGnu.o)
 .debug_info    0x00000f67     0x1373 .\CortexM3\ARM_GCC_484\Debug\chickybot.a(CyLib.o)
 .debug_info    0x000022da      0xa56 .\CortexM3\ARM_GCC_484\Debug\chickybot.a(cyPm.o)
 .debug_info    0x00002d30      0x120 .\CortexM3\ARM_GCC_484\Debug\chickybot.a(LedGreen.o)
 .debug_info    0x00002e50      0x120 .\CortexM3\ARM_GCC_484\Debug\chickybot.a(LedBlue.o)
 .debug_info    0x00002f70      0x69e .\CortexM3\ARM_GCC_484\Debug\chickybot.a(Lcd.o)
 .debug_info    0x0000360e      0x2c7 .\CortexM3\ARM_GCC_484\Debug\chickybot.a(IsrBtn0Pressed.o)
 .debug_info    0x000038d5      0x2c7 .\CortexM3\ARM_GCC_484\Debug\chickybot.a(IsrBtn1Pressed.o)
 .debug_info    0x00003b9c      0x275 .\CortexM3\ARM_GCC_484\Debug\chickybot.a(CsBtns_PWM.o)
 .debug_info    0x00003e11      0x5e4 .\CortexM3\ARM_GCC_484\Debug\chickybot.a(CyFlash.o)
 .debug_info    0x000043f5      0x4da .\CortexM3\ARM_GCC_484\Debug\chickybot.a(CySpc.o)

.debug_abbrev   0x00000000     0x14c6
 *(.debug_abbrev)
 .debug_abbrev  0x00000000      0x123 .\CortexM3\ARM_GCC_484\Debug\main.o
 .debug_abbrev  0x00000123       0x5d .\CortexM3\ARM_GCC_484\Debug\cymetadata.o
 .debug_abbrev  0x00000180      0x20d .\CortexM3\ARM_GCC_484\Debug\Cm3Start.o
 .debug_abbrev  0x0000038d       0x77 .\CortexM3\ARM_GCC_484\Debug\cybootloader.o
 .debug_abbrev  0x00000404      0x1d2 .\CortexM3\ARM_GCC_484\Debug\chickybot.a(cyfitter_cfg.o)
 .debug_abbrev  0x000005d6       0x14 .\CortexM3\ARM_GCC_484\Debug\chickybot.a(CyBootAsmGnu.o)
 .debug_abbrev  0x000005ea      0x296 .\CortexM3\ARM_GCC_484\Debug\chickybot.a(CyLib.o)
 .debug_abbrev  0x00000880      0x1fa .\CortexM3\ARM_GCC_484\Debug\chickybot.a(cyPm.o)
 .debug_abbrev  0x00000a7a       0x9d .\CortexM3\ARM_GCC_484\Debug\chickybot.a(LedGreen.o)
 .debug_abbrev  0x00000b17       0x9d .\CortexM3\ARM_GCC_484\Debug\chickybot.a(LedBlue.o)
 .debug_abbrev  0x00000bb4      0x17e .\CortexM3\ARM_GCC_484\Debug\chickybot.a(Lcd.o)
 .debug_abbrev  0x00000d32      0x157 .\CortexM3\ARM_GCC_484\Debug\chickybot.a(IsrBtn0Pressed.o)
 .debug_abbrev  0x00000e89      0x157 .\CortexM3\ARM_GCC_484\Debug\chickybot.a(IsrBtn1Pressed.o)
 .debug_abbrev  0x00000fe0      0x13a .\CortexM3\ARM_GCC_484\Debug\chickybot.a(CsBtns_PWM.o)
 .debug_abbrev  0x0000111a      0x1de .\CortexM3\ARM_GCC_484\Debug\chickybot.a(CyFlash.o)
 .debug_abbrev  0x000012f8      0x1ce .\CortexM3\ARM_GCC_484\Debug\chickybot.a(CySpc.o)

.debug_line     0x00000000     0x1db7
 *(.debug_line)
 .debug_line    0x00000000      0x200 .\CortexM3\ARM_GCC_484\Debug\main.o
 .debug_line    0x00000200       0x53 .\CortexM3\ARM_GCC_484\Debug\cymetadata.o
 .debug_line    0x00000253      0x237 .\CortexM3\ARM_GCC_484\Debug\Cm3Start.o
 .debug_line    0x0000048a       0x55 .\CortexM3\ARM_GCC_484\Debug\cybootloader.o
 .debug_line    0x000004df      0x1f5 .\CortexM3\ARM_GCC_484\Debug\chickybot.a(cyfitter_cfg.o)
 .debug_line    0x000006d4       0x68 .\CortexM3\ARM_GCC_484\Debug\chickybot.a(CyBootAsmGnu.o)
 .debug_line    0x0000073c      0x818 .\CortexM3\ARM_GCC_484\Debug\chickybot.a(CyLib.o)
 .debug_line    0x00000f54      0x366 .\CortexM3\ARM_GCC_484\Debug\chickybot.a(cyPm.o)
 .debug_line    0x000012ba       0x97 .\CortexM3\ARM_GCC_484\Debug\chickybot.a(LedGreen.o)
 .debug_line    0x00001351       0x96 .\CortexM3\ARM_GCC_484\Debug\chickybot.a(LedBlue.o)
 .debug_line    0x000013e7      0x1a4 .\CortexM3\ARM_GCC_484\Debug\chickybot.a(Lcd.o)
 .debug_line    0x0000158b      0x154 .\CortexM3\ARM_GCC_484\Debug\chickybot.a(IsrBtn0Pressed.o)
 .debug_line    0x000016df      0x154 .\CortexM3\ARM_GCC_484\Debug\chickybot.a(IsrBtn1Pressed.o)
 .debug_line    0x00001833      0x13a .\CortexM3\ARM_GCC_484\Debug\chickybot.a(CsBtns_PWM.o)
 .debug_line    0x0000196d      0x228 .\CortexM3\ARM_GCC_484\Debug\chickybot.a(CyFlash.o)
 .debug_line    0x00001b95      0x222 .\CortexM3\ARM_GCC_484\Debug\chickybot.a(CySpc.o)

.debug_frame    0x00000000     0x1404
 *(.debug_frame)
 .debug_frame   0x00000000       0x64 .\CortexM3\ARM_GCC_484\Debug\main.o
 .debug_frame   0x00000064       0xac .\CortexM3\ARM_GCC_484\Debug\Cm3Start.o
 .debug_frame   0x00000110       0xfc .\CortexM3\ARM_GCC_484\Debug\chickybot.a(cyfitter_cfg.o)
 .debug_frame   0x0000020c      0x730 .\CortexM3\ARM_GCC_484\Debug\chickybot.a(CyLib.o)
 .debug_frame   0x0000093c      0x1fc .\CortexM3\ARM_GCC_484\Debug\chickybot.a(cyPm.o)
 .debug_frame   0x00000b38       0x50 .\CortexM3\ARM_GCC_484\Debug\chickybot.a(LedGreen.o)
 .debug_frame   0x00000b88       0x50 .\CortexM3\ARM_GCC_484\Debug\chickybot.a(LedBlue.o)
 .debug_frame   0x00000bd8      0x1c0 .\CortexM3\ARM_GCC_484\Debug\chickybot.a(Lcd.o)
 .debug_frame   0x00000d98      0x104 .\CortexM3\ARM_GCC_484\Debug\chickybot.a(IsrBtn0Pressed.o)
 .debug_frame   0x00000e9c      0x104 .\CortexM3\ARM_GCC_484\Debug\chickybot.a(IsrBtn1Pressed.o)
 .debug_frame   0x00000fa0       0xe8 .\CortexM3\ARM_GCC_484\Debug\chickybot.a(CsBtns_PWM.o)
 .debug_frame   0x00001088      0x17c .\CortexM3\ARM_GCC_484\Debug\chickybot.a(CyFlash.o)
 .debug_frame   0x00001204      0x144 .\CortexM3\ARM_GCC_484\Debug\chickybot.a(CySpc.o)
 .debug_frame   0x00001348       0x20 c:/program files (x86)/cypress/psoc creator/3.2/psoc creator/import/gnu/arm/4.8.4/bin/../lib/gcc/arm-none-eabi/4.8.4/../../../../arm-none-eabi/lib/armv7-m\libg_s.a(lib_a-errno.o)
 .debug_frame   0x00001368       0x28 c:/program files (x86)/cypress/psoc creator/3.2/psoc creator/import/gnu/arm/4.8.4/bin/../lib/gcc/arm-none-eabi/4.8.4/../../../../arm-none-eabi/lib/armv7-m\libg_s.a(lib_a-exit.o)
 .debug_frame   0x00001390       0x2c c:/program files (x86)/cypress/psoc creator/3.2/psoc creator/import/gnu/arm/4.8.4/bin/../lib/gcc/arm-none-eabi/4.8.4/../../../../arm-none-eabi/lib/armv7-m\libg_s.a(lib_a-init.o)
 .debug_frame   0x000013bc       0x28 c:/program files (x86)/cypress/psoc creator/3.2/psoc creator/import/gnu/arm/4.8.4/bin/../lib/gcc/arm-none-eabi/4.8.4/../../../../arm-none-eabi/lib/armv7-m\libg_s.a(lib_a-memcpy-stub.o)
 .debug_frame   0x000013e4       0x20 c:/program files (x86)/cypress/psoc creator/3.2/psoc creator/import/gnu/arm/4.8.4/bin/../lib/gcc/arm-none-eabi/4.8.4/../../../../arm-none-eabi/lib/armv7-m\libg_s.a(lib_a-memset.o)

.debug_str      0x00000000     0x1a0c
 *(.debug_str)
 .debug_str     0x00000000      0x265 .\CortexM3\ARM_GCC_484\Debug\main.o
                                0x2a6 (size before relaxing)
 .debug_str     0x00000265       0x37 .\CortexM3\ARM_GCC_484\Debug\cymetadata.o
                                0x1d8 (size before relaxing)
 .debug_str     0x0000029c      0x158 .\CortexM3\ARM_GCC_484\Debug\Cm3Start.o
                                0x32c (size before relaxing)
 .debug_str     0x000003f4       0x84 .\CortexM3\ARM_GCC_484\Debug\cybootloader.o
                                0x225 (size before relaxing)
 .debug_str     0x00000478      0x1e1 .\CortexM3\ARM_GCC_484\Debug\chickybot.a(cyfitter_cfg.o)
                                0x3cb (size before relaxing)
 .debug_str     0x00000659      0x836 .\CortexM3\ARM_GCC_484\Debug\chickybot.a(CyLib.o)
                                0xa51 (size before relaxing)
 .debug_str     0x00000e8f      0x35b .\CortexM3\ARM_GCC_484\Debug\chickybot.a(cyPm.o)
                                0x749 (size before relaxing)
 .debug_str     0x000011ea       0x5a .\CortexM3\ARM_GCC_484\Debug\chickybot.a(LedGreen.o)
                                0x21f (size before relaxing)
 .debug_str     0x00001244       0x4c .\CortexM3\ARM_GCC_484\Debug\chickybot.a(LedBlue.o)
                                0x21a (size before relaxing)
 .debug_str     0x00001290      0x12b .\CortexM3\ARM_GCC_484\Debug\chickybot.a(Lcd.o)
                                0x333 (size before relaxing)
 .debug_str     0x000013bb      0x14f .\CortexM3\ARM_GCC_484\Debug\chickybot.a(IsrBtn0Pressed.o)
                                0x346 (size before relaxing)
 .debug_str     0x0000150a      0x14f .\CortexM3\ARM_GCC_484\Debug\chickybot.a(IsrBtn1Pressed.o)
                                0x346 (size before relaxing)
 .debug_str     0x00001659      0x171 .\CortexM3\ARM_GCC_484\Debug\chickybot.a(CsBtns_PWM.o)
                                0x335 (size before relaxing)
 .debug_str     0x000017ca      0x194 .\CortexM3\ARM_GCC_484\Debug\chickybot.a(CyFlash.o)
                                0x3b9 (size before relaxing)
 .debug_str     0x0000195e       0xae .\CortexM3\ARM_GCC_484\Debug\chickybot.a(CySpc.o)
                                0x345 (size before relaxing)

.debug_loc      0x00000000     0x1d78
 *(.debug_loc)
 .debug_loc     0x00000000      0x14f .\CortexM3\ARM_GCC_484\Debug\Cm3Start.o
 .debug_loc     0x0000014f      0x26b .\CortexM3\ARM_GCC_484\Debug\chickybot.a(cyfitter_cfg.o)
 .debug_loc     0x000003ba      0xa53 .\CortexM3\ARM_GCC_484\Debug\chickybot.a(CyLib.o)
 .debug_loc     0x00000e0d      0x22a .\CortexM3\ARM_GCC_484\Debug\chickybot.a(cyPm.o)
 .debug_loc     0x00001037       0x55 .\CortexM3\ARM_GCC_484\Debug\chickybot.a(LedGreen.o)
 .debug_loc     0x0000108c       0x55 .\CortexM3\ARM_GCC_484\Debug\chickybot.a(LedBlue.o)
 .debug_loc     0x000010e1      0x36b .\CortexM3\ARM_GCC_484\Debug\chickybot.a(Lcd.o)
 .debug_loc     0x0000144c       0x56 .\CortexM3\ARM_GCC_484\Debug\chickybot.a(IsrBtn0Pressed.o)
 .debug_loc     0x000014a2       0x56 .\CortexM3\ARM_GCC_484\Debug\chickybot.a(IsrBtn1Pressed.o)
 .debug_loc     0x000014f8       0x13 .\CortexM3\ARM_GCC_484\Debug\chickybot.a(CsBtns_PWM.o)
 .debug_loc     0x0000150b      0x2f7 .\CortexM3\ARM_GCC_484\Debug\chickybot.a(CyFlash.o)
 .debug_loc     0x00001802      0x576 .\CortexM3\ARM_GCC_484\Debug\chickybot.a(CySpc.o)

.debug_macinfo
 *(.debug_macinfo)

.debug_ranges   0x00000000      0x6d8
 *(.debug_ranges)
 .debug_ranges  0x00000000       0x20 .\CortexM3\ARM_GCC_484\Debug\main.o
 .debug_ranges  0x00000020       0x50 .\CortexM3\ARM_GCC_484\Debug\Cm3Start.o
 .debug_ranges  0x00000070       0x68 .\CortexM3\ARM_GCC_484\Debug\chickybot.a(cyfitter_cfg.o)
 .debug_ranges  0x000000d8      0x288 .\CortexM3\ARM_GCC_484\Debug\chickybot.a(CyLib.o)
 .debug_ranges  0x00000360       0x88 .\CortexM3\ARM_GCC_484\Debug\chickybot.a(cyPm.o)
 .debug_ranges  0x000003e8       0x28 .\CortexM3\ARM_GCC_484\Debug\chickybot.a(LedGreen.o)
 .debug_ranges  0x00000410       0x28 .\CortexM3\ARM_GCC_484\Debug\chickybot.a(LedBlue.o)
 .debug_ranges  0x00000438       0x80 .\CortexM3\ARM_GCC_484\Debug\chickybot.a(Lcd.o)
 .debug_ranges  0x000004b8       0x70 .\CortexM3\ARM_GCC_484\Debug\chickybot.a(IsrBtn0Pressed.o)
 .debug_ranges  0x00000528       0x70 .\CortexM3\ARM_GCC_484\Debug\chickybot.a(IsrBtn1Pressed.o)
 .debug_ranges  0x00000598       0x68 .\CortexM3\ARM_GCC_484\Debug\chickybot.a(CsBtns_PWM.o)
 .debug_ranges  0x00000600       0x70 .\CortexM3\ARM_GCC_484\Debug\chickybot.a(CyFlash.o)
 .debug_ranges  0x00000670       0x68 .\CortexM3\ARM_GCC_484\Debug\chickybot.a(CySpc.o)

.comment        0x00000000       0x70
 .comment       0x00000000       0x70 .\CortexM3\ARM_GCC_484\Debug\main.o
                                 0x71 (size before relaxing)
 .comment       0x00000000       0x71 .\CortexM3\ARM_GCC_484\Debug\cymetadata.o
 .comment       0x00000000       0x71 .\CortexM3\ARM_GCC_484\Debug\Cm3Start.o
 .comment       0x00000000       0x71 .\CortexM3\ARM_GCC_484\Debug\cybootloader.o
 .comment       0x00000000       0x71 .\CortexM3\ARM_GCC_484\Debug\chickybot.a(cyfitter_cfg.o)
 .comment       0x00000000       0x71 .\CortexM3\ARM_GCC_484\Debug\chickybot.a(CyLib.o)
 .comment       0x00000000       0x71 .\CortexM3\ARM_GCC_484\Debug\chickybot.a(cyPm.o)
 .comment       0x00000000       0x71 .\CortexM3\ARM_GCC_484\Debug\chickybot.a(LedGreen.o)
 .comment       0x00000000       0x71 .\CortexM3\ARM_GCC_484\Debug\chickybot.a(LedBlue.o)
 .comment       0x00000000       0x71 .\CortexM3\ARM_GCC_484\Debug\chickybot.a(Lcd.o)
 .comment       0x00000000       0x71 .\CortexM3\ARM_GCC_484\Debug\chickybot.a(IsrBtn0Pressed.o)
 .comment       0x00000000       0x71 .\CortexM3\ARM_GCC_484\Debug\chickybot.a(IsrBtn1Pressed.o)
 .comment       0x00000000       0x71 .\CortexM3\ARM_GCC_484\Debug\chickybot.a(CsBtns_PWM.o)
 .comment       0x00000000       0x71 .\CortexM3\ARM_GCC_484\Debug\chickybot.a(CyFlash.o)
 .comment       0x00000000       0x71 .\CortexM3\ARM_GCC_484\Debug\chickybot.a(CySpc.o)

.debug_weaknames
 *(.debug_weaknames)

.debug_funcnames
 *(.debug_funcnames)

.debug_typenames
 *(.debug_typenames)

.debug_varnames
 *(.debug_varnames)

.note.gnu.arm.ident
 *(.note.gnu.arm.ident)

.ARM.attributes
                0x00000000       0x29
 *(.ARM.attributes)
 .ARM.attributes
                0x00000000       0x1d c:/program files (x86)/cypress/psoc creator/3.2/psoc creator/import/gnu/arm/4.8.4/bin/../lib/gcc/arm-none-eabi/4.8.4/armv7-m/crti.o
 .ARM.attributes
                0x0000001d       0x2d c:/program files (x86)/cypress/psoc creator/3.2/psoc creator/import/gnu/arm/4.8.4/bin/../lib/gcc/arm-none-eabi/4.8.4/armv7-m/crtbegin.o
 .ARM.attributes
                0x0000004a       0x1b c:/program files (x86)/cypress/psoc creator/3.2/psoc creator/import/gnu/arm/4.8.4/bin/../lib/gcc/arm-none-eabi/4.8.4/../../../../arm-none-eabi/lib/armv7-m/crt0.o
 .ARM.attributes
                0x00000065       0x33 .\CortexM3\ARM_GCC_484\Debug\main.o
 .ARM.attributes
                0x00000098       0x33 .\CortexM3\ARM_GCC_484\Debug\cymetadata.o
 .ARM.attributes
                0x000000cb       0x33 .\CortexM3\ARM_GCC_484\Debug\Cm3Start.o
 .ARM.attributes
                0x000000fe       0x33 .\CortexM3\ARM_GCC_484\Debug\cybootloader.o
 .ARM.attributes
                0x00000131       0x33 .\CortexM3\ARM_GCC_484\Debug\chickybot.a(cyfitter_cfg.o)
 .ARM.attributes
                0x00000164       0x21 .\CortexM3\ARM_GCC_484\Debug\chickybot.a(CyBootAsmGnu.o)
 .ARM.attributes
                0x00000185       0x33 .\CortexM3\ARM_GCC_484\Debug\chickybot.a(CyLib.o)
 .ARM.attributes
                0x000001b8       0x33 .\CortexM3\ARM_GCC_484\Debug\chickybot.a(cyPm.o)
 .ARM.attributes
                0x000001eb       0x33 .\CortexM3\ARM_GCC_484\Debug\chickybot.a(LedGreen.o)
 .ARM.attributes
                0x0000021e       0x33 .\CortexM3\ARM_GCC_484\Debug\chickybot.a(LedBlue.o)
 .ARM.attributes
                0x00000251       0x33 .\CortexM3\ARM_GCC_484\Debug\chickybot.a(Lcd.o)
 .ARM.attributes
                0x00000284       0x33 .\CortexM3\ARM_GCC_484\Debug\chickybot.a(IsrBtn0Pressed.o)
 .ARM.attributes
                0x000002b7       0x33 .\CortexM3\ARM_GCC_484\Debug\chickybot.a(IsrBtn1Pressed.o)
 .ARM.attributes
                0x000002ea       0x33 .\CortexM3\ARM_GCC_484\Debug\chickybot.a(CsBtns_PWM.o)
 .ARM.attributes
                0x0000031d       0x33 .\CortexM3\ARM_GCC_484\Debug\chickybot.a(CyFlash.o)
 .ARM.attributes
                0x00000350       0x33 .\CortexM3\ARM_GCC_484\Debug\chickybot.a(CySpc.o)
 .ARM.attributes
                0x00000383       0x2d c:/program files (x86)/cypress/psoc creator/3.2/psoc creator/import/gnu/arm/4.8.4/bin/../lib/gcc/arm-none-eabi/4.8.4/../../../../arm-none-eabi/lib/armv7-m\libg_s.a(lib_a-errno.o)
 .ARM.attributes
                0x000003b0       0x2d c:/program files (x86)/cypress/psoc creator/3.2/psoc creator/import/gnu/arm/4.8.4/bin/../lib/gcc/arm-none-eabi/4.8.4/../../../../arm-none-eabi/lib/armv7-m\libg_s.a(lib_a-exit.o)
 .ARM.attributes
                0x000003dd       0x2d c:/program files (x86)/cypress/psoc creator/3.2/psoc creator/import/gnu/arm/4.8.4/bin/../lib/gcc/arm-none-eabi/4.8.4/../../../../arm-none-eabi/lib/armv7-m\libg_s.a(lib_a-impure.o)
 .ARM.attributes
                0x0000040a       0x2d c:/program files (x86)/cypress/psoc creator/3.2/psoc creator/import/gnu/arm/4.8.4/bin/../lib/gcc/arm-none-eabi/4.8.4/../../../../arm-none-eabi/lib/armv7-m\libg_s.a(lib_a-init.o)
 .ARM.attributes
                0x00000437       0x2d c:/program files (x86)/cypress/psoc creator/3.2/psoc creator/import/gnu/arm/4.8.4/bin/../lib/gcc/arm-none-eabi/4.8.4/../../../../arm-none-eabi/lib/armv7-m\libg_s.a(lib_a-memcpy-stub.o)
 .ARM.attributes
                0x00000464       0x2d c:/program files (x86)/cypress/psoc creator/3.2/psoc creator/import/gnu/arm/4.8.4/bin/../lib/gcc/arm-none-eabi/4.8.4/../../../../arm-none-eabi/lib/armv7-m\libg_s.a(lib_a-memset.o)
 .ARM.attributes
                0x00000491       0x2d c:/program files (x86)/cypress/psoc creator/3.2/psoc creator/import/gnu/arm/4.8.4/bin/../lib/gcc/arm-none-eabi/4.8.4/armv7-m/crtend.o
 .ARM.attributes
                0x000004be       0x1d c:/program files (x86)/cypress/psoc creator/3.2/psoc creator/import/gnu/arm/4.8.4/bin/../lib/gcc/arm-none-eabi/4.8.4/armv7-m/crtn.o

/DISCARD/
 *(.note.GNU-stack)
OUTPUT(.\CortexM3\ARM_GCC_484\Debug\chickybot.elf elf32-littlearm)
