Archive member included because of file (symbol)

.\CortexM3\ARM_GCC_484\Debug\chickybot.a(cyfitter_cfg.o)
                              .\CortexM3\ARM_GCC_484\Debug\Cm3Start.o (cyfitter_cfg)
.\CortexM3\ARM_GCC_484\Debug\chickybot.a(CyBootAsmGnu.o)
                              .\CortexM3\ARM_GCC_484\Debug\chickybot.a(cyfitter_cfg.o) (CyDelayCycles)
.\CortexM3\ARM_GCC_484\Debug\chickybot.a(CyDmac.o)
                              .\CortexM3\ARM_GCC_484\Debug\Cm3Start.o (CyDmacConfigure)
.\CortexM3\ARM_GCC_484\Debug\chickybot.a(CyLib.o)
                              .\CortexM3\ARM_GCC_484\Debug\Cm3Start.o (CyHalt)
.\CortexM3\ARM_GCC_484\Debug\chickybot.a(cyPm.o)
                              .\CortexM3\ARM_GCC_484\Debug\chickybot.a(CyLib.o) (CyPmReadStatus)
.\CortexM3\ARM_GCC_484\Debug\chickybot.a(LedGreen.o)
                              .\CortexM3\ARM_GCC_484\Debug\main.o (LedGreen_Write)
.\CortexM3\ARM_GCC_484\Debug\chickybot.a(LedBlue.o)
                              .\CortexM3\ARM_GCC_484\Debug\main.o (LedBlue_Write)
.\CortexM3\ARM_GCC_484\Debug\chickybot.a(LedYellow.o)
                              .\CortexM3\ARM_GCC_484\Debug\sensors.o (LedYellow_Write)
.\CortexM3\ARM_GCC_484\Debug\chickybot.a(Lcd.o)
                              .\CortexM3\ARM_GCC_484\Debug\main.o (Lcd_PrintString)
.\CortexM3\ARM_GCC_484\Debug\chickybot.a(IsrBtn0Pressed.o)
                              .\CortexM3\ARM_GCC_484\Debug\main.o (IsrBtn0Pressed_StartEx)
.\CortexM3\ARM_GCC_484\Debug\chickybot.a(IsrBtn1Pressed.o)
                              .\CortexM3\ARM_GCC_484\Debug\main.o (IsrBtn1Pressed_StartEx)
.\CortexM3\ARM_GCC_484\Debug\chickybot.a(CsBtns_PWM.o)
                              .\CortexM3\ARM_GCC_484\Debug\main.o (CsBtns_PWM_Start)
.\CortexM3\ARM_GCC_484\Debug\chickybot.a(Camera.o)
                              .\CortexM3\ARM_GCC_484\Debug\cv.o (Camera_SyncFrame)
.\CortexM3\ARM_GCC_484\Debug\chickybot.a(Camera_DMA_dma.o)
                              .\CortexM3\ARM_GCC_484\Debug\chickybot.a(Camera.o) (Camera_DMA_DmaInitialize)
.\CortexM3\ARM_GCC_484\Debug\chickybot.a(Camera_VSYNC.o)
                              .\CortexM3\ARM_GCC_484\Debug\chickybot.a(Camera.o) (Camera_VSYNC_Read)
.\CortexM3\ARM_GCC_484\Debug\chickybot.a(Camera_SIOD.o)
                              .\CortexM3\ARM_GCC_484\Debug\chickybot.a(Camera.o) (Camera_SIOD_SetDriveMode)
.\CortexM3\ARM_GCC_484\Debug\chickybot.a(Camera_SIOC.o)
                              .\CortexM3\ARM_GCC_484\Debug\chickybot.a(Camera.o) (Camera_SIOC_SetDriveMode)
.\CortexM3\ARM_GCC_484\Debug\chickybot.a(Camera_I2C.o)
                              .\CortexM3\ARM_GCC_484\Debug\chickybot.a(Camera.o) (Camera_I2C_Start)
.\CortexM3\ARM_GCC_484\Debug\chickybot.a(Camera_I2C_INT.o)
                              .\CortexM3\ARM_GCC_484\Debug\chickybot.a(Camera_I2C.o) (Camera_I2C_ISR)
.\CortexM3\ARM_GCC_484\Debug\chickybot.a(Camera_I2C_PM.o)
                              .\CortexM3\ARM_GCC_484\Debug\chickybot.a(Camera_I2C.o) (Camera_I2C_backup)
.\CortexM3\ARM_GCC_484\Debug\chickybot.a(Camera_I2C_MASTER.o)
                              .\CortexM3\ARM_GCC_484\Debug\chickybot.a(Camera_I2C.o) (Camera_I2C_mstrStatus)
.\CortexM3\ARM_GCC_484\Debug\chickybot.a(IsrUsTimer.o)
                              .\CortexM3\ARM_GCC_484\Debug\main.o (IsrUsTimer_StartEx)
.\CortexM3\ARM_GCC_484\Debug\chickybot.a(UsTimer.o)
                              .\CortexM3\ARM_GCC_484\Debug\sensors.o (UsTimer_ReadStatusRegister)
.\CortexM3\ARM_GCC_484\Debug\chickybot.a(UsPWM.o)
                              .\CortexM3\ARM_GCC_484\Debug\main.o (UsPWM_Start)
.\CortexM3\ARM_GCC_484\Debug\chickybot.a(ElbowPos.o)
                              .\CortexM3\ARM_GCC_484\Debug\main.o (ElbowPos_Write)
.\CortexM3\ARM_GCC_484\Debug\chickybot.a(ElbowNeg.o)
                              .\CortexM3\ARM_GCC_484\Debug\main.o (ElbowNeg_Write)
.\CortexM3\ARM_GCC_484\Debug\chickybot.a(ADC.o)
                              .\CortexM3\ARM_GCC_484\Debug\main.o (ADC_Start)
.\CortexM3\ARM_GCC_484\Debug\chickybot.a(ADC_INT.o)
                              .\CortexM3\ARM_GCC_484\Debug\chickybot.a(ADC.o) (ADC_ISR)
.\CortexM3\ARM_GCC_484\Debug\chickybot.a(AMux.o)
                              .\CortexM3\ARM_GCC_484\Debug\main.o (AMux_Start)
.\CortexM3\ARM_GCC_484\Debug\chickybot.a(ADC_theACLK.o)
                              .\CortexM3\ARM_GCC_484\Debug\chickybot.a(ADC.o) (ADC_theACLK_SetModeRegister)
.\CortexM3\ARM_GCC_484\Debug\chickybot.a(CyFlash.o)
                              .\CortexM3\ARM_GCC_484\Debug\chickybot.a(cyPm.o) (CyFlash_SetWaitCycles)
.\CortexM3\ARM_GCC_484\Debug\chickybot.a(CySpc.o)
                              .\CortexM3\ARM_GCC_484\Debug\chickybot.a(CyFlash.o) (CySpcStart)
.\CortexM3\ARM_GCC_484\Debug\chickybot.a(Camera_settings.o)
                              .\CortexM3\ARM_GCC_484\Debug\chickybot.a(Camera.o) (Camera_qcif)
[...]
Memory Configuration

Name             Origin             Length             Attributes
rom              0x00000000         0x00040000         xr
ram              0x1fff8000         0x00010000         xrw
*default*        0x00000000         0xffffffff

Linker script and memory map

LOAD c:/program files (x86)/cypress/psoc creator/3.2/psoc creator/import/gnu/arm/4.8.4/bin/../lib/gcc/arm-none-eabi/4.8.4/armv7-m/crti.o
LOAD c:/program files (x86)/cypress/psoc creator/3.2/psoc creator/import/gnu/arm/4.8.4/bin/../lib/gcc/arm-none-eabi/4.8.4/armv7-m/crtbegin.o
LOAD c:/program files (x86)/cypress/psoc creator/3.2/psoc creator/import/gnu/arm/4.8.4/bin/../lib/gcc/arm-none-eabi/4.8.4/../../../../arm-none-eabi/lib/armv7-m/crt0.o
START GROUP
LOAD .\CortexM3\ARM_GCC_484\Debug\main.o
LOAD .\CortexM3\ARM_GCC_484\Debug\cv.o
LOAD .\CortexM3\ARM_GCC_484\Debug\sensors.o
LOAD .\CortexM3\ARM_GCC_484\Debug\motion.o
LOAD .\CortexM3\ARM_GCC_484\Debug\cymetadata.o
LOAD .\CortexM3\ARM_GCC_484\Debug\Cm3Start.o
LOAD .\CortexM3\ARM_GCC_484\Debug\cybootloader.o
LOAD .\CortexM3\ARM_GCC_484\Debug\chickybot.a
LOAD C:\Program Files (x86)\Cypress\PSoC Creator\3.2\PSoC Creator\psoc\content\cycomponentlibrary\CyComponentLibrary.cylib\CortexM3\ARM_GCC_484\Debug\CyComponentLibrary.a
END GROUP
START GROUP
LOAD c:/program files (x86)/cypress/psoc creator/3.2/psoc creator/import/gnu/arm/4.8.4/bin/../lib/gcc/arm-none-eabi/4.8.4/armv7-m\libgcc.a
LOAD c:/program files (x86)/cypress/psoc creator/3.2/psoc creator/import/gnu/arm/4.8.4/bin/../lib/gcc/arm-none-eabi/4.8.4/../../../../arm-none-eabi/lib/armv7-m\libg_s.a
LOAD c:/program files (x86)/cypress/psoc creator/3.2/psoc creator/import/gnu/arm/4.8.4/bin/../lib/gcc/arm-none-eabi/4.8.4/../../../../arm-none-eabi/lib/armv7-m\libc_s.a
END GROUP
START GROUP
LOAD c:/program files (x86)/cypress/psoc creator/3.2/psoc creator/import/gnu/arm/4.8.4/bin/../lib/gcc/arm-none-eabi/4.8.4/armv7-m\libgcc.a
LOAD c:/program files (x86)/cypress/psoc creator/3.2/psoc creator/import/gnu/arm/4.8.4/bin/../lib/gcc/arm-none-eabi/4.8.4/../../../../arm-none-eabi/lib/armv7-m\libc_s.a
END GROUP
LOAD c:/program files (x86)/cypress/psoc creator/3.2/psoc creator/import/gnu/arm/4.8.4/bin/../lib/gcc/arm-none-eabi/4.8.4/armv7-m/crtend.o
LOAD c:/program files (x86)/cypress/psoc creator/3.2/psoc creator/import/gnu/arm/4.8.4/bin/../lib/gcc/arm-none-eabi/4.8.4/armv7-m/crtn.o
START GROUP
LOAD c:/program files (x86)/cypress/psoc creator/3.2/psoc creator/import/gnu/arm/4.8.4/bin/../lib/gcc/arm-none-eabi/4.8.4/armv7-m\libgcc.a
LOAD c:/program files (x86)/cypress/psoc creator/3.2/psoc creator/import/gnu/arm/4.8.4/bin/../lib/gcc/arm-none-eabi/4.8.4/../../../../arm-none-eabi/lib/armv7-m\libc.a
LOAD c:/program files (x86)/cypress/psoc creator/3.2/psoc creator/import/gnu/arm/4.8.4/bin/../lib/gcc/arm-none-eabi/4.8.4/../../../../arm-none-eabi/lib/armv7-m\libnosys.a
END GROUP
                0x00000000                CY_APPL_ORIGIN = 0x0
                0x00000100                CY_FLASH_ROW_SIZE = 0x100
                0x00000020                CY_ECC_ROW_SIZE = 0x20
                0x00000000                CY_EE_IN_BTLDR = 0x0
                0x00000001                CY_APPL_LOADABLE = 0x1
                0x00000800                CY_EE_SIZE = 0x800
                0x00000001                CY_APPL_NUM = 0x1
                0x00000001                CY_APPL_MAX = 0x1
                0x00000040                CY_METADATA_SIZE = 0x40
                0x1fff8160                PROVIDE (__cy_heap_start, _end)
                0x00000001                PROVIDE (__cy_region_num, ((__cy_regions_end - __cy_regions) / 0x10))
                0x20008000                PROVIDE (__cy_stack, (ORIGIN (ram) + 0x10000))
                0x20007800                PROVIDE (__cy_heap_end, (__cy_stack - 0x800))

.cybootloader   0x00000000     0x2700
 *(.cybootloader)
 .cybootloader  0x00000000     0x2700 .\CortexM3\ARM_GCC_484\Debug\cybootloader.o
                0x00000000                cy_bootloader
                0x00002700                appl1_start = CY_APPL_ORIGIN?CY_APPL_ORIGIN:ALIGN (CY_FLASH_ROW_SIZE)
                0x00021300                appl2_start = (appl1_start + ALIGN ((((0x40000 - appl1_start) - (0x2 * CY_FLASH_ROW_SIZE)) / 0x2), CY_FLASH_ROW_SIZE))
                0x00002700                appl_start = (CY_APPL_NUM == 0x1)?appl1_start:appl2_start
                0x000004e0                ecc_offset = ((appl_start / CY_FLASH_ROW_SIZE) * CY_ECC_ROW_SIZE)
                0x00000000                ee_offset = (CY_APPL_LOADABLE && ! (CY_EE_IN_BTLDR))?((CY_EE_SIZE / CY_APPL_MAX) * (CY_APPL_NUM - 0x1)):0x0
                0x00000800                ee_size = (CY_APPL_LOADABLE && ! (CY_EE_IN_BTLDR))?(CY_EE_SIZE / CY_APPL_MAX):CY_EE_SIZE
                0x000004e0                PROVIDE (CY_ECC_OFFSET, ecc_offset)

.text           0x00002700     0x1146
 CREATE_OBJECT_SYMBOLS
                0x00002700                PROVIDE (__cy_interrupt_vector, RomVectors)
 *(.romvectors)
 .romvectors    0x00002700       0x10 .\CortexM3\ARM_GCC_484\Debug\Cm3Start.o
                0x00002700                RomVectors
                0x00000001                ASSERT ((. != __cy_interrupt_vector), No interrupt vector)
                0x00000001                ASSERT (CY_APPL_ORIGIN?(SIZEOF (.cybootloader) <= CY_APPL_ORIGIN):0x1, Wrong image location)
                0x00002710                PROVIDE (__cy_reset, Reset)
 *(.text.Reset)
 .text.Reset    0x00002710        0x8 .\CortexM3\ARM_GCC_484\Debug\Cm3Start.o
                0x00002710                Reset
                0x00000001                ASSERT ((. != __cy_reset), No reset code)
 *(.dma_init)
                0x00000001                ASSERT ((((appl_start + .) <= 0x10000) || 0x1), DMA Init must be within the first 64k of flash)
 *(.text .text.* .gnu.linkonce.t.*)
 .text          0x00002718       0x54 c:/program files (x86)/cypress/psoc creator/3.2/psoc creator/import/gnu/arm/4.8.4/bin/../lib/gcc/arm-none-eabi/4.8.4/armv7-m/crtbegin.o
 .text.Btn0Pressed
                0x0000276c       0x18 .\CortexM3\ARM_GCC_484\Debug\main.o
                0x0000276c                Btn0Pressed
 .text.Btn1Pressed
                0x00002784       0x18 .\CortexM3\ARM_GCC_484\Debug\main.o
                0x00002784                Btn1Pressed
 .text.main     0x0000279c       0xd0 .\CortexM3\ARM_GCC_484\Debug\main.o
                0x0000279c                main
 .text.UsSensorTrigger
                0x0000286c       0x64 .\CortexM3\ARM_GCC_484\Debug\sensors.o
                0x0000286c                UsSensorTrigger
 .text.getElbowPos
                0x000028d0       0x14 .\CortexM3\ARM_GCC_484\Debug\motion.o
                0x000028d0                getElbowPos
 .text.elbowUp  0x000028e4       0x10 .\CortexM3\ARM_GCC_484\Debug\motion.o
                0x000028e4                elbowUp
 .text.elbowDown
                0x000028f4       0x10 .\CortexM3\ARM_GCC_484\Debug\motion.o
                0x000028f4                elbowDown
 .text.elbowStop
                0x00002904       0x10 .\CortexM3\ARM_GCC_484\Debug\motion.o
                0x00002904                elbowStop
 .text.elbowGoToPos
                0x00002914       0x30 .\CortexM3\ARM_GCC_484\Debug\motion.o
                0x00002914                elbowGoToPos
 .text.elbowUpStep
                0x00002944       0x4c .\CortexM3\ARM_GCC_484\Debug\motion.o
                0x00002944                elbowUpStep
 .text.elbowDownStep
                0x00002990       0x4c .\CortexM3\ARM_GCC_484\Debug\motion.o
                0x00002990                elbowDownStep
 .text.IntDefaultHandler
                0x000029dc        0x4 .\CortexM3\ARM_GCC_484\Debug\Cm3Start.o
                0x000029dc                IntDefaultHandler
 .text.Start_c  0x000029e0       0x4c .\CortexM3\ARM_GCC_484\Debug\Cm3Start.o
                0x000029e0                Start_c
 .text.initialize_psoc
                0x00002a2c       0x74 .\CortexM3\ARM_GCC_484\Debug\Cm3Start.o
                0x00002a2c                initialize_psoc
 .text.CyClockStartupError
                0x00002aa0        0x4 .\CortexM3\ARM_GCC_484\Debug\chickybot.a(cyfitter_cfg.o)
 .text.cfg_write_bytes32
                0x00002aa4       0x34 .\CortexM3\ARM_GCC_484\Debug\chickybot.a(cyfitter_cfg.o)
 .text.AnalogSetDefault
                0x00002ad8       0x74 .\CortexM3\ARM_GCC_484\Debug\chickybot.a(cyfitter_cfg.o)
 .text.CYMEMZERO
                0x00002b4c        0xc .\CortexM3\ARM_GCC_484\Debug\chickybot.a(cyfitter_cfg.o)
 .text.CYCONFIGCPYCODE
                0x00002b58        0x8 .\CortexM3\ARM_GCC_484\Debug\chickybot.a(cyfitter_cfg.o)
 .text.CYCONFIGCPY
                0x00002b60        0x8 .\CortexM3\ARM_GCC_484\Debug\chickybot.a(cyfitter_cfg.o)
 .text.ClockSetup
                0x00002b68       0xf4 .\CortexM3\ARM_GCC_484\Debug\chickybot.a(cyfitter_cfg.o)
 .text.AMux_Set
                0x00002c5c       0x1c .\CortexM3\ARM_GCC_484\Debug\chickybot.a(cyfitter_cfg.o)
                0x00002c5c                AMux_Set
 .text.AMux_Unset
                0x00002c78       0x1c .\CortexM3\ARM_GCC_484\Debug\chickybot.a(cyfitter_cfg.o)
                0x00002c78                AMux_Unset
 .text.cyfitter_cfg
                0x00002c94      0x148 .\CortexM3\ARM_GCC_484\Debug\chickybot.a(cyfitter_cfg.o)
                0x00002c94                cyfitter_cfg
 *fill*         0x00002ddc        0x4 
 .text          0x00002de0       0x28 .\CortexM3\ARM_GCC_484\Debug\chickybot.a(CyBootAsmGnu.o)
                0x00002de0                CyDelayCycles
                0x00002df4                CyEnterCriticalSection
                0x00002dfc                CyExitCriticalSection
 .text.CyDmacConfigure
                0x00002e08       0x34 .\CortexM3\ARM_GCC_484\Debug\chickybot.a(CyDmac.o)
                0x00002e08                CyDmacConfigure
 .text.CyHalt   0x00002e3c        0x4 .\CortexM3\ARM_GCC_484\Debug\chickybot.a(CyLib.o)
                0x00002e3c                CyHalt
 .text.CyDelay  0x00002e40       0x2c .\CortexM3\ARM_GCC_484\Debug\chickybot.a(CyLib.o)
                0x00002e40                CyDelay
 .text.CyDelayUs
                0x00002e6c       0x14 .\CortexM3\ARM_GCC_484\Debug\chickybot.a(CyLib.o)
                0x00002e6c                CyDelayUs
 .text.CyIntSetVector
                0x00002e80       0x28 .\CortexM3\ARM_GCC_484\Debug\chickybot.a(CyLib.o)
                0x00002e80                CyIntSetVector
 .text.CyIntSetPriority
                0x00002ea8       0x30 .\CortexM3\ARM_GCC_484\Debug\chickybot.a(CyLib.o)
                0x00002ea8                CyIntSetPriority
 .text.LedGreen_Write
                0x00002ed8       0x18 .\CortexM3\ARM_GCC_484\Debug\chickybot.a(LedGreen.o)
                0x00002ed8                LedGreen_Write
 .text.LedGreen_Read
                0x00002ef0       0x10 .\CortexM3\ARM_GCC_484\Debug\chickybot.a(LedGreen.o)
                0x00002ef0                LedGreen_Read
 .text.LedBlue_Write
                0x00002f00       0x18 .\CortexM3\ARM_GCC_484\Debug\chickybot.a(LedBlue.o)
                0x00002f00                LedBlue_Write
 .text.LedBlue_Read
                0x00002f18       0x10 .\CortexM3\ARM_GCC_484\Debug\chickybot.a(LedBlue.o)
                0x00002f18                LedBlue_Read
 .text.LedYellow_Write
                0x00002f28       0x18 .\CortexM3\ARM_GCC_484\Debug\chickybot.a(LedYellow.o)
                0x00002f28                LedYellow_Write
 .text.LedYellow_Read
                0x00002f40       0x10 .\CortexM3\ARM_GCC_484\Debug\chickybot.a(LedYellow.o)
                0x00002f40                LedYellow_Read
 .text.Lcd_WrCntrlNib
                0x00002f50       0x34 .\CortexM3\ARM_GCC_484\Debug\chickybot.a(Lcd.o)
 .text.Lcd_WrDatNib
                0x00002f84       0x3c .\CortexM3\ARM_GCC_484\Debug\chickybot.a(Lcd.o)
 .text.Lcd_WriteData
                0x00002fc0       0x20 .\CortexM3\ARM_GCC_484\Debug\chickybot.a(Lcd.o)
                0x00002fc0                Lcd_WriteData
 .text.Lcd_PrintString
                0x00002fe0       0x1c .\CortexM3\ARM_GCC_484\Debug\chickybot.a(Lcd.o)
                0x00002fe0                Lcd_PrintString
 .text.Lcd_WriteControl
                0x00002ffc       0x24 .\CortexM3\ARM_GCC_484\Debug\chickybot.a(Lcd.o)
                0x00002ffc                Lcd_WriteControl
 .text.Lcd_Init
                0x00003020       0x6c .\CortexM3\ARM_GCC_484\Debug\chickybot.a(Lcd.o)
                0x00003020                Lcd_Init
 .text.Lcd_Enable
                0x0000308c       0x14 .\CortexM3\ARM_GCC_484\Debug\chickybot.a(Lcd.o)
                0x0000308c                Lcd_Enable
 .text.Lcd_Start
                0x000030a0       0x1c .\CortexM3\ARM_GCC_484\Debug\chickybot.a(Lcd.o)
                0x000030a0                Lcd_Start
 .text.Lcd_Position
                0x000030bc       0x3c .\CortexM3\ARM_GCC_484\Debug\chickybot.a(Lcd.o)
                0x000030bc                Lcd_Position
 .text.Lcd_PrintNumber
                0x000030f8       0x8c .\CortexM3\ARM_GCC_484\Debug\chickybot.a(Lcd.o)
                0x000030f8                Lcd_PrintNumber
 .text.IsrBtn0Pressed_SetVector
                0x00003184        0xc .\CortexM3\ARM_GCC_484\Debug\chickybot.a(IsrBtn0Pressed.o)
                0x00003184                IsrBtn0Pressed_SetVector
 .text.IsrBtn0Pressed_SetPriority
                0x00003190       0x10 .\CortexM3\ARM_GCC_484\Debug\chickybot.a(IsrBtn0Pressed.o)
                0x00003190                IsrBtn0Pressed_SetPriority
 .text.IsrBtn0Pressed_Enable
                0x000031a0        0xc .\CortexM3\ARM_GCC_484\Debug\chickybot.a(IsrBtn0Pressed.o)
                0x000031a0                IsrBtn0Pressed_Enable
 .text.IsrBtn0Pressed_Disable
                0x000031ac        0xc .\CortexM3\ARM_GCC_484\Debug\chickybot.a(IsrBtn0Pressed.o)
                0x000031ac                IsrBtn0Pressed_Disable
 .text.IsrBtn0Pressed_StartEx
                0x000031b8       0x1c .\CortexM3\ARM_GCC_484\Debug\chickybot.a(IsrBtn0Pressed.o)
                0x000031b8                IsrBtn0Pressed_StartEx
 .text.IsrBtn1Pressed_SetVector
                0x000031d4        0xc .\CortexM3\ARM_GCC_484\Debug\chickybot.a(IsrBtn1Pressed.o)
                0x000031d4                IsrBtn1Pressed_SetVector
 .text.IsrBtn1Pressed_SetPriority
                0x000031e0       0x10 .\CortexM3\ARM_GCC_484\Debug\chickybot.a(IsrBtn1Pressed.o)
                0x000031e0                IsrBtn1Pressed_SetPriority
 .text.IsrBtn1Pressed_Enable
                0x000031f0        0xc .\CortexM3\ARM_GCC_484\Debug\chickybot.a(IsrBtn1Pressed.o)
                0x000031f0                IsrBtn1Pressed_Enable
 .text.IsrBtn1Pressed_Disable
                0x000031fc        0xc .\CortexM3\ARM_GCC_484\Debug\chickybot.a(IsrBtn1Pressed.o)
                0x000031fc                IsrBtn1Pressed_Disable
 .text.IsrBtn1Pressed_StartEx
                0x00003208       0x1c .\CortexM3\ARM_GCC_484\Debug\chickybot.a(IsrBtn1Pressed.o)
                0x00003208                IsrBtn1Pressed_StartEx
 .text.CsBtns_PWM_Enable
                0x00003224       0x28 .\CortexM3\ARM_GCC_484\Debug\chickybot.a(CsBtns_PWM.o)
                0x00003224                CsBtns_PWM_Enable
 .text.CsBtns_PWM_WritePeriod
                0x0000324c        0xc .\CortexM3\ARM_GCC_484\Debug\chickybot.a(CsBtns_PWM.o)
                0x0000324c                CsBtns_PWM_WritePeriod
 .text.CsBtns_PWM_WriteCompare
                0x00003258        0xc .\CortexM3\ARM_GCC_484\Debug\chickybot.a(CsBtns_PWM.o)
                0x00003258                CsBtns_PWM_WriteCompare
 .text.CsBtns_PWM_SetInterruptMode
                0x00003264        0xc .\CortexM3\ARM_GCC_484\Debug\chickybot.a(CsBtns_PWM.o)
                0x00003264                CsBtns_PWM_SetInterruptMode
 .text.CsBtns_PWM_Init
                0x00003270       0x70 .\CortexM3\ARM_GCC_484\Debug\chickybot.a(CsBtns_PWM.o)
                0x00003270                CsBtns_PWM_Init
 .text.CsBtns_PWM_Start
                0x000032e0       0x1c .\CortexM3\ARM_GCC_484\Debug\chickybot.a(CsBtns_PWM.o)
                0x000032e0                CsBtns_PWM_Start
 .text.IsrUsTimer_SetVector
                0x000032fc        0xc .\CortexM3\ARM_GCC_484\Debug\chickybot.a(IsrUsTimer.o)
                0x000032fc                IsrUsTimer_SetVector
 .text.IsrUsTimer_SetPriority
                0x00003308       0x10 .\CortexM3\ARM_GCC_484\Debug\chickybot.a(IsrUsTimer.o)
                0x00003308                IsrUsTimer_SetPriority
 .text.IsrUsTimer_Enable
                0x00003318        0xc .\CortexM3\ARM_GCC_484\Debug\chickybot.a(IsrUsTimer.o)
                0x00003318                IsrUsTimer_Enable
 .text.IsrUsTimer_Disable
                0x00003324        0xc .\CortexM3\ARM_GCC_484\Debug\chickybot.a(IsrUsTimer.o)
                0x00003324                IsrUsTimer_Disable
 .text.IsrUsTimer_StartEx
                0x00003330       0x1c .\CortexM3\ARM_GCC_484\Debug\chickybot.a(IsrUsTimer.o)
                0x00003330                IsrUsTimer_StartEx
 .text.UsTimer_Enable
                0x0000334c       0x10 .\CortexM3\ARM_GCC_484\Debug\chickybot.a(UsTimer.o)
                0x0000334c                UsTimer_Enable
 .text.UsTimer_SetInterruptMode
                0x0000335c        0xc .\CortexM3\ARM_GCC_484\Debug\chickybot.a(UsTimer.o)
                0x0000335c                UsTimer_SetInterruptMode
 .text.UsTimer_ReadStatusRegister
                0x00003368        0xc .\CortexM3\ARM_GCC_484\Debug\chickybot.a(UsTimer.o)
                0x00003368                UsTimer_ReadStatusRegister
 .text.UsTimer_WritePeriod
                0x00003374        0xc .\CortexM3\ARM_GCC_484\Debug\chickybot.a(UsTimer.o)
                0x00003374                UsTimer_WritePeriod
 .text.UsTimer_ReadCapture
                0x00003380        0xc .\CortexM3\ARM_GCC_484\Debug\chickybot.a(UsTimer.o)
                0x00003380                UsTimer_ReadCapture
 .text.UsTimer_WriteCounter
                0x0000338c        0xc .\CortexM3\ARM_GCC_484\Debug\chickybot.a(UsTimer.o)
                0x0000338c                UsTimer_WriteCounter
 .text.UsTimer_EnableTrigger
                0x00003398       0x10 .\CortexM3\ARM_GCC_484\Debug\chickybot.a(UsTimer.o)
                0x00003398                UsTimer_EnableTrigger
 .text.UsTimer_DisableTrigger
                0x000033a8       0x10 .\CortexM3\ARM_GCC_484\Debug\chickybot.a(UsTimer.o)
                0x000033a8                UsTimer_DisableTrigger
 .text.UsTimer_SetInterruptCount
                0x000033b8       0x1c .\CortexM3\ARM_GCC_484\Debug\chickybot.a(UsTimer.o)
                0x000033b8                UsTimer_SetInterruptCount
 .text.UsTimer_ClearFIFO
                0x000033d4       0x14 .\CortexM3\ARM_GCC_484\Debug\chickybot.a(UsTimer.o)
                0x000033d4                UsTimer_ClearFIFO
 .text.UsTimer_Init
                0x000033e8       0x40 .\CortexM3\ARM_GCC_484\Debug\chickybot.a(UsTimer.o)
                0x000033e8                UsTimer_Init
 .text.UsTimer_Start
                0x00003428       0x1c .\CortexM3\ARM_GCC_484\Debug\chickybot.a(UsTimer.o)
                0x00003428                UsTimer_Start
 .text.UsPWM_Enable
                0x00003444       0x10 .\CortexM3\ARM_GCC_484\Debug\chickybot.a(UsPWM.o)
                0x00003444                UsPWM_Enable
 .text.UsPWM_WriteCounter
                0x00003454        0xc .\CortexM3\ARM_GCC_484\Debug\chickybot.a(UsPWM.o)
                0x00003454                UsPWM_WriteCounter
 .text.UsPWM_WritePeriod
                0x00003460        0xc .\CortexM3\ARM_GCC_484\Debug\chickybot.a(UsPWM.o)
                0x00003460                UsPWM_WritePeriod
 .text.UsPWM_WriteCompare
                0x0000346c        0xc .\CortexM3\ARM_GCC_484\Debug\chickybot.a(UsPWM.o)
                0x0000346c                UsPWM_WriteCompare
 .text.UsPWM_SetInterruptMode
                0x00003478        0xc .\CortexM3\ARM_GCC_484\Debug\chickybot.a(UsPWM.o)
                0x00003478                UsPWM_SetInterruptMode
 .text.UsPWM_ReadStatusRegister
                0x00003484        0xc .\CortexM3\ARM_GCC_484\Debug\chickybot.a(UsPWM.o)
                0x00003484                UsPWM_ReadStatusRegister
 .text.UsPWM_ReadCapture
                0x00003490        0xc .\CortexM3\ARM_GCC_484\Debug\chickybot.a(UsPWM.o)
                0x00003490                UsPWM_ReadCapture
 .text.UsPWM_ClearFIFO
                0x0000349c       0x14 .\CortexM3\ARM_GCC_484\Debug\chickybot.a(UsPWM.o)
                0x0000349c                UsPWM_ClearFIFO
 .text.UsPWM_Init
                0x000034b0       0x60 .\CortexM3\ARM_GCC_484\Debug\chickybot.a(UsPWM.o)
                0x000034b0                UsPWM_Init
 .text.UsPWM_Start
                0x00003510       0x1c .\CortexM3\ARM_GCC_484\Debug\chickybot.a(UsPWM.o)
                0x00003510                UsPWM_Start
 .text.ElbowPos_Write
                0x0000352c       0x18 .\CortexM3\ARM_GCC_484\Debug\chickybot.a(ElbowPos.o)
                0x0000352c                ElbowPos_Write
 .text.ElbowNeg_Write
                0x00003544       0x18 .\CortexM3\ARM_GCC_484\Debug\chickybot.a(ElbowNeg.o)
                0x00003544                ElbowNeg_Write
 .text.ADC_CalcGain
                0x0000355c       0x64 .\CortexM3\ARM_GCC_484\Debug\chickybot.a(ADC.o)
 .text.ADC_Enable
                0x000035c0       0x90 .\CortexM3\ARM_GCC_484\Debug\chickybot.a(ADC.o)
                0x000035c0                ADC_Enable
 .text.ADC_SetResolution
                0x00003650       0x38 .\CortexM3\ARM_GCC_484\Debug\chickybot.a(ADC.o)
                0x00003650                ADC_SetResolution
 .text.ADC_Init
                0x00003688       0x3c .\CortexM3\ARM_GCC_484\Debug\chickybot.a(ADC.o)
                0x00003688                ADC_Init
 .text.ADC_Start
                0x000036c4       0x1c .\CortexM3\ARM_GCC_484\Debug\chickybot.a(ADC.o)
                0x000036c4                ADC_Start
 .text.ADC_StartConvert
                0x000036e0       0x10 .\CortexM3\ARM_GCC_484\Debug\chickybot.a(ADC.o)
                0x000036e0                ADC_StartConvert
 .text.ADC_IsEndConversion
                0x000036f0       0x24 .\CortexM3\ARM_GCC_484\Debug\chickybot.a(ADC.o)
                0x000036f0                ADC_IsEndConversion
 .text.ADC_GetResult16
                0x00003714       0x18 .\CortexM3\ARM_GCC_484\Debug\chickybot.a(ADC.o)
                0x00003714                ADC_GetResult16
 .text.ADC_CountsTo_mVolts
                0x0000372c       0x54 .\CortexM3\ARM_GCC_484\Debug\chickybot.a(ADC.o)
                0x0000372c                ADC_CountsTo_mVolts
 .text.ADC_ISR  0x00003780        0x4 .\CortexM3\ARM_GCC_484\Debug\chickybot.a(ADC_INT.o)
                0x00003780                ADC_ISR
 .text.AMux_Start
                0x00003784       0x20 .\CortexM3\ARM_GCC_484\Debug\chickybot.a(AMux.o)
                0x00003784                AMux_Start
 .text.AMux_FastSelect
                0x000037a4       0x20 .\CortexM3\ARM_GCC_484\Debug\chickybot.a(AMux.o)
                0x000037a4                AMux_FastSelect
 .text.ADC_theACLK_SetModeRegister
                0x000037c4       0x14 .\CortexM3\ARM_GCC_484\Debug\chickybot.a(ADC_theACLK.o)
                0x000037c4                ADC_theACLK_SetModeRegister
 .text.__libc_init_array
                0x000037d8       0x4c c:/program files (x86)/cypress/psoc creator/3.2/psoc creator/import/gnu/arm/4.8.4/bin/../lib/gcc/arm-none-eabi/4.8.4/../../../../arm-none-eabi/lib/armv7-m\libg_s.a(lib_a-init.o)
                0x000037d8                __libc_init_array
 .text.memcpy   0x00003824       0x12 c:/program files (x86)/cypress/psoc creator/3.2/psoc creator/import/gnu/arm/4.8.4/bin/../lib/gcc/arm-none-eabi/4.8.4/../../../../arm-none-eabi/lib/armv7-m\libg_s.a(lib_a-memcpy-stub.o)
                0x00003824                memcpy
 .text.memset   0x00003836       0x10 c:/program files (x86)/cypress/psoc creator/3.2/psoc creator/import/gnu/arm/4.8.4/bin/../lib/gcc/arm-none-eabi/4.8.4/../../../../arm-none-eabi/lib/armv7-m\libg_s.a(lib_a-memset.o)
                0x00003836                memset
 *(.plt)
 *(.gnu.warning)
 *(.glue_7t)
 .glue_7t       0x00000000        0x0 linker stubs
 *(.glue_7)
 .glue_7        0x00000000        0x0 linker stubs
 *(.vfp11_veneer)
 .vfp11_veneer  0x00000000        0x0 linker stubs
 *(.bootloader)
 *(.ARM.extab* .gnu.linkonce.armextab.*)
 *(.gcc_except_table)

.v4_bx          0x00003848        0x0
 .v4_bx         0x00000000        0x0 linker stubs

.iplt           0x00003848        0x0
 .iplt          0x00000000        0x0 c:/program files (x86)/cypress/psoc creator/3.2/psoc creator/import/gnu/arm/4.8.4/bin/../lib/gcc/arm-none-eabi/4.8.4/armv7-m/crtbegin.o

.eh_frame_hdr
 *(.eh_frame_hdr)

.eh_frame       0x00003848        0x4
 *(.eh_frame)
 .eh_frame      0x00003848        0x0 c:/program files (x86)/cypress/psoc creator/3.2/psoc creator/import/gnu/arm/4.8.4/bin/../lib/gcc/arm-none-eabi/4.8.4/armv7-m/crtbegin.o
 .eh_frame      0x00003848        0x4 c:/program files (x86)/cypress/psoc creator/3.2/psoc creator/import/gnu/arm/4.8.4/bin/../lib/gcc/arm-none-eabi/4.8.4/armv7-m/crtend.o
                0x0000384c                PROVIDE (__exidx_start, .)

.ARM.exidx
 *(.ARM.exidx* .gnu.linkonce.armexidx.*)
                0x0000384c                __exidx_end = .

.rodata         0x0000384c      0x5f4
 *(.rodata .rodata.* .gnu.linkonce.r.*)
 .rodata.str1.4
                0x0000384c       0x17 .\CortexM3\ARM_GCC_484\Debug\main.o
                                 0x18 (size before relaxing)
 *fill*         0x00003863        0x1 
 .rodata.str1.4
                0x00003864        0x4 .\CortexM3\ARM_GCC_484\Debug\motion.o
 .rodata        0x00003868      0x5a4 .\CortexM3\ARM_GCC_484\Debug\chickybot.a(cyfitter_cfg.o)
                0x00003868                AMux__addrTable
                0x00003874                AMux__maskTable
                0x00003e0c                . = ALIGN (0x4)
 *(.init)
 .init          0x00003e0c        0x4 c:/program files (x86)/cypress/psoc creator/3.2/psoc creator/import/gnu/arm/4.8.4/bin/../lib/gcc/arm-none-eabi/4.8.4/armv7-m/crti.o
                0x00003e0c                _init
 .init          0x00003e10        0x8 c:/program files (x86)/cypress/psoc creator/3.2/psoc creator/import/gnu/arm/4.8.4/bin/../lib/gcc/arm-none-eabi/4.8.4/armv7-m/crtn.o
                0x00003e18                . = ALIGN (0x4)
                0x00003e18                __preinit_array_start = .
 *(.preinit_array)
                0x00003e18                __preinit_array_end = .
                0x00003e18                . = ALIGN (0x4)
                0x00003e18                __init_array_start = .
 *(SORT(.init_array.*))
 *(.init_array)
 .init_array    0x00003e18        0x4 c:/program files (x86)/cypress/psoc creator/3.2/psoc creator/import/gnu/arm/4.8.4/bin/../lib/gcc/arm-none-eabi/4.8.4/armv7-m/crtbegin.o
 .init_array    0x00003e1c        0x4 .\CortexM3\ARM_GCC_484\Debug\Cm3Start.o
                0x00003e20                __init_array_end = .
                0x00003e20                . = ALIGN (0x4)
 *(.fini)
 .fini          0x00003e20        0x4 c:/program files (x86)/cypress/psoc creator/3.2/psoc creator/import/gnu/arm/4.8.4/bin/../lib/gcc/arm-none-eabi/4.8.4/armv7-m/crti.o
                0x00003e20                _fini
 .fini          0x00003e24        0x8 c:/program files (x86)/cypress/psoc creator/3.2/psoc creator/import/gnu/arm/4.8.4/bin/../lib/gcc/arm-none-eabi/4.8.4/armv7-m/crtn.o
                0x00003e2c                . = ALIGN (0x4)
                0x00003e2c                __fini_array_start = .
 *(.fini_array)
 .fini_array    0x00003e2c        0x4 c:/program files (x86)/cypress/psoc creator/3.2/psoc creator/import/gnu/arm/4.8.4/bin/../lib/gcc/arm-none-eabi/4.8.4/armv7-m/crtbegin.o
 *(SORT(.fini_array.*))
                0x00003e30                __fini_array_end = .
                0x00003e30                . = ALIGN (0x4)
 *crtbegin.o(.ctors)
 *(EXCLUDE_FILE(*crtend.o) .ctors)
 *(SORT(.ctors.*))
 *crtend.o(.ctors)
                0x00003e30                . = ALIGN (0x4)
 *crtbegin.o(.dtors)
 *(EXCLUDE_FILE(*crtend.o) .dtors)
 *(SORT(.dtors.*))
 *crtend.o(.dtors)
                0x00003e30                . = ALIGN (0x4)
                0x00003e30                __cy_regions = .
                0x00003e30        0x4 LONG 0x3e40 __cy_region_init_ram
                0x00003e34        0x4 LONG 0x1fff8108 __cy_region_start_data
                0x00003e38        0x4 LONG 0x20 __cy_region_init_size_ram
                0x00003e3c        0x4 LONG 0x38 __cy_region_zero_size_ram
                0x00003e40                __cy_regions_end = .
                0x00003e40                . = ALIGN (0x8)
                0x00003e40                _etext = .

.ramvectors     0x1fff8000      0x100
                0x1fff8000                __cy_region_start_ram = .
 *(.ramvectors)
 .ramvectors    0x1fff8000      0x100 .\CortexM3\ARM_GCC_484\Debug\Cm3Start.o
                0x1fff8000                CyRamVectors

.noinit         0x1fff8100        0x5
 *(.noinit)
 .noinit        0x1fff8100        0x4 .\CortexM3\ARM_GCC_484\Debug\Cm3Start.o
 .noinit        0x1fff8104        0x1 .\CortexM3\ARM_GCC_484\Debug\chickybot.a(CyLib.o)
                0x1fff8104                CyResetStatus

.data           0x1fff8108       0x20 load address 0x00003e40
                0x1fff8108                __cy_region_start_data = .
 *(.jcr)
 .jcr           0x1fff8108        0x0 c:/program files (x86)/cypress/psoc creator/3.2/psoc creator/import/gnu/arm/4.8.4/bin/../lib/gcc/arm-none-eabi/4.8.4/armv7-m/crtbegin.o
 .jcr           0x1fff8108        0x4 c:/program files (x86)/cypress/psoc creator/3.2/psoc creator/import/gnu/arm/4.8.4/bin/../lib/gcc/arm-none-eabi/4.8.4/armv7-m/crtend.o
 *(.got.plt)
 *(.got)
 *(.shdata)
 *(.data .data.* .gnu.linkonce.d.*)
 .data          0x1fff810c        0x8 .\CortexM3\ARM_GCC_484\Debug\chickybot.a(CyDmac.o)
 .data          0x1fff8114       0x10 .\CortexM3\ARM_GCC_484\Debug\chickybot.a(CyLib.o)
                0x1fff8114                cydelay_32k_ms
                0x1fff8118                cydelay_freq_khz
                0x1fff811c                cydelay_freq_mhz
                0x1fff8120                cydelay_freq_hz
 .data          0x1fff8124        0x1 .\CortexM3\ARM_GCC_484\Debug\chickybot.a(AMux.o)
                0x1fff8128                . = ALIGN (0x8)
 *fill*         0x1fff8125        0x3 
 *(.ram)
                0x1fff8128                _edata = .

.igot.plt       0x1fff8128        0x0 load address 0x00003e60
 .igot.plt      0x00000000        0x0 c:/program files (x86)/cypress/psoc creator/3.2/psoc creator/import/gnu/arm/4.8.4/bin/../lib/gcc/arm-none-eabi/4.8.4/armv7-m/crtbegin.o

.bss            0x1fff8128       0x38 load address 0x00003e60
                0x1fff8128                PROVIDE (__bss_start__, .)
 *(.shbss)
 *(.bss .bss.* .gnu.linkonce.b.*)
 .bss           0x1fff8128       0x1c c:/program files (x86)/cypress/psoc creator/3.2/psoc creator/import/gnu/arm/4.8.4/bin/../lib/gcc/arm-none-eabi/4.8.4/armv7-m/crtbegin.o
 .bss           0x1fff8144        0x2 .\CortexM3\ARM_GCC_484\Debug\chickybot.a(Lcd.o)
                0x1fff8144                Lcd_enableState
                0x1fff8145                Lcd_initVar
 .bss           0x1fff8146        0x1 .\CortexM3\ARM_GCC_484\Debug\chickybot.a(CsBtns_PWM.o)
                0x1fff8146                CsBtns_PWM_initVar
 .bss           0x1fff8147        0x1 .\CortexM3\ARM_GCC_484\Debug\chickybot.a(UsTimer.o)
                0x1fff8147                UsTimer_initVar
 .bss           0x1fff8148        0x1 .\CortexM3\ARM_GCC_484\Debug\chickybot.a(UsPWM.o)
                0x1fff8148                UsPWM_initVar
 .bss           0x1fff8149        0x1 .\CortexM3\ARM_GCC_484\Debug\chickybot.a(ADC.o)
                0x1fff8149                ADC_initVar
 *(COMMON)
 *fill*         0x1fff814a        0x2 
 COMMON         0x1fff814c        0x8 .\CortexM3\ARM_GCC_484\Debug\sensors.o
                0x1fff814c                rc
                0x1fff8150                dist
 COMMON         0x1fff8154        0xa .\CortexM3\ARM_GCC_484\Debug\chickybot.a(ADC.o)
                0x1fff8154                ADC_countsPer10Volt
                0x1fff8158                ADC_shift
                0x1fff815a                ADC_countsPerVolt
                0x1fff815c                ADC_offset
                0x1fff8160                . = ALIGN (0x8)
 *fill*         0x1fff815e        0x2 
 *(.ram.b)
                0x1fff8160                _end = .
                0x1fff8160                __end = .
                0x1fff8160                PROVIDE (end, .)
                0x1fff8160                PROVIDE (__bss_end__, .)
                0x00003e40                __cy_region_init_ram = LOADADDR (.data)
                0x00000020                __cy_region_init_size_ram = (_edata - ADDR (.data))
                0x00000038                __cy_region_zero_size_ram = (_end - _edata)

.heap           0x1fff8160       0x80 load address 0x00003e60
                0x1fff8160                . = _end
                0x1fff81e0                . = (. + 0x80)
 *fill*         0x1fff8160       0x80 
                0x1fff81e0                __cy_heap_limit = .

.stack          0x20007800      0x800
                0x20007800                __cy_stack_limit = .
                0x20008000                . = (. + 0x800)
 *fill*         0x20007800      0x800 
                0x00000001                ASSERT ((__cy_stack_limit >= __cy_heap_limit), region RAM overflowed with stack)

.cyloadermeta   0xf0000000       0x40
 *(.cyloadermeta)
 .cyloadermeta  0xf0000000       0x40 .\CortexM3\ARM_GCC_484\Debug\cybootloader.o
                0xf0000000                cy_meta_loader

.cyloadablemeta
                0x0003ffc0       0x40
 *(.cyloadablemeta)
 .cyloadablemeta
                0x0003ffc0       0x40 .\CortexM3\ARM_GCC_484\Debug\cymetadata.o
                0x0003ffc0                cy_meta_loadable

.cyconfigecc
 *(.cyconfigecc)

.cycustnvl      0x90000000        0x4
 *(.cycustnvl)
 .cycustnvl     0x90000000        0x4 .\CortexM3\ARM_GCC_484\Debug\cybootloader.o
                0x90000000                cy_meta_custnvl

.cywolatch      0x90100000        0x4
 *(.cywolatch)
 .cywolatch     0x90100000        0x4 .\CortexM3\ARM_GCC_484\Debug\cybootloader.o
                0x90100000                cy_meta_wonvl

.cyeeprom       0x90200000        0x0
 *(.cyeeprom)
                0x00000001                ASSERT ((. <= ((0x90200000 + ee_offset) + ee_size)), .cyeeprom data will not fit in EEPROM)

.cyflashprotect
                0x90400000      0x100
 *(.cyflashprotect)
 .cyflashprotect
                0x90400000      0x100 .\CortexM3\ARM_GCC_484\Debug\cybootloader.o
                0x90400000                cy_meta_flashprotect

.cymeta         0x90500000        0xc
 *(.cymeta)
 .cymeta        0x90500000        0xc .\CortexM3\ARM_GCC_484\Debug\cybootloader.o
                0x90500000                cy_metadata

.rel.dyn        0x00040000        0x0 load address 0x9050000c
 .rel.iplt      0x00000000        0x0 c:/program files (x86)/cypress/psoc creator/3.2/psoc creator/import/gnu/arm/4.8.4/bin/../lib/gcc/arm-none-eabi/4.8.4/armv7-m/crtbegin.o

.stab
 *(.stab)

.stabstr
 *(.stabstr)

.debug
 *(.debug)

.line
 *(.line)

.debug_srcinfo
 *(.debug_srcinfo)

.debug_sfnames
 *(.debug_sfnames)

.debug_aranges  0x00000000      0xfb0
 *(.debug_aranges)
 .debug_aranges
                0x00000000       0x40 .\CortexM3\ARM_GCC_484\Debug\main.o
 .debug_aranges
                0x00000040       0x30 .\CortexM3\ARM_GCC_484\Debug\cv.o
 .debug_aranges
                0x00000070       0x38 .\CortexM3\ARM_GCC_484\Debug\sensors.o
 .debug_aranges
                0x000000a8       0x68 .\CortexM3\ARM_GCC_484\Debug\motion.o
 .debug_aranges
                0x00000110       0x18 .\CortexM3\ARM_GCC_484\Debug\cymetadata.o
 .debug_aranges
                0x00000128       0x48 .\CortexM3\ARM_GCC_484\Debug\Cm3Start.o
 .debug_aranges
                0x00000170       0x18 .\CortexM3\ARM_GCC_484\Debug\cybootloader.o
 .debug_aranges
                0x00000188       0x70 .\CortexM3\ARM_GCC_484\Debug\chickybot.a(cyfitter_cfg.o)
 .debug_aranges
                0x000001f8       0x20 .\CortexM3\ARM_GCC_484\Debug\chickybot.a(CyBootAsmGnu.o)
 .debug_aranges
                0x00000218       0xd8 .\CortexM3\ARM_GCC_484\Debug\chickybot.a(CyDmac.o)
 .debug_aranges
                0x000002f0      0x298 .\CortexM3\ARM_GCC_484\Debug\chickybot.a(CyLib.o)
 .debug_aranges
                0x00000588       0x98 .\CortexM3\ARM_GCC_484\Debug\chickybot.a(cyPm.o)
 .debug_aranges
                0x00000620       0x38 .\CortexM3\ARM_GCC_484\Debug\chickybot.a(LedGreen.o)
 .debug_aranges
                0x00000658       0x38 .\CortexM3\ARM_GCC_484\Debug\chickybot.a(LedBlue.o)
 .debug_aranges
                0x00000690       0x38 .\CortexM3\ARM_GCC_484\Debug\chickybot.a(LedYellow.o)
 .debug_aranges
                0x000006c8       0x90 .\CortexM3\ARM_GCC_484\Debug\chickybot.a(Lcd.o)
 .debug_aranges
                0x00000758       0x80 .\CortexM3\ARM_GCC_484\Debug\chickybot.a(IsrBtn0Pressed.o)
 .debug_aranges
                0x000007d8       0x80 .\CortexM3\ARM_GCC_484\Debug\chickybot.a(IsrBtn1Pressed.o)
 .debug_aranges
                0x00000858       0x78 .\CortexM3\ARM_GCC_484\Debug\chickybot.a(CsBtns_PWM.o)
 .debug_aranges
                0x000008d0       0x58 .\CortexM3\ARM_GCC_484\Debug\chickybot.a(Camera.o)
 .debug_aranges
                0x00000928       0x28 .\CortexM3\ARM_GCC_484\Debug\chickybot.a(Camera_DMA_dma.o)
 .debug_aranges
                0x00000950       0x38 .\CortexM3\ARM_GCC_484\Debug\chickybot.a(Camera_VSYNC.o)
 .debug_aranges
                0x00000988       0x38 .\CortexM3\ARM_GCC_484\Debug\chickybot.a(Camera_SIOD.o)
 .debug_aranges
                0x000009c0       0x38 .\CortexM3\ARM_GCC_484\Debug\chickybot.a(Camera_SIOC.o)
 .debug_aranges
                0x000009f8       0x38 .\CortexM3\ARM_GCC_484\Debug\chickybot.a(Camera_I2C.o)
 .debug_aranges
                0x00000a30       0x20 .\CortexM3\ARM_GCC_484\Debug\chickybot.a(Camera_I2C_INT.o)
 .debug_aranges
                0x00000a50       0x38 .\CortexM3\ARM_GCC_484\Debug\chickybot.a(Camera_I2C_PM.o)
 .debug_aranges
                0x00000a88       0x80 .\CortexM3\ARM_GCC_484\Debug\chickybot.a(Camera_I2C_MASTER.o)
 .debug_aranges
                0x00000b08       0x80 .\CortexM3\ARM_GCC_484\Debug\chickybot.a(IsrUsTimer.o)
 .debug_aranges
                0x00000b88       0xa8 .\CortexM3\ARM_GCC_484\Debug\chickybot.a(UsTimer.o)
 .debug_aranges
                0x00000c30       0x98 .\CortexM3\ARM_GCC_484\Debug\chickybot.a(UsPWM.o)
 .debug_aranges
                0x00000cc8       0x38 .\CortexM3\ARM_GCC_484\Debug\chickybot.a(ElbowPos.o)
 .debug_aranges
                0x00000d00       0x38 .\CortexM3\ARM_GCC_484\Debug\chickybot.a(ElbowNeg.o)
 .debug_aranges
                0x00000d38       0xa8 .\CortexM3\ARM_GCC_484\Debug\chickybot.a(ADC.o)
 .debug_aranges
                0x00000de0       0x20 .\CortexM3\ARM_GCC_484\Debug\chickybot.a(ADC_INT.o)
 .debug_aranges
                0x00000e00       0x30 .\CortexM3\ARM_GCC_484\Debug\chickybot.a(AMux.o)
 .debug_aranges
                0x00000e30       0x70 .\CortexM3\ARM_GCC_484\Debug\chickybot.a(ADC_theACLK.o)
 .debug_aranges
                0x00000ea0       0x80 .\CortexM3\ARM_GCC_484\Debug\chickybot.a(CyFlash.o)
 .debug_aranges
                0x00000f20       0x78 .\CortexM3\ARM_GCC_484\Debug\chickybot.a(CySpc.o)
 .debug_aranges
                0x00000f98       0x18 .\CortexM3\ARM_GCC_484\Debug\chickybot.a(Camera_settings.o)

.debug_pubnames
 *(.debug_pubnames)

.debug_info     0x00000000     0x9482
 *(.debug_info .gnu.linkonce.wi.*)
 .debug_info    0x00000000      0x5de .\CortexM3\ARM_GCC_484\Debug\main.o
 .debug_info    0x000005de      0x31c .\CortexM3\ARM_GCC_484\Debug\cv.o
 .debug_info    0x000008fa      0x616 .\CortexM3\ARM_GCC_484\Debug\sensors.o
 .debug_info    0x00000f10      0x5ea .\CortexM3\ARM_GCC_484\Debug\motion.o
 .debug_info    0x000014fa       0xb1 .\CortexM3\ARM_GCC_484\Debug\cymetadata.o
 .debug_info    0x000015ab      0x3af .\CortexM3\ARM_GCC_484\Debug\Cm3Start.o
 .debug_info    0x0000195a      0x164 .\CortexM3\ARM_GCC_484\Debug\cybootloader.o
 .debug_info    0x00001abe      0x80c .\CortexM3\ARM_GCC_484\Debug\chickybot.a(cyfitter_cfg.o)
 .debug_info    0x000022ca       0xd0 .\CortexM3\ARM_GCC_484\Debug\chickybot.a(CyBootAsmGnu.o)
 .debug_info    0x0000239a      0x93f .\CortexM3\ARM_GCC_484\Debug\chickybot.a(CyDmac.o)
 .debug_info    0x00002cd9     0x1373 .\CortexM3\ARM_GCC_484\Debug\chickybot.a(CyLib.o)
 .debug_info    0x0000404c      0xa56 .\CortexM3\ARM_GCC_484\Debug\chickybot.a(cyPm.o)
 .debug_info    0x00004aa2      0x120 .\CortexM3\ARM_GCC_484\Debug\chickybot.a(LedGreen.o)
 .debug_info    0x00004bc2      0x120 .\CortexM3\ARM_GCC_484\Debug\chickybot.a(LedBlue.o)
 .debug_info    0x00004ce2      0x120 .\CortexM3\ARM_GCC_484\Debug\chickybot.a(LedYellow.o)
 .debug_info    0x00004e02      0x69e .\CortexM3\ARM_GCC_484\Debug\chickybot.a(Lcd.o)
 .debug_info    0x000054a0      0x2c7 .\CortexM3\ARM_GCC_484\Debug\chickybot.a(IsrBtn0Pressed.o)
 .debug_info    0x00005767      0x2c7 .\CortexM3\ARM_GCC_484\Debug\chickybot.a(IsrBtn1Pressed.o)
 .debug_info    0x00005a2e      0x275 .\CortexM3\ARM_GCC_484\Debug\chickybot.a(CsBtns_PWM.o)
 .debug_info    0x00005ca3      0x687 .\CortexM3\ARM_GCC_484\Debug\chickybot.a(Camera.o)
 .debug_info    0x0000632a      0x1fb .\CortexM3\ARM_GCC_484\Debug\chickybot.a(Camera_DMA_dma.o)
 .debug_info    0x00006525      0x120 .\CortexM3\ARM_GCC_484\Debug\chickybot.a(Camera_VSYNC.o)
 .debug_info    0x00006645      0x120 .\CortexM3\ARM_GCC_484\Debug\chickybot.a(Camera_SIOD.o)
 .debug_info    0x00006765      0x120 .\CortexM3\ARM_GCC_484\Debug\chickybot.a(Camera_SIOC.o)
 .debug_info    0x00006885      0x2d6 .\CortexM3\ARM_GCC_484\Debug\chickybot.a(Camera_I2C.o)
 .debug_info    0x00006b5b      0x17d .\CortexM3\ARM_GCC_484\Debug\chickybot.a(Camera_I2C_INT.o)
 .debug_info    0x00006cd8      0x1fb .\CortexM3\ARM_GCC_484\Debug\chickybot.a(Camera_I2C_PM.o)
 .debug_info    0x00006ed3      0x3fe .\CortexM3\ARM_GCC_484\Debug\chickybot.a(Camera_I2C_MASTER.o)
 .debug_info    0x000072d1      0x2c7 .\CortexM3\ARM_GCC_484\Debug\chickybot.a(IsrUsTimer.o)
 .debug_info    0x00007598      0x350 .\CortexM3\ARM_GCC_484\Debug\chickybot.a(UsTimer.o)
 .debug_info    0x000078e8      0x34a .\CortexM3\ARM_GCC_484\Debug\chickybot.a(UsPWM.o)
 .debug_info    0x00007c32      0x120 .\CortexM3\ARM_GCC_484\Debug\chickybot.a(ElbowPos.o)
 .debug_info    0x00007d52      0x120 .\CortexM3\ARM_GCC_484\Debug\chickybot.a(ElbowNeg.o)
 .debug_info    0x00007e72      0x5f4 .\CortexM3\ARM_GCC_484\Debug\chickybot.a(ADC.o)
 .debug_info    0x00008466       0x92 .\CortexM3\ARM_GCC_484\Debug\chickybot.a(ADC_INT.o)
 .debug_info    0x000084f8      0x14d .\CortexM3\ARM_GCC_484\Debug\chickybot.a(AMux.o)
 .debug_info    0x00008645      0x283 .\CortexM3\ARM_GCC_484\Debug\chickybot.a(ADC_theACLK.o)
 .debug_info    0x000088c8      0x5e4 .\CortexM3\ARM_GCC_484\Debug\chickybot.a(CyFlash.o)
 .debug_info    0x00008eac      0x4da .\CortexM3\ARM_GCC_484\Debug\chickybot.a(CySpc.o)
 .debug_info    0x00009386       0xfc .\CortexM3\ARM_GCC_484\Debug\chickybot.a(Camera_settings.o)

.debug_abbrev   0x00000000     0x2f46
 *(.debug_abbrev)
 .debug_abbrev  0x00000000      0x19c .\CortexM3\ARM_GCC_484\Debug\main.o
 .debug_abbrev  0x0000019c      0x15b .\CortexM3\ARM_GCC_484\Debug\cv.o
 .debug_abbrev  0x000002f7      0x154 .\CortexM3\ARM_GCC_484\Debug\sensors.o
 .debug_abbrev  0x0000044b      0x168 .\CortexM3\ARM_GCC_484\Debug\motion.o
 .debug_abbrev  0x000005b3       0x5d .\CortexM3\ARM_GCC_484\Debug\cymetadata.o
 .debug_abbrev  0x00000610      0x20d .\CortexM3\ARM_GCC_484\Debug\Cm3Start.o
 .debug_abbrev  0x0000081d       0x77 .\CortexM3\ARM_GCC_484\Debug\cybootloader.o
 .debug_abbrev  0x00000894      0x231 .\CortexM3\ARM_GCC_484\Debug\chickybot.a(cyfitter_cfg.o)
 .debug_abbrev  0x00000ac5       0x14 .\CortexM3\ARM_GCC_484\Debug\chickybot.a(CyBootAsmGnu.o)
 .debug_abbrev  0x00000ad9      0x1cc .\CortexM3\ARM_GCC_484\Debug\chickybot.a(CyDmac.o)
 .debug_abbrev  0x00000ca5      0x296 .\CortexM3\ARM_GCC_484\Debug\chickybot.a(CyLib.o)
 .debug_abbrev  0x00000f3b      0x1fa .\CortexM3\ARM_GCC_484\Debug\chickybot.a(cyPm.o)
 .debug_abbrev  0x00001135       0x9d .\CortexM3\ARM_GCC_484\Debug\chickybot.a(LedGreen.o)
 .debug_abbrev  0x000011d2       0x9d .\CortexM3\ARM_GCC_484\Debug\chickybot.a(LedBlue.o)
 .debug_abbrev  0x0000126f       0x9d .\CortexM3\ARM_GCC_484\Debug\chickybot.a(LedYellow.o)
 .debug_abbrev  0x0000130c      0x17e .\CortexM3\ARM_GCC_484\Debug\chickybot.a(Lcd.o)
 .debug_abbrev  0x0000148a      0x157 .\CortexM3\ARM_GCC_484\Debug\chickybot.a(IsrBtn0Pressed.o)
 .debug_abbrev  0x000015e1      0x157 .\CortexM3\ARM_GCC_484\Debug\chickybot.a(IsrBtn1Pressed.o)
 .debug_abbrev  0x00001738      0x13a .\CortexM3\ARM_GCC_484\Debug\chickybot.a(CsBtns_PWM.o)
 .debug_abbrev  0x00001872      0x1f2 .\CortexM3\ARM_GCC_484\Debug\chickybot.a(Camera.o)
 .debug_abbrev  0x00001a64       0xf8 .\CortexM3\ARM_GCC_484\Debug\chickybot.a(Camera_DMA_dma.o)
 .debug_abbrev  0x00001b5c       0x9d .\CortexM3\ARM_GCC_484\Debug\chickybot.a(Camera_VSYNC.o)
 .debug_abbrev  0x00001bf9       0x9d .\CortexM3\ARM_GCC_484\Debug\chickybot.a(Camera_SIOD.o)
 .debug_abbrev  0x00001c96       0x9d .\CortexM3\ARM_GCC_484\Debug\chickybot.a(Camera_SIOC.o)
 .debug_abbrev  0x00001d33      0x15c .\CortexM3\ARM_GCC_484\Debug\chickybot.a(Camera_I2C.o)
 .debug_abbrev  0x00001e8f       0xca .\CortexM3\ARM_GCC_484\Debug\chickybot.a(Camera_I2C_INT.o)
 .debug_abbrev  0x00001f59      0x12b .\CortexM3\ARM_GCC_484\Debug\chickybot.a(Camera_I2C_PM.o)
 .debug_abbrev  0x00002084      0x149 .\CortexM3\ARM_GCC_484\Debug\chickybot.a(Camera_I2C_MASTER.o)
 .debug_abbrev  0x000021cd      0x157 .\CortexM3\ARM_GCC_484\Debug\chickybot.a(IsrUsTimer.o)
 .debug_abbrev  0x00002324      0x161 .\CortexM3\ARM_GCC_484\Debug\chickybot.a(UsTimer.o)
 .debug_abbrev  0x00002485      0x15a .\CortexM3\ARM_GCC_484\Debug\chickybot.a(UsPWM.o)
 .debug_abbrev  0x000025df       0x9d .\CortexM3\ARM_GCC_484\Debug\chickybot.a(ElbowPos.o)
 .debug_abbrev  0x0000267c       0x9d .\CortexM3\ARM_GCC_484\Debug\chickybot.a(ElbowNeg.o)
 .debug_abbrev  0x00002719      0x1f8 .\CortexM3\ARM_GCC_484\Debug\chickybot.a(ADC.o)
 .debug_abbrev  0x00002911       0x42 .\CortexM3\ARM_GCC_484\Debug\chickybot.a(ADC_INT.o)
 .debug_abbrev  0x00002953       0xcb .\CortexM3\ARM_GCC_484\Debug\chickybot.a(AMux.o)
 .debug_abbrev  0x00002a1e      0x137 .\CortexM3\ARM_GCC_484\Debug\chickybot.a(ADC_theACLK.o)
 .debug_abbrev  0x00002b55      0x1de .\CortexM3\ARM_GCC_484\Debug\chickybot.a(CyFlash.o)
 .debug_abbrev  0x00002d33      0x1ce .\CortexM3\ARM_GCC_484\Debug\chickybot.a(CySpc.o)
 .debug_abbrev  0x00002f01       0x45 .\CortexM3\ARM_GCC_484\Debug\chickybot.a(Camera_settings.o)

.debug_line     0x00000000     0x3f47
 *(.debug_line)
 .debug_line    0x00000000      0x30a .\CortexM3\ARM_GCC_484\Debug\main.o
 .debug_line    0x0000030a      0x376 .\CortexM3\ARM_GCC_484\Debug\cv.o
 .debug_line    0x00000680      0x205 .\CortexM3\ARM_GCC_484\Debug\sensors.o
 .debug_line    0x00000885      0x26a .\CortexM3\ARM_GCC_484\Debug\motion.o
 .debug_line    0x00000aef       0x53 .\CortexM3\ARM_GCC_484\Debug\cymetadata.o
 .debug_line    0x00000b42      0x242 .\CortexM3\ARM_GCC_484\Debug\Cm3Start.o
 .debug_line    0x00000d84       0x55 .\CortexM3\ARM_GCC_484\Debug\cybootloader.o
 .debug_line    0x00000dd9      0x232 .\CortexM3\ARM_GCC_484\Debug\chickybot.a(cyfitter_cfg.o)
 .debug_line    0x0000100b       0x68 .\CortexM3\ARM_GCC_484\Debug\chickybot.a(CyBootAsmGnu.o)
 .debug_line    0x00001073      0x2de .\CortexM3\ARM_GCC_484\Debug\chickybot.a(CyDmac.o)
 .debug_line    0x00001351      0x818 .\CortexM3\ARM_GCC_484\Debug\chickybot.a(CyLib.o)
 .debug_line    0x00001b69      0x366 .\CortexM3\ARM_GCC_484\Debug\chickybot.a(cyPm.o)
 .debug_line    0x00001ecf       0x97 .\CortexM3\ARM_GCC_484\Debug\chickybot.a(LedGreen.o)
 .debug_line    0x00001f66       0x96 .\CortexM3\ARM_GCC_484\Debug\chickybot.a(LedBlue.o)
 .debug_line    0x00001ffc       0x98 .\CortexM3\ARM_GCC_484\Debug\chickybot.a(LedYellow.o)
 .debug_line    0x00002094      0x1a4 .\CortexM3\ARM_GCC_484\Debug\chickybot.a(Lcd.o)
 .debug_line    0x00002238      0x154 .\CortexM3\ARM_GCC_484\Debug\chickybot.a(IsrBtn0Pressed.o)
 .debug_line    0x0000238c      0x154 .\CortexM3\ARM_GCC_484\Debug\chickybot.a(IsrBtn1Pressed.o)
 .debug_line    0x000024e0      0x13a .\CortexM3\ARM_GCC_484\Debug\chickybot.a(CsBtns_PWM.o)
 .debug_line    0x0000261a      0x2d0 .\CortexM3\ARM_GCC_484\Debug\chickybot.a(Camera.o)
 .debug_line    0x000028ea       0xa0 .\CortexM3\ARM_GCC_484\Debug\chickybot.a(Camera_DMA_dma.o)
 .debug_line    0x0000298a       0x9b .\CortexM3\ARM_GCC_484\Debug\chickybot.a(Camera_VSYNC.o)
 .debug_line    0x00002a25       0x9a .\CortexM3\ARM_GCC_484\Debug\chickybot.a(Camera_SIOD.o)
 .debug_line    0x00002abf       0x9a .\CortexM3\ARM_GCC_484\Debug\chickybot.a(Camera_SIOC.o)
 .debug_line    0x00002b59       0xf0 .\CortexM3\ARM_GCC_484\Debug\chickybot.a(Camera_I2C.o)
 .debug_line    0x00002c49      0x124 .\CortexM3\ARM_GCC_484\Debug\chickybot.a(Camera_I2C_INT.o)
 .debug_line    0x00002d6d       0xcb .\CortexM3\ARM_GCC_484\Debug\chickybot.a(Camera_I2C_PM.o)
 .debug_line    0x00002e38      0x217 .\CortexM3\ARM_GCC_484\Debug\chickybot.a(Camera_I2C_MASTER.o)
 .debug_line    0x0000304f      0x150 .\CortexM3\ARM_GCC_484\Debug\chickybot.a(IsrUsTimer.o)
 .debug_line    0x0000319f      0x1ad .\CortexM3\ARM_GCC_484\Debug\chickybot.a(UsTimer.o)
 .debug_line    0x0000334c      0x18e .\CortexM3\ARM_GCC_484\Debug\chickybot.a(UsPWM.o)
 .debug_line    0x000034da       0x97 .\CortexM3\ARM_GCC_484\Debug\chickybot.a(ElbowPos.o)
 .debug_line    0x00003571       0x97 .\CortexM3\ARM_GCC_484\Debug\chickybot.a(ElbowNeg.o)
 .debug_line    0x00003608      0x213 .\CortexM3\ARM_GCC_484\Debug\chickybot.a(ADC.o)
 .debug_line    0x0000381b       0x52 .\CortexM3\ARM_GCC_484\Debug\chickybot.a(ADC_INT.o)
 .debug_line    0x0000386d       0xaa .\CortexM3\ARM_GCC_484\Debug\chickybot.a(AMux.o)
 .debug_line    0x00003917      0x19b .\CortexM3\ARM_GCC_484\Debug\chickybot.a(ADC_theACLK.o)
 .debug_line    0x00003ab2      0x228 .\CortexM3\ARM_GCC_484\Debug\chickybot.a(CyFlash.o)
 .debug_line    0x00003cda      0x222 .\CortexM3\ARM_GCC_484\Debug\chickybot.a(CySpc.o)
 .debug_line    0x00003efc       0x4b .\CortexM3\ARM_GCC_484\Debug\chickybot.a(Camera_settings.o)

.debug_frame    0x00000000     0x2628
 *(.debug_frame)
 .debug_frame   0x00000000       0xac .\CortexM3\ARM_GCC_484\Debug\main.o
 .debug_frame   0x000000ac       0x7c .\CortexM3\ARM_GCC_484\Debug\cv.o
 .debug_frame   0x00000128       0x74 .\CortexM3\ARM_GCC_484\Debug\sensors.o
 .debug_frame   0x0000019c      0x134 .\CortexM3\ARM_GCC_484\Debug\motion.o
 .debug_frame   0x000002d0       0xac .\CortexM3\ARM_GCC_484\Debug\Cm3Start.o
 .debug_frame   0x0000037c      0x128 .\CortexM3\ARM_GCC_484\Debug\chickybot.a(cyfitter_cfg.o)
 .debug_frame   0x000004a4      0x1d0 .\CortexM3\ARM_GCC_484\Debug\chickybot.a(CyDmac.o)
 .debug_frame   0x00000674      0x730 .\CortexM3\ARM_GCC_484\Debug\chickybot.a(CyLib.o)
 .debug_frame   0x00000da4      0x1fc .\CortexM3\ARM_GCC_484\Debug\chickybot.a(cyPm.o)
 .debug_frame   0x00000fa0       0x50 .\CortexM3\ARM_GCC_484\Debug\chickybot.a(LedGreen.o)
 .debug_frame   0x00000ff0       0x50 .\CortexM3\ARM_GCC_484\Debug\chickybot.a(LedBlue.o)
 .debug_frame   0x00001040       0x50 .\CortexM3\ARM_GCC_484\Debug\chickybot.a(LedYellow.o)
 .debug_frame   0x00001090      0x1c0 .\CortexM3\ARM_GCC_484\Debug\chickybot.a(Lcd.o)
 .debug_frame   0x00001250      0x104 .\CortexM3\ARM_GCC_484\Debug\chickybot.a(IsrBtn0Pressed.o)
 .debug_frame   0x00001354      0x104 .\CortexM3\ARM_GCC_484\Debug\chickybot.a(IsrBtn1Pressed.o)
 .debug_frame   0x00001458       0xe8 .\CortexM3\ARM_GCC_484\Debug\chickybot.a(CsBtns_PWM.o)
 .debug_frame   0x00001540      0x10c .\CortexM3\ARM_GCC_484\Debug\chickybot.a(Camera.o)
 .debug_frame   0x0000164c       0x54 .\CortexM3\ARM_GCC_484\Debug\chickybot.a(Camera_DMA_dma.o)
 .debug_frame   0x000016a0       0x50 .\CortexM3\ARM_GCC_484\Debug\chickybot.a(Camera_VSYNC.o)
 .debug_frame   0x000016f0       0x50 .\CortexM3\ARM_GCC_484\Debug\chickybot.a(Camera_SIOD.o)
 .debug_frame   0x00001740       0x50 .\CortexM3\ARM_GCC_484\Debug\chickybot.a(Camera_SIOC.o)
 .debug_frame   0x00001790       0x90 .\CortexM3\ARM_GCC_484\Debug\chickybot.a(Camera_I2C.o)
 .debug_frame   0x00001820       0x30 .\CortexM3\ARM_GCC_484\Debug\chickybot.a(Camera_I2C_INT.o)
 .debug_frame   0x00001850       0x74 .\CortexM3\ARM_GCC_484\Debug\chickybot.a(Camera_I2C_PM.o)
 .debug_frame   0x000018c4       0xf8 .\CortexM3\ARM_GCC_484\Debug\chickybot.a(Camera_I2C_MASTER.o)
 .debug_frame   0x000019bc      0x104 .\CortexM3\ARM_GCC_484\Debug\chickybot.a(IsrUsTimer.o)
 .debug_frame   0x00001ac0      0x154 .\CortexM3\ARM_GCC_484\Debug\chickybot.a(UsTimer.o)
 .debug_frame   0x00001c14      0x134 .\CortexM3\ARM_GCC_484\Debug\chickybot.a(UsPWM.o)
 .debug_frame   0x00001d48       0x50 .\CortexM3\ARM_GCC_484\Debug\chickybot.a(ElbowPos.o)
 .debug_frame   0x00001d98       0x50 .\CortexM3\ARM_GCC_484\Debug\chickybot.a(ElbowNeg.o)
 .debug_frame   0x00001de8      0x1a4 .\CortexM3\ARM_GCC_484\Debug\chickybot.a(ADC.o)
 .debug_frame   0x00001f8c       0x20 .\CortexM3\ARM_GCC_484\Debug\chickybot.a(ADC_INT.o)
 .debug_frame   0x00001fac       0x64 .\CortexM3\ARM_GCC_484\Debug\chickybot.a(AMux.o)
 .debug_frame   0x00002010       0xe0 .\CortexM3\ARM_GCC_484\Debug\chickybot.a(ADC_theACLK.o)
 .debug_frame   0x000020f0      0x17c .\CortexM3\ARM_GCC_484\Debug\chickybot.a(CyFlash.o)
 .debug_frame   0x0000226c      0x144 .\CortexM3\ARM_GCC_484\Debug\chickybot.a(CySpc.o)
 .debug_frame   0x000023b0       0x58 c:/program files (x86)/cypress/psoc creator/3.2/psoc creator/import/gnu/arm/4.8.4/bin/../lib/gcc/arm-none-eabi/4.8.4/armv7-m\libgcc.a(bpabi.o)
 .debug_frame   0x00002408       0x34 c:/program files (x86)/cypress/psoc creator/3.2/psoc creator/import/gnu/arm/4.8.4/bin/../lib/gcc/arm-none-eabi/4.8.4/armv7-m\libgcc.a(_divdi3.o)
 .debug_frame   0x0000243c       0x34 c:/program files (x86)/cypress/psoc creator/3.2/psoc creator/import/gnu/arm/4.8.4/bin/../lib/gcc/arm-none-eabi/4.8.4/armv7-m\libgcc.a(_udivdi3.o)
 .debug_frame   0x00002470       0x20 c:/program files (x86)/cypress/psoc creator/3.2/psoc creator/import/gnu/arm/4.8.4/bin/../lib/gcc/arm-none-eabi/4.8.4/../../../../arm-none-eabi/lib/armv7-m\libg_s.a(lib_a-errno.o)
 .debug_frame   0x00002490       0x28 c:/program files (x86)/cypress/psoc creator/3.2/psoc creator/import/gnu/arm/4.8.4/bin/../lib/gcc/arm-none-eabi/4.8.4/../../../../arm-none-eabi/lib/armv7-m\libg_s.a(lib_a-exit.o)
 .debug_frame   0x000024b8       0x2c c:/program files (x86)/cypress/psoc creator/3.2/psoc creator/import/gnu/arm/4.8.4/bin/../lib/gcc/arm-none-eabi/4.8.4/../../../../arm-none-eabi/lib/armv7-m\libg_s.a(lib_a-init.o)
 .debug_frame   0x000024e4       0x30 c:/program files (x86)/cypress/psoc creator/3.2/psoc creator/import/gnu/arm/4.8.4/bin/../lib/gcc/arm-none-eabi/4.8.4/../../../../arm-none-eabi/lib/armv7-m\libg_s.a(lib_a-malloc.o)
 .debug_frame   0x00002514       0x28 c:/program files (x86)/cypress/psoc creator/3.2/psoc creator/import/gnu/arm/4.8.4/bin/../lib/gcc/arm-none-eabi/4.8.4/../../../../arm-none-eabi/lib/armv7-m\libg_s.a(lib_a-memcpy-stub.o)
 .debug_frame   0x0000253c       0x20 c:/program files (x86)/cypress/psoc creator/3.2/psoc creator/import/gnu/arm/4.8.4/bin/../lib/gcc/arm-none-eabi/4.8.4/../../../../arm-none-eabi/lib/armv7-m\libg_s.a(lib_a-memset.o)
 .debug_frame   0x0000255c       0x2c c:/program files (x86)/cypress/psoc creator/3.2/psoc creator/import/gnu/arm/4.8.4/bin/../lib/gcc/arm-none-eabi/4.8.4/../../../../arm-none-eabi/lib/armv7-m\libg_s.a(lib_a-nano-freer.o)
 .debug_frame   0x00002588       0x2c c:/program files (x86)/cypress/psoc creator/3.2/psoc creator/import/gnu/arm/4.8.4/bin/../lib/gcc/arm-none-eabi/4.8.4/../../../../arm-none-eabi/lib/armv7-m\libg_s.a(lib_a-nano-mallocr.o)
 .debug_frame   0x000025b4       0x2c c:/program files (x86)/cypress/psoc creator/3.2/psoc creator/import/gnu/arm/4.8.4/bin/../lib/gcc/arm-none-eabi/4.8.4/../../../../arm-none-eabi/lib/armv7-m\libg_s.a(lib_a-sbrkr.o)
 .debug_frame   0x000025e0       0x48 c:/program files (x86)/cypress/psoc creator/3.2/psoc creator/import/gnu/arm/4.8.4/bin/../lib/gcc/arm-none-eabi/4.8.4/../../../../arm-none-eabi/lib/armv7-m\libg_s.a(lib_a-reent.o)

.debug_str      0x00000000     0x306c
 *(.debug_str)
 .debug_str     0x00000000      0x377 .\CortexM3\ARM_GCC_484\Debug\main.o
                                0x3cc (size before relaxing)
 .debug_str     0x00000377       0xd4 .\CortexM3\ARM_GCC_484\Debug\cv.o
                                0x2d6 (size before relaxing)
 .debug_str     0x0000044b      0x132 .\CortexM3\ARM_GCC_484\Debug\sensors.o
                                0x378 (size before relaxing)
 .debug_str     0x0000057d       0x7d .\CortexM3\ARM_GCC_484\Debug\motion.o
                                0x32d (size before relaxing)
 .debug_str     0x000005fa       0x37 .\CortexM3\ARM_GCC_484\Debug\cymetadata.o
                                0x1d8 (size before relaxing)
 .debug_str     0x00000631      0x161 .\CortexM3\ARM_GCC_484\Debug\Cm3Start.o
                                0x33c (size before relaxing)
 .debug_str     0x00000792       0x84 .\CortexM3\ARM_GCC_484\Debug\cybootloader.o
                                0x225 (size before relaxing)
 .debug_str     0x00000816      0x23a .\CortexM3\ARM_GCC_484\Debug\chickybot.a(cyfitter_cfg.o)
                                0x43a (size before relaxing)
 .debug_str     0x00000a50      0x377 .\CortexM3\ARM_GCC_484\Debug\chickybot.a(CyDmac.o)
                                0x56c (size before relaxing)
 .debug_str     0x00000dc7      0x7d6 .\CortexM3\ARM_GCC_484\Debug\chickybot.a(CyLib.o)
                                0xa51 (size before relaxing)
 .debug_str     0x0000159d      0x35b .\CortexM3\ARM_GCC_484\Debug\chickybot.a(cyPm.o)
                                0x749 (size before relaxing)
 .debug_str     0x000018f8       0x5a .\CortexM3\ARM_GCC_484\Debug\chickybot.a(LedGreen.o)
                                0x21f (size before relaxing)
 .debug_str     0x00001952       0x4c .\CortexM3\ARM_GCC_484\Debug\chickybot.a(LedBlue.o)
                                0x21a (size before relaxing)
 .debug_str     0x0000199e       0x52 .\CortexM3\ARM_GCC_484\Debug\chickybot.a(LedYellow.o)
                                0x224 (size before relaxing)
 .debug_str     0x000019f0      0x104 .\CortexM3\ARM_GCC_484\Debug\chickybot.a(Lcd.o)
                                0x333 (size before relaxing)
 .debug_str     0x00001af4      0x14f .\CortexM3\ARM_GCC_484\Debug\chickybot.a(IsrBtn0Pressed.o)
                                0x346 (size before relaxing)
 .debug_str     0x00001c43      0x14f .\CortexM3\ARM_GCC_484\Debug\chickybot.a(IsrBtn1Pressed.o)
                                0x346 (size before relaxing)
 .debug_str     0x00001d92      0x16a .\CortexM3\ARM_GCC_484\Debug\chickybot.a(CsBtns_PWM.o)
                                0x335 (size before relaxing)
 .debug_str     0x00001efc      0x190 .\CortexM3\ARM_GCC_484\Debug\chickybot.a(Camera.o)
                                0x448 (size before relaxing)
 .debug_str     0x0000208c       0x90 .\CortexM3\ARM_GCC_484\Debug\chickybot.a(Camera_DMA_dma.o)
                                0x2ab (size before relaxing)
 .debug_str     0x0000211c       0x6e .\CortexM3\ARM_GCC_484\Debug\chickybot.a(Camera_VSYNC.o)
                                0x233 (size before relaxing)
 .debug_str     0x0000218a       0x62 .\CortexM3\ARM_GCC_484\Debug\chickybot.a(Camera_SIOD.o)
                                0x22e (size before relaxing)
 .debug_str     0x000021ec       0x62 .\CortexM3\ARM_GCC_484\Debug\chickybot.a(Camera_SIOC.o)
                                0x22e (size before relaxing)
 .debug_str     0x0000224e      0x11c .\CortexM3\ARM_GCC_484\Debug\chickybot.a(Camera_I2C.o)
                                0x364 (size before relaxing)
 .debug_str     0x0000236a       0xb9 .\CortexM3\ARM_GCC_484\Debug\chickybot.a(Camera_I2C_INT.o)
                                0x2ce (size before relaxing)
 .debug_str     0x00002423       0x7b .\CortexM3\ARM_GCC_484\Debug\chickybot.a(Camera_I2C_PM.o)
                                0x2de (size before relaxing)
 .debug_str     0x0000249e      0x16a .\CortexM3\ARM_GCC_484\Debug\chickybot.a(Camera_I2C_MASTER.o)
                                0x467 (size before relaxing)
 .debug_str     0x00002608      0x11b .\CortexM3\ARM_GCC_484\Debug\chickybot.a(IsrUsTimer.o)
                                0x30e (size before relaxing)
 .debug_str     0x00002723      0x119 .\CortexM3\ARM_GCC_484\Debug\chickybot.a(UsTimer.o)
                                0x3d7 (size before relaxing)
 .debug_str     0x0000283c      0x15b .\CortexM3\ARM_GCC_484\Debug\chickybot.a(UsPWM.o)
                                0x380 (size before relaxing)
 .debug_str     0x00002997       0x5d .\CortexM3\ARM_GCC_484\Debug\chickybot.a(ElbowPos.o)
                                0x21f (size before relaxing)
 .debug_str     0x000029f4       0x5d .\CortexM3\ARM_GCC_484\Debug\chickybot.a(ElbowNeg.o)
                                0x21f (size before relaxing)
 .debug_str     0x00002a51      0x19b .\CortexM3\ARM_GCC_484\Debug\chickybot.a(ADC.o)
                                0x456 (size before relaxing)
 .debug_str     0x00002bec       0x2b .\CortexM3\ARM_GCC_484\Debug\chickybot.a(ADC_INT.o)
                                0x1bd (size before relaxing)
 .debug_str     0x00002c17       0x49 .\CortexM3\ARM_GCC_484\Debug\chickybot.a(AMux.o)
                                0x218 (size before relaxing)
 .debug_str     0x00002c60      0x178 .\CortexM3\ARM_GCC_484\Debug\chickybot.a(ADC_theACLK.o)
                                0x34c (size before relaxing)
 .debug_str     0x00002dd8      0x18d .\CortexM3\ARM_GCC_484\Debug\chickybot.a(CyFlash.o)
                                0x3b9 (size before relaxing)
 .debug_str     0x00002f65       0xae .\CortexM3\ARM_GCC_484\Debug\chickybot.a(CySpc.o)
                                0x345 (size before relaxing)
 .debug_str     0x00003013       0x59 .\CortexM3\ARM_GCC_484\Debug\chickybot.a(Camera_settings.o)
                                0x196 (size before relaxing)

.debug_loc      0x00000000     0x41cc
 *(.debug_loc)
 .debug_loc     0x00000000       0x3d .\CortexM3\ARM_GCC_484\Debug\main.o
 .debug_loc     0x0000003d      0x904 .\CortexM3\ARM_GCC_484\Debug\cv.o
 .debug_loc     0x00000941       0x3f .\CortexM3\ARM_GCC_484\Debug\sensors.o
 .debug_loc     0x00000980       0xac .\CortexM3\ARM_GCC_484\Debug\motion.o
 .debug_loc     0x00000a2c      0x14f .\CortexM3\ARM_GCC_484\Debug\Cm3Start.o
 .debug_loc     0x00000b7b      0x2ad .\CortexM3\ARM_GCC_484\Debug\chickybot.a(cyfitter_cfg.o)
 .debug_loc     0x00000e28      0xb6b .\CortexM3\ARM_GCC_484\Debug\chickybot.a(CyDmac.o)
 .debug_loc     0x00001993      0xa53 .\CortexM3\ARM_GCC_484\Debug\chickybot.a(CyLib.o)
 .debug_loc     0x000023e6      0x22a .\CortexM3\ARM_GCC_484\Debug\chickybot.a(cyPm.o)
 .debug_loc     0x00002610       0x55 .\CortexM3\ARM_GCC_484\Debug\chickybot.a(LedGreen.o)
 .debug_loc     0x00002665       0x55 .\CortexM3\ARM_GCC_484\Debug\chickybot.a(LedBlue.o)
 .debug_loc     0x000026ba       0x55 .\CortexM3\ARM_GCC_484\Debug\chickybot.a(LedYellow.o)
 .debug_loc     0x0000270f      0x36b .\CortexM3\ARM_GCC_484\Debug\chickybot.a(Lcd.o)
 .debug_loc     0x00002a7a       0x56 .\CortexM3\ARM_GCC_484\Debug\chickybot.a(IsrBtn0Pressed.o)
 .debug_loc     0x00002ad0       0x56 .\CortexM3\ARM_GCC_484\Debug\chickybot.a(IsrBtn1Pressed.o)
 .debug_loc     0x00002b26       0x13 .\CortexM3\ARM_GCC_484\Debug\chickybot.a(CsBtns_PWM.o)
 .debug_loc     0x00002b39      0x10a .\CortexM3\ARM_GCC_484\Debug\chickybot.a(Camera.o)
 .debug_loc     0x00002c43       0x84 .\CortexM3\ARM_GCC_484\Debug\chickybot.a(Camera_DMA_dma.o)
 .debug_loc     0x00002cc7       0x55 .\CortexM3\ARM_GCC_484\Debug\chickybot.a(Camera_VSYNC.o)
 .debug_loc     0x00002d1c       0x55 .\CortexM3\ARM_GCC_484\Debug\chickybot.a(Camera_SIOD.o)
 .debug_loc     0x00002d71       0x55 .\CortexM3\ARM_GCC_484\Debug\chickybot.a(Camera_SIOC.o)
 .debug_loc     0x00002dc6       0x39 .\CortexM3\ARM_GCC_484\Debug\chickybot.a(Camera_I2C.o)
 .debug_loc     0x00002dff       0x29 .\CortexM3\ARM_GCC_484\Debug\chickybot.a(Camera_I2C_INT.o)
 .debug_loc     0x00002e28       0x13 .\CortexM3\ARM_GCC_484\Debug\chickybot.a(Camera_I2C_PM.o)
 .debug_loc     0x00002e3b      0x566 .\CortexM3\ARM_GCC_484\Debug\chickybot.a(Camera_I2C_MASTER.o)
 .debug_loc     0x000033a1       0x56 .\CortexM3\ARM_GCC_484\Debug\chickybot.a(IsrUsTimer.o)
 .debug_loc     0x000033f7       0x31 .\CortexM3\ARM_GCC_484\Debug\chickybot.a(UsTimer.o)
 .debug_loc     0x00003428       0x26 .\CortexM3\ARM_GCC_484\Debug\chickybot.a(UsPWM.o)
 .debug_loc     0x0000344e       0x55 .\CortexM3\ARM_GCC_484\Debug\chickybot.a(ElbowPos.o)
 .debug_loc     0x000034a3       0x55 .\CortexM3\ARM_GCC_484\Debug\chickybot.a(ElbowNeg.o)
 .debug_loc     0x000034f8      0x2b3 .\CortexM3\ARM_GCC_484\Debug\chickybot.a(ADC.o)
 .debug_loc     0x000037ab       0x58 .\CortexM3\ARM_GCC_484\Debug\chickybot.a(AMux.o)
 .debug_loc     0x00003803      0x15c .\CortexM3\ARM_GCC_484\Debug\chickybot.a(ADC_theACLK.o)
 .debug_loc     0x0000395f      0x2f7 .\CortexM3\ARM_GCC_484\Debug\chickybot.a(CyFlash.o)
 .debug_loc     0x00003c56      0x576 .\CortexM3\ARM_GCC_484\Debug\chickybot.a(CySpc.o)

.debug_macinfo
 *(.debug_macinfo)

.debug_ranges   0x00000000      0xd38
 *(.debug_ranges)
 .debug_ranges  0x00000000       0x30 .\CortexM3\ARM_GCC_484\Debug\main.o
 .debug_ranges  0x00000030       0x20 .\CortexM3\ARM_GCC_484\Debug\cv.o
 .debug_ranges  0x00000050       0x28 .\CortexM3\ARM_GCC_484\Debug\sensors.o
 .debug_ranges  0x00000078       0x58 .\CortexM3\ARM_GCC_484\Debug\motion.o
 .debug_ranges  0x000000d0       0x50 .\CortexM3\ARM_GCC_484\Debug\Cm3Start.o
 .debug_ranges  0x00000120       0x78 .\CortexM3\ARM_GCC_484\Debug\chickybot.a(cyfitter_cfg.o)
 .debug_ranges  0x00000198       0xc8 .\CortexM3\ARM_GCC_484\Debug\chickybot.a(CyDmac.o)
 .debug_ranges  0x00000260      0x288 .\CortexM3\ARM_GCC_484\Debug\chickybot.a(CyLib.o)
 .debug_ranges  0x000004e8       0x88 .\CortexM3\ARM_GCC_484\Debug\chickybot.a(cyPm.o)
 .debug_ranges  0x00000570       0x28 .\CortexM3\ARM_GCC_484\Debug\chickybot.a(LedGreen.o)
 .debug_ranges  0x00000598       0x28 .\CortexM3\ARM_GCC_484\Debug\chickybot.a(LedBlue.o)
 .debug_ranges  0x000005c0       0x28 .\CortexM3\ARM_GCC_484\Debug\chickybot.a(LedYellow.o)
 .debug_ranges  0x000005e8       0x80 .\CortexM3\ARM_GCC_484\Debug\chickybot.a(Lcd.o)
 .debug_ranges  0x00000668       0x70 .\CortexM3\ARM_GCC_484\Debug\chickybot.a(IsrBtn0Pressed.o)
 .debug_ranges  0x000006d8       0x70 .\CortexM3\ARM_GCC_484\Debug\chickybot.a(IsrBtn1Pressed.o)
 .debug_ranges  0x00000748       0x68 .\CortexM3\ARM_GCC_484\Debug\chickybot.a(CsBtns_PWM.o)
 .debug_ranges  0x000007b0       0x48 .\CortexM3\ARM_GCC_484\Debug\chickybot.a(Camera.o)
 .debug_ranges  0x000007f8       0x18 .\CortexM3\ARM_GCC_484\Debug\chickybot.a(Camera_DMA_dma.o)
 .debug_ranges  0x00000810       0x28 .\CortexM3\ARM_GCC_484\Debug\chickybot.a(Camera_VSYNC.o)
 .debug_ranges  0x00000838       0x28 .\CortexM3\ARM_GCC_484\Debug\chickybot.a(Camera_SIOD.o)
 .debug_ranges  0x00000860       0x28 .\CortexM3\ARM_GCC_484\Debug\chickybot.a(Camera_SIOC.o)
 .debug_ranges  0x00000888       0x28 .\CortexM3\ARM_GCC_484\Debug\chickybot.a(Camera_I2C.o)
 .debug_ranges  0x000008b0       0x10 .\CortexM3\ARM_GCC_484\Debug\chickybot.a(Camera_I2C_INT.o)
 .debug_ranges  0x000008c0       0x28 .\CortexM3\ARM_GCC_484\Debug\chickybot.a(Camera_I2C_PM.o)
 .debug_ranges  0x000008e8       0x70 .\CortexM3\ARM_GCC_484\Debug\chickybot.a(Camera_I2C_MASTER.o)
 .debug_ranges  0x00000958       0x70 .\CortexM3\ARM_GCC_484\Debug\chickybot.a(IsrUsTimer.o)
 .debug_ranges  0x000009c8       0x98 .\CortexM3\ARM_GCC_484\Debug\chickybot.a(UsTimer.o)
 .debug_ranges  0x00000a60       0x88 .\CortexM3\ARM_GCC_484\Debug\chickybot.a(UsPWM.o)
 .debug_ranges  0x00000ae8       0x28 .\CortexM3\ARM_GCC_484\Debug\chickybot.a(ElbowPos.o)
 .debug_ranges  0x00000b10       0x28 .\CortexM3\ARM_GCC_484\Debug\chickybot.a(ElbowNeg.o)
 .debug_ranges  0x00000b38       0x98 .\CortexM3\ARM_GCC_484\Debug\chickybot.a(ADC.o)
 .debug_ranges  0x00000bd0       0x10 .\CortexM3\ARM_GCC_484\Debug\chickybot.a(ADC_INT.o)
 .debug_ranges  0x00000be0       0x20 .\CortexM3\ARM_GCC_484\Debug\chickybot.a(AMux.o)
 .debug_ranges  0x00000c00       0x60 .\CortexM3\ARM_GCC_484\Debug\chickybot.a(ADC_theACLK.o)
 .debug_ranges  0x00000c60       0x70 .\CortexM3\ARM_GCC_484\Debug\chickybot.a(CyFlash.o)
 .debug_ranges  0x00000cd0       0x68 .\CortexM3\ARM_GCC_484\Debug\chickybot.a(CySpc.o)

.comment        0x00000000       0x70
 .comment       0x00000000       0x70 .\CortexM3\ARM_GCC_484\Debug\main.o
                                 0x71 (size before relaxing)
 .comment       0x00000000       0x71 .\CortexM3\ARM_GCC_484\Debug\cv.o
 .comment       0x00000000       0x71 .\CortexM3\ARM_GCC_484\Debug\sensors.o
 .comment       0x00000000       0x71 .\CortexM3\ARM_GCC_484\Debug\motion.o
 .comment       0x00000000       0x71 .\CortexM3\ARM_GCC_484\Debug\cymetadata.o
 .comment       0x00000000       0x71 .\CortexM3\ARM_GCC_484\Debug\Cm3Start.o
 .comment       0x00000000       0x71 .\CortexM3\ARM_GCC_484\Debug\cybootloader.o
 .comment       0x00000000       0x71 .\CortexM3\ARM_GCC_484\Debug\chickybot.a(cyfitter_cfg.o)
 .comment       0x00000000       0x71 .\CortexM3\ARM_GCC_484\Debug\chickybot.a(CyDmac.o)
 .comment       0x00000000       0x71 .\CortexM3\ARM_GCC_484\Debug\chickybot.a(CyLib.o)
 .comment       0x00000000       0x71 .\CortexM3\ARM_GCC_484\Debug\chickybot.a(cyPm.o)
 .comment       0x00000000       0x71 .\CortexM3\ARM_GCC_484\Debug\chickybot.a(LedGreen.o)
 .comment       0x00000000       0x71 .\CortexM3\ARM_GCC_484\Debug\chickybot.a(LedBlue.o)
 .comment       0x00000000       0x71 .\CortexM3\ARM_GCC_484\Debug\chickybot.a(LedYellow.o)
 .comment       0x00000000       0x71 .\CortexM3\ARM_GCC_484\Debug\chickybot.a(Lcd.o)
 .comment       0x00000000       0x71 .\CortexM3\ARM_GCC_484\Debug\chickybot.a(IsrBtn0Pressed.o)
 .comment       0x00000000       0x71 .\CortexM3\ARM_GCC_484\Debug\chickybot.a(IsrBtn1Pressed.o)
 .comment       0x00000000       0x71 .\CortexM3\ARM_GCC_484\Debug\chickybot.a(CsBtns_PWM.o)
 .comment       0x00000000       0x71 .\CortexM3\ARM_GCC_484\Debug\chickybot.a(Camera.o)
 .comment       0x00000000       0x71 .\CortexM3\ARM_GCC_484\Debug\chickybot.a(Camera_DMA_dma.o)
 .comment       0x00000000       0x71 .\CortexM3\ARM_GCC_484\Debug\chickybot.a(Camera_VSYNC.o)
 .comment       0x00000000       0x71 .\CortexM3\ARM_GCC_484\Debug\chickybot.a(Camera_SIOD.o)
 .comment       0x00000000       0x71 .\CortexM3\ARM_GCC_484\Debug\chickybot.a(Camera_SIOC.o)
 .comment       0x00000000       0x71 .\CortexM3\ARM_GCC_484\Debug\chickybot.a(Camera_I2C.o)
 .comment       0x00000000       0x71 .\CortexM3\ARM_GCC_484\Debug\chickybot.a(Camera_I2C_INT.o)
 .comment       0x00000000       0x71 .\CortexM3\ARM_GCC_484\Debug\chickybot.a(Camera_I2C_PM.o)
 .comment       0x00000000       0x71 .\CortexM3\ARM_GCC_484\Debug\chickybot.a(Camera_I2C_MASTER.o)
 .comment       0x00000000       0x71 .\CortexM3\ARM_GCC_484\Debug\chickybot.a(IsrUsTimer.o)
 .comment       0x00000000       0x71 .\CortexM3\ARM_GCC_484\Debug\chickybot.a(UsTimer.o)
 .comment       0x00000000       0x71 .\CortexM3\ARM_GCC_484\Debug\chickybot.a(UsPWM.o)
 .comment       0x00000000       0x71 .\CortexM3\ARM_GCC_484\Debug\chickybot.a(ElbowPos.o)
 .comment       0x00000000       0x71 .\CortexM3\ARM_GCC_484\Debug\chickybot.a(ElbowNeg.o)
 .comment       0x00000000       0x71 .\CortexM3\ARM_GCC_484\Debug\chickybot.a(ADC.o)
 .comment       0x00000000       0x71 .\CortexM3\ARM_GCC_484\Debug\chickybot.a(ADC_INT.o)
 .comment       0x00000000       0x71 .\CortexM3\ARM_GCC_484\Debug\chickybot.a(AMux.o)
 .comment       0x00000000       0x71 .\CortexM3\ARM_GCC_484\Debug\chickybot.a(ADC_theACLK.o)
 .comment       0x00000000       0x71 .\CortexM3\ARM_GCC_484\Debug\chickybot.a(CyFlash.o)
 .comment       0x00000000       0x71 .\CortexM3\ARM_GCC_484\Debug\chickybot.a(CySpc.o)
 .comment       0x00000000       0x71 .\CortexM3\ARM_GCC_484\Debug\chickybot.a(Camera_settings.o)

.debug_weaknames
 *(.debug_weaknames)

.debug_funcnames
 *(.debug_funcnames)

.debug_typenames
 *(.debug_typenames)

.debug_varnames
 *(.debug_varnames)

.note.gnu.arm.ident
 *(.note.gnu.arm.ident)

.ARM.attributes
                0x00000000       0x29
 *(.ARM.attributes)
 .ARM.attributes
                0x00000000       0x1d c:/program files (x86)/cypress/psoc creator/3.2/psoc creator/import/gnu/arm/4.8.4/bin/../lib/gcc/arm-none-eabi/4.8.4/armv7-m/crti.o
 .ARM.attributes
                0x0000001d       0x2d c:/program files (x86)/cypress/psoc creator/3.2/psoc creator/import/gnu/arm/4.8.4/bin/../lib/gcc/arm-none-eabi/4.8.4/armv7-m/crtbegin.o
 .ARM.attributes
                0x0000004a       0x1b c:/program files (x86)/cypress/psoc creator/3.2/psoc creator/import/gnu/arm/4.8.4/bin/../lib/gcc/arm-none-eabi/4.8.4/../../../../arm-none-eabi/lib/armv7-m/crt0.o
 .ARM.attributes
                0x00000065       0x33 .\CortexM3\ARM_GCC_484\Debug\main.o
 .ARM.attributes
                0x00000098       0x33 .\CortexM3\ARM_GCC_484\Debug\cv.o
 .ARM.attributes
                0x000000cb       0x33 .\CortexM3\ARM_GCC_484\Debug\sensors.o
 .ARM.attributes
                0x000000fe       0x33 .\CortexM3\ARM_GCC_484\Debug\motion.o
 .ARM.attributes
                0x00000131       0x33 .\CortexM3\ARM_GCC_484\Debug\cymetadata.o
 .ARM.attributes
                0x00000164       0x33 .\CortexM3\ARM_GCC_484\Debug\Cm3Start.o
 .ARM.attributes
                0x00000197       0x33 .\CortexM3\ARM_GCC_484\Debug\cybootloader.o
 .ARM.attributes
                0x000001ca       0x33 .\CortexM3\ARM_GCC_484\Debug\chickybot.a(cyfitter_cfg.o)
 .ARM.attributes
                0x000001fd       0x21 .\CortexM3\ARM_GCC_484\Debug\chickybot.a(CyBootAsmGnu.o)
 .ARM.attributes
                0x0000021e       0x33 .\CortexM3\ARM_GCC_484\Debug\chickybot.a(CyDmac.o)
 .ARM.attributes
                0x00000251       0x33 .\CortexM3\ARM_GCC_484\Debug\chickybot.a(CyLib.o)
 .ARM.attributes
                0x00000284       0x33 .\CortexM3\ARM_GCC_484\Debug\chickybot.a(cyPm.o)
 .ARM.attributes
                0x000002b7       0x33 .\CortexM3\ARM_GCC_484\Debug\chickybot.a(LedGreen.o)
 .ARM.attributes
                0x000002ea       0x33 .\CortexM3\ARM_GCC_484\Debug\chickybot.a(LedBlue.o)
 .ARM.attributes
                0x0000031d       0x33 .\CortexM3\ARM_GCC_484\Debug\chickybot.a(LedYellow.o)
 .ARM.attributes
                0x00000350       0x33 .\CortexM3\ARM_GCC_484\Debug\chickybot.a(Lcd.o)
 .ARM.attributes
                0x00000383       0x33 .\CortexM3\ARM_GCC_484\Debug\chickybot.a(IsrBtn0Pressed.o)
 .ARM.attributes
                0x000003b6       0x33 .\CortexM3\ARM_GCC_484\Debug\chickybot.a(IsrBtn1Pressed.o)
 .ARM.attributes
                0x000003e9       0x33 .\CortexM3\ARM_GCC_484\Debug\chickybot.a(CsBtns_PWM.o)
 .ARM.attributes
                0x0000041c       0x33 .\CortexM3\ARM_GCC_484\Debug\chickybot.a(Camera.o)
 .ARM.attributes
                0x0000044f       0x33 .\CortexM3\ARM_GCC_484\Debug\chickybot.a(Camera_DMA_dma.o)
 .ARM.attributes
                0x00000482       0x33 .\CortexM3\ARM_GCC_484\Debug\chickybot.a(Camera_VSYNC.o)
 .ARM.attributes
                0x000004b5       0x33 .\CortexM3\ARM_GCC_484\Debug\chickybot.a(Camera_SIOD.o)
 .ARM.attributes
                0x000004e8       0x33 .\CortexM3\ARM_GCC_484\Debug\chickybot.a(Camera_SIOC.o)
 .ARM.attributes
                0x0000051b       0x33 .\CortexM3\ARM_GCC_484\Debug\chickybot.a(Camera_I2C.o)
 .ARM.attributes
                0x0000054e       0x33 .\CortexM3\ARM_GCC_484\Debug\chickybot.a(Camera_I2C_INT.o)
 .ARM.attributes
                0x00000581       0x33 .\CortexM3\ARM_GCC_484\Debug\chickybot.a(Camera_I2C_PM.o)
 .ARM.attributes
                0x000005b4       0x33 .\CortexM3\ARM_GCC_484\Debug\chickybot.a(Camera_I2C_MASTER.o)
 .ARM.attributes
                0x000005e7       0x33 .\CortexM3\ARM_GCC_484\Debug\chickybot.a(IsrUsTimer.o)
 .ARM.attributes
                0x0000061a       0x33 .\CortexM3\ARM_GCC_484\Debug\chickybot.a(UsTimer.o)
 .ARM.attributes
                0x0000064d       0x33 .\CortexM3\ARM_GCC_484\Debug\chickybot.a(UsPWM.o)
 .ARM.attributes
                0x00000680       0x33 .\CortexM3\ARM_GCC_484\Debug\chickybot.a(ElbowPos.o)
 .ARM.attributes
                0x000006b3       0x33 .\CortexM3\ARM_GCC_484\Debug\chickybot.a(ElbowNeg.o)
 .ARM.attributes
                0x000006e6       0x33 .\CortexM3\ARM_GCC_484\Debug\chickybot.a(ADC.o)
 .ARM.attributes
                0x00000719       0x33 .\CortexM3\ARM_GCC_484\Debug\chickybot.a(ADC_INT.o)
 .ARM.attributes
                0x0000074c       0x33 .\CortexM3\ARM_GCC_484\Debug\chickybot.a(AMux.o)
 .ARM.attributes
                0x0000077f       0x33 .\CortexM3\ARM_GCC_484\Debug\chickybot.a(ADC_theACLK.o)
 .ARM.attributes
                0x000007b2       0x33 .\CortexM3\ARM_GCC_484\Debug\chickybot.a(CyFlash.o)
 .ARM.attributes
                0x000007e5       0x33 .\CortexM3\ARM_GCC_484\Debug\chickybot.a(CySpc.o)
 .ARM.attributes
                0x00000818       0x33 .\CortexM3\ARM_GCC_484\Debug\chickybot.a(Camera_settings.o)
 .ARM.attributes
                0x0000084b       0x1d c:/program files (x86)/cypress/psoc creator/3.2/psoc creator/import/gnu/arm/4.8.4/bin/../lib/gcc/arm-none-eabi/4.8.4/armv7-m\libgcc.a(_arm_addsubsf3.o)
 .ARM.attributes
                0x00000868       0x1d c:/program files (x86)/cypress/psoc creator/3.2/psoc creator/import/gnu/arm/4.8.4/bin/../lib/gcc/arm-none-eabi/4.8.4/armv7-m\libgcc.a(_arm_muldivsf3.o)
 .ARM.attributes
                0x00000885       0x1d c:/program files (x86)/cypress/psoc creator/3.2/psoc creator/import/gnu/arm/4.8.4/bin/../lib/gcc/arm-none-eabi/4.8.4/armv7-m\libgcc.a(_aeabi_ldivmod.o)
 .ARM.attributes
                0x000008a2       0x2d c:/program files (x86)/cypress/psoc creator/3.2/psoc creator/import/gnu/arm/4.8.4/bin/../lib/gcc/arm-none-eabi/4.8.4/armv7-m\libgcc.a(bpabi.o)
 .ARM.attributes
                0x000008cf       0x1d c:/program files (x86)/cypress/psoc creator/3.2/psoc creator/import/gnu/arm/4.8.4/bin/../lib/gcc/arm-none-eabi/4.8.4/armv7-m\libgcc.a(_dvmd_tls.o)
 .ARM.attributes
                0x000008ec       0x2d c:/program files (x86)/cypress/psoc creator/3.2/psoc creator/import/gnu/arm/4.8.4/bin/../lib/gcc/arm-none-eabi/4.8.4/armv7-m\libgcc.a(_divdi3.o)
 .ARM.attributes
                0x00000919       0x2d c:/program files (x86)/cypress/psoc creator/3.2/psoc creator/import/gnu/arm/4.8.4/bin/../lib/gcc/arm-none-eabi/4.8.4/armv7-m\libgcc.a(_udivdi3.o)
 .ARM.attributes
                0x00000946       0x2d c:/program files (x86)/cypress/psoc creator/3.2/psoc creator/import/gnu/arm/4.8.4/bin/../lib/gcc/arm-none-eabi/4.8.4/../../../../arm-none-eabi/lib/armv7-m\libg_s.a(lib_a-errno.o)
 .ARM.attributes
                0x00000973       0x2d c:/program files (x86)/cypress/psoc creator/3.2/psoc creator/import/gnu/arm/4.8.4/bin/../lib/gcc/arm-none-eabi/4.8.4/../../../../arm-none-eabi/lib/armv7-m\libg_s.a(lib_a-exit.o)
 .ARM.attributes
                0x000009a0       0x2d c:/program files (x86)/cypress/psoc creator/3.2/psoc creator/import/gnu/arm/4.8.4/bin/../lib/gcc/arm-none-eabi/4.8.4/../../../../arm-none-eabi/lib/armv7-m\libg_s.a(lib_a-impure.o)
 .ARM.attributes
                0x000009cd       0x2d c:/program files (x86)/cypress/psoc creator/3.2/psoc creator/import/gnu/arm/4.8.4/bin/../lib/gcc/arm-none-eabi/4.8.4/../../../../arm-none-eabi/lib/armv7-m\libg_s.a(lib_a-init.o)
 .ARM.attributes
                0x000009fa       0x2d c:/program files (x86)/cypress/psoc creator/3.2/psoc creator/import/gnu/arm/4.8.4/bin/../lib/gcc/arm-none-eabi/4.8.4/../../../../arm-none-eabi/lib/armv7-m\libg_s.a(lib_a-malloc.o)
 .ARM.attributes
                0x00000a27       0x2d c:/program files (x86)/cypress/psoc creator/3.2/psoc creator/import/gnu/arm/4.8.4/bin/../lib/gcc/arm-none-eabi/4.8.4/../../../../arm-none-eabi/lib/armv7-m\libg_s.a(lib_a-memcpy-stub.o)
 .ARM.attributes
                0x00000a54       0x2d c:/program files (x86)/cypress/psoc creator/3.2/psoc creator/import/gnu/arm/4.8.4/bin/../lib/gcc/arm-none-eabi/4.8.4/../../../../arm-none-eabi/lib/armv7-m\libg_s.a(lib_a-memset.o)
 .ARM.attributes
                0x00000a81       0x2d c:/program files (x86)/cypress/psoc creator/3.2/psoc creator/import/gnu/arm/4.8.4/bin/../lib/gcc/arm-none-eabi/4.8.4/../../../../arm-none-eabi/lib/armv7-m\libg_s.a(lib_a-nano-freer.o)
 .ARM.attributes
                0x00000aae       0x2d c:/program files (x86)/cypress/psoc creator/3.2/psoc creator/import/gnu/arm/4.8.4/bin/../lib/gcc/arm-none-eabi/4.8.4/../../../../arm-none-eabi/lib/armv7-m\libg_s.a(lib_a-nano-mallocr.o)
 .ARM.attributes
                0x00000adb       0x2d c:/program files (x86)/cypress/psoc creator/3.2/psoc creator/import/gnu/arm/4.8.4/bin/../lib/gcc/arm-none-eabi/4.8.4/../../../../arm-none-eabi/lib/armv7-m\libg_s.a(lib_a-sbrkr.o)
 .ARM.attributes
                0x00000b08       0x2d c:/program files (x86)/cypress/psoc creator/3.2/psoc creator/import/gnu/arm/4.8.4/bin/../lib/gcc/arm-none-eabi/4.8.4/../../../../arm-none-eabi/lib/armv7-m\libg_s.a(lib_a-reent.o)
 .ARM.attributes
                0x00000b35       0x2d c:/program files (x86)/cypress/psoc creator/3.2/psoc creator/import/gnu/arm/4.8.4/bin/../lib/gcc/arm-none-eabi/4.8.4/armv7-m/crtend.o
 .ARM.attributes
                0x00000b62       0x1d c:/program files (x86)/cypress/psoc creator/3.2/psoc creator/import/gnu/arm/4.8.4/bin/../lib/gcc/arm-none-eabi/4.8.4/armv7-m/crtn.o

/DISCARD/
 *(.note.GNU-stack)
OUTPUT(.\CortexM3\ARM_GCC_484\Debug\chickybot.elf elf32-littlearm)
