Archive member included because of file (symbol)

.\CortexM3\ARM_GCC_484\Debug\chickybot.a(cyfitter_cfg.o)
                              .\CortexM3\ARM_GCC_484\Debug\Cm3Start.o (cyfitter_cfg)
.\CortexM3\ARM_GCC_484\Debug\chickybot.a(CyBootAsmGnu.o)
                              .\CortexM3\ARM_GCC_484\Debug\chickybot.a(cyfitter_cfg.o) (CyDelayCycles)
.\CortexM3\ARM_GCC_484\Debug\chickybot.a(CyDmac.o)
                              .\CortexM3\ARM_GCC_484\Debug\Cm3Start.o (CyDmacConfigure)
.\CortexM3\ARM_GCC_484\Debug\chickybot.a(CyLib.o)
                              .\CortexM3\ARM_GCC_484\Debug\Cm3Start.o (CyHalt)
.\CortexM3\ARM_GCC_484\Debug\chickybot.a(cyPm.o)
                              .\CortexM3\ARM_GCC_484\Debug\chickybot.a(CyLib.o) (CyPmReadStatus)
.\CortexM3\ARM_GCC_484\Debug\chickybot.a(LedRed.o)
                              .\CortexM3\ARM_GCC_484\Debug\main.o (LedRed_Write)
.\CortexM3\ARM_GCC_484\Debug\chickybot.a(LedGreen.o)
                              .\CortexM3\ARM_GCC_484\Debug\main.o (LedGreen_Write)
.\CortexM3\ARM_GCC_484\Debug\chickybot.a(LedBlue.o)
                              .\CortexM3\ARM_GCC_484\Debug\main.o (LedBlue_Write)
.\CortexM3\ARM_GCC_484\Debug\chickybot.a(Lcd.o)
                              .\CortexM3\ARM_GCC_484\Debug\main.o (Lcd_PrintString)
.\CortexM3\ARM_GCC_484\Debug\chickybot.a(IsrBtn0Pressed.o)
                              .\CortexM3\ARM_GCC_484\Debug\main.o (IsrBtn0Pressed_StartEx)
.\CortexM3\ARM_GCC_484\Debug\chickybot.a(IsrBtn1Pressed.o)
                              .\CortexM3\ARM_GCC_484\Debug\main.o (IsrBtn1Pressed_StartEx)
.\CortexM3\ARM_GCC_484\Debug\chickybot.a(CsBtns_PWM.o)
                              .\CortexM3\ARM_GCC_484\Debug\main.o (CsBtns_PWM_Start)
.\CortexM3\ARM_GCC_484\Debug\chickybot.a(Camera.o)
                              .\CortexM3\ARM_GCC_484\Debug\cv.o (Camera_SyncFrame)
.\CortexM3\ARM_GCC_484\Debug\chickybot.a(Camera_DMA_dma.o)
                              .\CortexM3\ARM_GCC_484\Debug\chickybot.a(Camera.o) (Camera_DMA_DmaInitialize)
.\CortexM3\ARM_GCC_484\Debug\chickybot.a(Camera_VSYNC.o)
                              .\CortexM3\ARM_GCC_484\Debug\chickybot.a(Camera.o) (Camera_VSYNC_Read)
.\CortexM3\ARM_GCC_484\Debug\chickybot.a(Camera_SIOD.o)
                              .\CortexM3\ARM_GCC_484\Debug\chickybot.a(Camera.o) (Camera_SIOD_SetDriveMode)
.\CortexM3\ARM_GCC_484\Debug\chickybot.a(Camera_SIOC.o)
                              .\CortexM3\ARM_GCC_484\Debug\chickybot.a(Camera.o) (Camera_SIOC_SetDriveMode)
.\CortexM3\ARM_GCC_484\Debug\chickybot.a(Camera_I2C.o)
                              .\CortexM3\ARM_GCC_484\Debug\chickybot.a(Camera.o) (Camera_I2C_Start)
.\CortexM3\ARM_GCC_484\Debug\chickybot.a(Camera_I2C_INT.o)
                              .\CortexM3\ARM_GCC_484\Debug\chickybot.a(Camera_I2C.o) (Camera_I2C_ISR)
.\CortexM3\ARM_GCC_484\Debug\chickybot.a(Camera_I2C_PM.o)
                              .\CortexM3\ARM_GCC_484\Debug\chickybot.a(Camera_I2C.o) (Camera_I2C_backup)
.\CortexM3\ARM_GCC_484\Debug\chickybot.a(Camera_I2C_MASTER.o)
                              .\CortexM3\ARM_GCC_484\Debug\chickybot.a(Camera_I2C.o) (Camera_I2C_mstrStatus)
.\CortexM3\ARM_GCC_484\Debug\chickybot.a(IsrUsTimer.o)
                              .\CortexM3\ARM_GCC_484\Debug\main.o (IsrUsTimer_StartEx)
.\CortexM3\ARM_GCC_484\Debug\chickybot.a(UsTimer.o)
                              .\CortexM3\ARM_GCC_484\Debug\sensors.o (UsTimer_ReadStatusRegister)
.\CortexM3\ARM_GCC_484\Debug\chickybot.a(UsPWM.o)
                              .\CortexM3\ARM_GCC_484\Debug\main.o (UsPWM_Start)
.\CortexM3\ARM_GCC_484\Debug\chickybot.a(ElbowPos.o)
                              .\CortexM3\ARM_GCC_484\Debug\main.o (ElbowPos_Write)
.\CortexM3\ARM_GCC_484\Debug\chickybot.a(ElbowNeg.o)
                              .\CortexM3\ARM_GCC_484\Debug\main.o (ElbowNeg_Write)
.\CortexM3\ARM_GCC_484\Debug\chickybot.a(ADC.o)
                              .\CortexM3\ARM_GCC_484\Debug\main.o (ADC_Start)
.\CortexM3\ARM_GCC_484\Debug\chickybot.a(ADC_INT.o)
                              .\CortexM3\ARM_GCC_484\Debug\chickybot.a(ADC.o) (ADC_ISR)
.\CortexM3\ARM_GCC_484\Debug\chickybot.a(AMux.o)
                              .\CortexM3\ARM_GCC_484\Debug\main.o (AMux_Start)
.\CortexM3\ARM_GCC_484\Debug\chickybot.a(ADC_theACLK.o)
                              .\CortexM3\ARM_GCC_484\Debug\chickybot.a(ADC.o) (ADC_theACLK_SetModeRegister)
.\CortexM3\ARM_GCC_484\Debug\chickybot.a(IsrMicroSwitch.o)
                              .\CortexM3\ARM_GCC_484\Debug\main.o (IsrMicroSwitch_StartEx)
.\CortexM3\ARM_GCC_484\Debug\chickybot.a(Fan.o)
                              .\CortexM3\ARM_GCC_484\Debug\main.o (Fan_Write)
.\CortexM3\ARM_GCC_484\Debug\chickybot.a(CyFlash.o)
                              .\CortexM3\ARM_GCC_484\Debug\chickybot.a(cyPm.o) (CyFlash_SetWaitCycles)
.\CortexM3\ARM_GCC_484\Debug\chickybot.a(CySpc.o)
[...]
Memory Configuration

Name             Origin             Length             Attributes
rom              0x00000000         0x00040000         xr
ram              0x1fff8000         0x00010000         xrw
*default*        0x00000000         0xffffffff

Linker script and memory map

LOAD c:/program files (x86)/cypress/psoc creator/3.2/psoc creator/import/gnu/arm/4.8.4/bin/../lib/gcc/arm-none-eabi/4.8.4/armv7-m/crti.o
LOAD c:/program files (x86)/cypress/psoc creator/3.2/psoc creator/import/gnu/arm/4.8.4/bin/../lib/gcc/arm-none-eabi/4.8.4/armv7-m/crtbegin.o
LOAD c:/program files (x86)/cypress/psoc creator/3.2/psoc creator/import/gnu/arm/4.8.4/bin/../lib/gcc/arm-none-eabi/4.8.4/../../../../arm-none-eabi/lib/armv7-m/crt0.o
START GROUP
LOAD .\CortexM3\ARM_GCC_484\Debug\main.o
LOAD .\CortexM3\ARM_GCC_484\Debug\cv.o
LOAD .\CortexM3\ARM_GCC_484\Debug\sensors.o
LOAD .\CortexM3\ARM_GCC_484\Debug\motion.o
LOAD .\CortexM3\ARM_GCC_484\Debug\cymetadata.o
LOAD .\CortexM3\ARM_GCC_484\Debug\Cm3Start.o
LOAD .\CortexM3\ARM_GCC_484\Debug\cybootloader.o
LOAD .\CortexM3\ARM_GCC_484\Debug\chickybot.a
LOAD C:\Program Files (x86)\Cypress\PSoC Creator\3.2\PSoC Creator\psoc\content\cycomponentlibrary\CyComponentLibrary.cylib\CortexM3\ARM_GCC_484\Debug\CyComponentLibrary.a
END GROUP
START GROUP
LOAD c:/program files (x86)/cypress/psoc creator/3.2/psoc creator/import/gnu/arm/4.8.4/bin/../lib/gcc/arm-none-eabi/4.8.4/armv7-m\libgcc.a
LOAD c:/program files (x86)/cypress/psoc creator/3.2/psoc creator/import/gnu/arm/4.8.4/bin/../lib/gcc/arm-none-eabi/4.8.4/../../../../arm-none-eabi/lib/armv7-m\libg_s.a
LOAD c:/program files (x86)/cypress/psoc creator/3.2/psoc creator/import/gnu/arm/4.8.4/bin/../lib/gcc/arm-none-eabi/4.8.4/../../../../arm-none-eabi/lib/armv7-m\libc_s.a
END GROUP
START GROUP
LOAD c:/program files (x86)/cypress/psoc creator/3.2/psoc creator/import/gnu/arm/4.8.4/bin/../lib/gcc/arm-none-eabi/4.8.4/armv7-m\libgcc.a
LOAD c:/program files (x86)/cypress/psoc creator/3.2/psoc creator/import/gnu/arm/4.8.4/bin/../lib/gcc/arm-none-eabi/4.8.4/../../../../arm-none-eabi/lib/armv7-m\libc_s.a
END GROUP
LOAD c:/program files (x86)/cypress/psoc creator/3.2/psoc creator/import/gnu/arm/4.8.4/bin/../lib/gcc/arm-none-eabi/4.8.4/armv7-m/crtend.o
LOAD c:/program files (x86)/cypress/psoc creator/3.2/psoc creator/import/gnu/arm/4.8.4/bin/../lib/gcc/arm-none-eabi/4.8.4/armv7-m/crtn.o
START GROUP
LOAD c:/program files (x86)/cypress/psoc creator/3.2/psoc creator/import/gnu/arm/4.8.4/bin/../lib/gcc/arm-none-eabi/4.8.4/armv7-m\libgcc.a
LOAD c:/program files (x86)/cypress/psoc creator/3.2/psoc creator/import/gnu/arm/4.8.4/bin/../lib/gcc/arm-none-eabi/4.8.4/../../../../arm-none-eabi/lib/armv7-m\libc.a
LOAD c:/program files (x86)/cypress/psoc creator/3.2/psoc creator/import/gnu/arm/4.8.4/bin/../lib/gcc/arm-none-eabi/4.8.4/../../../../arm-none-eabi/lib/armv7-m\libnosys.a
END GROUP
                0x00000000                CY_APPL_ORIGIN = 0x0
                0x00000100                CY_FLASH_ROW_SIZE = 0x100
                0x00000020                CY_ECC_ROW_SIZE = 0x20
                0x00000000                CY_EE_IN_BTLDR = 0x0
                0x00000001                CY_APPL_LOADABLE = 0x1
                0x00000800                CY_EE_SIZE = 0x800
                0x00000001                CY_APPL_NUM = 0x1
                0x00000001                CY_APPL_MAX = 0x1
                0x00000040                CY_METADATA_SIZE = 0x40
                0x1fff8160                PROVIDE (__cy_heap_start, _end)
                0x00000001                PROVIDE (__cy_region_num, ((__cy_regions_end - __cy_regions) / 0x10))
                0x20008000                PROVIDE (__cy_stack, (ORIGIN (ram) + 0x10000))
                0x20007800                PROVIDE (__cy_heap_end, (__cy_stack - 0x800))

.cybootloader   0x00000000     0x2700
 *(.cybootloader)
 .cybootloader  0x00000000     0x2700 .\CortexM3\ARM_GCC_484\Debug\cybootloader.o
                0x00000000                cy_bootloader
                0x00002700                appl1_start = CY_APPL_ORIGIN?CY_APPL_ORIGIN:ALIGN (CY_FLASH_ROW_SIZE)
                0x00021300                appl2_start = (appl1_start + ALIGN ((((0x40000 - appl1_start) - (0x2 * CY_FLASH_ROW_SIZE)) / 0x2), CY_FLASH_ROW_SIZE))
                0x00002700                appl_start = (CY_APPL_NUM == 0x1)?appl1_start:appl2_start
                0x000004e0                ecc_offset = ((appl_start / CY_FLASH_ROW_SIZE) * CY_ECC_ROW_SIZE)
                0x00000000                ee_offset = (CY_APPL_LOADABLE && ! (CY_EE_IN_BTLDR))?((CY_EE_SIZE / CY_APPL_MAX) * (CY_APPL_NUM - 0x1)):0x0
                0x00000800                ee_size = (CY_APPL_LOADABLE && ! (CY_EE_IN_BTLDR))?(CY_EE_SIZE / CY_APPL_MAX):CY_EE_SIZE
                0x000004e0                PROVIDE (CY_ECC_OFFSET, ecc_offset)

.text           0x00002700     0x118e
 CREATE_OBJECT_SYMBOLS
                0x00002700                PROVIDE (__cy_interrupt_vector, RomVectors)
 *(.romvectors)
 .romvectors    0x00002700       0x10 .\CortexM3\ARM_GCC_484\Debug\Cm3Start.o
                0x00002700                RomVectors
                0x00000001                ASSERT ((. != __cy_interrupt_vector), No interrupt vector)
                0x00000001                ASSERT (CY_APPL_ORIGIN?(SIZEOF (.cybootloader) <= CY_APPL_ORIGIN):0x1, Wrong image location)
                0x00002710                PROVIDE (__cy_reset, Reset)
 *(.text.Reset)
 .text.Reset    0x00002710        0x8 .\CortexM3\ARM_GCC_484\Debug\Cm3Start.o
                0x00002710                Reset
                0x00000001                ASSERT ((. != __cy_reset), No reset code)
 *(.dma_init)
                0x00000001                ASSERT ((((appl_start + .) <= 0x10000) || 0x1), DMA Init must be within the first 64k of flash)
 *(.text .text.* .gnu.linkonce.t.*)
 .text          0x00002718       0x54 c:/program files (x86)/cypress/psoc creator/3.2/psoc creator/import/gnu/arm/4.8.4/bin/../lib/gcc/arm-none-eabi/4.8.4/armv7-m/crtbegin.o
 .text.Btn0Pressed
                0x0000276c       0x18 .\CortexM3\ARM_GCC_484\Debug\main.o
                0x0000276c                Btn0Pressed
 .text.Btn1Pressed
                0x00002784       0x24 .\CortexM3\ARM_GCC_484\Debug\main.o
                0x00002784                Btn1Pressed
 .text.MicroSwitchTrigger
                0x000027a8       0x14 .\CortexM3\ARM_GCC_484\Debug\main.o
                0x000027a8                MicroSwitchTrigger
 .text.main     0x000027bc       0xdc .\CortexM3\ARM_GCC_484\Debug\main.o
                0x000027bc                main
 .text.UsSensorTrigger
                0x00002898       0x54 .\CortexM3\ARM_GCC_484\Debug\sensors.o
                0x00002898                UsSensorTrigger
 .text.getElbowPos
                0x000028ec       0x14 .\CortexM3\ARM_GCC_484\Debug\motion.o
                0x000028ec                getElbowPos
 .text.elbowUp  0x00002900       0x10 .\CortexM3\ARM_GCC_484\Debug\motion.o
                0x00002900                elbowUp
 .text.elbowDown
                0x00002910       0x10 .\CortexM3\ARM_GCC_484\Debug\motion.o
                0x00002910                elbowDown
 .text.elbowStop
                0x00002920       0x10 .\CortexM3\ARM_GCC_484\Debug\motion.o
                0x00002920                elbowStop
 .text.elbowGoToPos
                0x00002930       0x30 .\CortexM3\ARM_GCC_484\Debug\motion.o
                0x00002930                elbowGoToPos
 .text.elbowUpStep
                0x00002960       0x4c .\CortexM3\ARM_GCC_484\Debug\motion.o
                0x00002960                elbowUpStep
 .text.IntDefaultHandler
                0x000029ac        0x4 .\CortexM3\ARM_GCC_484\Debug\Cm3Start.o
                0x000029ac                IntDefaultHandler
 .text.Start_c  0x000029b0       0x4c .\CortexM3\ARM_GCC_484\Debug\Cm3Start.o
                0x000029b0                Start_c
 .text.initialize_psoc
                0x000029fc       0x74 .\CortexM3\ARM_GCC_484\Debug\Cm3Start.o
                0x000029fc                initialize_psoc
 .text.CyClockStartupError
                0x00002a70        0x4 .\CortexM3\ARM_GCC_484\Debug\chickybot.a(cyfitter_cfg.o)
 .text.cfg_write_bytes32
                0x00002a74       0x34 .\CortexM3\ARM_GCC_484\Debug\chickybot.a(cyfitter_cfg.o)
 .text.AnalogSetDefault
                0x00002aa8       0x74 .\CortexM3\ARM_GCC_484\Debug\chickybot.a(cyfitter_cfg.o)
 .text.CYMEMZERO
                0x00002b1c        0xc .\CortexM3\ARM_GCC_484\Debug\chickybot.a(cyfitter_cfg.o)
 .text.CYCONFIGCPYCODE
                0x00002b28        0x8 .\CortexM3\ARM_GCC_484\Debug\chickybot.a(cyfitter_cfg.o)
 .text.CYCONFIGCPY
                0x00002b30        0x8 .\CortexM3\ARM_GCC_484\Debug\chickybot.a(cyfitter_cfg.o)
 .text.ClockSetup
                0x00002b38       0xf4 .\CortexM3\ARM_GCC_484\Debug\chickybot.a(cyfitter_cfg.o)
 .text.AMux_Set
                0x00002c2c       0x1c .\CortexM3\ARM_GCC_484\Debug\chickybot.a(cyfitter_cfg.o)
                0x00002c2c                AMux_Set
 .text.AMux_Unset
                0x00002c48       0x1c .\CortexM3\ARM_GCC_484\Debug\chickybot.a(cyfitter_cfg.o)
                0x00002c48                AMux_Unset
 .text.cyfitter_cfg
                0x00002c64      0x148 .\CortexM3\ARM_GCC_484\Debug\chickybot.a(cyfitter_cfg.o)
                0x00002c64                cyfitter_cfg
 *fill*         0x00002dac        0x4 
 .text          0x00002db0       0x28 .\CortexM3\ARM_GCC_484\Debug\chickybot.a(CyBootAsmGnu.o)
                0x00002db0                CyDelayCycles
                0x00002dc4                CyEnterCriticalSection
                0x00002dcc                CyExitCriticalSection
 .text.CyDmacConfigure
                0x00002dd8       0x34 .\CortexM3\ARM_GCC_484\Debug\chickybot.a(CyDmac.o)
                0x00002dd8                CyDmacConfigure
 .text.CyHalt   0x00002e0c        0x4 .\CortexM3\ARM_GCC_484\Debug\chickybot.a(CyLib.o)
                0x00002e0c                CyHalt
 .text.CyDelay  0x00002e10       0x2c .\CortexM3\ARM_GCC_484\Debug\chickybot.a(CyLib.o)
                0x00002e10                CyDelay
 .text.CyDelayUs
                0x00002e3c       0x14 .\CortexM3\ARM_GCC_484\Debug\chickybot.a(CyLib.o)
                0x00002e3c                CyDelayUs
 .text.CyIntSetVector
                0x00002e50       0x28 .\CortexM3\ARM_GCC_484\Debug\chickybot.a(CyLib.o)
                0x00002e50                CyIntSetVector
 .text.CyIntSetPriority
                0x00002e78       0x30 .\CortexM3\ARM_GCC_484\Debug\chickybot.a(CyLib.o)
                0x00002e78                CyIntSetPriority
 .text.LedRed_Write
                0x00002ea8       0x18 .\CortexM3\ARM_GCC_484\Debug\chickybot.a(LedRed.o)
                0x00002ea8                LedRed_Write
 .text.LedRed_Read
                0x00002ec0        0xc .\CortexM3\ARM_GCC_484\Debug\chickybot.a(LedRed.o)
                0x00002ec0                LedRed_Read
 .text.LedGreen_Write
                0x00002ecc       0x18 .\CortexM3\ARM_GCC_484\Debug\chickybot.a(LedGreen.o)
                0x00002ecc                LedGreen_Write
 .text.LedGreen_Read
                0x00002ee4       0x10 .\CortexM3\ARM_GCC_484\Debug\chickybot.a(LedGreen.o)
                0x00002ee4                LedGreen_Read
 .text.LedBlue_Write
                0x00002ef4       0x18 .\CortexM3\ARM_GCC_484\Debug\chickybot.a(LedBlue.o)
                0x00002ef4                LedBlue_Write
 .text.LedBlue_Read
                0x00002f0c       0x10 .\CortexM3\ARM_GCC_484\Debug\chickybot.a(LedBlue.o)
                0x00002f0c                LedBlue_Read
 .text.Lcd_WrCntrlNib
                0x00002f1c       0x34 .\CortexM3\ARM_GCC_484\Debug\chickybot.a(Lcd.o)
 .text.Lcd_WrDatNib
                0x00002f50       0x3c .\CortexM3\ARM_GCC_484\Debug\chickybot.a(Lcd.o)
 .text.Lcd_WriteData
                0x00002f8c       0x20 .\CortexM3\ARM_GCC_484\Debug\chickybot.a(Lcd.o)
                0x00002f8c                Lcd_WriteData
 .text.Lcd_PrintString
                0x00002fac       0x1c .\CortexM3\ARM_GCC_484\Debug\chickybot.a(Lcd.o)
                0x00002fac                Lcd_PrintString
 .text.Lcd_WriteControl
                0x00002fc8       0x24 .\CortexM3\ARM_GCC_484\Debug\chickybot.a(Lcd.o)
                0x00002fc8                Lcd_WriteControl
 .text.Lcd_Init
                0x00002fec       0x6c .\CortexM3\ARM_GCC_484\Debug\chickybot.a(Lcd.o)
                0x00002fec                Lcd_Init
 .text.Lcd_Enable
                0x00003058       0x14 .\CortexM3\ARM_GCC_484\Debug\chickybot.a(Lcd.o)
                0x00003058                Lcd_Enable
 .text.Lcd_Start
                0x0000306c       0x1c .\CortexM3\ARM_GCC_484\Debug\chickybot.a(Lcd.o)
                0x0000306c                Lcd_Start
 .text.Lcd_Position
                0x00003088       0x3c .\CortexM3\ARM_GCC_484\Debug\chickybot.a(Lcd.o)
                0x00003088                Lcd_Position
 .text.Lcd_PrintNumber
                0x000030c4       0x8c .\CortexM3\ARM_GCC_484\Debug\chickybot.a(Lcd.o)
                0x000030c4                Lcd_PrintNumber
 .text.IsrBtn0Pressed_SetVector
                0x00003150        0xc .\CortexM3\ARM_GCC_484\Debug\chickybot.a(IsrBtn0Pressed.o)
                0x00003150                IsrBtn0Pressed_SetVector
 .text.IsrBtn0Pressed_SetPriority
                0x0000315c       0x10 .\CortexM3\ARM_GCC_484\Debug\chickybot.a(IsrBtn0Pressed.o)
                0x0000315c                IsrBtn0Pressed_SetPriority
 .text.IsrBtn0Pressed_Enable
                0x0000316c        0xc .\CortexM3\ARM_GCC_484\Debug\chickybot.a(IsrBtn0Pressed.o)
                0x0000316c                IsrBtn0Pressed_Enable
 .text.IsrBtn0Pressed_Disable
                0x00003178        0xc .\CortexM3\ARM_GCC_484\Debug\chickybot.a(IsrBtn0Pressed.o)
                0x00003178                IsrBtn0Pressed_Disable
 .text.IsrBtn0Pressed_StartEx
                0x00003184       0x1c .\CortexM3\ARM_GCC_484\Debug\chickybot.a(IsrBtn0Pressed.o)
                0x00003184                IsrBtn0Pressed_StartEx
 .text.IsrBtn1Pressed_SetVector
                0x000031a0        0xc .\CortexM3\ARM_GCC_484\Debug\chickybot.a(IsrBtn1Pressed.o)
                0x000031a0                IsrBtn1Pressed_SetVector
 .text.IsrBtn1Pressed_SetPriority
                0x000031ac       0x10 .\CortexM3\ARM_GCC_484\Debug\chickybot.a(IsrBtn1Pressed.o)
                0x000031ac                IsrBtn1Pressed_SetPriority
 .text.IsrBtn1Pressed_Enable
                0x000031bc        0xc .\CortexM3\ARM_GCC_484\Debug\chickybot.a(IsrBtn1Pressed.o)
                0x000031bc                IsrBtn1Pressed_Enable
 .text.IsrBtn1Pressed_Disable
                0x000031c8        0xc .\CortexM3\ARM_GCC_484\Debug\chickybot.a(IsrBtn1Pressed.o)
                0x000031c8                IsrBtn1Pressed_Disable
 .text.IsrBtn1Pressed_StartEx
                0x000031d4       0x1c .\CortexM3\ARM_GCC_484\Debug\chickybot.a(IsrBtn1Pressed.o)
                0x000031d4                IsrBtn1Pressed_StartEx
 .text.CsBtns_PWM_Enable
                0x000031f0       0x28 .\CortexM3\ARM_GCC_484\Debug\chickybot.a(CsBtns_PWM.o)
                0x000031f0                CsBtns_PWM_Enable
 .text.CsBtns_PWM_WritePeriod
                0x00003218        0xc .\CortexM3\ARM_GCC_484\Debug\chickybot.a(CsBtns_PWM.o)
                0x00003218                CsBtns_PWM_WritePeriod
 .text.CsBtns_PWM_WriteCompare
                0x00003224        0xc .\CortexM3\ARM_GCC_484\Debug\chickybot.a(CsBtns_PWM.o)
                0x00003224                CsBtns_PWM_WriteCompare
 .text.CsBtns_PWM_SetInterruptMode
                0x00003230        0xc .\CortexM3\ARM_GCC_484\Debug\chickybot.a(CsBtns_PWM.o)
                0x00003230                CsBtns_PWM_SetInterruptMode
 .text.CsBtns_PWM_Init
                0x0000323c       0x70 .\CortexM3\ARM_GCC_484\Debug\chickybot.a(CsBtns_PWM.o)
                0x0000323c                CsBtns_PWM_Init
 .text.CsBtns_PWM_Start
                0x000032ac       0x1c .\CortexM3\ARM_GCC_484\Debug\chickybot.a(CsBtns_PWM.o)
                0x000032ac                CsBtns_PWM_Start
 .text.IsrUsTimer_SetVector
                0x000032c8        0xc .\CortexM3\ARM_GCC_484\Debug\chickybot.a(IsrUsTimer.o)
                0x000032c8                IsrUsTimer_SetVector
 .text.IsrUsTimer_SetPriority
                0x000032d4       0x10 .\CortexM3\ARM_GCC_484\Debug\chickybot.a(IsrUsTimer.o)
                0x000032d4                IsrUsTimer_SetPriority
 .text.IsrUsTimer_Enable
                0x000032e4        0xc .\CortexM3\ARM_GCC_484\Debug\chickybot.a(IsrUsTimer.o)
                0x000032e4                IsrUsTimer_Enable
 .text.IsrUsTimer_Disable
                0x000032f0        0xc .\CortexM3\ARM_GCC_484\Debug\chickybot.a(IsrUsTimer.o)
                0x000032f0                IsrUsTimer_Disable
 .text.IsrUsTimer_StartEx
                0x000032fc       0x1c .\CortexM3\ARM_GCC_484\Debug\chickybot.a(IsrUsTimer.o)
                0x000032fc                IsrUsTimer_StartEx
 .text.UsTimer_Enable
                0x00003318       0x10 .\CortexM3\ARM_GCC_484\Debug\chickybot.a(UsTimer.o)
                0x00003318                UsTimer_Enable
 .text.UsTimer_SetInterruptMode
                0x00003328        0xc .\CortexM3\ARM_GCC_484\Debug\chickybot.a(UsTimer.o)
                0x00003328                UsTimer_SetInterruptMode
 .text.UsTimer_ReadStatusRegister
                0x00003334        0xc .\CortexM3\ARM_GCC_484\Debug\chickybot.a(UsTimer.o)
                0x00003334                UsTimer_ReadStatusRegister
 .text.UsTimer_WritePeriod
                0x00003340        0xc .\CortexM3\ARM_GCC_484\Debug\chickybot.a(UsTimer.o)
                0x00003340                UsTimer_WritePeriod
 .text.UsTimer_ReadCapture
                0x0000334c        0xc .\CortexM3\ARM_GCC_484\Debug\chickybot.a(UsTimer.o)
                0x0000334c                UsTimer_ReadCapture
 .text.UsTimer_WriteCounter
                0x00003358        0xc .\CortexM3\ARM_GCC_484\Debug\chickybot.a(UsTimer.o)
                0x00003358                UsTimer_WriteCounter
 .text.UsTimer_EnableTrigger
                0x00003364       0x10 .\CortexM3\ARM_GCC_484\Debug\chickybot.a(UsTimer.o)
                0x00003364                UsTimer_EnableTrigger
 .text.UsTimer_DisableTrigger
                0x00003374       0x10 .\CortexM3\ARM_GCC_484\Debug\chickybot.a(UsTimer.o)
                0x00003374                UsTimer_DisableTrigger
 .text.UsTimer_SetInterruptCount
                0x00003384       0x1c .\CortexM3\ARM_GCC_484\Debug\chickybot.a(UsTimer.o)
                0x00003384                UsTimer_SetInterruptCount
 .text.UsTimer_ClearFIFO
                0x000033a0       0x14 .\CortexM3\ARM_GCC_484\Debug\chickybot.a(UsTimer.o)
                0x000033a0                UsTimer_ClearFIFO
 .text.UsTimer_Init
                0x000033b4       0x40 .\CortexM3\ARM_GCC_484\Debug\chickybot.a(UsTimer.o)
                0x000033b4                UsTimer_Init
 .text.UsTimer_Start
                0x000033f4       0x1c .\CortexM3\ARM_GCC_484\Debug\chickybot.a(UsTimer.o)
                0x000033f4                UsTimer_Start
 .text.UsPWM_Enable
                0x00003410       0x10 .\CortexM3\ARM_GCC_484\Debug\chickybot.a(UsPWM.o)
                0x00003410                UsPWM_Enable
 .text.UsPWM_WriteCounter
                0x00003420        0xc .\CortexM3\ARM_GCC_484\Debug\chickybot.a(UsPWM.o)
                0x00003420                UsPWM_WriteCounter
 .text.UsPWM_WritePeriod
                0x0000342c        0xc .\CortexM3\ARM_GCC_484\Debug\chickybot.a(UsPWM.o)
                0x0000342c                UsPWM_WritePeriod
 .text.UsPWM_WriteCompare
                0x00003438        0xc .\CortexM3\ARM_GCC_484\Debug\chickybot.a(UsPWM.o)
                0x00003438                UsPWM_WriteCompare
 .text.UsPWM_SetInterruptMode
                0x00003444        0xc .\CortexM3\ARM_GCC_484\Debug\chickybot.a(UsPWM.o)
                0x00003444                UsPWM_SetInterruptMode
 .text.UsPWM_ReadStatusRegister
                0x00003450        0xc .\CortexM3\ARM_GCC_484\Debug\chickybot.a(UsPWM.o)
                0x00003450                UsPWM_ReadStatusRegister
 .text.UsPWM_ReadCapture
                0x0000345c        0xc .\CortexM3\ARM_GCC_484\Debug\chickybot.a(UsPWM.o)
                0x0000345c                UsPWM_ReadCapture
 .text.UsPWM_ClearFIFO
                0x00003468       0x14 .\CortexM3\ARM_GCC_484\Debug\chickybot.a(UsPWM.o)
                0x00003468                UsPWM_ClearFIFO
 .text.UsPWM_Init
                0x0000347c       0x64 .\CortexM3\ARM_GCC_484\Debug\chickybot.a(UsPWM.o)
                0x0000347c                UsPWM_Init
 .text.UsPWM_Start
                0x000034e0       0x1c .\CortexM3\ARM_GCC_484\Debug\chickybot.a(UsPWM.o)
                0x000034e0                UsPWM_Start
 .text.ElbowPos_Write
                0x000034fc       0x18 .\CortexM3\ARM_GCC_484\Debug\chickybot.a(ElbowPos.o)
                0x000034fc                ElbowPos_Write
 .text.ElbowNeg_Write
                0x00003514       0x18 .\CortexM3\ARM_GCC_484\Debug\chickybot.a(ElbowNeg.o)
                0x00003514                ElbowNeg_Write
 .text.ADC_CalcGain
                0x0000352c       0x64 .\CortexM3\ARM_GCC_484\Debug\chickybot.a(ADC.o)
 .text.ADC_Enable
                0x00003590       0x90 .\CortexM3\ARM_GCC_484\Debug\chickybot.a(ADC.o)
                0x00003590                ADC_Enable
 .text.ADC_SetResolution
                0x00003620       0x38 .\CortexM3\ARM_GCC_484\Debug\chickybot.a(ADC.o)
                0x00003620                ADC_SetResolution
 .text.ADC_Init
                0x00003658       0x3c .\CortexM3\ARM_GCC_484\Debug\chickybot.a(ADC.o)
                0x00003658                ADC_Init
 .text.ADC_Start
                0x00003694       0x1c .\CortexM3\ARM_GCC_484\Debug\chickybot.a(ADC.o)
                0x00003694                ADC_Start
 .text.ADC_StartConvert
                0x000036b0       0x10 .\CortexM3\ARM_GCC_484\Debug\chickybot.a(ADC.o)
                0x000036b0                ADC_StartConvert
 .text.ADC_IsEndConversion
                0x000036c0       0x24 .\CortexM3\ARM_GCC_484\Debug\chickybot.a(ADC.o)
                0x000036c0                ADC_IsEndConversion
 .text.ADC_GetResult16
                0x000036e4       0x18 .\CortexM3\ARM_GCC_484\Debug\chickybot.a(ADC.o)
                0x000036e4                ADC_GetResult16
 .text.ADC_CountsTo_mVolts
                0x000036fc       0x54 .\CortexM3\ARM_GCC_484\Debug\chickybot.a(ADC.o)
                0x000036fc                ADC_CountsTo_mVolts
 .text.ADC_ISR  0x00003750        0x4 .\CortexM3\ARM_GCC_484\Debug\chickybot.a(ADC_INT.o)
                0x00003750                ADC_ISR
 .text.AMux_Start
                0x00003754       0x20 .\CortexM3\ARM_GCC_484\Debug\chickybot.a(AMux.o)
                0x00003754                AMux_Start
 .text.AMux_FastSelect
                0x00003774       0x20 .\CortexM3\ARM_GCC_484\Debug\chickybot.a(AMux.o)
                0x00003774                AMux_FastSelect
 .text.ADC_theACLK_SetModeRegister
                0x00003794       0x14 .\CortexM3\ARM_GCC_484\Debug\chickybot.a(ADC_theACLK.o)
                0x00003794                ADC_theACLK_SetModeRegister
 .text.IsrMicroSwitch_SetVector
                0x000037a8        0xc .\CortexM3\ARM_GCC_484\Debug\chickybot.a(IsrMicroSwitch.o)
                0x000037a8                IsrMicroSwitch_SetVector
 .text.IsrMicroSwitch_SetPriority
                0x000037b4       0x10 .\CortexM3\ARM_GCC_484\Debug\chickybot.a(IsrMicroSwitch.o)
                0x000037b4                IsrMicroSwitch_SetPriority
 .text.IsrMicroSwitch_Enable
                0x000037c4        0xc .\CortexM3\ARM_GCC_484\Debug\chickybot.a(IsrMicroSwitch.o)
                0x000037c4                IsrMicroSwitch_Enable
 .text.IsrMicroSwitch_Disable
                0x000037d0        0xc .\CortexM3\ARM_GCC_484\Debug\chickybot.a(IsrMicroSwitch.o)
                0x000037d0                IsrMicroSwitch_Disable
 .text.IsrMicroSwitch_StartEx
                0x000037dc       0x1c .\CortexM3\ARM_GCC_484\Debug\chickybot.a(IsrMicroSwitch.o)
                0x000037dc                IsrMicroSwitch_StartEx
 .text.Fan_Write
                0x000037f8       0x18 .\CortexM3\ARM_GCC_484\Debug\chickybot.a(Fan.o)
                0x000037f8                Fan_Write
 .text.Fan_Read
                0x00003810       0x10 .\CortexM3\ARM_GCC_484\Debug\chickybot.a(Fan.o)
                0x00003810                Fan_Read
 .text.__libc_init_array
                0x00003820       0x4c c:/program files (x86)/cypress/psoc creator/3.2/psoc creator/import/gnu/arm/4.8.4/bin/../lib/gcc/arm-none-eabi/4.8.4/../../../../arm-none-eabi/lib/armv7-m\libg_s.a(lib_a-init.o)
                0x00003820                __libc_init_array
 .text.memcpy   0x0000386c       0x12 c:/program files (x86)/cypress/psoc creator/3.2/psoc creator/import/gnu/arm/4.8.4/bin/../lib/gcc/arm-none-eabi/4.8.4/../../../../arm-none-eabi/lib/armv7-m\libg_s.a(lib_a-memcpy-stub.o)
                0x0000386c                memcpy
 .text.memset   0x0000387e       0x10 c:/program files (x86)/cypress/psoc creator/3.2/psoc creator/import/gnu/arm/4.8.4/bin/../lib/gcc/arm-none-eabi/4.8.4/../../../../arm-none-eabi/lib/armv7-m\libg_s.a(lib_a-memset.o)
                0x0000387e                memset
 *(.plt)
 *(.gnu.warning)
 *(.glue_7t)
 .glue_7t       0x00000000        0x0 linker stubs
 *(.glue_7)
 .glue_7        0x00000000        0x0 linker stubs
 *(.vfp11_veneer)
 .vfp11_veneer  0x00000000        0x0 linker stubs
 *(.bootloader)
 *(.ARM.extab* .gnu.linkonce.armextab.*)
 *(.gcc_except_table)

.v4_bx          0x00003890        0x0
 .v4_bx         0x00000000        0x0 linker stubs

.iplt           0x00003890        0x0
 .iplt          0x00000000        0x0 c:/program files (x86)/cypress/psoc creator/3.2/psoc creator/import/gnu/arm/4.8.4/bin/../lib/gcc/arm-none-eabi/4.8.4/armv7-m/crtbegin.o

.eh_frame_hdr
 *(.eh_frame_hdr)

.eh_frame       0x00003890        0x4
 *(.eh_frame)
 .eh_frame      0x00003890        0x0 c:/program files (x86)/cypress/psoc creator/3.2/psoc creator/import/gnu/arm/4.8.4/bin/../lib/gcc/arm-none-eabi/4.8.4/armv7-m/crtbegin.o
 .eh_frame      0x00003890        0x4 c:/program files (x86)/cypress/psoc creator/3.2/psoc creator/import/gnu/arm/4.8.4/bin/../lib/gcc/arm-none-eabi/4.8.4/armv7-m/crtend.o
                0x00003894                PROVIDE (__exidx_start, .)

.ARM.exidx
 *(.ARM.exidx* .gnu.linkonce.armexidx.*)
                0x00003894                __exidx_end = .

.rodata         0x00003894      0x5e4
 *(.rodata .rodata.* .gnu.linkonce.r.*)
 .rodata.str1.4
                0x00003894       0x17 .\CortexM3\ARM_GCC_484\Debug\main.o
                                 0x18 (size before relaxing)
 *fill*         0x000038ab        0x1 
 .rodata.str1.4
                0x000038ac        0x4 .\CortexM3\ARM_GCC_484\Debug\motion.o
 .rodata        0x000038b0      0x590 .\CortexM3\ARM_GCC_484\Debug\chickybot.a(cyfitter_cfg.o)
                0x000038b0                AMux__addrTable
                0x000038bc                AMux__maskTable
                0x00003e40                . = ALIGN (0x4)
 *(.init)
 .init          0x00003e40        0x4 c:/program files (x86)/cypress/psoc creator/3.2/psoc creator/import/gnu/arm/4.8.4/bin/../lib/gcc/arm-none-eabi/4.8.4/armv7-m/crti.o
                0x00003e40                _init
 .init          0x00003e44        0x8 c:/program files (x86)/cypress/psoc creator/3.2/psoc creator/import/gnu/arm/4.8.4/bin/../lib/gcc/arm-none-eabi/4.8.4/armv7-m/crtn.o
                0x00003e4c                . = ALIGN (0x4)
                0x00003e4c                __preinit_array_start = .
 *(.preinit_array)
                0x00003e4c                __preinit_array_end = .
                0x00003e4c                . = ALIGN (0x4)
                0x00003e4c                __init_array_start = .
 *(SORT(.init_array.*))
 *(.init_array)
 .init_array    0x00003e4c        0x4 c:/program files (x86)/cypress/psoc creator/3.2/psoc creator/import/gnu/arm/4.8.4/bin/../lib/gcc/arm-none-eabi/4.8.4/armv7-m/crtbegin.o
 .init_array    0x00003e50        0x4 .\CortexM3\ARM_GCC_484\Debug\Cm3Start.o
                0x00003e54                __init_array_end = .
                0x00003e54                . = ALIGN (0x4)
 *(.fini)
 .fini          0x00003e54        0x4 c:/program files (x86)/cypress/psoc creator/3.2/psoc creator/import/gnu/arm/4.8.4/bin/../lib/gcc/arm-none-eabi/4.8.4/armv7-m/crti.o
                0x00003e54                _fini
 .fini          0x00003e58        0x8 c:/program files (x86)/cypress/psoc creator/3.2/psoc creator/import/gnu/arm/4.8.4/bin/../lib/gcc/arm-none-eabi/4.8.4/armv7-m/crtn.o
                0x00003e60                . = ALIGN (0x4)
                0x00003e60                __fini_array_start = .
 *(.fini_array)
 .fini_array    0x00003e60        0x4 c:/program files (x86)/cypress/psoc creator/3.2/psoc creator/import/gnu/arm/4.8.4/bin/../lib/gcc/arm-none-eabi/4.8.4/armv7-m/crtbegin.o
 *(SORT(.fini_array.*))
                0x00003e64                __fini_array_end = .
                0x00003e64                . = ALIGN (0x4)
 *crtbegin.o(.ctors)
 *(EXCLUDE_FILE(*crtend.o) .ctors)
 *(SORT(.ctors.*))
 *crtend.o(.ctors)
                0x00003e64                . = ALIGN (0x4)
 *crtbegin.o(.dtors)
 *(EXCLUDE_FILE(*crtend.o) .dtors)
 *(SORT(.dtors.*))
 *crtend.o(.dtors)
                0x00003e64                . = ALIGN (0x4)
                0x00003e64                __cy_regions = .
                0x00003e64        0x4 LONG 0x3e78 __cy_region_init_ram
                0x00003e68        0x4 LONG 0x1fff8108 __cy_region_start_data
                0x00003e6c        0x4 LONG 0x20 __cy_region_init_size_ram
                0x00003e70        0x4 LONG 0x38 __cy_region_zero_size_ram
                0x00003e74                __cy_regions_end = .
                0x00003e78                . = ALIGN (0x8)
 *fill*         0x00003e74        0x4 
                0x00003e78                _etext = .

.ramvectors     0x1fff8000      0x100
                0x1fff8000                __cy_region_start_ram = .
 *(.ramvectors)
 .ramvectors    0x1fff8000      0x100 .\CortexM3\ARM_GCC_484\Debug\Cm3Start.o
                0x1fff8000                CyRamVectors

.noinit         0x1fff8100        0x5
 *(.noinit)
 .noinit        0x1fff8100        0x4 .\CortexM3\ARM_GCC_484\Debug\Cm3Start.o
 .noinit        0x1fff8104        0x1 .\CortexM3\ARM_GCC_484\Debug\chickybot.a(CyLib.o)
                0x1fff8104                CyResetStatus

.data           0x1fff8108       0x20 load address 0x00003e78
                0x1fff8108                __cy_region_start_data = .
 *(.jcr)
 .jcr           0x1fff8108        0x0 c:/program files (x86)/cypress/psoc creator/3.2/psoc creator/import/gnu/arm/4.8.4/bin/../lib/gcc/arm-none-eabi/4.8.4/armv7-m/crtbegin.o
 .jcr           0x1fff8108        0x4 c:/program files (x86)/cypress/psoc creator/3.2/psoc creator/import/gnu/arm/4.8.4/bin/../lib/gcc/arm-none-eabi/4.8.4/armv7-m/crtend.o
 *(.got.plt)
 *(.got)
 *(.shdata)
 *(.data .data.* .gnu.linkonce.d.*)
 .data          0x1fff810c        0x8 .\CortexM3\ARM_GCC_484\Debug\chickybot.a(CyDmac.o)
 .data          0x1fff8114       0x10 .\CortexM3\ARM_GCC_484\Debug\chickybot.a(CyLib.o)
                0x1fff8114                cydelay_32k_ms
                0x1fff8118                cydelay_freq_khz
                0x1fff811c                cydelay_freq_mhz
                0x1fff8120                cydelay_freq_hz
 .data          0x1fff8124        0x1 .\CortexM3\ARM_GCC_484\Debug\chickybot.a(AMux.o)
                0x1fff8128                . = ALIGN (0x8)
 *fill*         0x1fff8125        0x3 
 *(.ram)
                0x1fff8128                _edata = .

.igot.plt       0x1fff8128        0x0 load address 0x00003e98
 .igot.plt      0x00000000        0x0 c:/program files (x86)/cypress/psoc creator/3.2/psoc creator/import/gnu/arm/4.8.4/bin/../lib/gcc/arm-none-eabi/4.8.4/armv7-m/crtbegin.o

.bss            0x1fff8128       0x38 load address 0x00003e98
                0x1fff8128                PROVIDE (__bss_start__, .)
 *(.shbss)
 *(.bss .bss.* .gnu.linkonce.b.*)
 .bss           0x1fff8128       0x1c c:/program files (x86)/cypress/psoc creator/3.2/psoc creator/import/gnu/arm/4.8.4/bin/../lib/gcc/arm-none-eabi/4.8.4/armv7-m/crtbegin.o
 .bss           0x1fff8144        0x2 .\CortexM3\ARM_GCC_484\Debug\chickybot.a(Lcd.o)
                0x1fff8144                Lcd_enableState
                0x1fff8145                Lcd_initVar
 .bss           0x1fff8146        0x1 .\CortexM3\ARM_GCC_484\Debug\chickybot.a(CsBtns_PWM.o)
                0x1fff8146                CsBtns_PWM_initVar
 .bss           0x1fff8147        0x1 .\CortexM3\ARM_GCC_484\Debug\chickybot.a(UsTimer.o)
                0x1fff8147                UsTimer_initVar
 .bss           0x1fff8148        0x1 .\CortexM3\ARM_GCC_484\Debug\chickybot.a(UsPWM.o)
                0x1fff8148                UsPWM_initVar
 .bss           0x1fff8149        0x1 .\CortexM3\ARM_GCC_484\Debug\chickybot.a(ADC.o)
                0x1fff8149                ADC_initVar
 *(COMMON)
 *fill*         0x1fff814a        0x2 
 COMMON         0x1fff814c        0x8 .\CortexM3\ARM_GCC_484\Debug\sensors.o
                0x1fff814c                rc
                0x1fff8150                dist
 COMMON         0x1fff8154        0xa .\CortexM3\ARM_GCC_484\Debug\chickybot.a(ADC.o)
                0x1fff8154                ADC_countsPer10Volt
                0x1fff8158                ADC_shift
                0x1fff815a                ADC_countsPerVolt
                0x1fff815c                ADC_offset
                0x1fff8160                . = ALIGN (0x8)
 *fill*         0x1fff815e        0x2 
 *(.ram.b)
                0x1fff8160                _end = .
                0x1fff8160                __end = .
                0x1fff8160                PROVIDE (end, .)
                0x1fff8160                PROVIDE (__bss_end__, .)
                0x00003e78                __cy_region_init_ram = LOADADDR (.data)
                0x00000020                __cy_region_init_size_ram = (_edata - ADDR (.data))
                0x00000038                __cy_region_zero_size_ram = (_end - _edata)

.heap           0x1fff8160       0x80 load address 0x00003e98
                0x1fff8160                . = _end
                0x1fff81e0                . = (. + 0x80)
 *fill*         0x1fff8160       0x80 
                0x1fff81e0                __cy_heap_limit = .

.stack          0x20007800      0x800
                0x20007800                __cy_stack_limit = .
                0x20008000                . = (. + 0x800)
 *fill*         0x20007800      0x800 
                0x00000001                ASSERT ((__cy_stack_limit >= __cy_heap_limit), region RAM overflowed with stack)

.cyloadermeta   0xf0000000       0x40
 *(.cyloadermeta)
 .cyloadermeta  0xf0000000       0x40 .\CortexM3\ARM_GCC_484\Debug\cybootloader.o
                0xf0000000                cy_meta_loader

.cyloadablemeta
                0x0003ffc0       0x40
 *(.cyloadablemeta)
 .cyloadablemeta
                0x0003ffc0       0x40 .\CortexM3\ARM_GCC_484\Debug\cymetadata.o
                0x0003ffc0                cy_meta_loadable

.cyconfigecc
 *(.cyconfigecc)

.cycustnvl      0x90000000        0x4
 *(.cycustnvl)
 .cycustnvl     0x90000000        0x4 .\CortexM3\ARM_GCC_484\Debug\cybootloader.o
                0x90000000                cy_meta_custnvl

.cywolatch      0x90100000        0x4
 *(.cywolatch)
 .cywolatch     0x90100000        0x4 .\CortexM3\ARM_GCC_484\Debug\cybootloader.o
                0x90100000                cy_meta_wonvl

.cyeeprom       0x90200000        0x0
 *(.cyeeprom)
                0x00000001                ASSERT ((. <= ((0x90200000 + ee_offset) + ee_size)), .cyeeprom data will not fit in EEPROM)

.cyflashprotect
                0x90400000      0x100
 *(.cyflashprotect)
 .cyflashprotect
                0x90400000      0x100 .\CortexM3\ARM_GCC_484\Debug\cybootloader.o
                0x90400000                cy_meta_flashprotect

.cymeta         0x90500000        0xc
 *(.cymeta)
 .cymeta        0x90500000        0xc .\CortexM3\ARM_GCC_484\Debug\cybootloader.o
                0x90500000                cy_metadata

.rel.dyn        0x00040000        0x0 load address 0x9050000c
 .rel.iplt      0x00000000        0x0 c:/program files (x86)/cypress/psoc creator/3.2/psoc creator/import/gnu/arm/4.8.4/bin/../lib/gcc/arm-none-eabi/4.8.4/armv7-m/crtbegin.o

.stab
 *(.stab)

.stabstr
 *(.stabstr)

.debug
 *(.debug)

.line
 *(.line)

.debug_srcinfo
 *(.debug_srcinfo)

.debug_sfnames
 *(.debug_sfnames)

.debug_aranges  0x00000000     0x1070
 *(.debug_aranges)
 .debug_aranges
                0x00000000       0x48 .\CortexM3\ARM_GCC_484\Debug\main.o
 .debug_aranges
                0x00000048       0x30 .\CortexM3\ARM_GCC_484\Debug\cv.o
 .debug_aranges
                0x00000078       0x38 .\CortexM3\ARM_GCC_484\Debug\sensors.o
 .debug_aranges
                0x000000b0       0x68 .\CortexM3\ARM_GCC_484\Debug\motion.o
 .debug_aranges
                0x00000118       0x18 .\CortexM3\ARM_GCC_484\Debug\cymetadata.o
 .debug_aranges
                0x00000130       0x48 .\CortexM3\ARM_GCC_484\Debug\Cm3Start.o
 .debug_aranges
                0x00000178       0x18 .\CortexM3\ARM_GCC_484\Debug\cybootloader.o
 .debug_aranges
                0x00000190       0x70 .\CortexM3\ARM_GCC_484\Debug\chickybot.a(cyfitter_cfg.o)
 .debug_aranges
                0x00000200       0x20 .\CortexM3\ARM_GCC_484\Debug\chickybot.a(CyBootAsmGnu.o)
 .debug_aranges
                0x00000220       0xd8 .\CortexM3\ARM_GCC_484\Debug\chickybot.a(CyDmac.o)
 .debug_aranges
                0x000002f8      0x298 .\CortexM3\ARM_GCC_484\Debug\chickybot.a(CyLib.o)
 .debug_aranges
                0x00000590       0x98 .\CortexM3\ARM_GCC_484\Debug\chickybot.a(cyPm.o)
 .debug_aranges
                0x00000628       0x38 .\CortexM3\ARM_GCC_484\Debug\chickybot.a(LedRed.o)
 .debug_aranges
                0x00000660       0x38 .\CortexM3\ARM_GCC_484\Debug\chickybot.a(LedGreen.o)
 .debug_aranges
                0x00000698       0x38 .\CortexM3\ARM_GCC_484\Debug\chickybot.a(LedBlue.o)
 .debug_aranges
                0x000006d0       0x90 .\CortexM3\ARM_GCC_484\Debug\chickybot.a(Lcd.o)
 .debug_aranges
                0x00000760       0x80 .\CortexM3\ARM_GCC_484\Debug\chickybot.a(IsrBtn0Pressed.o)
 .debug_aranges
                0x000007e0       0x80 .\CortexM3\ARM_GCC_484\Debug\chickybot.a(IsrBtn1Pressed.o)
 .debug_aranges
                0x00000860       0x78 .\CortexM3\ARM_GCC_484\Debug\chickybot.a(CsBtns_PWM.o)
 .debug_aranges
                0x000008d8       0x58 .\CortexM3\ARM_GCC_484\Debug\chickybot.a(Camera.o)
 .debug_aranges
                0x00000930       0x28 .\CortexM3\ARM_GCC_484\Debug\chickybot.a(Camera_DMA_dma.o)
 .debug_aranges
                0x00000958       0x38 .\CortexM3\ARM_GCC_484\Debug\chickybot.a(Camera_VSYNC.o)
 .debug_aranges
                0x00000990       0x38 .\CortexM3\ARM_GCC_484\Debug\chickybot.a(Camera_SIOD.o)
 .debug_aranges
                0x000009c8       0x38 .\CortexM3\ARM_GCC_484\Debug\chickybot.a(Camera_SIOC.o)
 .debug_aranges
                0x00000a00       0x38 .\CortexM3\ARM_GCC_484\Debug\chickybot.a(Camera_I2C.o)
 .debug_aranges
                0x00000a38       0x20 .\CortexM3\ARM_GCC_484\Debug\chickybot.a(Camera_I2C_INT.o)
 .debug_aranges
                0x00000a58       0x38 .\CortexM3\ARM_GCC_484\Debug\chickybot.a(Camera_I2C_PM.o)
 .debug_aranges
                0x00000a90       0x80 .\CortexM3\ARM_GCC_484\Debug\chickybot.a(Camera_I2C_MASTER.o)
 .debug_aranges
                0x00000b10       0x80 .\CortexM3\ARM_GCC_484\Debug\chickybot.a(IsrUsTimer.o)
 .debug_aranges
                0x00000b90       0xa8 .\CortexM3\ARM_GCC_484\Debug\chickybot.a(UsTimer.o)
 .debug_aranges
                0x00000c38       0x98 .\CortexM3\ARM_GCC_484\Debug\chickybot.a(UsPWM.o)
 .debug_aranges
                0x00000cd0       0x38 .\CortexM3\ARM_GCC_484\Debug\chickybot.a(ElbowPos.o)
 .debug_aranges
                0x00000d08       0x38 .\CortexM3\ARM_GCC_484\Debug\chickybot.a(ElbowNeg.o)
 .debug_aranges
                0x00000d40       0xa8 .\CortexM3\ARM_GCC_484\Debug\chickybot.a(ADC.o)
 .debug_aranges
                0x00000de8       0x20 .\CortexM3\ARM_GCC_484\Debug\chickybot.a(ADC_INT.o)
 .debug_aranges
                0x00000e08       0x30 .\CortexM3\ARM_GCC_484\Debug\chickybot.a(AMux.o)
 .debug_aranges
                0x00000e38       0x70 .\CortexM3\ARM_GCC_484\Debug\chickybot.a(ADC_theACLK.o)
 .debug_aranges
                0x00000ea8       0x80 .\CortexM3\ARM_GCC_484\Debug\chickybot.a(IsrMicroSwitch.o)
 .debug_aranges
                0x00000f28       0x38 .\CortexM3\ARM_GCC_484\Debug\chickybot.a(Fan.o)
 .debug_aranges
                0x00000f60       0x80 .\CortexM3\ARM_GCC_484\Debug\chickybot.a(CyFlash.o)
 .debug_aranges
                0x00000fe0       0x78 .\CortexM3\ARM_GCC_484\Debug\chickybot.a(CySpc.o)
 .debug_aranges
                0x00001058       0x18 .\CortexM3\ARM_GCC_484\Debug\chickybot.a(Camera_settings.o)

.debug_pubnames
 *(.debug_pubnames)

.debug_info     0x00000000     0x98bf
 *(.debug_info .gnu.linkonce.wi.*)
 .debug_info    0x00000000      0x662 .\CortexM3\ARM_GCC_484\Debug\main.o
 .debug_info    0x00000662      0x31c .\CortexM3\ARM_GCC_484\Debug\cv.o
 .debug_info    0x0000097e      0x5e8 .\CortexM3\ARM_GCC_484\Debug\sensors.o
 .debug_info    0x00000f66      0x5ea .\CortexM3\ARM_GCC_484\Debug\motion.o
 .debug_info    0x00001550       0xb1 .\CortexM3\ARM_GCC_484\Debug\cymetadata.o
 .debug_info    0x00001601      0x3af .\CortexM3\ARM_GCC_484\Debug\Cm3Start.o
 .debug_info    0x000019b0      0x164 .\CortexM3\ARM_GCC_484\Debug\cybootloader.o
 .debug_info    0x00001b14      0x80c .\CortexM3\ARM_GCC_484\Debug\chickybot.a(cyfitter_cfg.o)
 .debug_info    0x00002320       0xd0 .\CortexM3\ARM_GCC_484\Debug\chickybot.a(CyBootAsmGnu.o)
 .debug_info    0x000023f0      0x93f .\CortexM3\ARM_GCC_484\Debug\chickybot.a(CyDmac.o)
 .debug_info    0x00002d2f     0x1373 .\CortexM3\ARM_GCC_484\Debug\chickybot.a(CyLib.o)
 .debug_info    0x000040a2      0xa56 .\CortexM3\ARM_GCC_484\Debug\chickybot.a(cyPm.o)
 .debug_info    0x00004af8      0x120 .\CortexM3\ARM_GCC_484\Debug\chickybot.a(LedRed.o)
 .debug_info    0x00004c18      0x120 .\CortexM3\ARM_GCC_484\Debug\chickybot.a(LedGreen.o)
 .debug_info    0x00004d38      0x120 .\CortexM3\ARM_GCC_484\Debug\chickybot.a(LedBlue.o)
 .debug_info    0x00004e58      0x69e .\CortexM3\ARM_GCC_484\Debug\chickybot.a(Lcd.o)
 .debug_info    0x000054f6      0x2c7 .\CortexM3\ARM_GCC_484\Debug\chickybot.a(IsrBtn0Pressed.o)
 .debug_info    0x000057bd      0x2c7 .\CortexM3\ARM_GCC_484\Debug\chickybot.a(IsrBtn1Pressed.o)
 .debug_info    0x00005a84      0x275 .\CortexM3\ARM_GCC_484\Debug\chickybot.a(CsBtns_PWM.o)
 .debug_info    0x00005cf9      0x687 .\CortexM3\ARM_GCC_484\Debug\chickybot.a(Camera.o)
 .debug_info    0x00006380      0x1fb .\CortexM3\ARM_GCC_484\Debug\chickybot.a(Camera_DMA_dma.o)
 .debug_info    0x0000657b      0x120 .\CortexM3\ARM_GCC_484\Debug\chickybot.a(Camera_VSYNC.o)
 .debug_info    0x0000669b      0x120 .\CortexM3\ARM_GCC_484\Debug\chickybot.a(Camera_SIOD.o)
 .debug_info    0x000067bb      0x120 .\CortexM3\ARM_GCC_484\Debug\chickybot.a(Camera_SIOC.o)
 .debug_info    0x000068db      0x2d6 .\CortexM3\ARM_GCC_484\Debug\chickybot.a(Camera_I2C.o)
 .debug_info    0x00006bb1      0x17d .\CortexM3\ARM_GCC_484\Debug\chickybot.a(Camera_I2C_INT.o)
 .debug_info    0x00006d2e      0x1fb .\CortexM3\ARM_GCC_484\Debug\chickybot.a(Camera_I2C_PM.o)
 .debug_info    0x00006f29      0x3fe .\CortexM3\ARM_GCC_484\Debug\chickybot.a(Camera_I2C_MASTER.o)
 .debug_info    0x00007327      0x2c7 .\CortexM3\ARM_GCC_484\Debug\chickybot.a(IsrUsTimer.o)
 .debug_info    0x000075ee      0x350 .\CortexM3\ARM_GCC_484\Debug\chickybot.a(UsTimer.o)
 .debug_info    0x0000793e      0x34a .\CortexM3\ARM_GCC_484\Debug\chickybot.a(UsPWM.o)
 .debug_info    0x00007c88      0x120 .\CortexM3\ARM_GCC_484\Debug\chickybot.a(ElbowPos.o)
 .debug_info    0x00007da8      0x120 .\CortexM3\ARM_GCC_484\Debug\chickybot.a(ElbowNeg.o)
 .debug_info    0x00007ec8      0x5f4 .\CortexM3\ARM_GCC_484\Debug\chickybot.a(ADC.o)
 .debug_info    0x000084bc       0x92 .\CortexM3\ARM_GCC_484\Debug\chickybot.a(ADC_INT.o)
 .debug_info    0x0000854e      0x14d .\CortexM3\ARM_GCC_484\Debug\chickybot.a(AMux.o)
 .debug_info    0x0000869b      0x283 .\CortexM3\ARM_GCC_484\Debug\chickybot.a(ADC_theACLK.o)
 .debug_info    0x0000891e      0x2c7 .\CortexM3\ARM_GCC_484\Debug\chickybot.a(IsrMicroSwitch.o)
 .debug_info    0x00008be5      0x120 .\CortexM3\ARM_GCC_484\Debug\chickybot.a(Fan.o)
 .debug_info    0x00008d05      0x5e4 .\CortexM3\ARM_GCC_484\Debug\chickybot.a(CyFlash.o)
 .debug_info    0x000092e9      0x4da .\CortexM3\ARM_GCC_484\Debug\chickybot.a(CySpc.o)
 .debug_info    0x000097c3       0xfc .\CortexM3\ARM_GCC_484\Debug\chickybot.a(Camera_settings.o)

.debug_abbrev   0x00000000     0x313a
 *(.debug_abbrev)
 .debug_abbrev  0x00000000      0x19c .\CortexM3\ARM_GCC_484\Debug\main.o
 .debug_abbrev  0x0000019c      0x15b .\CortexM3\ARM_GCC_484\Debug\cv.o
 .debug_abbrev  0x000002f7      0x154 .\CortexM3\ARM_GCC_484\Debug\sensors.o
 .debug_abbrev  0x0000044b      0x168 .\CortexM3\ARM_GCC_484\Debug\motion.o
 .debug_abbrev  0x000005b3       0x5d .\CortexM3\ARM_GCC_484\Debug\cymetadata.o
 .debug_abbrev  0x00000610      0x20d .\CortexM3\ARM_GCC_484\Debug\Cm3Start.o
 .debug_abbrev  0x0000081d       0x77 .\CortexM3\ARM_GCC_484\Debug\cybootloader.o
 .debug_abbrev  0x00000894      0x231 .\CortexM3\ARM_GCC_484\Debug\chickybot.a(cyfitter_cfg.o)
 .debug_abbrev  0x00000ac5       0x14 .\CortexM3\ARM_GCC_484\Debug\chickybot.a(CyBootAsmGnu.o)
 .debug_abbrev  0x00000ad9      0x1cc .\CortexM3\ARM_GCC_484\Debug\chickybot.a(CyDmac.o)
 .debug_abbrev  0x00000ca5      0x296 .\CortexM3\ARM_GCC_484\Debug\chickybot.a(CyLib.o)
 .debug_abbrev  0x00000f3b      0x1fa .\CortexM3\ARM_GCC_484\Debug\chickybot.a(cyPm.o)
 .debug_abbrev  0x00001135       0x9d .\CortexM3\ARM_GCC_484\Debug\chickybot.a(LedRed.o)
 .debug_abbrev  0x000011d2       0x9d .\CortexM3\ARM_GCC_484\Debug\chickybot.a(LedGreen.o)
 .debug_abbrev  0x0000126f       0x9d .\CortexM3\ARM_GCC_484\Debug\chickybot.a(LedBlue.o)
 .debug_abbrev  0x0000130c      0x17e .\CortexM3\ARM_GCC_484\Debug\chickybot.a(Lcd.o)
 .debug_abbrev  0x0000148a      0x157 .\CortexM3\ARM_GCC_484\Debug\chickybot.a(IsrBtn0Pressed.o)
 .debug_abbrev  0x000015e1      0x157 .\CortexM3\ARM_GCC_484\Debug\chickybot.a(IsrBtn1Pressed.o)
 .debug_abbrev  0x00001738      0x13a .\CortexM3\ARM_GCC_484\Debug\chickybot.a(CsBtns_PWM.o)
 .debug_abbrev  0x00001872      0x1f2 .\CortexM3\ARM_GCC_484\Debug\chickybot.a(Camera.o)
 .debug_abbrev  0x00001a64       0xf8 .\CortexM3\ARM_GCC_484\Debug\chickybot.a(Camera_DMA_dma.o)
 .debug_abbrev  0x00001b5c       0x9d .\CortexM3\ARM_GCC_484\Debug\chickybot.a(Camera_VSYNC.o)
 .debug_abbrev  0x00001bf9       0x9d .\CortexM3\ARM_GCC_484\Debug\chickybot.a(Camera_SIOD.o)
 .debug_abbrev  0x00001c96       0x9d .\CortexM3\ARM_GCC_484\Debug\chickybot.a(Camera_SIOC.o)
 .debug_abbrev  0x00001d33      0x15c .\CortexM3\ARM_GCC_484\Debug\chickybot.a(Camera_I2C.o)
 .debug_abbrev  0x00001e8f       0xca .\CortexM3\ARM_GCC_484\Debug\chickybot.a(Camera_I2C_INT.o)
 .debug_abbrev  0x00001f59      0x12b .\CortexM3\ARM_GCC_484\Debug\chickybot.a(Camera_I2C_PM.o)
 .debug_abbrev  0x00002084      0x149 .\CortexM3\ARM_GCC_484\Debug\chickybot.a(Camera_I2C_MASTER.o)
 .debug_abbrev  0x000021cd      0x157 .\CortexM3\ARM_GCC_484\Debug\chickybot.a(IsrUsTimer.o)
 .debug_abbrev  0x00002324      0x161 .\CortexM3\ARM_GCC_484\Debug\chickybot.a(UsTimer.o)
 .debug_abbrev  0x00002485      0x15a .\CortexM3\ARM_GCC_484\Debug\chickybot.a(UsPWM.o)
 .debug_abbrev  0x000025df       0x9d .\CortexM3\ARM_GCC_484\Debug\chickybot.a(ElbowPos.o)
 .debug_abbrev  0x0000267c       0x9d .\CortexM3\ARM_GCC_484\Debug\chickybot.a(ElbowNeg.o)
 .debug_abbrev  0x00002719      0x1f8 .\CortexM3\ARM_GCC_484\Debug\chickybot.a(ADC.o)
 .debug_abbrev  0x00002911       0x42 .\CortexM3\ARM_GCC_484\Debug\chickybot.a(ADC_INT.o)
 .debug_abbrev  0x00002953       0xcb .\CortexM3\ARM_GCC_484\Debug\chickybot.a(AMux.o)
 .debug_abbrev  0x00002a1e      0x137 .\CortexM3\ARM_GCC_484\Debug\chickybot.a(ADC_theACLK.o)
 .debug_abbrev  0x00002b55      0x157 .\CortexM3\ARM_GCC_484\Debug\chickybot.a(IsrMicroSwitch.o)
 .debug_abbrev  0x00002cac       0x9d .\CortexM3\ARM_GCC_484\Debug\chickybot.a(Fan.o)
 .debug_abbrev  0x00002d49      0x1de .\CortexM3\ARM_GCC_484\Debug\chickybot.a(CyFlash.o)
 .debug_abbrev  0x00002f27      0x1ce .\CortexM3\ARM_GCC_484\Debug\chickybot.a(CySpc.o)
 .debug_abbrev  0x000030f5       0x45 .\CortexM3\ARM_GCC_484\Debug\chickybot.a(Camera_settings.o)

.debug_line     0x00000000     0x4154
 *(.debug_line)
 .debug_line    0x00000000      0x344 .\CortexM3\ARM_GCC_484\Debug\main.o
 .debug_line    0x00000344      0x376 .\CortexM3\ARM_GCC_484\Debug\cv.o
 .debug_line    0x000006ba      0x1f5 .\CortexM3\ARM_GCC_484\Debug\sensors.o
 .debug_line    0x000008af      0x26a .\CortexM3\ARM_GCC_484\Debug\motion.o
 .debug_line    0x00000b19       0x53 .\CortexM3\ARM_GCC_484\Debug\cymetadata.o
 .debug_line    0x00000b6c      0x242 .\CortexM3\ARM_GCC_484\Debug\Cm3Start.o
 .debug_line    0x00000dae       0x55 .\CortexM3\ARM_GCC_484\Debug\cybootloader.o
 .debug_line    0x00000e03      0x232 .\CortexM3\ARM_GCC_484\Debug\chickybot.a(cyfitter_cfg.o)
 .debug_line    0x00001035       0x68 .\CortexM3\ARM_GCC_484\Debug\chickybot.a(CyBootAsmGnu.o)
 .debug_line    0x0000109d      0x2de .\CortexM3\ARM_GCC_484\Debug\chickybot.a(CyDmac.o)
 .debug_line    0x0000137b      0x818 .\CortexM3\ARM_GCC_484\Debug\chickybot.a(CyLib.o)
 .debug_line    0x00001b93      0x366 .\CortexM3\ARM_GCC_484\Debug\chickybot.a(cyPm.o)
 .debug_line    0x00001ef9       0x95 .\CortexM3\ARM_GCC_484\Debug\chickybot.a(LedRed.o)
 .debug_line    0x00001f8e       0x97 .\CortexM3\ARM_GCC_484\Debug\chickybot.a(LedGreen.o)
 .debug_line    0x00002025       0x96 .\CortexM3\ARM_GCC_484\Debug\chickybot.a(LedBlue.o)
 .debug_line    0x000020bb      0x1a4 .\CortexM3\ARM_GCC_484\Debug\chickybot.a(Lcd.o)
 .debug_line    0x0000225f      0x154 .\CortexM3\ARM_GCC_484\Debug\chickybot.a(IsrBtn0Pressed.o)
 .debug_line    0x000023b3      0x154 .\CortexM3\ARM_GCC_484\Debug\chickybot.a(IsrBtn1Pressed.o)
 .debug_line    0x00002507      0x13a .\CortexM3\ARM_GCC_484\Debug\chickybot.a(CsBtns_PWM.o)
 .debug_line    0x00002641      0x2d0 .\CortexM3\ARM_GCC_484\Debug\chickybot.a(Camera.o)
 .debug_line    0x00002911       0xa0 .\CortexM3\ARM_GCC_484\Debug\chickybot.a(Camera_DMA_dma.o)
 .debug_line    0x000029b1       0x9b .\CortexM3\ARM_GCC_484\Debug\chickybot.a(Camera_VSYNC.o)
 .debug_line    0x00002a4c       0x9a .\CortexM3\ARM_GCC_484\Debug\chickybot.a(Camera_SIOD.o)
 .debug_line    0x00002ae6       0x9a .\CortexM3\ARM_GCC_484\Debug\chickybot.a(Camera_SIOC.o)
 .debug_line    0x00002b80       0xf0 .\CortexM3\ARM_GCC_484\Debug\chickybot.a(Camera_I2C.o)
 .debug_line    0x00002c70      0x124 .\CortexM3\ARM_GCC_484\Debug\chickybot.a(Camera_I2C_INT.o)
 .debug_line    0x00002d94       0xcb .\CortexM3\ARM_GCC_484\Debug\chickybot.a(Camera_I2C_PM.o)
 .debug_line    0x00002e5f      0x217 .\CortexM3\ARM_GCC_484\Debug\chickybot.a(Camera_I2C_MASTER.o)
 .debug_line    0x00003076      0x150 .\CortexM3\ARM_GCC_484\Debug\chickybot.a(IsrUsTimer.o)
 .debug_line    0x000031c6      0x1ad .\CortexM3\ARM_GCC_484\Debug\chickybot.a(UsTimer.o)
 .debug_line    0x00003373      0x18e .\CortexM3\ARM_GCC_484\Debug\chickybot.a(UsPWM.o)
 .debug_line    0x00003501       0x97 .\CortexM3\ARM_GCC_484\Debug\chickybot.a(ElbowPos.o)
 .debug_line    0x00003598       0x97 .\CortexM3\ARM_GCC_484\Debug\chickybot.a(ElbowNeg.o)
 .debug_line    0x0000362f      0x213 .\CortexM3\ARM_GCC_484\Debug\chickybot.a(ADC.o)
 .debug_line    0x00003842       0x52 .\CortexM3\ARM_GCC_484\Debug\chickybot.a(ADC_INT.o)
 .debug_line    0x00003894       0xaa .\CortexM3\ARM_GCC_484\Debug\chickybot.a(AMux.o)
 .debug_line    0x0000393e      0x19b .\CortexM3\ARM_GCC_484\Debug\chickybot.a(ADC_theACLK.o)
 .debug_line    0x00003ad9      0x154 .\CortexM3\ARM_GCC_484\Debug\chickybot.a(IsrMicroSwitch.o)
 .debug_line    0x00003c2d       0x92 .\CortexM3\ARM_GCC_484\Debug\chickybot.a(Fan.o)
 .debug_line    0x00003cbf      0x228 .\CortexM3\ARM_GCC_484\Debug\chickybot.a(CyFlash.o)
 .debug_line    0x00003ee7      0x222 .\CortexM3\ARM_GCC_484\Debug\chickybot.a(CySpc.o)
 .debug_line    0x00004109       0x4b .\CortexM3\ARM_GCC_484\Debug\chickybot.a(Camera_settings.o)

.debug_frame    0x00000000     0x2798
 *(.debug_frame)
 .debug_frame   0x00000000       0xc8 .\CortexM3\ARM_GCC_484\Debug\main.o
 .debug_frame   0x000000c8       0x7c .\CortexM3\ARM_GCC_484\Debug\cv.o
 .debug_frame   0x00000144       0x74 .\CortexM3\ARM_GCC_484\Debug\sensors.o
 .debug_frame   0x000001b8      0x134 .\CortexM3\ARM_GCC_484\Debug\motion.o
 .debug_frame   0x000002ec       0xac .\CortexM3\ARM_GCC_484\Debug\Cm3Start.o
 .debug_frame   0x00000398      0x128 .\CortexM3\ARM_GCC_484\Debug\chickybot.a(cyfitter_cfg.o)
 .debug_frame   0x000004c0      0x1d0 .\CortexM3\ARM_GCC_484\Debug\chickybot.a(CyDmac.o)
 .debug_frame   0x00000690      0x730 .\CortexM3\ARM_GCC_484\Debug\chickybot.a(CyLib.o)
 .debug_frame   0x00000dc0      0x1fc .\CortexM3\ARM_GCC_484\Debug\chickybot.a(cyPm.o)
 .debug_frame   0x00000fbc       0x50 .\CortexM3\ARM_GCC_484\Debug\chickybot.a(LedRed.o)
 .debug_frame   0x0000100c       0x50 .\CortexM3\ARM_GCC_484\Debug\chickybot.a(LedGreen.o)
 .debug_frame   0x0000105c       0x50 .\CortexM3\ARM_GCC_484\Debug\chickybot.a(LedBlue.o)
 .debug_frame   0x000010ac      0x1c0 .\CortexM3\ARM_GCC_484\Debug\chickybot.a(Lcd.o)
 .debug_frame   0x0000126c      0x104 .\CortexM3\ARM_GCC_484\Debug\chickybot.a(IsrBtn0Pressed.o)
 .debug_frame   0x00001370      0x104 .\CortexM3\ARM_GCC_484\Debug\chickybot.a(IsrBtn1Pressed.o)
 .debug_frame   0x00001474       0xe8 .\CortexM3\ARM_GCC_484\Debug\chickybot.a(CsBtns_PWM.o)
 .debug_frame   0x0000155c      0x10c .\CortexM3\ARM_GCC_484\Debug\chickybot.a(Camera.o)
 .debug_frame   0x00001668       0x54 .\CortexM3\ARM_GCC_484\Debug\chickybot.a(Camera_DMA_dma.o)
 .debug_frame   0x000016bc       0x50 .\CortexM3\ARM_GCC_484\Debug\chickybot.a(Camera_VSYNC.o)
 .debug_frame   0x0000170c       0x50 .\CortexM3\ARM_GCC_484\Debug\chickybot.a(Camera_SIOD.o)
 .debug_frame   0x0000175c       0x50 .\CortexM3\ARM_GCC_484\Debug\chickybot.a(Camera_SIOC.o)
 .debug_frame   0x000017ac       0x90 .\CortexM3\ARM_GCC_484\Debug\chickybot.a(Camera_I2C.o)
 .debug_frame   0x0000183c       0x30 .\CortexM3\ARM_GCC_484\Debug\chickybot.a(Camera_I2C_INT.o)
 .debug_frame   0x0000186c       0x74 .\CortexM3\ARM_GCC_484\Debug\chickybot.a(Camera_I2C_PM.o)
 .debug_frame   0x000018e0       0xf8 .\CortexM3\ARM_GCC_484\Debug\chickybot.a(Camera_I2C_MASTER.o)
 .debug_frame   0x000019d8      0x104 .\CortexM3\ARM_GCC_484\Debug\chickybot.a(IsrUsTimer.o)
 .debug_frame   0x00001adc      0x154 .\CortexM3\ARM_GCC_484\Debug\chickybot.a(UsTimer.o)
 .debug_frame   0x00001c30      0x134 .\CortexM3\ARM_GCC_484\Debug\chickybot.a(UsPWM.o)
 .debug_frame   0x00001d64       0x50 .\CortexM3\ARM_GCC_484\Debug\chickybot.a(ElbowPos.o)
 .debug_frame   0x00001db4       0x50 .\CortexM3\ARM_GCC_484\Debug\chickybot.a(ElbowNeg.o)
 .debug_frame   0x00001e04      0x1a4 .\CortexM3\ARM_GCC_484\Debug\chickybot.a(ADC.o)
 .debug_frame   0x00001fa8       0x20 .\CortexM3\ARM_GCC_484\Debug\chickybot.a(ADC_INT.o)
 .debug_frame   0x00001fc8       0x64 .\CortexM3\ARM_GCC_484\Debug\chickybot.a(AMux.o)
 .debug_frame   0x0000202c       0xe0 .\CortexM3\ARM_GCC_484\Debug\chickybot.a(ADC_theACLK.o)
 .debug_frame   0x0000210c      0x104 .\CortexM3\ARM_GCC_484\Debug\chickybot.a(IsrMicroSwitch.o)
 .debug_frame   0x00002210       0x50 .\CortexM3\ARM_GCC_484\Debug\chickybot.a(Fan.o)
 .debug_frame   0x00002260      0x17c .\CortexM3\ARM_GCC_484\Debug\chickybot.a(CyFlash.o)
 .debug_frame   0x000023dc      0x144 .\CortexM3\ARM_GCC_484\Debug\chickybot.a(CySpc.o)
 .debug_frame   0x00002520       0x58 c:/program files (x86)/cypress/psoc creator/3.2/psoc creator/import/gnu/arm/4.8.4/bin/../lib/gcc/arm-none-eabi/4.8.4/armv7-m\libgcc.a(bpabi.o)
 .debug_frame   0x00002578       0x34 c:/program files (x86)/cypress/psoc creator/3.2/psoc creator/import/gnu/arm/4.8.4/bin/../lib/gcc/arm-none-eabi/4.8.4/armv7-m\libgcc.a(_divdi3.o)
 .debug_frame   0x000025ac       0x34 c:/program files (x86)/cypress/psoc creator/3.2/psoc creator/import/gnu/arm/4.8.4/bin/../lib/gcc/arm-none-eabi/4.8.4/armv7-m\libgcc.a(_udivdi3.o)
 .debug_frame   0x000025e0       0x20 c:/program files (x86)/cypress/psoc creator/3.2/psoc creator/import/gnu/arm/4.8.4/bin/../lib/gcc/arm-none-eabi/4.8.4/../../../../arm-none-eabi/lib/armv7-m\libg_s.a(lib_a-errno.o)
 .debug_frame   0x00002600       0x28 c:/program files (x86)/cypress/psoc creator/3.2/psoc creator/import/gnu/arm/4.8.4/bin/../lib/gcc/arm-none-eabi/4.8.4/../../../../arm-none-eabi/lib/armv7-m\libg_s.a(lib_a-exit.o)
 .debug_frame   0x00002628       0x2c c:/program files (x86)/cypress/psoc creator/3.2/psoc creator/import/gnu/arm/4.8.4/bin/../lib/gcc/arm-none-eabi/4.8.4/../../../../arm-none-eabi/lib/armv7-m\libg_s.a(lib_a-init.o)
 .debug_frame   0x00002654       0x30 c:/program files (x86)/cypress/psoc creator/3.2/psoc creator/import/gnu/arm/4.8.4/bin/../lib/gcc/arm-none-eabi/4.8.4/../../../../arm-none-eabi/lib/armv7-m\libg_s.a(lib_a-malloc.o)
 .debug_frame   0x00002684       0x28 c:/program files (x86)/cypress/psoc creator/3.2/psoc creator/import/gnu/arm/4.8.4/bin/../lib/gcc/arm-none-eabi/4.8.4/../../../../arm-none-eabi/lib/armv7-m\libg_s.a(lib_a-memcpy-stub.o)
 .debug_frame   0x000026ac       0x20 c:/program files (x86)/cypress/psoc creator/3.2/psoc creator/import/gnu/arm/4.8.4/bin/../lib/gcc/arm-none-eabi/4.8.4/../../../../arm-none-eabi/lib/armv7-m\libg_s.a(lib_a-memset.o)
 .debug_frame   0x000026cc       0x2c c:/program files (x86)/cypress/psoc creator/3.2/psoc creator/import/gnu/arm/4.8.4/bin/../lib/gcc/arm-none-eabi/4.8.4/../../../../arm-none-eabi/lib/armv7-m\libg_s.a(lib_a-nano-freer.o)
 .debug_frame   0x000026f8       0x2c c:/program files (x86)/cypress/psoc creator/3.2/psoc creator/import/gnu/arm/4.8.4/bin/../lib/gcc/arm-none-eabi/4.8.4/../../../../arm-none-eabi/lib/armv7-m\libg_s.a(lib_a-nano-mallocr.o)
 .debug_frame   0x00002724       0x2c c:/program files (x86)/cypress/psoc creator/3.2/psoc creator/import/gnu/arm/4.8.4/bin/../lib/gcc/arm-none-eabi/4.8.4/../../../../arm-none-eabi/lib/armv7-m\libg_s.a(lib_a-sbrkr.o)
 .debug_frame   0x00002750       0x48 c:/program files (x86)/cypress/psoc creator/3.2/psoc creator/import/gnu/arm/4.8.4/bin/../lib/gcc/arm-none-eabi/4.8.4/../../../../arm-none-eabi/lib/armv7-m\libg_s.a(lib_a-reent.o)

.debug_str      0x00000000     0x3229
 *(.debug_str)
 .debug_str     0x00000000      0x3bf .\CortexM3\ARM_GCC_484\Debug\main.o
                                0x414 (size before relaxing)
 .debug_str     0x000003bf       0xd4 .\CortexM3\ARM_GCC_484\Debug\cv.o
                                0x2d6 (size before relaxing)
 .debug_str     0x00000493      0x113 .\CortexM3\ARM_GCC_484\Debug\sensors.o
                                0x359 (size before relaxing)
 .debug_str     0x000005a6       0x8b .\CortexM3\ARM_GCC_484\Debug\motion.o
                                0x32d (size before relaxing)
 .debug_str     0x00000631       0x37 .\CortexM3\ARM_GCC_484\Debug\cymetadata.o
                                0x1d8 (size before relaxing)
 .debug_str     0x00000668      0x161 .\CortexM3\ARM_GCC_484\Debug\Cm3Start.o
                                0x33c (size before relaxing)
 .debug_str     0x000007c9       0x84 .\CortexM3\ARM_GCC_484\Debug\cybootloader.o
                                0x225 (size before relaxing)
 .debug_str     0x0000084d      0x23a .\CortexM3\ARM_GCC_484\Debug\chickybot.a(cyfitter_cfg.o)
                                0x43a (size before relaxing)
 .debug_str     0x00000a87      0x377 .\CortexM3\ARM_GCC_484\Debug\chickybot.a(CyDmac.o)
                                0x56c (size before relaxing)
 .debug_str     0x00000dfe      0x7d6 .\CortexM3\ARM_GCC_484\Debug\chickybot.a(CyLib.o)
                                0xa51 (size before relaxing)
 .debug_str     0x000015d4      0x35b .\CortexM3\ARM_GCC_484\Debug\chickybot.a(cyPm.o)
                                0x749 (size before relaxing)
 .debug_str     0x0000192f       0x54 .\CortexM3\ARM_GCC_484\Debug\chickybot.a(LedRed.o)
                                0x215 (size before relaxing)
 .debug_str     0x00001983       0x4f .\CortexM3\ARM_GCC_484\Debug\chickybot.a(LedGreen.o)
                                0x21f (size before relaxing)
 .debug_str     0x000019d2       0x4c .\CortexM3\ARM_GCC_484\Debug\chickybot.a(LedBlue.o)
                                0x21a (size before relaxing)
 .debug_str     0x00001a1e      0x104 .\CortexM3\ARM_GCC_484\Debug\chickybot.a(Lcd.o)
                                0x333 (size before relaxing)
 .debug_str     0x00001b22      0x14f .\CortexM3\ARM_GCC_484\Debug\chickybot.a(IsrBtn0Pressed.o)
                                0x346 (size before relaxing)
 .debug_str     0x00001c71      0x14f .\CortexM3\ARM_GCC_484\Debug\chickybot.a(IsrBtn1Pressed.o)
                                0x346 (size before relaxing)
 .debug_str     0x00001dc0      0x16a .\CortexM3\ARM_GCC_484\Debug\chickybot.a(CsBtns_PWM.o)
                                0x335 (size before relaxing)
 .debug_str     0x00001f2a      0x190 .\CortexM3\ARM_GCC_484\Debug\chickybot.a(Camera.o)
                                0x448 (size before relaxing)
 .debug_str     0x000020ba       0x90 .\CortexM3\ARM_GCC_484\Debug\chickybot.a(Camera_DMA_dma.o)
                                0x2ab (size before relaxing)
 .debug_str     0x0000214a       0x6e .\CortexM3\ARM_GCC_484\Debug\chickybot.a(Camera_VSYNC.o)
                                0x233 (size before relaxing)
 .debug_str     0x000021b8       0x62 .\CortexM3\ARM_GCC_484\Debug\chickybot.a(Camera_SIOD.o)
                                0x22e (size before relaxing)
 .debug_str     0x0000221a       0x62 .\CortexM3\ARM_GCC_484\Debug\chickybot.a(Camera_SIOC.o)
                                0x22e (size before relaxing)
 .debug_str     0x0000227c      0x11c .\CortexM3\ARM_GCC_484\Debug\chickybot.a(Camera_I2C.o)
                                0x364 (size before relaxing)
 .debug_str     0x00002398       0xb9 .\CortexM3\ARM_GCC_484\Debug\chickybot.a(Camera_I2C_INT.o)
                                0x2ce (size before relaxing)
 .debug_str     0x00002451       0x7b .\CortexM3\ARM_GCC_484\Debug\chickybot.a(Camera_I2C_PM.o)
                                0x2de (size before relaxing)
 .debug_str     0x000024cc      0x16a .\CortexM3\ARM_GCC_484\Debug\chickybot.a(Camera_I2C_MASTER.o)
                                0x467 (size before relaxing)
 .debug_str     0x00002636      0x11b .\CortexM3\ARM_GCC_484\Debug\chickybot.a(IsrUsTimer.o)
                                0x30e (size before relaxing)
 .debug_str     0x00002751      0x119 .\CortexM3\ARM_GCC_484\Debug\chickybot.a(UsTimer.o)
                                0x3d7 (size before relaxing)
 .debug_str     0x0000286a      0x15b .\CortexM3\ARM_GCC_484\Debug\chickybot.a(UsPWM.o)
                                0x380 (size before relaxing)
 .debug_str     0x000029c5       0x5d .\CortexM3\ARM_GCC_484\Debug\chickybot.a(ElbowPos.o)
                                0x21f (size before relaxing)
 .debug_str     0x00002a22       0x5d .\CortexM3\ARM_GCC_484\Debug\chickybot.a(ElbowNeg.o)
                                0x21f (size before relaxing)
 .debug_str     0x00002a7f      0x19b .\CortexM3\ARM_GCC_484\Debug\chickybot.a(ADC.o)
                                0x456 (size before relaxing)
 .debug_str     0x00002c1a       0x2b .\CortexM3\ARM_GCC_484\Debug\chickybot.a(ADC_INT.o)
                                0x1bd (size before relaxing)
 .debug_str     0x00002c45       0x49 .\CortexM3\ARM_GCC_484\Debug\chickybot.a(AMux.o)
                                0x218 (size before relaxing)
 .debug_str     0x00002c8e      0x178 .\CortexM3\ARM_GCC_484\Debug\chickybot.a(ADC_theACLK.o)
                                0x34c (size before relaxing)
 .debug_str     0x00002e06      0x14f .\CortexM3\ARM_GCC_484\Debug\chickybot.a(IsrMicroSwitch.o)
                                0x346 (size before relaxing)
 .debug_str     0x00002f55       0x40 .\CortexM3\ARM_GCC_484\Debug\chickybot.a(Fan.o)
                                0x206 (size before relaxing)
 .debug_str     0x00002f95      0x18d .\CortexM3\ARM_GCC_484\Debug\chickybot.a(CyFlash.o)
                                0x3b9 (size before relaxing)
 .debug_str     0x00003122       0xae .\CortexM3\ARM_GCC_484\Debug\chickybot.a(CySpc.o)
                                0x345 (size before relaxing)
 .debug_str     0x000031d0       0x59 .\CortexM3\ARM_GCC_484\Debug\chickybot.a(Camera_settings.o)
                                0x196 (size before relaxing)

.debug_loc      0x00000000     0x4277
 *(.debug_loc)
 .debug_loc     0x00000000       0x3d .\CortexM3\ARM_GCC_484\Debug\main.o
 .debug_loc     0x0000003d      0x904 .\CortexM3\ARM_GCC_484\Debug\cv.o
 .debug_loc     0x00000941       0x3f .\CortexM3\ARM_GCC_484\Debug\sensors.o
 .debug_loc     0x00000980       0xac .\CortexM3\ARM_GCC_484\Debug\motion.o
 .debug_loc     0x00000a2c      0x14f .\CortexM3\ARM_GCC_484\Debug\Cm3Start.o
 .debug_loc     0x00000b7b      0x2ad .\CortexM3\ARM_GCC_484\Debug\chickybot.a(cyfitter_cfg.o)
 .debug_loc     0x00000e28      0xb6b .\CortexM3\ARM_GCC_484\Debug\chickybot.a(CyDmac.o)
 .debug_loc     0x00001993      0xa53 .\CortexM3\ARM_GCC_484\Debug\chickybot.a(CyLib.o)
 .debug_loc     0x000023e6      0x22a .\CortexM3\ARM_GCC_484\Debug\chickybot.a(cyPm.o)
 .debug_loc     0x00002610       0x55 .\CortexM3\ARM_GCC_484\Debug\chickybot.a(LedRed.o)
 .debug_loc     0x00002665       0x55 .\CortexM3\ARM_GCC_484\Debug\chickybot.a(LedGreen.o)
 .debug_loc     0x000026ba       0x55 .\CortexM3\ARM_GCC_484\Debug\chickybot.a(LedBlue.o)
 .debug_loc     0x0000270f      0x36b .\CortexM3\ARM_GCC_484\Debug\chickybot.a(Lcd.o)
 .debug_loc     0x00002a7a       0x56 .\CortexM3\ARM_GCC_484\Debug\chickybot.a(IsrBtn0Pressed.o)
 .debug_loc     0x00002ad0       0x56 .\CortexM3\ARM_GCC_484\Debug\chickybot.a(IsrBtn1Pressed.o)
 .debug_loc     0x00002b26       0x13 .\CortexM3\ARM_GCC_484\Debug\chickybot.a(CsBtns_PWM.o)
 .debug_loc     0x00002b39      0x10a .\CortexM3\ARM_GCC_484\Debug\chickybot.a(Camera.o)
 .debug_loc     0x00002c43       0x84 .\CortexM3\ARM_GCC_484\Debug\chickybot.a(Camera_DMA_dma.o)
 .debug_loc     0x00002cc7       0x55 .\CortexM3\ARM_GCC_484\Debug\chickybot.a(Camera_VSYNC.o)
 .debug_loc     0x00002d1c       0x55 .\CortexM3\ARM_GCC_484\Debug\chickybot.a(Camera_SIOD.o)
 .debug_loc     0x00002d71       0x55 .\CortexM3\ARM_GCC_484\Debug\chickybot.a(Camera_SIOC.o)
 .debug_loc     0x00002dc6       0x39 .\CortexM3\ARM_GCC_484\Debug\chickybot.a(Camera_I2C.o)
 .debug_loc     0x00002dff       0x29 .\CortexM3\ARM_GCC_484\Debug\chickybot.a(Camera_I2C_INT.o)
 .debug_loc     0x00002e28       0x13 .\CortexM3\ARM_GCC_484\Debug\chickybot.a(Camera_I2C_PM.o)
 .debug_loc     0x00002e3b      0x566 .\CortexM3\ARM_GCC_484\Debug\chickybot.a(Camera_I2C_MASTER.o)
 .debug_loc     0x000033a1       0x56 .\CortexM3\ARM_GCC_484\Debug\chickybot.a(IsrUsTimer.o)
 .debug_loc     0x000033f7       0x31 .\CortexM3\ARM_GCC_484\Debug\chickybot.a(UsTimer.o)
 .debug_loc     0x00003428       0x26 .\CortexM3\ARM_GCC_484\Debug\chickybot.a(UsPWM.o)
 .debug_loc     0x0000344e       0x55 .\CortexM3\ARM_GCC_484\Debug\chickybot.a(ElbowPos.o)
 .debug_loc     0x000034a3       0x55 .\CortexM3\ARM_GCC_484\Debug\chickybot.a(ElbowNeg.o)
 .debug_loc     0x000034f8      0x2b3 .\CortexM3\ARM_GCC_484\Debug\chickybot.a(ADC.o)
 .debug_loc     0x000037ab       0x58 .\CortexM3\ARM_GCC_484\Debug\chickybot.a(AMux.o)
 .debug_loc     0x00003803      0x15c .\CortexM3\ARM_GCC_484\Debug\chickybot.a(ADC_theACLK.o)
 .debug_loc     0x0000395f       0x56 .\CortexM3\ARM_GCC_484\Debug\chickybot.a(IsrMicroSwitch.o)
 .debug_loc     0x000039b5       0x55 .\CortexM3\ARM_GCC_484\Debug\chickybot.a(Fan.o)
 .debug_loc     0x00003a0a      0x2f7 .\CortexM3\ARM_GCC_484\Debug\chickybot.a(CyFlash.o)
 .debug_loc     0x00003d01      0x576 .\CortexM3\ARM_GCC_484\Debug\chickybot.a(CySpc.o)

.debug_macinfo
 *(.debug_macinfo)

.debug_ranges   0x00000000      0xdd8
 *(.debug_ranges)
 .debug_ranges  0x00000000       0x38 .\CortexM3\ARM_GCC_484\Debug\main.o
 .debug_ranges  0x00000038       0x20 .\CortexM3\ARM_GCC_484\Debug\cv.o
 .debug_ranges  0x00000058       0x28 .\CortexM3\ARM_GCC_484\Debug\sensors.o
 .debug_ranges  0x00000080       0x58 .\CortexM3\ARM_GCC_484\Debug\motion.o
 .debug_ranges  0x000000d8       0x50 .\CortexM3\ARM_GCC_484\Debug\Cm3Start.o
 .debug_ranges  0x00000128       0x78 .\CortexM3\ARM_GCC_484\Debug\chickybot.a(cyfitter_cfg.o)
 .debug_ranges  0x000001a0       0xc8 .\CortexM3\ARM_GCC_484\Debug\chickybot.a(CyDmac.o)
 .debug_ranges  0x00000268      0x288 .\CortexM3\ARM_GCC_484\Debug\chickybot.a(CyLib.o)
 .debug_ranges  0x000004f0       0x88 .\CortexM3\ARM_GCC_484\Debug\chickybot.a(cyPm.o)
 .debug_ranges  0x00000578       0x28 .\CortexM3\ARM_GCC_484\Debug\chickybot.a(LedRed.o)
 .debug_ranges  0x000005a0       0x28 .\CortexM3\ARM_GCC_484\Debug\chickybot.a(LedGreen.o)
 .debug_ranges  0x000005c8       0x28 .\CortexM3\ARM_GCC_484\Debug\chickybot.a(LedBlue.o)
 .debug_ranges  0x000005f0       0x80 .\CortexM3\ARM_GCC_484\Debug\chickybot.a(Lcd.o)
 .debug_ranges  0x00000670       0x70 .\CortexM3\ARM_GCC_484\Debug\chickybot.a(IsrBtn0Pressed.o)
 .debug_ranges  0x000006e0       0x70 .\CortexM3\ARM_GCC_484\Debug\chickybot.a(IsrBtn1Pressed.o)
 .debug_ranges  0x00000750       0x68 .\CortexM3\ARM_GCC_484\Debug\chickybot.a(CsBtns_PWM.o)
 .debug_ranges  0x000007b8       0x48 .\CortexM3\ARM_GCC_484\Debug\chickybot.a(Camera.o)
 .debug_ranges  0x00000800       0x18 .\CortexM3\ARM_GCC_484\Debug\chickybot.a(Camera_DMA_dma.o)
 .debug_ranges  0x00000818       0x28 .\CortexM3\ARM_GCC_484\Debug\chickybot.a(Camera_VSYNC.o)
 .debug_ranges  0x00000840       0x28 .\CortexM3\ARM_GCC_484\Debug\chickybot.a(Camera_SIOD.o)
 .debug_ranges  0x00000868       0x28 .\CortexM3\ARM_GCC_484\Debug\chickybot.a(Camera_SIOC.o)
 .debug_ranges  0x00000890       0x28 .\CortexM3\ARM_GCC_484\Debug\chickybot.a(Camera_I2C.o)
 .debug_ranges  0x000008b8       0x10 .\CortexM3\ARM_GCC_484\Debug\chickybot.a(Camera_I2C_INT.o)
 .debug_ranges  0x000008c8       0x28 .\CortexM3\ARM_GCC_484\Debug\chickybot.a(Camera_I2C_PM.o)
 .debug_ranges  0x000008f0       0x70 .\CortexM3\ARM_GCC_484\Debug\chickybot.a(Camera_I2C_MASTER.o)
 .debug_ranges  0x00000960       0x70 .\CortexM3\ARM_GCC_484\Debug\chickybot.a(IsrUsTimer.o)
 .debug_ranges  0x000009d0       0x98 .\CortexM3\ARM_GCC_484\Debug\chickybot.a(UsTimer.o)
 .debug_ranges  0x00000a68       0x88 .\CortexM3\ARM_GCC_484\Debug\chickybot.a(UsPWM.o)
 .debug_ranges  0x00000af0       0x28 .\CortexM3\ARM_GCC_484\Debug\chickybot.a(ElbowPos.o)
 .debug_ranges  0x00000b18       0x28 .\CortexM3\ARM_GCC_484\Debug\chickybot.a(ElbowNeg.o)
 .debug_ranges  0x00000b40       0x98 .\CortexM3\ARM_GCC_484\Debug\chickybot.a(ADC.o)
 .debug_ranges  0x00000bd8       0x10 .\CortexM3\ARM_GCC_484\Debug\chickybot.a(ADC_INT.o)
 .debug_ranges  0x00000be8       0x20 .\CortexM3\ARM_GCC_484\Debug\chickybot.a(AMux.o)
 .debug_ranges  0x00000c08       0x60 .\CortexM3\ARM_GCC_484\Debug\chickybot.a(ADC_theACLK.o)
 .debug_ranges  0x00000c68       0x70 .\CortexM3\ARM_GCC_484\Debug\chickybot.a(IsrMicroSwitch.o)
 .debug_ranges  0x00000cd8       0x28 .\CortexM3\ARM_GCC_484\Debug\chickybot.a(Fan.o)
 .debug_ranges  0x00000d00       0x70 .\CortexM3\ARM_GCC_484\Debug\chickybot.a(CyFlash.o)
 .debug_ranges  0x00000d70       0x68 .\CortexM3\ARM_GCC_484\Debug\chickybot.a(CySpc.o)

.comment        0x00000000       0x70
 .comment       0x00000000       0x70 .\CortexM3\ARM_GCC_484\Debug\main.o
                                 0x71 (size before relaxing)
 .comment       0x00000000       0x71 .\CortexM3\ARM_GCC_484\Debug\cv.o
 .comment       0x00000000       0x71 .\CortexM3\ARM_GCC_484\Debug\sensors.o
 .comment       0x00000000       0x71 .\CortexM3\ARM_GCC_484\Debug\motion.o
 .comment       0x00000000       0x71 .\CortexM3\ARM_GCC_484\Debug\cymetadata.o
 .comment       0x00000000       0x71 .\CortexM3\ARM_GCC_484\Debug\Cm3Start.o
 .comment       0x00000000       0x71 .\CortexM3\ARM_GCC_484\Debug\cybootloader.o
 .comment       0x00000000       0x71 .\CortexM3\ARM_GCC_484\Debug\chickybot.a(cyfitter_cfg.o)
 .comment       0x00000000       0x71 .\CortexM3\ARM_GCC_484\Debug\chickybot.a(CyDmac.o)
 .comment       0x00000000       0x71 .\CortexM3\ARM_GCC_484\Debug\chickybot.a(CyLib.o)
 .comment       0x00000000       0x71 .\CortexM3\ARM_GCC_484\Debug\chickybot.a(cyPm.o)
 .comment       0x00000000       0x71 .\CortexM3\ARM_GCC_484\Debug\chickybot.a(LedRed.o)
 .comment       0x00000000       0x71 .\CortexM3\ARM_GCC_484\Debug\chickybot.a(LedGreen.o)
 .comment       0x00000000       0x71 .\CortexM3\ARM_GCC_484\Debug\chickybot.a(LedBlue.o)
 .comment       0x00000000       0x71 .\CortexM3\ARM_GCC_484\Debug\chickybot.a(Lcd.o)
 .comment       0x00000000       0x71 .\CortexM3\ARM_GCC_484\Debug\chickybot.a(IsrBtn0Pressed.o)
 .comment       0x00000000       0x71 .\CortexM3\ARM_GCC_484\Debug\chickybot.a(IsrBtn1Pressed.o)
 .comment       0x00000000       0x71 .\CortexM3\ARM_GCC_484\Debug\chickybot.a(CsBtns_PWM.o)
 .comment       0x00000000       0x71 .\CortexM3\ARM_GCC_484\Debug\chickybot.a(Camera.o)
 .comment       0x00000000       0x71 .\CortexM3\ARM_GCC_484\Debug\chickybot.a(Camera_DMA_dma.o)
 .comment       0x00000000       0x71 .\CortexM3\ARM_GCC_484\Debug\chickybot.a(Camera_VSYNC.o)
 .comment       0x00000000       0x71 .\CortexM3\ARM_GCC_484\Debug\chickybot.a(Camera_SIOD.o)
 .comment       0x00000000       0x71 .\CortexM3\ARM_GCC_484\Debug\chickybot.a(Camera_SIOC.o)
 .comment       0x00000000       0x71 .\CortexM3\ARM_GCC_484\Debug\chickybot.a(Camera_I2C.o)
 .comment       0x00000000       0x71 .\CortexM3\ARM_GCC_484\Debug\chickybot.a(Camera_I2C_INT.o)
 .comment       0x00000000       0x71 .\CortexM3\ARM_GCC_484\Debug\chickybot.a(Camera_I2C_PM.o)
 .comment       0x00000000       0x71 .\CortexM3\ARM_GCC_484\Debug\chickybot.a(Camera_I2C_MASTER.o)
 .comment       0x00000000       0x71 .\CortexM3\ARM_GCC_484\Debug\chickybot.a(IsrUsTimer.o)
 .comment       0x00000000       0x71 .\CortexM3\ARM_GCC_484\Debug\chickybot.a(UsTimer.o)
 .comment       0x00000000       0x71 .\CortexM3\ARM_GCC_484\Debug\chickybot.a(UsPWM.o)
 .comment       0x00000000       0x71 .\CortexM3\ARM_GCC_484\Debug\chickybot.a(ElbowPos.o)
 .comment       0x00000000       0x71 .\CortexM3\ARM_GCC_484\Debug\chickybot.a(ElbowNeg.o)
 .comment       0x00000000       0x71 .\CortexM3\ARM_GCC_484\Debug\chickybot.a(ADC.o)
 .comment       0x00000000       0x71 .\CortexM3\ARM_GCC_484\Debug\chickybot.a(ADC_INT.o)
 .comment       0x00000000       0x71 .\CortexM3\ARM_GCC_484\Debug\chickybot.a(AMux.o)
 .comment       0x00000000       0x71 .\CortexM3\ARM_GCC_484\Debug\chickybot.a(ADC_theACLK.o)
 .comment       0x00000000       0x71 .\CortexM3\ARM_GCC_484\Debug\chickybot.a(IsrMicroSwitch.o)
 .comment       0x00000000       0x71 .\CortexM3\ARM_GCC_484\Debug\chickybot.a(Fan.o)
 .comment       0x00000000       0x71 .\CortexM3\ARM_GCC_484\Debug\chickybot.a(CyFlash.o)
 .comment       0x00000000       0x71 .\CortexM3\ARM_GCC_484\Debug\chickybot.a(CySpc.o)
 .comment       0x00000000       0x71 .\CortexM3\ARM_GCC_484\Debug\chickybot.a(Camera_settings.o)

.debug_weaknames
 *(.debug_weaknames)

.debug_funcnames
 *(.debug_funcnames)

.debug_typenames
 *(.debug_typenames)

.debug_varnames
 *(.debug_varnames)

.note.gnu.arm.ident
 *(.note.gnu.arm.ident)

.ARM.attributes
                0x00000000       0x29
 *(.ARM.attributes)
 .ARM.attributes
                0x00000000       0x1d c:/program files (x86)/cypress/psoc creator/3.2/psoc creator/import/gnu/arm/4.8.4/bin/../lib/gcc/arm-none-eabi/4.8.4/armv7-m/crti.o
 .ARM.attributes
                0x0000001d       0x2d c:/program files (x86)/cypress/psoc creator/3.2/psoc creator/import/gnu/arm/4.8.4/bin/../lib/gcc/arm-none-eabi/4.8.4/armv7-m/crtbegin.o
 .ARM.attributes
                0x0000004a       0x1b c:/program files (x86)/cypress/psoc creator/3.2/psoc creator/import/gnu/arm/4.8.4/bin/../lib/gcc/arm-none-eabi/4.8.4/../../../../arm-none-eabi/lib/armv7-m/crt0.o
 .ARM.attributes
                0x00000065       0x33 .\CortexM3\ARM_GCC_484\Debug\main.o
 .ARM.attributes
                0x00000098       0x33 .\CortexM3\ARM_GCC_484\Debug\cv.o
 .ARM.attributes
                0x000000cb       0x33 .\CortexM3\ARM_GCC_484\Debug\sensors.o
 .ARM.attributes
                0x000000fe       0x33 .\CortexM3\ARM_GCC_484\Debug\motion.o
 .ARM.attributes
                0x00000131       0x33 .\CortexM3\ARM_GCC_484\Debug\cymetadata.o
 .ARM.attributes
                0x00000164       0x33 .\CortexM3\ARM_GCC_484\Debug\Cm3Start.o
 .ARM.attributes
                0x00000197       0x33 .\CortexM3\ARM_GCC_484\Debug\cybootloader.o
 .ARM.attributes
                0x000001ca       0x33 .\CortexM3\ARM_GCC_484\Debug\chickybot.a(cyfitter_cfg.o)
 .ARM.attributes
                0x000001fd       0x21 .\CortexM3\ARM_GCC_484\Debug\chickybot.a(CyBootAsmGnu.o)
 .ARM.attributes
                0x0000021e       0x33 .\CortexM3\ARM_GCC_484\Debug\chickybot.a(CyDmac.o)
 .ARM.attributes
                0x00000251       0x33 .\CortexM3\ARM_GCC_484\Debug\chickybot.a(CyLib.o)
 .ARM.attributes
                0x00000284       0x33 .\CortexM3\ARM_GCC_484\Debug\chickybot.a(cyPm.o)
 .ARM.attributes
                0x000002b7       0x33 .\CortexM3\ARM_GCC_484\Debug\chickybot.a(LedRed.o)
 .ARM.attributes
                0x000002ea       0x33 .\CortexM3\ARM_GCC_484\Debug\chickybot.a(LedGreen.o)
 .ARM.attributes
                0x0000031d       0x33 .\CortexM3\ARM_GCC_484\Debug\chickybot.a(LedBlue.o)
 .ARM.attributes
                0x00000350       0x33 .\CortexM3\ARM_GCC_484\Debug\chickybot.a(Lcd.o)
 .ARM.attributes
                0x00000383       0x33 .\CortexM3\ARM_GCC_484\Debug\chickybot.a(IsrBtn0Pressed.o)
 .ARM.attributes
                0x000003b6       0x33 .\CortexM3\ARM_GCC_484\Debug\chickybot.a(IsrBtn1Pressed.o)
 .ARM.attributes
                0x000003e9       0x33 .\CortexM3\ARM_GCC_484\Debug\chickybot.a(CsBtns_PWM.o)
 .ARM.attributes
                0x0000041c       0x33 .\CortexM3\ARM_GCC_484\Debug\chickybot.a(Camera.o)
 .ARM.attributes
                0x0000044f       0x33 .\CortexM3\ARM_GCC_484\Debug\chickybot.a(Camera_DMA_dma.o)
 .ARM.attributes
                0x00000482       0x33 .\CortexM3\ARM_GCC_484\Debug\chickybot.a(Camera_VSYNC.o)
 .ARM.attributes
                0x000004b5       0x33 .\CortexM3\ARM_GCC_484\Debug\chickybot.a(Camera_SIOD.o)
 .ARM.attributes
                0x000004e8       0x33 .\CortexM3\ARM_GCC_484\Debug\chickybot.a(Camera_SIOC.o)
 .ARM.attributes
                0x0000051b       0x33 .\CortexM3\ARM_GCC_484\Debug\chickybot.a(Camera_I2C.o)
 .ARM.attributes
                0x0000054e       0x33 .\CortexM3\ARM_GCC_484\Debug\chickybot.a(Camera_I2C_INT.o)
 .ARM.attributes
                0x00000581       0x33 .\CortexM3\ARM_GCC_484\Debug\chickybot.a(Camera_I2C_PM.o)
 .ARM.attributes
                0x000005b4       0x33 .\CortexM3\ARM_GCC_484\Debug\chickybot.a(Camera_I2C_MASTER.o)
 .ARM.attributes
                0x000005e7       0x33 .\CortexM3\ARM_GCC_484\Debug\chickybot.a(IsrUsTimer.o)
 .ARM.attributes
                0x0000061a       0x33 .\CortexM3\ARM_GCC_484\Debug\chickybot.a(UsTimer.o)
 .ARM.attributes
                0x0000064d       0x33 .\CortexM3\ARM_GCC_484\Debug\chickybot.a(UsPWM.o)
 .ARM.attributes
                0x00000680       0x33 .\CortexM3\ARM_GCC_484\Debug\chickybot.a(ElbowPos.o)
 .ARM.attributes
                0x000006b3       0x33 .\CortexM3\ARM_GCC_484\Debug\chickybot.a(ElbowNeg.o)
 .ARM.attributes
                0x000006e6       0x33 .\CortexM3\ARM_GCC_484\Debug\chickybot.a(ADC.o)
 .ARM.attributes
                0x00000719       0x33 .\CortexM3\ARM_GCC_484\Debug\chickybot.a(ADC_INT.o)
 .ARM.attributes
                0x0000074c       0x33 .\CortexM3\ARM_GCC_484\Debug\chickybot.a(AMux.o)
 .ARM.attributes
                0x0000077f       0x33 .\CortexM3\ARM_GCC_484\Debug\chickybot.a(ADC_theACLK.o)
 .ARM.attributes
                0x000007b2       0x33 .\CortexM3\ARM_GCC_484\Debug\chickybot.a(IsrMicroSwitch.o)
 .ARM.attributes
                0x000007e5       0x33 .\CortexM3\ARM_GCC_484\Debug\chickybot.a(Fan.o)
 .ARM.attributes
                0x00000818       0x33 .\CortexM3\ARM_GCC_484\Debug\chickybot.a(CyFlash.o)
 .ARM.attributes
                0x0000084b       0x33 .\CortexM3\ARM_GCC_484\Debug\chickybot.a(CySpc.o)
 .ARM.attributes
                0x0000087e       0x33 .\CortexM3\ARM_GCC_484\Debug\chickybot.a(Camera_settings.o)
 .ARM.attributes
                0x000008b1       0x1d c:/program files (x86)/cypress/psoc creator/3.2/psoc creator/import/gnu/arm/4.8.4/bin/../lib/gcc/arm-none-eabi/4.8.4/armv7-m\libgcc.a(_arm_addsubsf3.o)
 .ARM.attributes
                0x000008ce       0x1d c:/program files (x86)/cypress/psoc creator/3.2/psoc creator/import/gnu/arm/4.8.4/bin/../lib/gcc/arm-none-eabi/4.8.4/armv7-m\libgcc.a(_arm_muldivsf3.o)
 .ARM.attributes
                0x000008eb       0x1d c:/program files (x86)/cypress/psoc creator/3.2/psoc creator/import/gnu/arm/4.8.4/bin/../lib/gcc/arm-none-eabi/4.8.4/armv7-m\libgcc.a(_aeabi_ldivmod.o)
 .ARM.attributes
                0x00000908       0x2d c:/program files (x86)/cypress/psoc creator/3.2/psoc creator/import/gnu/arm/4.8.4/bin/../lib/gcc/arm-none-eabi/4.8.4/armv7-m\libgcc.a(bpabi.o)
 .ARM.attributes
                0x00000935       0x1d c:/program files (x86)/cypress/psoc creator/3.2/psoc creator/import/gnu/arm/4.8.4/bin/../lib/gcc/arm-none-eabi/4.8.4/armv7-m\libgcc.a(_dvmd_tls.o)
 .ARM.attributes
                0x00000952       0x2d c:/program files (x86)/cypress/psoc creator/3.2/psoc creator/import/gnu/arm/4.8.4/bin/../lib/gcc/arm-none-eabi/4.8.4/armv7-m\libgcc.a(_divdi3.o)
 .ARM.attributes
                0x0000097f       0x2d c:/program files (x86)/cypress/psoc creator/3.2/psoc creator/import/gnu/arm/4.8.4/bin/../lib/gcc/arm-none-eabi/4.8.4/armv7-m\libgcc.a(_udivdi3.o)
 .ARM.attributes
                0x000009ac       0x2d c:/program files (x86)/cypress/psoc creator/3.2/psoc creator/import/gnu/arm/4.8.4/bin/../lib/gcc/arm-none-eabi/4.8.4/../../../../arm-none-eabi/lib/armv7-m\libg_s.a(lib_a-errno.o)
 .ARM.attributes
                0x000009d9       0x2d c:/program files (x86)/cypress/psoc creator/3.2/psoc creator/import/gnu/arm/4.8.4/bin/../lib/gcc/arm-none-eabi/4.8.4/../../../../arm-none-eabi/lib/armv7-m\libg_s.a(lib_a-exit.o)
 .ARM.attributes
                0x00000a06       0x2d c:/program files (x86)/cypress/psoc creator/3.2/psoc creator/import/gnu/arm/4.8.4/bin/../lib/gcc/arm-none-eabi/4.8.4/../../../../arm-none-eabi/lib/armv7-m\libg_s.a(lib_a-impure.o)
 .ARM.attributes
                0x00000a33       0x2d c:/program files (x86)/cypress/psoc creator/3.2/psoc creator/import/gnu/arm/4.8.4/bin/../lib/gcc/arm-none-eabi/4.8.4/../../../../arm-none-eabi/lib/armv7-m\libg_s.a(lib_a-init.o)
 .ARM.attributes
                0x00000a60       0x2d c:/program files (x86)/cypress/psoc creator/3.2/psoc creator/import/gnu/arm/4.8.4/bin/../lib/gcc/arm-none-eabi/4.8.4/../../../../arm-none-eabi/lib/armv7-m\libg_s.a(lib_a-malloc.o)
 .ARM.attributes
                0x00000a8d       0x2d c:/program files (x86)/cypress/psoc creator/3.2/psoc creator/import/gnu/arm/4.8.4/bin/../lib/gcc/arm-none-eabi/4.8.4/../../../../arm-none-eabi/lib/armv7-m\libg_s.a(lib_a-memcpy-stub.o)
 .ARM.attributes
                0x00000aba       0x2d c:/program files (x86)/cypress/psoc creator/3.2/psoc creator/import/gnu/arm/4.8.4/bin/../lib/gcc/arm-none-eabi/4.8.4/../../../../arm-none-eabi/lib/armv7-m\libg_s.a(lib_a-memset.o)
 .ARM.attributes
                0x00000ae7       0x2d c:/program files (x86)/cypress/psoc creator/3.2/psoc creator/import/gnu/arm/4.8.4/bin/../lib/gcc/arm-none-eabi/4.8.4/../../../../arm-none-eabi/lib/armv7-m\libg_s.a(lib_a-nano-freer.o)
 .ARM.attributes
                0x00000b14       0x2d c:/program files (x86)/cypress/psoc creator/3.2/psoc creator/import/gnu/arm/4.8.4/bin/../lib/gcc/arm-none-eabi/4.8.4/../../../../arm-none-eabi/lib/armv7-m\libg_s.a(lib_a-nano-mallocr.o)
 .ARM.attributes
                0x00000b41       0x2d c:/program files (x86)/cypress/psoc creator/3.2/psoc creator/import/gnu/arm/4.8.4/bin/../lib/gcc/arm-none-eabi/4.8.4/../../../../arm-none-eabi/lib/armv7-m\libg_s.a(lib_a-sbrkr.o)
 .ARM.attributes
                0x00000b6e       0x2d c:/program files (x86)/cypress/psoc creator/3.2/psoc creator/import/gnu/arm/4.8.4/bin/../lib/gcc/arm-none-eabi/4.8.4/../../../../arm-none-eabi/lib/armv7-m\libg_s.a(lib_a-reent.o)
 .ARM.attributes
                0x00000b9b       0x2d c:/program files (x86)/cypress/psoc creator/3.2/psoc creator/import/gnu/arm/4.8.4/bin/../lib/gcc/arm-none-eabi/4.8.4/armv7-m/crtend.o
 .ARM.attributes
                0x00000bc8       0x1d c:/program files (x86)/cypress/psoc creator/3.2/psoc creator/import/gnu/arm/4.8.4/bin/../lib/gcc/arm-none-eabi/4.8.4/armv7-m/crtn.o

/DISCARD/
 *(.note.GNU-stack)
OUTPUT(.\CortexM3\ARM_GCC_484\Debug\chickybot.elf elf32-littlearm)
