Archive member included because of file (symbol)

.\CortexM3\ARM_GCC_484\Debug\chickybot.a(cyfitter_cfg.o)
                              .\CortexM3\ARM_GCC_484\Debug\Cm3Start.o (cyfitter_cfg)
.\CortexM3\ARM_GCC_484\Debug\chickybot.a(CyBootAsmGnu.o)
                              .\CortexM3\ARM_GCC_484\Debug\chickybot.a(cyfitter_cfg.o) (CyDelayCycles)
.\CortexM3\ARM_GCC_484\Debug\chickybot.a(CyDmac.o)
                              .\CortexM3\ARM_GCC_484\Debug\Cm3Start.o (CyDmacConfigure)
.\CortexM3\ARM_GCC_484\Debug\chickybot.a(CyLib.o)
                              .\CortexM3\ARM_GCC_484\Debug\Cm3Start.o (CyHalt)
.\CortexM3\ARM_GCC_484\Debug\chickybot.a(cyPm.o)
                              .\CortexM3\ARM_GCC_484\Debug\chickybot.a(CyLib.o) (CyPmReadStatus)
.\CortexM3\ARM_GCC_484\Debug\chickybot.a(LedGreen.o)
                              .\CortexM3\ARM_GCC_484\Debug\main.o (LedGreen_Write)
.\CortexM3\ARM_GCC_484\Debug\chickybot.a(LedBlue.o)
                              .\CortexM3\ARM_GCC_484\Debug\main.o (LedBlue_Write)
.\CortexM3\ARM_GCC_484\Debug\chickybot.a(LedYellow.o)
                              .\CortexM3\ARM_GCC_484\Debug\main.o (LedYellow_Write)
.\CortexM3\ARM_GCC_484\Debug\chickybot.a(Lcd.o)
                              .\CortexM3\ARM_GCC_484\Debug\main.o (Lcd_PrintString)
.\CortexM3\ARM_GCC_484\Debug\chickybot.a(IsrBtn0Pressed.o)
                              .\CortexM3\ARM_GCC_484\Debug\main.o (IsrBtn0Pressed_StartEx)
.\CortexM3\ARM_GCC_484\Debug\chickybot.a(IsrBtn1Pressed.o)
                              .\CortexM3\ARM_GCC_484\Debug\main.o (IsrBtn1Pressed_StartEx)
.\CortexM3\ARM_GCC_484\Debug\chickybot.a(CsBtns_PWM.o)
                              .\CortexM3\ARM_GCC_484\Debug\main.o (CsBtns_PWM_Start)
.\CortexM3\ARM_GCC_484\Debug\chickybot.a(Camera.o)
                              .\CortexM3\ARM_GCC_484\Debug\cv.o (Camera_SyncFrame)
.\CortexM3\ARM_GCC_484\Debug\chickybot.a(Camera_DMA_dma.o)
                              .\CortexM3\ARM_GCC_484\Debug\chickybot.a(Camera.o) (Camera_DMA_DmaInitialize)
.\CortexM3\ARM_GCC_484\Debug\chickybot.a(Camera_VSYNC.o)
                              .\CortexM3\ARM_GCC_484\Debug\chickybot.a(Camera.o) (Camera_VSYNC_Read)
.\CortexM3\ARM_GCC_484\Debug\chickybot.a(Camera_SIOD.o)
                              .\CortexM3\ARM_GCC_484\Debug\chickybot.a(Camera.o) (Camera_SIOD_SetDriveMode)
.\CortexM3\ARM_GCC_484\Debug\chickybot.a(Camera_SIOC.o)
                              .\CortexM3\ARM_GCC_484\Debug\chickybot.a(Camera.o) (Camera_SIOC_SetDriveMode)
.\CortexM3\ARM_GCC_484\Debug\chickybot.a(Camera_I2C.o)
                              .\CortexM3\ARM_GCC_484\Debug\chickybot.a(Camera.o) (Camera_I2C_Start)
.\CortexM3\ARM_GCC_484\Debug\chickybot.a(Camera_I2C_INT.o)
                              .\CortexM3\ARM_GCC_484\Debug\chickybot.a(Camera_I2C.o) (Camera_I2C_ISR)
.\CortexM3\ARM_GCC_484\Debug\chickybot.a(Camera_I2C_PM.o)
                              .\CortexM3\ARM_GCC_484\Debug\chickybot.a(Camera_I2C.o) (Camera_I2C_backup)
.\CortexM3\ARM_GCC_484\Debug\chickybot.a(Camera_I2C_MASTER.o)
                              .\CortexM3\ARM_GCC_484\Debug\chickybot.a(Camera_I2C.o) (Camera_I2C_mstrStatus)
.\CortexM3\ARM_GCC_484\Debug\chickybot.a(IsrUsTimer.o)
                              .\CortexM3\ARM_GCC_484\Debug\main.o (IsrUsTimer_StartEx)
.\CortexM3\ARM_GCC_484\Debug\chickybot.a(UsTimer.o)
                              .\CortexM3\ARM_GCC_484\Debug\main.o (UsTimer_ReadCapture)
.\CortexM3\ARM_GCC_484\Debug\chickybot.a(UsPWM.o)
                              .\CortexM3\ARM_GCC_484\Debug\main.o (UsPWM_Start)
.\CortexM3\ARM_GCC_484\Debug\chickybot.a(CyFlash.o)
                              .\CortexM3\ARM_GCC_484\Debug\chickybot.a(cyPm.o) (CyFlash_SetWaitCycles)
.\CortexM3\ARM_GCC_484\Debug\chickybot.a(CySpc.o)
                              .\CortexM3\ARM_GCC_484\Debug\chickybot.a(CyFlash.o) (CySpcStart)
.\CortexM3\ARM_GCC_484\Debug\chickybot.a(cyutils.o)
                              .\CortexM3\ARM_GCC_484\Debug\chickybot.a(UsTimer.o) (CySetReg24)
.\CortexM3\ARM_GCC_484\Debug\chickybot.a(Camera_settings.o)
                              .\CortexM3\ARM_GCC_484\Debug\chickybot.a(Camera.o) (Camera_qcif)
c:/program files (x86)/cypress/psoc creator/3.2/psoc creator/import/gnu/arm/4.8.4/bin/../lib/gcc/arm-none-eabi/4.8.4/../../../../arm-none-eabi/lib/armv7-m\libg_s.a(lib_a-errno.o)
                              .\CortexM3\ARM_GCC_484\Debug\Cm3Start.o (__errno)
c:/program files (x86)/cypress/psoc creator/3.2/psoc creator/import/gnu/arm/4.8.4/bin/../lib/gcc/arm-none-eabi/4.8.4/../../../../arm-none-eabi/lib/armv7-m\libg_s.a(lib_a-exit.o)
                              c:/program files (x86)/cypress/psoc creator/3.2/psoc creator/import/gnu/arm/4.8.4/bin/../lib/gcc/arm-none-eabi/4.8.4/../../../../arm-none-eabi/lib/armv7-m/crt0.o (exit)
[...]
Memory Configuration

Name             Origin             Length             Attributes
rom              0x00000000         0x00040000         xr
ram              0x1fff8000         0x00010000         xrw
*default*        0x00000000         0xffffffff

Linker script and memory map

LOAD c:/program files (x86)/cypress/psoc creator/3.2/psoc creator/import/gnu/arm/4.8.4/bin/../lib/gcc/arm-none-eabi/4.8.4/armv7-m/crti.o
LOAD c:/program files (x86)/cypress/psoc creator/3.2/psoc creator/import/gnu/arm/4.8.4/bin/../lib/gcc/arm-none-eabi/4.8.4/armv7-m/crtbegin.o
LOAD c:/program files (x86)/cypress/psoc creator/3.2/psoc creator/import/gnu/arm/4.8.4/bin/../lib/gcc/arm-none-eabi/4.8.4/../../../../arm-none-eabi/lib/armv7-m/crt0.o
START GROUP
LOAD .\CortexM3\ARM_GCC_484\Debug\main.o
LOAD .\CortexM3\ARM_GCC_484\Debug\cv.o
LOAD .\CortexM3\ARM_GCC_484\Debug\sensors.o
LOAD .\CortexM3\ARM_GCC_484\Debug\cymetadata.o
LOAD .\CortexM3\ARM_GCC_484\Debug\Cm3Start.o
LOAD .\CortexM3\ARM_GCC_484\Debug\cybootloader.o
LOAD .\CortexM3\ARM_GCC_484\Debug\chickybot.a
LOAD C:\Program Files (x86)\Cypress\PSoC Creator\3.2\PSoC Creator\psoc\content\cycomponentlibrary\CyComponentLibrary.cylib\CortexM3\ARM_GCC_484\Debug\CyComponentLibrary.a
END GROUP
START GROUP
LOAD c:/program files (x86)/cypress/psoc creator/3.2/psoc creator/import/gnu/arm/4.8.4/bin/../lib/gcc/arm-none-eabi/4.8.4/armv7-m\libgcc.a
LOAD c:/program files (x86)/cypress/psoc creator/3.2/psoc creator/import/gnu/arm/4.8.4/bin/../lib/gcc/arm-none-eabi/4.8.4/../../../../arm-none-eabi/lib/armv7-m\libg_s.a
LOAD c:/program files (x86)/cypress/psoc creator/3.2/psoc creator/import/gnu/arm/4.8.4/bin/../lib/gcc/arm-none-eabi/4.8.4/../../../../arm-none-eabi/lib/armv7-m\libc_s.a
END GROUP
START GROUP
LOAD c:/program files (x86)/cypress/psoc creator/3.2/psoc creator/import/gnu/arm/4.8.4/bin/../lib/gcc/arm-none-eabi/4.8.4/armv7-m\libgcc.a
LOAD c:/program files (x86)/cypress/psoc creator/3.2/psoc creator/import/gnu/arm/4.8.4/bin/../lib/gcc/arm-none-eabi/4.8.4/../../../../arm-none-eabi/lib/armv7-m\libc_s.a
END GROUP
LOAD c:/program files (x86)/cypress/psoc creator/3.2/psoc creator/import/gnu/arm/4.8.4/bin/../lib/gcc/arm-none-eabi/4.8.4/armv7-m/crtend.o
LOAD c:/program files (x86)/cypress/psoc creator/3.2/psoc creator/import/gnu/arm/4.8.4/bin/../lib/gcc/arm-none-eabi/4.8.4/armv7-m/crtn.o
START GROUP
LOAD c:/program files (x86)/cypress/psoc creator/3.2/psoc creator/import/gnu/arm/4.8.4/bin/../lib/gcc/arm-none-eabi/4.8.4/armv7-m\libgcc.a
LOAD c:/program files (x86)/cypress/psoc creator/3.2/psoc creator/import/gnu/arm/4.8.4/bin/../lib/gcc/arm-none-eabi/4.8.4/../../../../arm-none-eabi/lib/armv7-m\libc.a
LOAD c:/program files (x86)/cypress/psoc creator/3.2/psoc creator/import/gnu/arm/4.8.4/bin/../lib/gcc/arm-none-eabi/4.8.4/../../../../arm-none-eabi/lib/armv7-m\libnosys.a
END GROUP
                0x00000000                CY_APPL_ORIGIN = 0x0
                0x00000100                CY_FLASH_ROW_SIZE = 0x100
                0x00000020                CY_ECC_ROW_SIZE = 0x20
                0x00000000                CY_EE_IN_BTLDR = 0x0
                0x00000001                CY_APPL_LOADABLE = 0x1
                0x00000800                CY_EE_SIZE = 0x800
                0x00000001                CY_APPL_NUM = 0x1
                0x00000001                CY_APPL_MAX = 0x1
                0x00000040                CY_METADATA_SIZE = 0x40
                0x20004780                PROVIDE (__cy_heap_start, _end)
                0x00000001                PROVIDE (__cy_region_num, ((__cy_regions_end - __cy_regions) / 0x10))
                0x20008000                PROVIDE (__cy_stack, (ORIGIN (ram) + 0x10000))
                0x20007800                PROVIDE (__cy_heap_end, (__cy_stack - 0x800))

.cybootloader   0x00000000     0x2700
 *(.cybootloader)
 .cybootloader  0x00000000     0x2700 .\CortexM3\ARM_GCC_484\Debug\cybootloader.o
                0x00000000                cy_bootloader
                0x00002700                appl1_start = CY_APPL_ORIGIN?CY_APPL_ORIGIN:ALIGN (CY_FLASH_ROW_SIZE)
                0x00021300                appl2_start = (appl1_start + ALIGN ((((0x40000 - appl1_start) - (0x2 * CY_FLASH_ROW_SIZE)) / 0x2), CY_FLASH_ROW_SIZE))
                0x00002700                appl_start = (CY_APPL_NUM == 0x1)?appl1_start:appl2_start
                0x000004e0                ecc_offset = ((appl_start / CY_FLASH_ROW_SIZE) * CY_ECC_ROW_SIZE)
                0x00000000                ee_offset = (CY_APPL_LOADABLE && ! (CY_EE_IN_BTLDR))?((CY_EE_SIZE / CY_APPL_MAX) * (CY_APPL_NUM - 0x1)):0x0
                0x00000800                ee_size = (CY_APPL_LOADABLE && ! (CY_EE_IN_BTLDR))?(CY_EE_SIZE / CY_APPL_MAX):CY_EE_SIZE
                0x000004e0                PROVIDE (CY_ECC_OFFSET, ecc_offset)

.text           0x00002700     0x133a
 CREATE_OBJECT_SYMBOLS
                0x00002700                PROVIDE (__cy_interrupt_vector, RomVectors)
 *(.romvectors)
 .romvectors    0x00002700       0x10 .\CortexM3\ARM_GCC_484\Debug\Cm3Start.o
                0x00002700                RomVectors
                0x00000001                ASSERT ((. != __cy_interrupt_vector), No interrupt vector)
                0x00000001                ASSERT (CY_APPL_ORIGIN?(SIZEOF (.cybootloader) <= CY_APPL_ORIGIN):0x1, Wrong image location)
                0x00002710                PROVIDE (__cy_reset, Reset)
 *(.text.Reset)
 .text.Reset    0x00002710        0x8 .\CortexM3\ARM_GCC_484\Debug\Cm3Start.o
                0x00002710                Reset
                0x00000001                ASSERT ((. != __cy_reset), No reset code)
 *(.dma_init)
                0x00000001                ASSERT ((((appl_start + .) <= 0x10000) || 0x1), DMA Init must be within the first 64k of flash)
 *(.text .text.* .gnu.linkonce.t.*)
 .text          0x00002718       0x54 c:/program files (x86)/cypress/psoc creator/3.2/psoc creator/import/gnu/arm/4.8.4/bin/../lib/gcc/arm-none-eabi/4.8.4/armv7-m/crtbegin.o
 .text.Btn0Pressed
                0x0000276c       0x14 .\CortexM3\ARM_GCC_484\Debug\main.o
                0x0000276c                Btn0Pressed
 .text.Btn1Pressed
                0x00002780       0x14 .\CortexM3\ARM_GCC_484\Debug\main.o
                0x00002780                Btn1Pressed
 .text.UsSensorTrigger
                0x00002794       0x2c .\CortexM3\ARM_GCC_484\Debug\main.o
                0x00002794                UsSensorTrigger
 .text.main     0x000027c0       0x4c .\CortexM3\ARM_GCC_484\Debug\main.o
                0x000027c0                main
 .text.IntDefaultHandler
                0x0000280c        0x4 .\CortexM3\ARM_GCC_484\Debug\Cm3Start.o
                0x0000280c                IntDefaultHandler
 .text.Start_c  0x00002810       0x4c .\CortexM3\ARM_GCC_484\Debug\Cm3Start.o
                0x00002810                Start_c
 .text.initialize_psoc
                0x0000285c       0x74 .\CortexM3\ARM_GCC_484\Debug\Cm3Start.o
                0x0000285c                initialize_psoc
 .text.CyClockStartupError
                0x000028d0        0x4 .\CortexM3\ARM_GCC_484\Debug\chickybot.a(cyfitter_cfg.o)
 .text.cfg_write_bytes32
                0x000028d4       0x34 .\CortexM3\ARM_GCC_484\Debug\chickybot.a(cyfitter_cfg.o)
 .text.AnalogSetDefault
                0x00002908       0x28 .\CortexM3\ARM_GCC_484\Debug\chickybot.a(cyfitter_cfg.o)
 .text.CYMEMZERO
                0x00002930        0xc .\CortexM3\ARM_GCC_484\Debug\chickybot.a(cyfitter_cfg.o)
 .text.CYCONFIGCPYCODE
                0x0000293c        0x8 .\CortexM3\ARM_GCC_484\Debug\chickybot.a(cyfitter_cfg.o)
 .text.CYCONFIGCPY
                0x00002944        0x8 .\CortexM3\ARM_GCC_484\Debug\chickybot.a(cyfitter_cfg.o)
 .text.ClockSetup
                0x0000294c       0xe0 .\CortexM3\ARM_GCC_484\Debug\chickybot.a(cyfitter_cfg.o)
 .text.cyfitter_cfg
                0x00002a2c      0x148 .\CortexM3\ARM_GCC_484\Debug\chickybot.a(cyfitter_cfg.o)
                0x00002a2c                cyfitter_cfg
 *fill*         0x00002b74        0x4 
 .text          0x00002b78       0x28 .\CortexM3\ARM_GCC_484\Debug\chickybot.a(CyBootAsmGnu.o)
                0x00002b78                CyDelayCycles
                0x00002b8c                CyEnterCriticalSection
                0x00002b94                CyExitCriticalSection
 .text.CyDmacConfigure
                0x00002ba0       0x34 .\CortexM3\ARM_GCC_484\Debug\chickybot.a(CyDmac.o)
                0x00002ba0                CyDmacConfigure
 .text.CyDmaChPriority
                0x00002bd4       0x24 .\CortexM3\ARM_GCC_484\Debug\chickybot.a(CyDmac.o)
                0x00002bd4                CyDmaChPriority
 .text.CyDmaChSetExtendedAddress
                0x00002bf8       0x34 .\CortexM3\ARM_GCC_484\Debug\chickybot.a(CyDmac.o)
                0x00002bf8                CyDmaChSetExtendedAddress
 .text.CyDmaChSetConfiguration
                0x00002c2c       0x44 .\CortexM3\ARM_GCC_484\Debug\chickybot.a(CyDmac.o)
                0x00002c2c                CyDmaChSetConfiguration
 .text.CyDmaTdAllocate
                0x00002c70       0x34 .\CortexM3\ARM_GCC_484\Debug\chickybot.a(CyDmac.o)
                0x00002c70                CyDmaTdAllocate
 .text.CyDmaTdSetConfiguration
                0x00002ca4       0x28 .\CortexM3\ARM_GCC_484\Debug\chickybot.a(CyDmac.o)
                0x00002ca4                CyDmaTdSetConfiguration
 .text.CyDmaTdSetAddress
                0x00002ccc       0x1c .\CortexM3\ARM_GCC_484\Debug\chickybot.a(CyDmac.o)
                0x00002ccc                CyDmaTdSetAddress
 .text.CyHalt   0x00002ce8        0x4 .\CortexM3\ARM_GCC_484\Debug\chickybot.a(CyLib.o)
                0x00002ce8                CyHalt
 .text.CyDelay  0x00002cec       0x2c .\CortexM3\ARM_GCC_484\Debug\chickybot.a(CyLib.o)
                0x00002cec                CyDelay
 .text.CyDelayUs
                0x00002d18       0x14 .\CortexM3\ARM_GCC_484\Debug\chickybot.a(CyLib.o)
                0x00002d18                CyDelayUs
 .text.CyIntSetVector
                0x00002d2c       0x28 .\CortexM3\ARM_GCC_484\Debug\chickybot.a(CyLib.o)
                0x00002d2c                CyIntSetVector
 .text.CyIntSetPriority
                0x00002d54       0x30 .\CortexM3\ARM_GCC_484\Debug\chickybot.a(CyLib.o)
                0x00002d54                CyIntSetPriority
 .text.LedGreen_Write
                0x00002d84       0x18 .\CortexM3\ARM_GCC_484\Debug\chickybot.a(LedGreen.o)
                0x00002d84                LedGreen_Write
 .text.LedGreen_Read
                0x00002d9c       0x10 .\CortexM3\ARM_GCC_484\Debug\chickybot.a(LedGreen.o)
                0x00002d9c                LedGreen_Read
 .text.LedBlue_Write
                0x00002dac       0x18 .\CortexM3\ARM_GCC_484\Debug\chickybot.a(LedBlue.o)
                0x00002dac                LedBlue_Write
 .text.LedBlue_Read
                0x00002dc4       0x10 .\CortexM3\ARM_GCC_484\Debug\chickybot.a(LedBlue.o)
                0x00002dc4                LedBlue_Read
 .text.LedYellow_Write
                0x00002dd4       0x18 .\CortexM3\ARM_GCC_484\Debug\chickybot.a(LedYellow.o)
                0x00002dd4                LedYellow_Write
 .text.LedYellow_Read
                0x00002dec       0x10 .\CortexM3\ARM_GCC_484\Debug\chickybot.a(LedYellow.o)
                0x00002dec                LedYellow_Read
 .text.Lcd_WrCntrlNib
                0x00002dfc       0x34 .\CortexM3\ARM_GCC_484\Debug\chickybot.a(Lcd.o)
 .text.Lcd_WrDatNib
                0x00002e30       0x3c .\CortexM3\ARM_GCC_484\Debug\chickybot.a(Lcd.o)
 .text.Lcd_WriteData
                0x00002e6c       0x20 .\CortexM3\ARM_GCC_484\Debug\chickybot.a(Lcd.o)
                0x00002e6c                Lcd_WriteData
 .text.Lcd_PrintString
                0x00002e8c       0x1c .\CortexM3\ARM_GCC_484\Debug\chickybot.a(Lcd.o)
                0x00002e8c                Lcd_PrintString
 .text.Lcd_WriteControl
                0x00002ea8       0x24 .\CortexM3\ARM_GCC_484\Debug\chickybot.a(Lcd.o)
                0x00002ea8                Lcd_WriteControl
 .text.Lcd_Init
                0x00002ecc       0x6c .\CortexM3\ARM_GCC_484\Debug\chickybot.a(Lcd.o)
                0x00002ecc                Lcd_Init
 .text.Lcd_Enable
                0x00002f38       0x14 .\CortexM3\ARM_GCC_484\Debug\chickybot.a(Lcd.o)
                0x00002f38                Lcd_Enable
 .text.Lcd_Start
                0x00002f4c       0x1c .\CortexM3\ARM_GCC_484\Debug\chickybot.a(Lcd.o)
                0x00002f4c                Lcd_Start
 .text.Lcd_Position
                0x00002f68       0x3c .\CortexM3\ARM_GCC_484\Debug\chickybot.a(Lcd.o)
                0x00002f68                Lcd_Position
 .text.Lcd_PrintNumber
                0x00002fa4       0x8c .\CortexM3\ARM_GCC_484\Debug\chickybot.a(Lcd.o)
                0x00002fa4                Lcd_PrintNumber
 .text.IsrBtn0Pressed_SetVector
                0x00003030        0xc .\CortexM3\ARM_GCC_484\Debug\chickybot.a(IsrBtn0Pressed.o)
                0x00003030                IsrBtn0Pressed_SetVector
 .text.IsrBtn0Pressed_SetPriority
                0x0000303c       0x10 .\CortexM3\ARM_GCC_484\Debug\chickybot.a(IsrBtn0Pressed.o)
                0x0000303c                IsrBtn0Pressed_SetPriority
 .text.IsrBtn0Pressed_Enable
                0x0000304c        0xc .\CortexM3\ARM_GCC_484\Debug\chickybot.a(IsrBtn0Pressed.o)
                0x0000304c                IsrBtn0Pressed_Enable
 .text.IsrBtn0Pressed_Disable
                0x00003058        0xc .\CortexM3\ARM_GCC_484\Debug\chickybot.a(IsrBtn0Pressed.o)
                0x00003058                IsrBtn0Pressed_Disable
 .text.IsrBtn0Pressed_StartEx
                0x00003064       0x1c .\CortexM3\ARM_GCC_484\Debug\chickybot.a(IsrBtn0Pressed.o)
                0x00003064                IsrBtn0Pressed_StartEx
 .text.IsrBtn1Pressed_SetVector
                0x00003080        0xc .\CortexM3\ARM_GCC_484\Debug\chickybot.a(IsrBtn1Pressed.o)
                0x00003080                IsrBtn1Pressed_SetVector
 .text.IsrBtn1Pressed_SetPriority
                0x0000308c       0x10 .\CortexM3\ARM_GCC_484\Debug\chickybot.a(IsrBtn1Pressed.o)
                0x0000308c                IsrBtn1Pressed_SetPriority
 .text.IsrBtn1Pressed_Enable
                0x0000309c        0xc .\CortexM3\ARM_GCC_484\Debug\chickybot.a(IsrBtn1Pressed.o)
                0x0000309c                IsrBtn1Pressed_Enable
 .text.IsrBtn1Pressed_Disable
                0x000030a8        0xc .\CortexM3\ARM_GCC_484\Debug\chickybot.a(IsrBtn1Pressed.o)
                0x000030a8                IsrBtn1Pressed_Disable
 .text.IsrBtn1Pressed_StartEx
                0x000030b4       0x1c .\CortexM3\ARM_GCC_484\Debug\chickybot.a(IsrBtn1Pressed.o)
                0x000030b4                IsrBtn1Pressed_StartEx
 .text.CsBtns_PWM_Enable
                0x000030d0       0x28 .\CortexM3\ARM_GCC_484\Debug\chickybot.a(CsBtns_PWM.o)
                0x000030d0                CsBtns_PWM_Enable
 .text.CsBtns_PWM_WritePeriod
                0x000030f8        0xc .\CortexM3\ARM_GCC_484\Debug\chickybot.a(CsBtns_PWM.o)
                0x000030f8                CsBtns_PWM_WritePeriod
 .text.CsBtns_PWM_WriteCompare
                0x00003104        0xc .\CortexM3\ARM_GCC_484\Debug\chickybot.a(CsBtns_PWM.o)
                0x00003104                CsBtns_PWM_WriteCompare
 .text.CsBtns_PWM_SetInterruptMode
                0x00003110        0xc .\CortexM3\ARM_GCC_484\Debug\chickybot.a(CsBtns_PWM.o)
                0x00003110                CsBtns_PWM_SetInterruptMode
 .text.CsBtns_PWM_Init
                0x0000311c       0x70 .\CortexM3\ARM_GCC_484\Debug\chickybot.a(CsBtns_PWM.o)
                0x0000311c                CsBtns_PWM_Init
 .text.CsBtns_PWM_Start
                0x0000318c       0x1c .\CortexM3\ARM_GCC_484\Debug\chickybot.a(CsBtns_PWM.o)
                0x0000318c                CsBtns_PWM_Start
 .text.Camera_WriteReg
                0x000031a8       0x28 .\CortexM3\ARM_GCC_484\Debug\chickybot.a(Camera.o)
                0x000031a8                Camera_WriteReg
 .text.Camera_Start
                0x000031d0       0xc4 .\CortexM3\ARM_GCC_484\Debug\chickybot.a(Camera.o)
                0x000031d0                Camera_Start
 .text.Camera_DMA_DmaInitialize
                0x00003294       0x3c .\CortexM3\ARM_GCC_484\Debug\chickybot.a(Camera_DMA_dma.o)
                0x00003294                Camera_DMA_DmaInitialize
 .text.Camera_SIOD_SetDriveMode
                0x000032d0       0x18 .\CortexM3\ARM_GCC_484\Debug\chickybot.a(Camera_SIOD.o)
                0x000032d0                Camera_SIOD_SetDriveMode
 .text.Camera_SIOC_SetDriveMode
                0x000032e8       0x18 .\CortexM3\ARM_GCC_484\Debug\chickybot.a(Camera_SIOC.o)
                0x000032e8                Camera_SIOC_SetDriveMode
 .text.Camera_I2C_Init
                0x00003300       0x68 .\CortexM3\ARM_GCC_484\Debug\chickybot.a(Camera_I2C.o)
                0x00003300                Camera_I2C_Init
 .text.Camera_I2C_Enable
                0x00003368       0x24 .\CortexM3\ARM_GCC_484\Debug\chickybot.a(Camera_I2C.o)
                0x00003368                Camera_I2C_Enable
 .text.Camera_I2C_Start
                0x0000338c       0x28 .\CortexM3\ARM_GCC_484\Debug\chickybot.a(Camera_I2C.o)
                0x0000338c                Camera_I2C_Start
 .text.Camera_I2C_ISR
                0x000033b4      0x2c8 .\CortexM3\ARM_GCC_484\Debug\chickybot.a(Camera_I2C_INT.o)
                0x000033b4                Camera_I2C_ISR
 .text.Camera_I2C_MasterSendStart
                0x0000367c       0x80 .\CortexM3\ARM_GCC_484\Debug\chickybot.a(Camera_I2C_MASTER.o)
                0x0000367c                Camera_I2C_MasterSendStart
 .text.Camera_I2C_MasterSendStop
                0x000036fc       0x38 .\CortexM3\ARM_GCC_484\Debug\chickybot.a(Camera_I2C_MASTER.o)
                0x000036fc                Camera_I2C_MasterSendStop
 .text.Camera_I2C_MasterWriteByte
                0x00003734       0x58 .\CortexM3\ARM_GCC_484\Debug\chickybot.a(Camera_I2C_MASTER.o)
                0x00003734                Camera_I2C_MasterWriteByte
 .text.IsrUsTimer_SetVector
                0x0000378c        0xc .\CortexM3\ARM_GCC_484\Debug\chickybot.a(IsrUsTimer.o)
                0x0000378c                IsrUsTimer_SetVector
 .text.IsrUsTimer_SetPriority
                0x00003798       0x10 .\CortexM3\ARM_GCC_484\Debug\chickybot.a(IsrUsTimer.o)
                0x00003798                IsrUsTimer_SetPriority
 .text.IsrUsTimer_Enable
                0x000037a8        0xc .\CortexM3\ARM_GCC_484\Debug\chickybot.a(IsrUsTimer.o)
                0x000037a8                IsrUsTimer_Enable
 .text.IsrUsTimer_Disable
                0x000037b4        0xc .\CortexM3\ARM_GCC_484\Debug\chickybot.a(IsrUsTimer.o)
                0x000037b4                IsrUsTimer_Disable
 .text.IsrUsTimer_StartEx
                0x000037c0       0x1c .\CortexM3\ARM_GCC_484\Debug\chickybot.a(IsrUsTimer.o)
                0x000037c0                IsrUsTimer_StartEx
 .text.UsTimer_Enable
                0x000037dc       0x10 .\CortexM3\ARM_GCC_484\Debug\chickybot.a(UsTimer.o)
                0x000037dc                UsTimer_Enable
 .text.UsTimer_SetInterruptMode
                0x000037ec        0xc .\CortexM3\ARM_GCC_484\Debug\chickybot.a(UsTimer.o)
                0x000037ec                UsTimer_SetInterruptMode
 .text.UsTimer_ReadStatusRegister
                0x000037f8        0xc .\CortexM3\ARM_GCC_484\Debug\chickybot.a(UsTimer.o)
                0x000037f8                UsTimer_ReadStatusRegister
 .text.UsTimer_WritePeriod
                0x00003804       0x10 .\CortexM3\ARM_GCC_484\Debug\chickybot.a(UsTimer.o)
                0x00003804                UsTimer_WritePeriod
 .text.UsTimer_ReadCapture
                0x00003814       0x10 .\CortexM3\ARM_GCC_484\Debug\chickybot.a(UsTimer.o)
                0x00003814                UsTimer_ReadCapture
 .text.UsTimer_WriteCounter
                0x00003824       0x10 .\CortexM3\ARM_GCC_484\Debug\chickybot.a(UsTimer.o)
                0x00003824                UsTimer_WriteCounter
 .text.UsTimer_EnableTrigger
                0x00003834       0x10 .\CortexM3\ARM_GCC_484\Debug\chickybot.a(UsTimer.o)
                0x00003834                UsTimer_EnableTrigger
 .text.UsTimer_SetInterruptCount
                0x00003844       0x1c .\CortexM3\ARM_GCC_484\Debug\chickybot.a(UsTimer.o)
                0x00003844                UsTimer_SetInterruptCount
 .text.UsTimer_ClearFIFO
                0x00003860       0x14 .\CortexM3\ARM_GCC_484\Debug\chickybot.a(UsTimer.o)
                0x00003860                UsTimer_ClearFIFO
 .text.UsTimer_Init
                0x00003874       0x40 .\CortexM3\ARM_GCC_484\Debug\chickybot.a(UsTimer.o)
                0x00003874                UsTimer_Init
 .text.UsTimer_Start
                0x000038b4       0x1c .\CortexM3\ARM_GCC_484\Debug\chickybot.a(UsTimer.o)
                0x000038b4                UsTimer_Start
 .text.UsPWM_Enable
                0x000038d0       0x10 .\CortexM3\ARM_GCC_484\Debug\chickybot.a(UsPWM.o)
                0x000038d0                UsPWM_Enable
 .text.UsPWM_WriteCounter
                0x000038e0        0xc .\CortexM3\ARM_GCC_484\Debug\chickybot.a(UsPWM.o)
                0x000038e0                UsPWM_WriteCounter
 .text.UsPWM_WritePeriod
                0x000038ec        0xc .\CortexM3\ARM_GCC_484\Debug\chickybot.a(UsPWM.o)
                0x000038ec                UsPWM_WritePeriod
 .text.UsPWM_WriteCompare
                0x000038f8        0xc .\CortexM3\ARM_GCC_484\Debug\chickybot.a(UsPWM.o)
                0x000038f8                UsPWM_WriteCompare
 .text.UsPWM_SetInterruptMode
                0x00003904        0xc .\CortexM3\ARM_GCC_484\Debug\chickybot.a(UsPWM.o)
                0x00003904                UsPWM_SetInterruptMode
 .text.UsPWM_ReadStatusRegister
                0x00003910        0xc .\CortexM3\ARM_GCC_484\Debug\chickybot.a(UsPWM.o)
                0x00003910                UsPWM_ReadStatusRegister
 .text.UsPWM_ReadCapture
                0x0000391c        0xc .\CortexM3\ARM_GCC_484\Debug\chickybot.a(UsPWM.o)
                0x0000391c                UsPWM_ReadCapture
 .text.UsPWM_ClearFIFO
                0x00003928       0x14 .\CortexM3\ARM_GCC_484\Debug\chickybot.a(UsPWM.o)
                0x00003928                UsPWM_ClearFIFO
 .text.UsPWM_Init
                0x0000393c       0x60 .\CortexM3\ARM_GCC_484\Debug\chickybot.a(UsPWM.o)
                0x0000393c                UsPWM_Init
 .text.UsPWM_Start
                0x0000399c       0x1c .\CortexM3\ARM_GCC_484\Debug\chickybot.a(UsPWM.o)
                0x0000399c                UsPWM_Start
 .text.CySetReg24
                0x000039b8       0x14 .\CortexM3\ARM_GCC_484\Debug\chickybot.a(cyutils.o)
                0x000039b8                CySetReg24
 .text.__libc_init_array
                0x000039cc       0x4c c:/program files (x86)/cypress/psoc creator/3.2/psoc creator/import/gnu/arm/4.8.4/bin/../lib/gcc/arm-none-eabi/4.8.4/../../../../arm-none-eabi/lib/armv7-m\libg_s.a(lib_a-init.o)
                0x000039cc                __libc_init_array
 .text.memcpy   0x00003a18       0x12 c:/program files (x86)/cypress/psoc creator/3.2/psoc creator/import/gnu/arm/4.8.4/bin/../lib/gcc/arm-none-eabi/4.8.4/../../../../arm-none-eabi/lib/armv7-m\libg_s.a(lib_a-memcpy-stub.o)
                0x00003a18                memcpy
 .text.memset   0x00003a2a       0x10 c:/program files (x86)/cypress/psoc creator/3.2/psoc creator/import/gnu/arm/4.8.4/bin/../lib/gcc/arm-none-eabi/4.8.4/../../../../arm-none-eabi/lib/armv7-m\libg_s.a(lib_a-memset.o)
                0x00003a2a                memset
 *(.plt)
 *(.gnu.warning)
 *(.glue_7t)
 .glue_7t       0x00000000        0x0 linker stubs
 *(.glue_7)
 .glue_7        0x00000000        0x0 linker stubs
 *(.vfp11_veneer)
 .vfp11_veneer  0x00000000        0x0 linker stubs
 *(.bootloader)
 *(.ARM.extab* .gnu.linkonce.armextab.*)
 *(.gcc_except_table)

.v4_bx          0x00003a3c        0x0
 .v4_bx         0x00000000        0x0 linker stubs

.iplt           0x00003a3c        0x0
 .iplt          0x00000000        0x0 c:/program files (x86)/cypress/psoc creator/3.2/psoc creator/import/gnu/arm/4.8.4/bin/../lib/gcc/arm-none-eabi/4.8.4/armv7-m/crtbegin.o

.eh_frame_hdr
 *(.eh_frame_hdr)

.eh_frame       0x00003a3c        0x4
 *(.eh_frame)
 .eh_frame      0x00003a3c        0x0 c:/program files (x86)/cypress/psoc creator/3.2/psoc creator/import/gnu/arm/4.8.4/bin/../lib/gcc/arm-none-eabi/4.8.4/armv7-m/crtbegin.o
 .eh_frame      0x00003a3c        0x4 c:/program files (x86)/cypress/psoc creator/3.2/psoc creator/import/gnu/arm/4.8.4/bin/../lib/gcc/arm-none-eabi/4.8.4/armv7-m/crtend.o
                0x00003a40                PROVIDE (__exidx_start, .)

.ARM.exidx
 *(.ARM.exidx* .gnu.linkonce.armexidx.*)
                0x00003a40                __exidx_end = .

.rodata         0x00003a40      0x6f8
 *(.rodata .rodata.* .gnu.linkonce.r.*)
 .rodata        0x00003a40      0x60c .\CortexM3\ARM_GCC_484\Debug\chickybot.a(cyfitter_cfg.o)
 .rodata        0x0000404c       0xb8 .\CortexM3\ARM_GCC_484\Debug\chickybot.a(Camera_settings.o)
                0x0000404c                Camera_qcif
                0x00004058                Camera_cif
                0x00004064                Camera_qvga
                0x00004070                Camera_vga
                0x0000407c                Camera_sxga
                0x00004088                Camera_format
                0x00004098                Camera_settings
                0x00004104                . = ALIGN (0x4)
 *(.init)
 .init          0x00004104        0x4 c:/program files (x86)/cypress/psoc creator/3.2/psoc creator/import/gnu/arm/4.8.4/bin/../lib/gcc/arm-none-eabi/4.8.4/armv7-m/crti.o
                0x00004104                _init
 .init          0x00004108        0x8 c:/program files (x86)/cypress/psoc creator/3.2/psoc creator/import/gnu/arm/4.8.4/bin/../lib/gcc/arm-none-eabi/4.8.4/armv7-m/crtn.o
                0x00004110                . = ALIGN (0x4)
                0x00004110                __preinit_array_start = .
 *(.preinit_array)
                0x00004110                __preinit_array_end = .
                0x00004110                . = ALIGN (0x4)
                0x00004110                __init_array_start = .
 *(SORT(.init_array.*))
 *(.init_array)
 .init_array    0x00004110        0x4 c:/program files (x86)/cypress/psoc creator/3.2/psoc creator/import/gnu/arm/4.8.4/bin/../lib/gcc/arm-none-eabi/4.8.4/armv7-m/crtbegin.o
 .init_array    0x00004114        0x4 .\CortexM3\ARM_GCC_484\Debug\Cm3Start.o
                0x00004118                __init_array_end = .
                0x00004118                . = ALIGN (0x4)
 *(.fini)
 .fini          0x00004118        0x4 c:/program files (x86)/cypress/psoc creator/3.2/psoc creator/import/gnu/arm/4.8.4/bin/../lib/gcc/arm-none-eabi/4.8.4/armv7-m/crti.o
                0x00004118                _fini
 .fini          0x0000411c        0x8 c:/program files (x86)/cypress/psoc creator/3.2/psoc creator/import/gnu/arm/4.8.4/bin/../lib/gcc/arm-none-eabi/4.8.4/armv7-m/crtn.o
                0x00004124                . = ALIGN (0x4)
                0x00004124                __fini_array_start = .
 *(.fini_array)
 .fini_array    0x00004124        0x4 c:/program files (x86)/cypress/psoc creator/3.2/psoc creator/import/gnu/arm/4.8.4/bin/../lib/gcc/arm-none-eabi/4.8.4/armv7-m/crtbegin.o
 *(SORT(.fini_array.*))
                0x00004128                __fini_array_end = .
                0x00004128                . = ALIGN (0x4)
 *crtbegin.o(.ctors)
 *(EXCLUDE_FILE(*crtend.o) .ctors)
 *(SORT(.ctors.*))
 *crtend.o(.ctors)
                0x00004128                . = ALIGN (0x4)
 *crtbegin.o(.dtors)
 *(EXCLUDE_FILE(*crtend.o) .dtors)
 *(SORT(.dtors.*))
 *crtend.o(.dtors)
                0x00004128                . = ALIGN (0x4)
                0x00004128                __cy_regions = .
                0x00004128        0x4 LONG 0x4138 __cy_region_init_ram
                0x0000412c        0x4 LONG 0x1fff8108 __cy_region_start_data
                0x00004130        0x4 LONG 0x20 __cy_region_init_size_ram
                0x00004134        0x4 LONG 0xc658 __cy_region_zero_size_ram
                0x00004138                __cy_regions_end = .
                0x00004138                . = ALIGN (0x8)
                0x00004138                _etext = .

.ramvectors     0x1fff8000      0x100
                0x1fff8000                __cy_region_start_ram = .
 *(.ramvectors)
 .ramvectors    0x1fff8000      0x100 .\CortexM3\ARM_GCC_484\Debug\Cm3Start.o
                0x1fff8000                CyRamVectors

.noinit         0x1fff8100        0x5
 *(.noinit)
 .noinit        0x1fff8100        0x4 .\CortexM3\ARM_GCC_484\Debug\Cm3Start.o
 .noinit        0x1fff8104        0x1 .\CortexM3\ARM_GCC_484\Debug\chickybot.a(CyLib.o)
                0x1fff8104                CyResetStatus

.data           0x1fff8108       0x20 load address 0x00004138
                0x1fff8108                __cy_region_start_data = .
 *(.jcr)
 .jcr           0x1fff8108        0x0 c:/program files (x86)/cypress/psoc creator/3.2/psoc creator/import/gnu/arm/4.8.4/bin/../lib/gcc/arm-none-eabi/4.8.4/armv7-m/crtbegin.o
 .jcr           0x1fff8108        0x4 c:/program files (x86)/cypress/psoc creator/3.2/psoc creator/import/gnu/arm/4.8.4/bin/../lib/gcc/arm-none-eabi/4.8.4/armv7-m/crtend.o
 *(.got.plt)
 *(.got)
 *(.shdata)
 *(.data .data.* .gnu.linkonce.d.*)
 .data          0x1fff810c        0x8 .\CortexM3\ARM_GCC_484\Debug\chickybot.a(CyDmac.o)
 .data          0x1fff8114       0x10 .\CortexM3\ARM_GCC_484\Debug\chickybot.a(CyLib.o)
                0x1fff8114                cydelay_32k_ms
                0x1fff8118                cydelay_freq_khz
                0x1fff811c                cydelay_freq_mhz
                0x1fff8120                cydelay_freq_hz
 .data          0x1fff8124        0x1 .\CortexM3\ARM_GCC_484\Debug\chickybot.a(Camera_DMA_dma.o)
                0x1fff8124                Camera_DMA_DmaHandle
                0x1fff8128                . = ALIGN (0x8)
 *fill*         0x1fff8125        0x3 
 *(.ram)
                0x1fff8128                _edata = .

.igot.plt       0x1fff8128        0x0 load address 0x00004158
 .igot.plt      0x00000000        0x0 c:/program files (x86)/cypress/psoc creator/3.2/psoc creator/import/gnu/arm/4.8.4/bin/../lib/gcc/arm-none-eabi/4.8.4/armv7-m/crtbegin.o

.bss            0x1fff8128     0xc658 load address 0x00004158
                0x1fff8128                PROVIDE (__bss_start__, .)
 *(.shbss)
 *(.bss .bss.* .gnu.linkonce.b.*)
 .bss           0x1fff8128       0x1c c:/program files (x86)/cypress/psoc creator/3.2/psoc creator/import/gnu/arm/4.8.4/bin/../lib/gcc/arm-none-eabi/4.8.4/armv7-m/crtbegin.o
 .bss           0x1fff8144        0x2 .\CortexM3\ARM_GCC_484\Debug\chickybot.a(Lcd.o)
                0x1fff8144                Lcd_enableState
                0x1fff8145                Lcd_initVar
 .bss           0x1fff8146        0x1 .\CortexM3\ARM_GCC_484\Debug\chickybot.a(CsBtns_PWM.o)
                0x1fff8146                CsBtns_PWM_initVar
 *fill*         0x1fff8147        0x1 
 .bss           0x1fff8148       0x14 .\CortexM3\ARM_GCC_484\Debug\chickybot.a(Camera.o)
 .bss           0x1fff815c        0x1 .\CortexM3\ARM_GCC_484\Debug\chickybot.a(Camera_I2C.o)
                0x1fff815c                Camera_I2C_initVar
 .bss           0x1fff815d        0x1 .\CortexM3\ARM_GCC_484\Debug\chickybot.a(UsTimer.o)
                0x1fff815d                UsTimer_initVar
 .bss           0x1fff815e        0x1 .\CortexM3\ARM_GCC_484\Debug\chickybot.a(UsPWM.o)
                0x1fff815e                UsPWM_initVar
 *(COMMON)
 *fill*         0x1fff815f        0x1 
 COMMON         0x1fff8160     0xc604 .\CortexM3\ARM_GCC_484\Debug\main.o
                0x1fff8160                plan
                0x1fff8164                Camera_framebuffer
 COMMON         0x20004764        0x1 .\CortexM3\ARM_GCC_484\Debug\chickybot.a(Camera_I2C.o)
                0x20004764                Camera_I2C_state
 *fill*         0x20004765        0x3 
 COMMON         0x20004768       0x11 .\CortexM3\ARM_GCC_484\Debug\chickybot.a(Camera_I2C_MASTER.o)
                0x20004768                Camera_I2C_mstrWrBufSize
                0x20004769                Camera_I2C_mstrRdBufIndex
                0x2000476a                Camera_I2C_mstrRdBufSize
                0x2000476b                Camera_I2C_mstrControl
                0x2000476c                Camera_I2C_mstrWrBufPtr
                0x20004770                Camera_I2C_mstrWrBufIndex
                0x20004774                Camera_I2C_mstrRdBufPtr
                0x20004778                Camera_I2C_mstrStatus
                0x20004780                . = ALIGN (0x8)
 *fill*         0x20004779        0x7 
 *(.ram.b)
                0x20004780                _end = .
                0x20004780                __end = .
                0x20004780                PROVIDE (end, .)
                0x20004780                PROVIDE (__bss_end__, .)
                0x00004138                __cy_region_init_ram = LOADADDR (.data)
                0x00000020                __cy_region_init_size_ram = (_edata - ADDR (.data))
                0x0000c658                __cy_region_zero_size_ram = (_end - _edata)

.heap           0x20004780       0x80 load address 0x00004158
                0x20004780                . = _end
                0x20004800                . = (. + 0x80)
 *fill*         0x20004780       0x80 
                0x20004800                __cy_heap_limit = .

.stack          0x20007800      0x800
                0x20007800                __cy_stack_limit = .
                0x20008000                . = (. + 0x800)
 *fill*         0x20007800      0x800 
                0x00000001                ASSERT ((__cy_stack_limit >= __cy_heap_limit), region RAM overflowed with stack)

.cyloadermeta   0xf0000000       0x40
 *(.cyloadermeta)
 .cyloadermeta  0xf0000000       0x40 .\CortexM3\ARM_GCC_484\Debug\cybootloader.o
                0xf0000000                cy_meta_loader

.cyloadablemeta
                0x0003ffc0       0x40
 *(.cyloadablemeta)
 .cyloadablemeta
                0x0003ffc0       0x40 .\CortexM3\ARM_GCC_484\Debug\cymetadata.o
                0x0003ffc0                cy_meta_loadable

.cyconfigecc
 *(.cyconfigecc)

.cycustnvl      0x90000000        0x4
 *(.cycustnvl)
 .cycustnvl     0x90000000        0x4 .\CortexM3\ARM_GCC_484\Debug\cybootloader.o
                0x90000000                cy_meta_custnvl

.cywolatch      0x90100000        0x4
 *(.cywolatch)
 .cywolatch     0x90100000        0x4 .\CortexM3\ARM_GCC_484\Debug\cybootloader.o
                0x90100000                cy_meta_wonvl

.cyeeprom       0x90200000        0x0
 *(.cyeeprom)
                0x00000001                ASSERT ((. <= ((0x90200000 + ee_offset) + ee_size)), .cyeeprom data will not fit in EEPROM)

.cyflashprotect
                0x90400000      0x100
 *(.cyflashprotect)
 .cyflashprotect
                0x90400000      0x100 .\CortexM3\ARM_GCC_484\Debug\cybootloader.o
                0x90400000                cy_meta_flashprotect

.cymeta         0x90500000        0xc
 *(.cymeta)
 .cymeta        0x90500000        0xc .\CortexM3\ARM_GCC_484\Debug\cybootloader.o
                0x90500000                cy_metadata

.rel.dyn        0x00040000        0x0 load address 0x9050000c
 .rel.iplt      0x00000000        0x0 c:/program files (x86)/cypress/psoc creator/3.2/psoc creator/import/gnu/arm/4.8.4/bin/../lib/gcc/arm-none-eabi/4.8.4/armv7-m/crtbegin.o

.stab
 *(.stab)

.stabstr
 *(.stabstr)

.debug
 *(.debug)

.line
 *(.line)

.debug_srcinfo
 *(.debug_srcinfo)

.debug_sfnames
 *(.debug_sfnames)

.debug_aranges  0x00000000      0xd68
 *(.debug_aranges)
 .debug_aranges
                0x00000000       0x48 .\CortexM3\ARM_GCC_484\Debug\main.o
 .debug_aranges
                0x00000048       0x30 .\CortexM3\ARM_GCC_484\Debug\cv.o
 .debug_aranges
                0x00000078       0x18 .\CortexM3\ARM_GCC_484\Debug\sensors.o
 .debug_aranges
                0x00000090       0x18 .\CortexM3\ARM_GCC_484\Debug\cymetadata.o
 .debug_aranges
                0x000000a8       0x48 .\CortexM3\ARM_GCC_484\Debug\Cm3Start.o
 .debug_aranges
                0x000000f0       0x18 .\CortexM3\ARM_GCC_484\Debug\cybootloader.o
 .debug_aranges
                0x00000108       0x60 .\CortexM3\ARM_GCC_484\Debug\chickybot.a(cyfitter_cfg.o)
 .debug_aranges
                0x00000168       0x20 .\CortexM3\ARM_GCC_484\Debug\chickybot.a(CyBootAsmGnu.o)
 .debug_aranges
                0x00000188       0xd8 .\CortexM3\ARM_GCC_484\Debug\chickybot.a(CyDmac.o)
 .debug_aranges
                0x00000260      0x298 .\CortexM3\ARM_GCC_484\Debug\chickybot.a(CyLib.o)
 .debug_aranges
                0x000004f8       0x98 .\CortexM3\ARM_GCC_484\Debug\chickybot.a(cyPm.o)
 .debug_aranges
                0x00000590       0x38 .\CortexM3\ARM_GCC_484\Debug\chickybot.a(LedGreen.o)
 .debug_aranges
                0x000005c8       0x38 .\CortexM3\ARM_GCC_484\Debug\chickybot.a(LedBlue.o)
 .debug_aranges
                0x00000600       0x38 .\CortexM3\ARM_GCC_484\Debug\chickybot.a(LedYellow.o)
 .debug_aranges
                0x00000638       0x90 .\CortexM3\ARM_GCC_484\Debug\chickybot.a(Lcd.o)
 .debug_aranges
                0x000006c8       0x80 .\CortexM3\ARM_GCC_484\Debug\chickybot.a(IsrBtn0Pressed.o)
 .debug_aranges
                0x00000748       0x80 .\CortexM3\ARM_GCC_484\Debug\chickybot.a(IsrBtn1Pressed.o)
 .debug_aranges
                0x000007c8       0x78 .\CortexM3\ARM_GCC_484\Debug\chickybot.a(CsBtns_PWM.o)
 .debug_aranges
                0x00000840       0x58 .\CortexM3\ARM_GCC_484\Debug\chickybot.a(Camera.o)
 .debug_aranges
                0x00000898       0x28 .\CortexM3\ARM_GCC_484\Debug\chickybot.a(Camera_DMA_dma.o)
 .debug_aranges
                0x000008c0       0x38 .\CortexM3\ARM_GCC_484\Debug\chickybot.a(Camera_VSYNC.o)
 .debug_aranges
                0x000008f8       0x38 .\CortexM3\ARM_GCC_484\Debug\chickybot.a(Camera_SIOD.o)
 .debug_aranges
                0x00000930       0x38 .\CortexM3\ARM_GCC_484\Debug\chickybot.a(Camera_SIOC.o)
 .debug_aranges
                0x00000968       0x38 .\CortexM3\ARM_GCC_484\Debug\chickybot.a(Camera_I2C.o)
 .debug_aranges
                0x000009a0       0x20 .\CortexM3\ARM_GCC_484\Debug\chickybot.a(Camera_I2C_INT.o)
 .debug_aranges
                0x000009c0       0x38 .\CortexM3\ARM_GCC_484\Debug\chickybot.a(Camera_I2C_PM.o)
 .debug_aranges
                0x000009f8       0x80 .\CortexM3\ARM_GCC_484\Debug\chickybot.a(Camera_I2C_MASTER.o)
 .debug_aranges
                0x00000a78       0x80 .\CortexM3\ARM_GCC_484\Debug\chickybot.a(IsrUsTimer.o)
 .debug_aranges
                0x00000af8       0xa8 .\CortexM3\ARM_GCC_484\Debug\chickybot.a(UsTimer.o)
 .debug_aranges
                0x00000ba0       0x98 .\CortexM3\ARM_GCC_484\Debug\chickybot.a(UsPWM.o)
 .debug_aranges
                0x00000c38       0x80 .\CortexM3\ARM_GCC_484\Debug\chickybot.a(CyFlash.o)
 .debug_aranges
                0x00000cb8       0x78 .\CortexM3\ARM_GCC_484\Debug\chickybot.a(CySpc.o)
 .debug_aranges
                0x00000d30       0x20 .\CortexM3\ARM_GCC_484\Debug\chickybot.a(cyutils.o)
 .debug_aranges
                0x00000d50       0x18 .\CortexM3\ARM_GCC_484\Debug\chickybot.a(Camera_settings.o)

.debug_pubnames
 *(.debug_pubnames)

.debug_info     0x00000000     0x7c28
 *(.debug_info .gnu.linkonce.wi.*)
 .debug_info    0x00000000      0x443 .\CortexM3\ARM_GCC_484\Debug\main.o
 .debug_info    0x00000443      0x31c .\CortexM3\ARM_GCC_484\Debug\cv.o
 .debug_info    0x0000075f       0xdf .\CortexM3\ARM_GCC_484\Debug\sensors.o
 .debug_info    0x0000083e       0xb1 .\CortexM3\ARM_GCC_484\Debug\cymetadata.o
 .debug_info    0x000008ef      0x3af .\CortexM3\ARM_GCC_484\Debug\Cm3Start.o
 .debug_info    0x00000c9e      0x164 .\CortexM3\ARM_GCC_484\Debug\cybootloader.o
 .debug_info    0x00000e02      0x7c6 .\CortexM3\ARM_GCC_484\Debug\chickybot.a(cyfitter_cfg.o)
 .debug_info    0x000015c8       0xd0 .\CortexM3\ARM_GCC_484\Debug\chickybot.a(CyBootAsmGnu.o)
 .debug_info    0x00001698      0x93f .\CortexM3\ARM_GCC_484\Debug\chickybot.a(CyDmac.o)
 .debug_info    0x00001fd7     0x1373 .\CortexM3\ARM_GCC_484\Debug\chickybot.a(CyLib.o)
 .debug_info    0x0000334a      0xa56 .\CortexM3\ARM_GCC_484\Debug\chickybot.a(cyPm.o)
 .debug_info    0x00003da0      0x120 .\CortexM3\ARM_GCC_484\Debug\chickybot.a(LedGreen.o)
 .debug_info    0x00003ec0      0x120 .\CortexM3\ARM_GCC_484\Debug\chickybot.a(LedBlue.o)
 .debug_info    0x00003fe0      0x120 .\CortexM3\ARM_GCC_484\Debug\chickybot.a(LedYellow.o)
 .debug_info    0x00004100      0x69e .\CortexM3\ARM_GCC_484\Debug\chickybot.a(Lcd.o)
 .debug_info    0x0000479e      0x2c7 .\CortexM3\ARM_GCC_484\Debug\chickybot.a(IsrBtn0Pressed.o)
 .debug_info    0x00004a65      0x2c7 .\CortexM3\ARM_GCC_484\Debug\chickybot.a(IsrBtn1Pressed.o)
 .debug_info    0x00004d2c      0x275 .\CortexM3\ARM_GCC_484\Debug\chickybot.a(CsBtns_PWM.o)
 .debug_info    0x00004fa1      0x687 .\CortexM3\ARM_GCC_484\Debug\chickybot.a(Camera.o)
 .debug_info    0x00005628      0x1fb .\CortexM3\ARM_GCC_484\Debug\chickybot.a(Camera_DMA_dma.o)
 .debug_info    0x00005823      0x120 .\CortexM3\ARM_GCC_484\Debug\chickybot.a(Camera_VSYNC.o)
 .debug_info    0x00005943      0x120 .\CortexM3\ARM_GCC_484\Debug\chickybot.a(Camera_SIOD.o)
 .debug_info    0x00005a63      0x120 .\CortexM3\ARM_GCC_484\Debug\chickybot.a(Camera_SIOC.o)
 .debug_info    0x00005b83      0x2d6 .\CortexM3\ARM_GCC_484\Debug\chickybot.a(Camera_I2C.o)
 .debug_info    0x00005e59      0x17d .\CortexM3\ARM_GCC_484\Debug\chickybot.a(Camera_I2C_INT.o)
 .debug_info    0x00005fd6      0x1fb .\CortexM3\ARM_GCC_484\Debug\chickybot.a(Camera_I2C_PM.o)
 .debug_info    0x000061d1      0x3fe .\CortexM3\ARM_GCC_484\Debug\chickybot.a(Camera_I2C_MASTER.o)
 .debug_info    0x000065cf      0x2c7 .\CortexM3\ARM_GCC_484\Debug\chickybot.a(IsrUsTimer.o)
 .debug_info    0x00006896      0x3a2 .\CortexM3\ARM_GCC_484\Debug\chickybot.a(UsTimer.o)
 .debug_info    0x00006c38      0x34a .\CortexM3\ARM_GCC_484\Debug\chickybot.a(UsPWM.o)
 .debug_info    0x00006f82      0x5e4 .\CortexM3\ARM_GCC_484\Debug\chickybot.a(CyFlash.o)
 .debug_info    0x00007566      0x4da .\CortexM3\ARM_GCC_484\Debug\chickybot.a(CySpc.o)
 .debug_info    0x00007a40       0xec .\CortexM3\ARM_GCC_484\Debug\chickybot.a(cyutils.o)
 .debug_info    0x00007b2c       0xfc .\CortexM3\ARM_GCC_484\Debug\chickybot.a(Camera_settings.o)

.debug_abbrev   0x00000000     0x27e3
 *(.debug_abbrev)
 .debug_abbrev  0x00000000      0x18b .\CortexM3\ARM_GCC_484\Debug\main.o
 .debug_abbrev  0x0000018b      0x15b .\CortexM3\ARM_GCC_484\Debug\cv.o
 .debug_abbrev  0x000002e6       0x6e .\CortexM3\ARM_GCC_484\Debug\sensors.o
 .debug_abbrev  0x00000354       0x5d .\CortexM3\ARM_GCC_484\Debug\cymetadata.o
 .debug_abbrev  0x000003b1      0x20d .\CortexM3\ARM_GCC_484\Debug\Cm3Start.o
 .debug_abbrev  0x000005be       0x77 .\CortexM3\ARM_GCC_484\Debug\cybootloader.o
 .debug_abbrev  0x00000635      0x1f9 .\CortexM3\ARM_GCC_484\Debug\chickybot.a(cyfitter_cfg.o)
 .debug_abbrev  0x0000082e       0x14 .\CortexM3\ARM_GCC_484\Debug\chickybot.a(CyBootAsmGnu.o)
 .debug_abbrev  0x00000842      0x1cc .\CortexM3\ARM_GCC_484\Debug\chickybot.a(CyDmac.o)
 .debug_abbrev  0x00000a0e      0x296 .\CortexM3\ARM_GCC_484\Debug\chickybot.a(CyLib.o)
 .debug_abbrev  0x00000ca4      0x1fa .\CortexM3\ARM_GCC_484\Debug\chickybot.a(cyPm.o)
 .debug_abbrev  0x00000e9e       0x9d .\CortexM3\ARM_GCC_484\Debug\chickybot.a(LedGreen.o)
 .debug_abbrev  0x00000f3b       0x9d .\CortexM3\ARM_GCC_484\Debug\chickybot.a(LedBlue.o)
 .debug_abbrev  0x00000fd8       0x9d .\CortexM3\ARM_GCC_484\Debug\chickybot.a(LedYellow.o)
 .debug_abbrev  0x00001075      0x17e .\CortexM3\ARM_GCC_484\Debug\chickybot.a(Lcd.o)
 .debug_abbrev  0x000011f3      0x157 .\CortexM3\ARM_GCC_484\Debug\chickybot.a(IsrBtn0Pressed.o)
 .debug_abbrev  0x0000134a      0x157 .\CortexM3\ARM_GCC_484\Debug\chickybot.a(IsrBtn1Pressed.o)
 .debug_abbrev  0x000014a1      0x13a .\CortexM3\ARM_GCC_484\Debug\chickybot.a(CsBtns_PWM.o)
 .debug_abbrev  0x000015db      0x1f2 .\CortexM3\ARM_GCC_484\Debug\chickybot.a(Camera.o)
 .debug_abbrev  0x000017cd       0xf8 .\CortexM3\ARM_GCC_484\Debug\chickybot.a(Camera_DMA_dma.o)
 .debug_abbrev  0x000018c5       0x9d .\CortexM3\ARM_GCC_484\Debug\chickybot.a(Camera_VSYNC.o)
 .debug_abbrev  0x00001962       0x9d .\CortexM3\ARM_GCC_484\Debug\chickybot.a(Camera_SIOD.o)
 .debug_abbrev  0x000019ff       0x9d .\CortexM3\ARM_GCC_484\Debug\chickybot.a(Camera_SIOC.o)
 .debug_abbrev  0x00001a9c      0x15c .\CortexM3\ARM_GCC_484\Debug\chickybot.a(Camera_I2C.o)
 .debug_abbrev  0x00001bf8       0xca .\CortexM3\ARM_GCC_484\Debug\chickybot.a(Camera_I2C_INT.o)
 .debug_abbrev  0x00001cc2      0x12b .\CortexM3\ARM_GCC_484\Debug\chickybot.a(Camera_I2C_PM.o)
 .debug_abbrev  0x00001ded      0x149 .\CortexM3\ARM_GCC_484\Debug\chickybot.a(Camera_I2C_MASTER.o)
 .debug_abbrev  0x00001f36      0x157 .\CortexM3\ARM_GCC_484\Debug\chickybot.a(IsrUsTimer.o)
 .debug_abbrev  0x0000208d      0x17d .\CortexM3\ARM_GCC_484\Debug\chickybot.a(UsTimer.o)
 .debug_abbrev  0x0000220a      0x15a .\CortexM3\ARM_GCC_484\Debug\chickybot.a(UsPWM.o)
 .debug_abbrev  0x00002364      0x1de .\CortexM3\ARM_GCC_484\Debug\chickybot.a(CyFlash.o)
 .debug_abbrev  0x00002542      0x1ce .\CortexM3\ARM_GCC_484\Debug\chickybot.a(CySpc.o)
 .debug_abbrev  0x00002710       0x8e .\CortexM3\ARM_GCC_484\Debug\chickybot.a(cyutils.o)
 .debug_abbrev  0x0000279e       0x45 .\CortexM3\ARM_GCC_484\Debug\chickybot.a(Camera_settings.o)

.debug_line     0x00000000     0x3622
 *(.debug_line)
 .debug_line    0x00000000      0x290 .\CortexM3\ARM_GCC_484\Debug\main.o
 .debug_line    0x00000290      0x376 .\CortexM3\ARM_GCC_484\Debug\cv.o
 .debug_line    0x00000606      0x153 .\CortexM3\ARM_GCC_484\Debug\sensors.o
 .debug_line    0x00000759       0x53 .\CortexM3\ARM_GCC_484\Debug\cymetadata.o
 .debug_line    0x000007ac      0x242 .\CortexM3\ARM_GCC_484\Debug\Cm3Start.o
 .debug_line    0x000009ee       0x55 .\CortexM3\ARM_GCC_484\Debug\cybootloader.o
 .debug_line    0x00000a43      0x219 .\CortexM3\ARM_GCC_484\Debug\chickybot.a(cyfitter_cfg.o)
 .debug_line    0x00000c5c       0x68 .\CortexM3\ARM_GCC_484\Debug\chickybot.a(CyBootAsmGnu.o)
 .debug_line    0x00000cc4      0x2de .\CortexM3\ARM_GCC_484\Debug\chickybot.a(CyDmac.o)
 .debug_line    0x00000fa2      0x818 .\CortexM3\ARM_GCC_484\Debug\chickybot.a(CyLib.o)
 .debug_line    0x000017ba      0x366 .\CortexM3\ARM_GCC_484\Debug\chickybot.a(cyPm.o)
 .debug_line    0x00001b20       0x97 .\CortexM3\ARM_GCC_484\Debug\chickybot.a(LedGreen.o)
 .debug_line    0x00001bb7       0x96 .\CortexM3\ARM_GCC_484\Debug\chickybot.a(LedBlue.o)
 .debug_line    0x00001c4d       0x98 .\CortexM3\ARM_GCC_484\Debug\chickybot.a(LedYellow.o)
 .debug_line    0x00001ce5      0x1a4 .\CortexM3\ARM_GCC_484\Debug\chickybot.a(Lcd.o)
 .debug_line    0x00001e89      0x154 .\CortexM3\ARM_GCC_484\Debug\chickybot.a(IsrBtn0Pressed.o)
 .debug_line    0x00001fdd      0x154 .\CortexM3\ARM_GCC_484\Debug\chickybot.a(IsrBtn1Pressed.o)
 .debug_line    0x00002131      0x13a .\CortexM3\ARM_GCC_484\Debug\chickybot.a(CsBtns_PWM.o)
 .debug_line    0x0000226b      0x2d0 .\CortexM3\ARM_GCC_484\Debug\chickybot.a(Camera.o)
 .debug_line    0x0000253b       0xa0 .\CortexM3\ARM_GCC_484\Debug\chickybot.a(Camera_DMA_dma.o)
 .debug_line    0x000025db       0x9b .\CortexM3\ARM_GCC_484\Debug\chickybot.a(Camera_VSYNC.o)
 .debug_line    0x00002676       0x9a .\CortexM3\ARM_GCC_484\Debug\chickybot.a(Camera_SIOD.o)
 .debug_line    0x00002710       0x9a .\CortexM3\ARM_GCC_484\Debug\chickybot.a(Camera_SIOC.o)
 .debug_line    0x000027aa       0xf0 .\CortexM3\ARM_GCC_484\Debug\chickybot.a(Camera_I2C.o)
 .debug_line    0x0000289a      0x124 .\CortexM3\ARM_GCC_484\Debug\chickybot.a(Camera_I2C_INT.o)
 .debug_line    0x000029be       0xcb .\CortexM3\ARM_GCC_484\Debug\chickybot.a(Camera_I2C_PM.o)
 .debug_line    0x00002a89      0x217 .\CortexM3\ARM_GCC_484\Debug\chickybot.a(Camera_I2C_MASTER.o)
 .debug_line    0x00002ca0      0x150 .\CortexM3\ARM_GCC_484\Debug\chickybot.a(IsrUsTimer.o)
 .debug_line    0x00002df0      0x1ad .\CortexM3\ARM_GCC_484\Debug\chickybot.a(UsTimer.o)
 .debug_line    0x00002f9d      0x18e .\CortexM3\ARM_GCC_484\Debug\chickybot.a(UsPWM.o)
 .debug_line    0x0000312b      0x228 .\CortexM3\ARM_GCC_484\Debug\chickybot.a(CyFlash.o)
 .debug_line    0x00003353      0x222 .\CortexM3\ARM_GCC_484\Debug\chickybot.a(CySpc.o)
 .debug_line    0x00003575       0x62 .\CortexM3\ARM_GCC_484\Debug\chickybot.a(cyutils.o)
 .debug_line    0x000035d7       0x4b .\CortexM3\ARM_GCC_484\Debug\chickybot.a(Camera_settings.o)

.debug_frame    0x00000000     0x2034
 *(.debug_frame)
 .debug_frame   0x00000000       0xbc .\CortexM3\ARM_GCC_484\Debug\main.o
 .debug_frame   0x000000bc       0x7c .\CortexM3\ARM_GCC_484\Debug\cv.o
 .debug_frame   0x00000138       0xac .\CortexM3\ARM_GCC_484\Debug\Cm3Start.o
 .debug_frame   0x000001e4       0xfc .\CortexM3\ARM_GCC_484\Debug\chickybot.a(cyfitter_cfg.o)
 .debug_frame   0x000002e0      0x1d0 .\CortexM3\ARM_GCC_484\Debug\chickybot.a(CyDmac.o)
 .debug_frame   0x000004b0      0x730 .\CortexM3\ARM_GCC_484\Debug\chickybot.a(CyLib.o)
 .debug_frame   0x00000be0      0x1fc .\CortexM3\ARM_GCC_484\Debug\chickybot.a(cyPm.o)
 .debug_frame   0x00000ddc       0x50 .\CortexM3\ARM_GCC_484\Debug\chickybot.a(LedGreen.o)
 .debug_frame   0x00000e2c       0x50 .\CortexM3\ARM_GCC_484\Debug\chickybot.a(LedBlue.o)
 .debug_frame   0x00000e7c       0x50 .\CortexM3\ARM_GCC_484\Debug\chickybot.a(LedYellow.o)
 .debug_frame   0x00000ecc      0x1c0 .\CortexM3\ARM_GCC_484\Debug\chickybot.a(Lcd.o)
 .debug_frame   0x0000108c      0x104 .\CortexM3\ARM_GCC_484\Debug\chickybot.a(IsrBtn0Pressed.o)
 .debug_frame   0x00001190      0x104 .\CortexM3\ARM_GCC_484\Debug\chickybot.a(IsrBtn1Pressed.o)
 .debug_frame   0x00001294       0xe8 .\CortexM3\ARM_GCC_484\Debug\chickybot.a(CsBtns_PWM.o)
 .debug_frame   0x0000137c      0x10c .\CortexM3\ARM_GCC_484\Debug\chickybot.a(Camera.o)
 .debug_frame   0x00001488       0x54 .\CortexM3\ARM_GCC_484\Debug\chickybot.a(Camera_DMA_dma.o)
 .debug_frame   0x000014dc       0x50 .\CortexM3\ARM_GCC_484\Debug\chickybot.a(Camera_VSYNC.o)
 .debug_frame   0x0000152c       0x50 .\CortexM3\ARM_GCC_484\Debug\chickybot.a(Camera_SIOD.o)
 .debug_frame   0x0000157c       0x50 .\CortexM3\ARM_GCC_484\Debug\chickybot.a(Camera_SIOC.o)
 .debug_frame   0x000015cc       0x90 .\CortexM3\ARM_GCC_484\Debug\chickybot.a(Camera_I2C.o)
 .debug_frame   0x0000165c       0x30 .\CortexM3\ARM_GCC_484\Debug\chickybot.a(Camera_I2C_INT.o)
 .debug_frame   0x0000168c       0x74 .\CortexM3\ARM_GCC_484\Debug\chickybot.a(Camera_I2C_PM.o)
 .debug_frame   0x00001700       0xf8 .\CortexM3\ARM_GCC_484\Debug\chickybot.a(Camera_I2C_MASTER.o)
 .debug_frame   0x000017f8      0x104 .\CortexM3\ARM_GCC_484\Debug\chickybot.a(IsrUsTimer.o)
 .debug_frame   0x000018fc      0x16c .\CortexM3\ARM_GCC_484\Debug\chickybot.a(UsTimer.o)
 .debug_frame   0x00001a68      0x134 .\CortexM3\ARM_GCC_484\Debug\chickybot.a(UsPWM.o)
 .debug_frame   0x00001b9c      0x17c .\CortexM3\ARM_GCC_484\Debug\chickybot.a(CyFlash.o)
 .debug_frame   0x00001d18      0x144 .\CortexM3\ARM_GCC_484\Debug\chickybot.a(CySpc.o)
 .debug_frame   0x00001e5c       0x20 .\CortexM3\ARM_GCC_484\Debug\chickybot.a(cyutils.o)
 .debug_frame   0x00001e7c       0x20 c:/program files (x86)/cypress/psoc creator/3.2/psoc creator/import/gnu/arm/4.8.4/bin/../lib/gcc/arm-none-eabi/4.8.4/../../../../arm-none-eabi/lib/armv7-m\libg_s.a(lib_a-errno.o)
 .debug_frame   0x00001e9c       0x28 c:/program files (x86)/cypress/psoc creator/3.2/psoc creator/import/gnu/arm/4.8.4/bin/../lib/gcc/arm-none-eabi/4.8.4/../../../../arm-none-eabi/lib/armv7-m\libg_s.a(lib_a-exit.o)
 .debug_frame   0x00001ec4       0x2c c:/program files (x86)/cypress/psoc creator/3.2/psoc creator/import/gnu/arm/4.8.4/bin/../lib/gcc/arm-none-eabi/4.8.4/../../../../arm-none-eabi/lib/armv7-m\libg_s.a(lib_a-init.o)
 .debug_frame   0x00001ef0       0x30 c:/program files (x86)/cypress/psoc creator/3.2/psoc creator/import/gnu/arm/4.8.4/bin/../lib/gcc/arm-none-eabi/4.8.4/../../../../arm-none-eabi/lib/armv7-m\libg_s.a(lib_a-malloc.o)
 .debug_frame   0x00001f20       0x28 c:/program files (x86)/cypress/psoc creator/3.2/psoc creator/import/gnu/arm/4.8.4/bin/../lib/gcc/arm-none-eabi/4.8.4/../../../../arm-none-eabi/lib/armv7-m\libg_s.a(lib_a-memcpy-stub.o)
 .debug_frame   0x00001f48       0x20 c:/program files (x86)/cypress/psoc creator/3.2/psoc creator/import/gnu/arm/4.8.4/bin/../lib/gcc/arm-none-eabi/4.8.4/../../../../arm-none-eabi/lib/armv7-m\libg_s.a(lib_a-memset.o)
 .debug_frame   0x00001f68       0x2c c:/program files (x86)/cypress/psoc creator/3.2/psoc creator/import/gnu/arm/4.8.4/bin/../lib/gcc/arm-none-eabi/4.8.4/../../../../arm-none-eabi/lib/armv7-m\libg_s.a(lib_a-nano-freer.o)
 .debug_frame   0x00001f94       0x2c c:/program files (x86)/cypress/psoc creator/3.2/psoc creator/import/gnu/arm/4.8.4/bin/../lib/gcc/arm-none-eabi/4.8.4/../../../../arm-none-eabi/lib/armv7-m\libg_s.a(lib_a-nano-mallocr.o)
 .debug_frame   0x00001fc0       0x2c c:/program files (x86)/cypress/psoc creator/3.2/psoc creator/import/gnu/arm/4.8.4/bin/../lib/gcc/arm-none-eabi/4.8.4/../../../../arm-none-eabi/lib/armv7-m\libg_s.a(lib_a-sbrkr.o)
 .debug_frame   0x00001fec       0x48 c:/program files (x86)/cypress/psoc creator/3.2/psoc creator/import/gnu/arm/4.8.4/bin/../lib/gcc/arm-none-eabi/4.8.4/../../../../arm-none-eabi/lib/armv7-m\libg_s.a(lib_a-reent.o)

.debug_str      0x00000000     0x2b0b
 *(.debug_str)
 .debug_str     0x00000000      0x334 .\CortexM3\ARM_GCC_484\Debug\main.o
                                0x383 (size before relaxing)
 .debug_str     0x00000334       0xe0 .\CortexM3\ARM_GCC_484\Debug\cv.o
                                0x2d6 (size before relaxing)
 .debug_str     0x00000414        0xc .\CortexM3\ARM_GCC_484\Debug\sensors.o
                                0x1df (size before relaxing)
 .debug_str     0x00000420       0x37 .\CortexM3\ARM_GCC_484\Debug\cymetadata.o
                                0x1d8 (size before relaxing)
 .debug_str     0x00000457      0x161 .\CortexM3\ARM_GCC_484\Debug\Cm3Start.o
                                0x33c (size before relaxing)
 .debug_str     0x000005b8       0x84 .\CortexM3\ARM_GCC_484\Debug\cybootloader.o
                                0x225 (size before relaxing)
 .debug_str     0x0000063c      0x230 .\CortexM3\ARM_GCC_484\Debug\chickybot.a(cyfitter_cfg.o)
                                0x421 (size before relaxing)
 .debug_str     0x0000086c      0x377 .\CortexM3\ARM_GCC_484\Debug\chickybot.a(CyDmac.o)
                                0x56c (size before relaxing)
 .debug_str     0x00000be3      0x7d6 .\CortexM3\ARM_GCC_484\Debug\chickybot.a(CyLib.o)
                                0xa51 (size before relaxing)
 .debug_str     0x000013b9      0x35b .\CortexM3\ARM_GCC_484\Debug\chickybot.a(cyPm.o)
                                0x749 (size before relaxing)
 .debug_str     0x00001714       0x5a .\CortexM3\ARM_GCC_484\Debug\chickybot.a(LedGreen.o)
                                0x21f (size before relaxing)
 .debug_str     0x0000176e       0x4c .\CortexM3\ARM_GCC_484\Debug\chickybot.a(LedBlue.o)
                                0x21a (size before relaxing)
 .debug_str     0x000017ba       0x52 .\CortexM3\ARM_GCC_484\Debug\chickybot.a(LedYellow.o)
                                0x224 (size before relaxing)
 .debug_str     0x0000180c      0x115 .\CortexM3\ARM_GCC_484\Debug\chickybot.a(Lcd.o)
                                0x333 (size before relaxing)
 .debug_str     0x00001921      0x14f .\CortexM3\ARM_GCC_484\Debug\chickybot.a(IsrBtn0Pressed.o)
                                0x346 (size before relaxing)
 .debug_str     0x00001a70      0x14f .\CortexM3\ARM_GCC_484\Debug\chickybot.a(IsrBtn1Pressed.o)
                                0x346 (size before relaxing)
 .debug_str     0x00001bbf      0x171 .\CortexM3\ARM_GCC_484\Debug\chickybot.a(CsBtns_PWM.o)
                                0x335 (size before relaxing)
 .debug_str     0x00001d30      0x183 .\CortexM3\ARM_GCC_484\Debug\chickybot.a(Camera.o)
                                0x448 (size before relaxing)
 .debug_str     0x00001eb3       0x90 .\CortexM3\ARM_GCC_484\Debug\chickybot.a(Camera_DMA_dma.o)
                                0x2ab (size before relaxing)
 .debug_str     0x00001f43       0x6e .\CortexM3\ARM_GCC_484\Debug\chickybot.a(Camera_VSYNC.o)
                                0x233 (size before relaxing)
 .debug_str     0x00001fb1       0x62 .\CortexM3\ARM_GCC_484\Debug\chickybot.a(Camera_SIOD.o)
                                0x22e (size before relaxing)
 .debug_str     0x00002013       0x62 .\CortexM3\ARM_GCC_484\Debug\chickybot.a(Camera_SIOC.o)
                                0x22e (size before relaxing)
 .debug_str     0x00002075      0x11c .\CortexM3\ARM_GCC_484\Debug\chickybot.a(Camera_I2C.o)
                                0x364 (size before relaxing)
 .debug_str     0x00002191       0xb9 .\CortexM3\ARM_GCC_484\Debug\chickybot.a(Camera_I2C_INT.o)
                                0x2ce (size before relaxing)
 .debug_str     0x0000224a       0x7b .\CortexM3\ARM_GCC_484\Debug\chickybot.a(Camera_I2C_PM.o)
                                0x2de (size before relaxing)
 .debug_str     0x000022c5      0x16a .\CortexM3\ARM_GCC_484\Debug\chickybot.a(Camera_I2C_MASTER.o)
                                0x467 (size before relaxing)
 .debug_str     0x0000242f      0x11b .\CortexM3\ARM_GCC_484\Debug\chickybot.a(IsrUsTimer.o)
                                0x30e (size before relaxing)
 .debug_str     0x0000254a      0x1a7 .\CortexM3\ARM_GCC_484\Debug\chickybot.a(UsTimer.o)
                                0x3e2 (size before relaxing)
 .debug_str     0x000026f1      0x15b .\CortexM3\ARM_GCC_484\Debug\chickybot.a(UsPWM.o)
                                0x380 (size before relaxing)
 .debug_str     0x0000284c      0x18d .\CortexM3\ARM_GCC_484\Debug\chickybot.a(CyFlash.o)
                                0x3b9 (size before relaxing)
 .debug_str     0x000029d9       0xae .\CortexM3\ARM_GCC_484\Debug\chickybot.a(CySpc.o)
                                0x345 (size before relaxing)
 .debug_str     0x00002a87       0x2b .\CortexM3\ARM_GCC_484\Debug\chickybot.a(cyutils.o)
                                0x1e0 (size before relaxing)
 .debug_str     0x00002ab2       0x59 .\CortexM3\ARM_GCC_484\Debug\chickybot.a(Camera_settings.o)
                                0x196 (size before relaxing)

.debug_loc      0x00000000     0x3c84
 *(.debug_loc)
 .debug_loc     0x00000000       0x1f .\CortexM3\ARM_GCC_484\Debug\main.o
 .debug_loc     0x0000001f      0x904 .\CortexM3\ARM_GCC_484\Debug\cv.o
 .debug_loc     0x00000923      0x14f .\CortexM3\ARM_GCC_484\Debug\Cm3Start.o
 .debug_loc     0x00000a72      0x306 .\CortexM3\ARM_GCC_484\Debug\chickybot.a(cyfitter_cfg.o)
 .debug_loc     0x00000d78      0xb6b .\CortexM3\ARM_GCC_484\Debug\chickybot.a(CyDmac.o)
 .debug_loc     0x000018e3      0xa53 .\CortexM3\ARM_GCC_484\Debug\chickybot.a(CyLib.o)
 .debug_loc     0x00002336      0x22a .\CortexM3\ARM_GCC_484\Debug\chickybot.a(cyPm.o)
 .debug_loc     0x00002560       0x55 .\CortexM3\ARM_GCC_484\Debug\chickybot.a(LedGreen.o)
 .debug_loc     0x000025b5       0x55 .\CortexM3\ARM_GCC_484\Debug\chickybot.a(LedBlue.o)
 .debug_loc     0x0000260a       0x55 .\CortexM3\ARM_GCC_484\Debug\chickybot.a(LedYellow.o)
 .debug_loc     0x0000265f      0x36b .\CortexM3\ARM_GCC_484\Debug\chickybot.a(Lcd.o)
 .debug_loc     0x000029ca       0x56 .\CortexM3\ARM_GCC_484\Debug\chickybot.a(IsrBtn0Pressed.o)
 .debug_loc     0x00002a20       0x56 .\CortexM3\ARM_GCC_484\Debug\chickybot.a(IsrBtn1Pressed.o)
 .debug_loc     0x00002a76       0x13 .\CortexM3\ARM_GCC_484\Debug\chickybot.a(CsBtns_PWM.o)
 .debug_loc     0x00002a89      0x10a .\CortexM3\ARM_GCC_484\Debug\chickybot.a(Camera.o)
 .debug_loc     0x00002b93       0x84 .\CortexM3\ARM_GCC_484\Debug\chickybot.a(Camera_DMA_dma.o)
 .debug_loc     0x00002c17       0x55 .\CortexM3\ARM_GCC_484\Debug\chickybot.a(Camera_VSYNC.o)
 .debug_loc     0x00002c6c       0x55 .\CortexM3\ARM_GCC_484\Debug\chickybot.a(Camera_SIOD.o)
 .debug_loc     0x00002cc1       0x55 .\CortexM3\ARM_GCC_484\Debug\chickybot.a(Camera_SIOC.o)
 .debug_loc     0x00002d16       0x39 .\CortexM3\ARM_GCC_484\Debug\chickybot.a(Camera_I2C.o)
 .debug_loc     0x00002d4f       0x29 .\CortexM3\ARM_GCC_484\Debug\chickybot.a(Camera_I2C_INT.o)
 .debug_loc     0x00002d78       0x13 .\CortexM3\ARM_GCC_484\Debug\chickybot.a(Camera_I2C_PM.o)
 .debug_loc     0x00002d8b      0x566 .\CortexM3\ARM_GCC_484\Debug\chickybot.a(Camera_I2C_MASTER.o)
 .debug_loc     0x000032f1       0x56 .\CortexM3\ARM_GCC_484\Debug\chickybot.a(IsrUsTimer.o)
 .debug_loc     0x00003347       0x89 .\CortexM3\ARM_GCC_484\Debug\chickybot.a(UsTimer.o)
 .debug_loc     0x000033d0       0x26 .\CortexM3\ARM_GCC_484\Debug\chickybot.a(UsPWM.o)
 .debug_loc     0x000033f6      0x2f7 .\CortexM3\ARM_GCC_484\Debug\chickybot.a(CyFlash.o)
 .debug_loc     0x000036ed      0x576 .\CortexM3\ARM_GCC_484\Debug\chickybot.a(CySpc.o)
 .debug_loc     0x00003c63       0x21 .\CortexM3\ARM_GCC_484\Debug\chickybot.a(cyutils.o)

.debug_macinfo
 *(.debug_macinfo)

.debug_ranges   0x00000000      0xb48
 *(.debug_ranges)
 .debug_ranges  0x00000000       0x38 .\CortexM3\ARM_GCC_484\Debug\main.o
 .debug_ranges  0x00000038       0x20 .\CortexM3\ARM_GCC_484\Debug\cv.o
 .debug_ranges  0x00000058       0x50 .\CortexM3\ARM_GCC_484\Debug\Cm3Start.o
 .debug_ranges  0x000000a8       0x68 .\CortexM3\ARM_GCC_484\Debug\chickybot.a(cyfitter_cfg.o)
 .debug_ranges  0x00000110       0xc8 .\CortexM3\ARM_GCC_484\Debug\chickybot.a(CyDmac.o)
 .debug_ranges  0x000001d8      0x288 .\CortexM3\ARM_GCC_484\Debug\chickybot.a(CyLib.o)
 .debug_ranges  0x00000460       0x88 .\CortexM3\ARM_GCC_484\Debug\chickybot.a(cyPm.o)
 .debug_ranges  0x000004e8       0x28 .\CortexM3\ARM_GCC_484\Debug\chickybot.a(LedGreen.o)
 .debug_ranges  0x00000510       0x28 .\CortexM3\ARM_GCC_484\Debug\chickybot.a(LedBlue.o)
 .debug_ranges  0x00000538       0x28 .\CortexM3\ARM_GCC_484\Debug\chickybot.a(LedYellow.o)
 .debug_ranges  0x00000560       0x80 .\CortexM3\ARM_GCC_484\Debug\chickybot.a(Lcd.o)
 .debug_ranges  0x000005e0       0x70 .\CortexM3\ARM_GCC_484\Debug\chickybot.a(IsrBtn0Pressed.o)
 .debug_ranges  0x00000650       0x70 .\CortexM3\ARM_GCC_484\Debug\chickybot.a(IsrBtn1Pressed.o)
 .debug_ranges  0x000006c0       0x68 .\CortexM3\ARM_GCC_484\Debug\chickybot.a(CsBtns_PWM.o)
 .debug_ranges  0x00000728       0x48 .\CortexM3\ARM_GCC_484\Debug\chickybot.a(Camera.o)
 .debug_ranges  0x00000770       0x18 .\CortexM3\ARM_GCC_484\Debug\chickybot.a(Camera_DMA_dma.o)
 .debug_ranges  0x00000788       0x28 .\CortexM3\ARM_GCC_484\Debug\chickybot.a(Camera_VSYNC.o)
 .debug_ranges  0x000007b0       0x28 .\CortexM3\ARM_GCC_484\Debug\chickybot.a(Camera_SIOD.o)
 .debug_ranges  0x000007d8       0x28 .\CortexM3\ARM_GCC_484\Debug\chickybot.a(Camera_SIOC.o)
 .debug_ranges  0x00000800       0x28 .\CortexM3\ARM_GCC_484\Debug\chickybot.a(Camera_I2C.o)
 .debug_ranges  0x00000828       0x10 .\CortexM3\ARM_GCC_484\Debug\chickybot.a(Camera_I2C_INT.o)
 .debug_ranges  0x00000838       0x28 .\CortexM3\ARM_GCC_484\Debug\chickybot.a(Camera_I2C_PM.o)
 .debug_ranges  0x00000860       0x70 .\CortexM3\ARM_GCC_484\Debug\chickybot.a(Camera_I2C_MASTER.o)
 .debug_ranges  0x000008d0       0x70 .\CortexM3\ARM_GCC_484\Debug\chickybot.a(IsrUsTimer.o)
 .debug_ranges  0x00000940       0x98 .\CortexM3\ARM_GCC_484\Debug\chickybot.a(UsTimer.o)
 .debug_ranges  0x000009d8       0x88 .\CortexM3\ARM_GCC_484\Debug\chickybot.a(UsPWM.o)
 .debug_ranges  0x00000a60       0x70 .\CortexM3\ARM_GCC_484\Debug\chickybot.a(CyFlash.o)
 .debug_ranges  0x00000ad0       0x68 .\CortexM3\ARM_GCC_484\Debug\chickybot.a(CySpc.o)
 .debug_ranges  0x00000b38       0x10 .\CortexM3\ARM_GCC_484\Debug\chickybot.a(cyutils.o)

.comment        0x00000000       0x70
 .comment       0x00000000       0x70 .\CortexM3\ARM_GCC_484\Debug\main.o
                                 0x71 (size before relaxing)
 .comment       0x00000000       0x71 .\CortexM3\ARM_GCC_484\Debug\cv.o
 .comment       0x00000000       0x71 .\CortexM3\ARM_GCC_484\Debug\sensors.o
 .comment       0x00000000       0x71 .\CortexM3\ARM_GCC_484\Debug\cymetadata.o
 .comment       0x00000000       0x71 .\CortexM3\ARM_GCC_484\Debug\Cm3Start.o
 .comment       0x00000000       0x71 .\CortexM3\ARM_GCC_484\Debug\cybootloader.o
 .comment       0x00000000       0x71 .\CortexM3\ARM_GCC_484\Debug\chickybot.a(cyfitter_cfg.o)
 .comment       0x00000000       0x71 .\CortexM3\ARM_GCC_484\Debug\chickybot.a(CyDmac.o)
 .comment       0x00000000       0x71 .\CortexM3\ARM_GCC_484\Debug\chickybot.a(CyLib.o)
 .comment       0x00000000       0x71 .\CortexM3\ARM_GCC_484\Debug\chickybot.a(cyPm.o)
 .comment       0x00000000       0x71 .\CortexM3\ARM_GCC_484\Debug\chickybot.a(LedGreen.o)
 .comment       0x00000000       0x71 .\CortexM3\ARM_GCC_484\Debug\chickybot.a(LedBlue.o)
 .comment       0x00000000       0x71 .\CortexM3\ARM_GCC_484\Debug\chickybot.a(LedYellow.o)
 .comment       0x00000000       0x71 .\CortexM3\ARM_GCC_484\Debug\chickybot.a(Lcd.o)
 .comment       0x00000000       0x71 .\CortexM3\ARM_GCC_484\Debug\chickybot.a(IsrBtn0Pressed.o)
 .comment       0x00000000       0x71 .\CortexM3\ARM_GCC_484\Debug\chickybot.a(IsrBtn1Pressed.o)
 .comment       0x00000000       0x71 .\CortexM3\ARM_GCC_484\Debug\chickybot.a(CsBtns_PWM.o)
 .comment       0x00000000       0x71 .\CortexM3\ARM_GCC_484\Debug\chickybot.a(Camera.o)
 .comment       0x00000000       0x71 .\CortexM3\ARM_GCC_484\Debug\chickybot.a(Camera_DMA_dma.o)
 .comment       0x00000000       0x71 .\CortexM3\ARM_GCC_484\Debug\chickybot.a(Camera_VSYNC.o)
 .comment       0x00000000       0x71 .\CortexM3\ARM_GCC_484\Debug\chickybot.a(Camera_SIOD.o)
 .comment       0x00000000       0x71 .\CortexM3\ARM_GCC_484\Debug\chickybot.a(Camera_SIOC.o)
 .comment       0x00000000       0x71 .\CortexM3\ARM_GCC_484\Debug\chickybot.a(Camera_I2C.o)
 .comment       0x00000000       0x71 .\CortexM3\ARM_GCC_484\Debug\chickybot.a(Camera_I2C_INT.o)
 .comment       0x00000000       0x71 .\CortexM3\ARM_GCC_484\Debug\chickybot.a(Camera_I2C_PM.o)
 .comment       0x00000000       0x71 .\CortexM3\ARM_GCC_484\Debug\chickybot.a(Camera_I2C_MASTER.o)
 .comment       0x00000000       0x71 .\CortexM3\ARM_GCC_484\Debug\chickybot.a(IsrUsTimer.o)
 .comment       0x00000000       0x71 .\CortexM3\ARM_GCC_484\Debug\chickybot.a(UsTimer.o)
 .comment       0x00000000       0x71 .\CortexM3\ARM_GCC_484\Debug\chickybot.a(UsPWM.o)
 .comment       0x00000000       0x71 .\CortexM3\ARM_GCC_484\Debug\chickybot.a(CyFlash.o)
 .comment       0x00000000       0x71 .\CortexM3\ARM_GCC_484\Debug\chickybot.a(CySpc.o)
 .comment       0x00000000       0x71 .\CortexM3\ARM_GCC_484\Debug\chickybot.a(cyutils.o)
 .comment       0x00000000       0x71 .\CortexM3\ARM_GCC_484\Debug\chickybot.a(Camera_settings.o)

.debug_weaknames
 *(.debug_weaknames)

.debug_funcnames
 *(.debug_funcnames)

.debug_typenames
 *(.debug_typenames)

.debug_varnames
 *(.debug_varnames)

.note.gnu.arm.ident
 *(.note.gnu.arm.ident)

.ARM.attributes
                0x00000000       0x29
 *(.ARM.attributes)
 .ARM.attributes
                0x00000000       0x1d c:/program files (x86)/cypress/psoc creator/3.2/psoc creator/import/gnu/arm/4.8.4/bin/../lib/gcc/arm-none-eabi/4.8.4/armv7-m/crti.o
 .ARM.attributes
                0x0000001d       0x2d c:/program files (x86)/cypress/psoc creator/3.2/psoc creator/import/gnu/arm/4.8.4/bin/../lib/gcc/arm-none-eabi/4.8.4/armv7-m/crtbegin.o
 .ARM.attributes
                0x0000004a       0x1b c:/program files (x86)/cypress/psoc creator/3.2/psoc creator/import/gnu/arm/4.8.4/bin/../lib/gcc/arm-none-eabi/4.8.4/../../../../arm-none-eabi/lib/armv7-m/crt0.o
 .ARM.attributes
                0x00000065       0x33 .\CortexM3\ARM_GCC_484\Debug\main.o
 .ARM.attributes
                0x00000098       0x33 .\CortexM3\ARM_GCC_484\Debug\cv.o
 .ARM.attributes
                0x000000cb       0x33 .\CortexM3\ARM_GCC_484\Debug\sensors.o
 .ARM.attributes
                0x000000fe       0x33 .\CortexM3\ARM_GCC_484\Debug\cymetadata.o
 .ARM.attributes
                0x00000131       0x33 .\CortexM3\ARM_GCC_484\Debug\Cm3Start.o
 .ARM.attributes
                0x00000164       0x33 .\CortexM3\ARM_GCC_484\Debug\cybootloader.o
 .ARM.attributes
                0x00000197       0x33 .\CortexM3\ARM_GCC_484\Debug\chickybot.a(cyfitter_cfg.o)
 .ARM.attributes
                0x000001ca       0x21 .\CortexM3\ARM_GCC_484\Debug\chickybot.a(CyBootAsmGnu.o)
 .ARM.attributes
                0x000001eb       0x33 .\CortexM3\ARM_GCC_484\Debug\chickybot.a(CyDmac.o)
 .ARM.attributes
                0x0000021e       0x33 .\CortexM3\ARM_GCC_484\Debug\chickybot.a(CyLib.o)
 .ARM.attributes
                0x00000251       0x33 .\CortexM3\ARM_GCC_484\Debug\chickybot.a(cyPm.o)
 .ARM.attributes
                0x00000284       0x33 .\CortexM3\ARM_GCC_484\Debug\chickybot.a(LedGreen.o)
 .ARM.attributes
                0x000002b7       0x33 .\CortexM3\ARM_GCC_484\Debug\chickybot.a(LedBlue.o)
 .ARM.attributes
                0x000002ea       0x33 .\CortexM3\ARM_GCC_484\Debug\chickybot.a(LedYellow.o)
 .ARM.attributes
                0x0000031d       0x33 .\CortexM3\ARM_GCC_484\Debug\chickybot.a(Lcd.o)
 .ARM.attributes
                0x00000350       0x33 .\CortexM3\ARM_GCC_484\Debug\chickybot.a(IsrBtn0Pressed.o)
 .ARM.attributes
                0x00000383       0x33 .\CortexM3\ARM_GCC_484\Debug\chickybot.a(IsrBtn1Pressed.o)
 .ARM.attributes
                0x000003b6       0x33 .\CortexM3\ARM_GCC_484\Debug\chickybot.a(CsBtns_PWM.o)
 .ARM.attributes
                0x000003e9       0x33 .\CortexM3\ARM_GCC_484\Debug\chickybot.a(Camera.o)
 .ARM.attributes
                0x0000041c       0x33 .\CortexM3\ARM_GCC_484\Debug\chickybot.a(Camera_DMA_dma.o)
 .ARM.attributes
                0x0000044f       0x33 .\CortexM3\ARM_GCC_484\Debug\chickybot.a(Camera_VSYNC.o)
 .ARM.attributes
                0x00000482       0x33 .\CortexM3\ARM_GCC_484\Debug\chickybot.a(Camera_SIOD.o)
 .ARM.attributes
                0x000004b5       0x33 .\CortexM3\ARM_GCC_484\Debug\chickybot.a(Camera_SIOC.o)
 .ARM.attributes
                0x000004e8       0x33 .\CortexM3\ARM_GCC_484\Debug\chickybot.a(Camera_I2C.o)
 .ARM.attributes
                0x0000051b       0x33 .\CortexM3\ARM_GCC_484\Debug\chickybot.a(Camera_I2C_INT.o)
 .ARM.attributes
                0x0000054e       0x33 .\CortexM3\ARM_GCC_484\Debug\chickybot.a(Camera_I2C_PM.o)
 .ARM.attributes
                0x00000581       0x33 .\CortexM3\ARM_GCC_484\Debug\chickybot.a(Camera_I2C_MASTER.o)
 .ARM.attributes
                0x000005b4       0x33 .\CortexM3\ARM_GCC_484\Debug\chickybot.a(IsrUsTimer.o)
 .ARM.attributes
                0x000005e7       0x33 .\CortexM3\ARM_GCC_484\Debug\chickybot.a(UsTimer.o)
 .ARM.attributes
                0x0000061a       0x33 .\CortexM3\ARM_GCC_484\Debug\chickybot.a(UsPWM.o)
 .ARM.attributes
                0x0000064d       0x33 .\CortexM3\ARM_GCC_484\Debug\chickybot.a(CyFlash.o)
 .ARM.attributes
                0x00000680       0x33 .\CortexM3\ARM_GCC_484\Debug\chickybot.a(CySpc.o)
 .ARM.attributes
                0x000006b3       0x33 .\CortexM3\ARM_GCC_484\Debug\chickybot.a(cyutils.o)
 .ARM.attributes
                0x000006e6       0x33 .\CortexM3\ARM_GCC_484\Debug\chickybot.a(Camera_settings.o)
 .ARM.attributes
                0x00000719       0x2d c:/program files (x86)/cypress/psoc creator/3.2/psoc creator/import/gnu/arm/4.8.4/bin/../lib/gcc/arm-none-eabi/4.8.4/../../../../arm-none-eabi/lib/armv7-m\libg_s.a(lib_a-errno.o)
 .ARM.attributes
                0x00000746       0x2d c:/program files (x86)/cypress/psoc creator/3.2/psoc creator/import/gnu/arm/4.8.4/bin/../lib/gcc/arm-none-eabi/4.8.4/../../../../arm-none-eabi/lib/armv7-m\libg_s.a(lib_a-exit.o)
 .ARM.attributes
                0x00000773       0x2d c:/program files (x86)/cypress/psoc creator/3.2/psoc creator/import/gnu/arm/4.8.4/bin/../lib/gcc/arm-none-eabi/4.8.4/../../../../arm-none-eabi/lib/armv7-m\libg_s.a(lib_a-impure.o)
 .ARM.attributes
                0x000007a0       0x2d c:/program files (x86)/cypress/psoc creator/3.2/psoc creator/import/gnu/arm/4.8.4/bin/../lib/gcc/arm-none-eabi/4.8.4/../../../../arm-none-eabi/lib/armv7-m\libg_s.a(lib_a-init.o)
 .ARM.attributes
                0x000007cd       0x2d c:/program files (x86)/cypress/psoc creator/3.2/psoc creator/import/gnu/arm/4.8.4/bin/../lib/gcc/arm-none-eabi/4.8.4/../../../../arm-none-eabi/lib/armv7-m\libg_s.a(lib_a-malloc.o)
 .ARM.attributes
                0x000007fa       0x2d c:/program files (x86)/cypress/psoc creator/3.2/psoc creator/import/gnu/arm/4.8.4/bin/../lib/gcc/arm-none-eabi/4.8.4/../../../../arm-none-eabi/lib/armv7-m\libg_s.a(lib_a-memcpy-stub.o)
 .ARM.attributes
                0x00000827       0x2d c:/program files (x86)/cypress/psoc creator/3.2/psoc creator/import/gnu/arm/4.8.4/bin/../lib/gcc/arm-none-eabi/4.8.4/../../../../arm-none-eabi/lib/armv7-m\libg_s.a(lib_a-memset.o)
 .ARM.attributes
                0x00000854       0x2d c:/program files (x86)/cypress/psoc creator/3.2/psoc creator/import/gnu/arm/4.8.4/bin/../lib/gcc/arm-none-eabi/4.8.4/../../../../arm-none-eabi/lib/armv7-m\libg_s.a(lib_a-nano-freer.o)
 .ARM.attributes
                0x00000881       0x2d c:/program files (x86)/cypress/psoc creator/3.2/psoc creator/import/gnu/arm/4.8.4/bin/../lib/gcc/arm-none-eabi/4.8.4/../../../../arm-none-eabi/lib/armv7-m\libg_s.a(lib_a-nano-mallocr.o)
 .ARM.attributes
                0x000008ae       0x2d c:/program files (x86)/cypress/psoc creator/3.2/psoc creator/import/gnu/arm/4.8.4/bin/../lib/gcc/arm-none-eabi/4.8.4/../../../../arm-none-eabi/lib/armv7-m\libg_s.a(lib_a-sbrkr.o)
 .ARM.attributes
                0x000008db       0x2d c:/program files (x86)/cypress/psoc creator/3.2/psoc creator/import/gnu/arm/4.8.4/bin/../lib/gcc/arm-none-eabi/4.8.4/../../../../arm-none-eabi/lib/armv7-m\libg_s.a(lib_a-reent.o)
 .ARM.attributes
                0x00000908       0x2d c:/program files (x86)/cypress/psoc creator/3.2/psoc creator/import/gnu/arm/4.8.4/bin/../lib/gcc/arm-none-eabi/4.8.4/armv7-m/crtend.o
 .ARM.attributes
                0x00000935       0x1d c:/program files (x86)/cypress/psoc creator/3.2/psoc creator/import/gnu/arm/4.8.4/bin/../lib/gcc/arm-none-eabi/4.8.4/armv7-m/crtn.o

/DISCARD/
 *(.note.GNU-stack)
OUTPUT(.\CortexM3\ARM_GCC_484\Debug\chickybot.elf elf32-littlearm)
