Archive member included because of file (symbol)

.\CortexM3\ARM_GCC_484\Debug\chickybot.a(cyfitter_cfg.o)
                              .\CortexM3\ARM_GCC_484\Debug\Cm3Start.o (cyfitter_cfg)
.\CortexM3\ARM_GCC_484\Debug\chickybot.a(CyBootAsmGnu.o)
                              .\CortexM3\ARM_GCC_484\Debug\chickybot.a(cyfitter_cfg.o) (CyDelayCycles)
.\CortexM3\ARM_GCC_484\Debug\chickybot.a(CyDmac.o)
                              .\CortexM3\ARM_GCC_484\Debug\Cm3Start.o (CyDmacConfigure)
.\CortexM3\ARM_GCC_484\Debug\chickybot.a(CyLib.o)
                              .\CortexM3\ARM_GCC_484\Debug\Cm3Start.o (CyHalt)
.\CortexM3\ARM_GCC_484\Debug\chickybot.a(cyPm.o)
                              .\CortexM3\ARM_GCC_484\Debug\chickybot.a(CyLib.o) (CyPmReadStatus)
.\CortexM3\ARM_GCC_484\Debug\chickybot.a(LedRed.o)
                              .\CortexM3\ARM_GCC_484\Debug\main.o (LedRed_Write)
.\CortexM3\ARM_GCC_484\Debug\chickybot.a(LedGreen.o)
                              .\CortexM3\ARM_GCC_484\Debug\main.o (LedGreen_Write)
.\CortexM3\ARM_GCC_484\Debug\chickybot.a(LedBlue.o)
                              .\CortexM3\ARM_GCC_484\Debug\main.o (LedBlue_Write)
.\CortexM3\ARM_GCC_484\Debug\chickybot.a(Lcd.o)
                              .\CortexM3\ARM_GCC_484\Debug\main.o (Lcd_PrintString)
.\CortexM3\ARM_GCC_484\Debug\chickybot.a(IsrBtn0Pressed.o)
                              .\CortexM3\ARM_GCC_484\Debug\main.o (IsrBtn0Pressed_StartEx)
.\CortexM3\ARM_GCC_484\Debug\chickybot.a(IsrBtn1Pressed.o)
                              .\CortexM3\ARM_GCC_484\Debug\main.o (IsrBtn1Pressed_StartEx)
.\CortexM3\ARM_GCC_484\Debug\chickybot.a(CsBtns_PWM.o)
                              .\CortexM3\ARM_GCC_484\Debug\main.o (CsBtns_PWM_Start)
.\CortexM3\ARM_GCC_484\Debug\chickybot.a(Camera.o)
                              .\CortexM3\ARM_GCC_484\Debug\cv.o (Camera_SyncFrame)
.\CortexM3\ARM_GCC_484\Debug\chickybot.a(Camera_DMA_dma.o)
                              .\CortexM3\ARM_GCC_484\Debug\chickybot.a(Camera.o) (Camera_DMA_DmaInitialize)
.\CortexM3\ARM_GCC_484\Debug\chickybot.a(Camera_VSYNC.o)
                              .\CortexM3\ARM_GCC_484\Debug\chickybot.a(Camera.o) (Camera_VSYNC_Read)
.\CortexM3\ARM_GCC_484\Debug\chickybot.a(Camera_SIOD.o)
                              .\CortexM3\ARM_GCC_484\Debug\chickybot.a(Camera.o) (Camera_SIOD_SetDriveMode)
.\CortexM3\ARM_GCC_484\Debug\chickybot.a(Camera_SIOC.o)
                              .\CortexM3\ARM_GCC_484\Debug\chickybot.a(Camera.o) (Camera_SIOC_SetDriveMode)
.\CortexM3\ARM_GCC_484\Debug\chickybot.a(Camera_I2C.o)
                              .\CortexM3\ARM_GCC_484\Debug\chickybot.a(Camera.o) (Camera_I2C_Start)
.\CortexM3\ARM_GCC_484\Debug\chickybot.a(Camera_I2C_INT.o)
                              .\CortexM3\ARM_GCC_484\Debug\chickybot.a(Camera_I2C.o) (Camera_I2C_ISR)
.\CortexM3\ARM_GCC_484\Debug\chickybot.a(Camera_I2C_PM.o)
                              .\CortexM3\ARM_GCC_484\Debug\chickybot.a(Camera_I2C.o) (Camera_I2C_backup)
.\CortexM3\ARM_GCC_484\Debug\chickybot.a(Camera_I2C_MASTER.o)
                              .\CortexM3\ARM_GCC_484\Debug\chickybot.a(Camera_I2C.o) (Camera_I2C_mstrStatus)
.\CortexM3\ARM_GCC_484\Debug\chickybot.a(IsrUsTimer.o)
                              .\CortexM3\ARM_GCC_484\Debug\main.o (IsrUsTimer_StartEx)
.\CortexM3\ARM_GCC_484\Debug\chickybot.a(UsTimer.o)
                              .\CortexM3\ARM_GCC_484\Debug\sensors.o (UsTimer_ReadStatusRegister)
.\CortexM3\ARM_GCC_484\Debug\chickybot.a(UsPWM.o)
                              .\CortexM3\ARM_GCC_484\Debug\main.o (UsPWM_Start)
.\CortexM3\ARM_GCC_484\Debug\chickybot.a(ElbowPos.o)
                              .\CortexM3\ARM_GCC_484\Debug\motion.o (ElbowPos_Write)
.\CortexM3\ARM_GCC_484\Debug\chickybot.a(ElbowNeg.o)
                              .\CortexM3\ARM_GCC_484\Debug\motion.o (ElbowNeg_Write)
.\CortexM3\ARM_GCC_484\Debug\chickybot.a(ShoulderPos.o)
                              .\CortexM3\ARM_GCC_484\Debug\motion.o (ShoulderPos_Write)
.\CortexM3\ARM_GCC_484\Debug\chickybot.a(ShoulderNeg.o)
                              .\CortexM3\ARM_GCC_484\Debug\motion.o (ShoulderNeg_Write)
.\CortexM3\ARM_GCC_484\Debug\chickybot.a(ADC.o)
                              .\CortexM3\ARM_GCC_484\Debug\main.o (ADC_Start)
.\CortexM3\ARM_GCC_484\Debug\chickybot.a(ADC_INT.o)
                              .\CortexM3\ARM_GCC_484\Debug\chickybot.a(ADC.o) (ADC_ISR)
.\CortexM3\ARM_GCC_484\Debug\chickybot.a(AMux.o)
                              .\CortexM3\ARM_GCC_484\Debug\main.o (AMux_Start)
.\CortexM3\ARM_GCC_484\Debug\chickybot.a(ADC_theACLK.o)
                              .\CortexM3\ARM_GCC_484\Debug\chickybot.a(ADC.o) (ADC_theACLK_SetModeRegister)
.\CortexM3\ARM_GCC_484\Debug\chickybot.a(MicroSwitch.o)
                              .\CortexM3\ARM_GCC_484\Debug\prelim.o (MicroSwitch_Read)
.\CortexM3\ARM_GCC_484\Debug\chickybot.a(IsrMicroSwitch.o)
[...]
Memory Configuration

Name             Origin             Length             Attributes
rom              0x00000000         0x00040000         xr
ram              0x1fff8000         0x00010000         xrw
*default*        0x00000000         0xffffffff

Linker script and memory map

LOAD c:/program files (x86)/cypress/psoc creator/3.2/psoc creator/import/gnu/arm/4.8.4/bin/../lib/gcc/arm-none-eabi/4.8.4/armv7-m/crti.o
LOAD c:/program files (x86)/cypress/psoc creator/3.2/psoc creator/import/gnu/arm/4.8.4/bin/../lib/gcc/arm-none-eabi/4.8.4/armv7-m/crtbegin.o
LOAD c:/program files (x86)/cypress/psoc creator/3.2/psoc creator/import/gnu/arm/4.8.4/bin/../lib/gcc/arm-none-eabi/4.8.4/../../../../arm-none-eabi/lib/armv7-m/crt0.o
START GROUP
LOAD .\CortexM3\ARM_GCC_484\Debug\main.o
LOAD .\CortexM3\ARM_GCC_484\Debug\cv.o
LOAD .\CortexM3\ARM_GCC_484\Debug\sensors.o
LOAD .\CortexM3\ARM_GCC_484\Debug\motion.o
LOAD .\CortexM3\ARM_GCC_484\Debug\prelim.o
LOAD .\CortexM3\ARM_GCC_484\Debug\cymetadata.o
LOAD .\CortexM3\ARM_GCC_484\Debug\Cm3Start.o
LOAD .\CortexM3\ARM_GCC_484\Debug\cybootloader.o
LOAD .\CortexM3\ARM_GCC_484\Debug\chickybot.a
LOAD C:\Program Files (x86)\Cypress\PSoC Creator\3.2\PSoC Creator\psoc\content\cycomponentlibrary\CyComponentLibrary.cylib\CortexM3\ARM_GCC_484\Debug\CyComponentLibrary.a
END GROUP
START GROUP
LOAD c:/program files (x86)/cypress/psoc creator/3.2/psoc creator/import/gnu/arm/4.8.4/bin/../lib/gcc/arm-none-eabi/4.8.4/armv7-m\libgcc.a
LOAD c:/program files (x86)/cypress/psoc creator/3.2/psoc creator/import/gnu/arm/4.8.4/bin/../lib/gcc/arm-none-eabi/4.8.4/../../../../arm-none-eabi/lib/armv7-m\libg_s.a
LOAD c:/program files (x86)/cypress/psoc creator/3.2/psoc creator/import/gnu/arm/4.8.4/bin/../lib/gcc/arm-none-eabi/4.8.4/../../../../arm-none-eabi/lib/armv7-m\libc_s.a
END GROUP
START GROUP
LOAD c:/program files (x86)/cypress/psoc creator/3.2/psoc creator/import/gnu/arm/4.8.4/bin/../lib/gcc/arm-none-eabi/4.8.4/armv7-m\libgcc.a
LOAD c:/program files (x86)/cypress/psoc creator/3.2/psoc creator/import/gnu/arm/4.8.4/bin/../lib/gcc/arm-none-eabi/4.8.4/../../../../arm-none-eabi/lib/armv7-m\libc_s.a
END GROUP
LOAD c:/program files (x86)/cypress/psoc creator/3.2/psoc creator/import/gnu/arm/4.8.4/bin/../lib/gcc/arm-none-eabi/4.8.4/armv7-m/crtend.o
LOAD c:/program files (x86)/cypress/psoc creator/3.2/psoc creator/import/gnu/arm/4.8.4/bin/../lib/gcc/arm-none-eabi/4.8.4/armv7-m/crtn.o
START GROUP
LOAD c:/program files (x86)/cypress/psoc creator/3.2/psoc creator/import/gnu/arm/4.8.4/bin/../lib/gcc/arm-none-eabi/4.8.4/armv7-m\libgcc.a
LOAD c:/program files (x86)/cypress/psoc creator/3.2/psoc creator/import/gnu/arm/4.8.4/bin/../lib/gcc/arm-none-eabi/4.8.4/../../../../arm-none-eabi/lib/armv7-m\libc.a
LOAD c:/program files (x86)/cypress/psoc creator/3.2/psoc creator/import/gnu/arm/4.8.4/bin/../lib/gcc/arm-none-eabi/4.8.4/../../../../arm-none-eabi/lib/armv7-m\libnosys.a
END GROUP
                0x00000000                CY_APPL_ORIGIN = 0x0
                0x00000100                CY_FLASH_ROW_SIZE = 0x100
                0x00000020                CY_ECC_ROW_SIZE = 0x20
                0x00000000                CY_EE_IN_BTLDR = 0x0
                0x00000001                CY_APPL_LOADABLE = 0x1
                0x00000800                CY_EE_SIZE = 0x800
                0x00000001                CY_APPL_NUM = 0x1
                0x00000001                CY_APPL_MAX = 0x1
                0x00000040                CY_METADATA_SIZE = 0x40
                0x1fff8160                PROVIDE (__cy_heap_start, _end)
                0x00000001                PROVIDE (__cy_region_num, ((__cy_regions_end - __cy_regions) / 0x10))
                0x20008000                PROVIDE (__cy_stack, (ORIGIN (ram) + 0x10000))
                0x20007800                PROVIDE (__cy_heap_end, (__cy_stack - 0x800))

.cybootloader   0x00000000     0x2700
 *(.cybootloader)
 .cybootloader  0x00000000     0x2700 .\CortexM3\ARM_GCC_484\Debug\cybootloader.o
                0x00000000                cy_bootloader
                0x00002700                appl1_start = CY_APPL_ORIGIN?CY_APPL_ORIGIN:ALIGN (CY_FLASH_ROW_SIZE)
                0x00021300                appl2_start = (appl1_start + ALIGN ((((0x40000 - appl1_start) - (0x2 * CY_FLASH_ROW_SIZE)) / 0x2), CY_FLASH_ROW_SIZE))
                0x00002700                appl_start = (CY_APPL_NUM == 0x1)?appl1_start:appl2_start
                0x000004e0                ecc_offset = ((appl_start / CY_FLASH_ROW_SIZE) * CY_ECC_ROW_SIZE)
                0x00000000                ee_offset = (CY_APPL_LOADABLE && ! (CY_EE_IN_BTLDR))?((CY_EE_SIZE / CY_APPL_MAX) * (CY_APPL_NUM - 0x1)):0x0
                0x00000800                ee_size = (CY_APPL_LOADABLE && ! (CY_EE_IN_BTLDR))?(CY_EE_SIZE / CY_APPL_MAX):CY_EE_SIZE
                0x000004e0                PROVIDE (CY_ECC_OFFSET, ecc_offset)

.text           0x00002700     0x10a2
 CREATE_OBJECT_SYMBOLS
                0x00002700                PROVIDE (__cy_interrupt_vector, RomVectors)
 *(.romvectors)
 .romvectors    0x00002700       0x10 .\CortexM3\ARM_GCC_484\Debug\Cm3Start.o
                0x00002700                RomVectors
                0x00000001                ASSERT ((. != __cy_interrupt_vector), No interrupt vector)
                0x00000001                ASSERT (CY_APPL_ORIGIN?(SIZEOF (.cybootloader) <= CY_APPL_ORIGIN):0x1, Wrong image location)
                0x00002710                PROVIDE (__cy_reset, Reset)
 *(.text.Reset)
 .text.Reset    0x00002710        0x8 .\CortexM3\ARM_GCC_484\Debug\Cm3Start.o
                0x00002710                Reset
                0x00000001                ASSERT ((. != __cy_reset), No reset code)
 *(.dma_init)
                0x00000001                ASSERT ((((appl_start + .) <= 0x10000) || 0x1), DMA Init must be within the first 64k of flash)
 *(.text .text.* .gnu.linkonce.t.*)
 .text          0x00002718       0x54 c:/program files (x86)/cypress/psoc creator/3.2/psoc creator/import/gnu/arm/4.8.4/bin/../lib/gcc/arm-none-eabi/4.8.4/armv7-m/crtbegin.o
 .text.Btn0Pressed
                0x0000276c       0x1c .\CortexM3\ARM_GCC_484\Debug\main.o
                0x0000276c                Btn0Pressed
 .text.Btn1Pressed
                0x00002788       0x1c .\CortexM3\ARM_GCC_484\Debug\main.o
                0x00002788                Btn1Pressed
 .text.MicroSwitchTrigger
                0x000027a4       0x20 .\CortexM3\ARM_GCC_484\Debug\main.o
                0x000027a4                MicroSwitchTrigger
 .text.main     0x000027c4       0xb4 .\CortexM3\ARM_GCC_484\Debug\main.o
                0x000027c4                main
 .text.UsSensorTrigger
                0x00002878       0x54 .\CortexM3\ARM_GCC_484\Debug\sensors.o
                0x00002878                UsSensorTrigger
 .text.getElbowPos
                0x000028cc       0x14 .\CortexM3\ARM_GCC_484\Debug\motion.o
                0x000028cc                getElbowPos
 .text.getShoulderPos
                0x000028e0       0x14 .\CortexM3\ARM_GCC_484\Debug\motion.o
                0x000028e0                getShoulderPos
 .text.rotateStepCCW
                0x000028f4       0x24 .\CortexM3\ARM_GCC_484\Debug\motion.o
                0x000028f4                rotateStepCCW
 .text.rotateStepCW
                0x00002918       0x24 .\CortexM3\ARM_GCC_484\Debug\motion.o
                0x00002918                rotateStepCW
 .text.IntDefaultHandler
                0x0000293c        0x4 .\CortexM3\ARM_GCC_484\Debug\Cm3Start.o
                0x0000293c                IntDefaultHandler
 .text.Start_c  0x00002940       0x4c .\CortexM3\ARM_GCC_484\Debug\Cm3Start.o
                0x00002940                Start_c
 .text.initialize_psoc
                0x0000298c       0x74 .\CortexM3\ARM_GCC_484\Debug\Cm3Start.o
                0x0000298c                initialize_psoc
 .text.CyClockStartupError
                0x00002a00        0x4 .\CortexM3\ARM_GCC_484\Debug\chickybot.a(cyfitter_cfg.o)
 .text.cfg_write_bytes32
                0x00002a04       0x34 .\CortexM3\ARM_GCC_484\Debug\chickybot.a(cyfitter_cfg.o)
 .text.AnalogSetDefault
                0x00002a38       0x74 .\CortexM3\ARM_GCC_484\Debug\chickybot.a(cyfitter_cfg.o)
 .text.CYMEMZERO
                0x00002aac        0xc .\CortexM3\ARM_GCC_484\Debug\chickybot.a(cyfitter_cfg.o)
 .text.CYCONFIGCPYCODE
                0x00002ab8        0x8 .\CortexM3\ARM_GCC_484\Debug\chickybot.a(cyfitter_cfg.o)
 .text.CYCONFIGCPY
                0x00002ac0        0x8 .\CortexM3\ARM_GCC_484\Debug\chickybot.a(cyfitter_cfg.o)
 .text.ClockSetup
                0x00002ac8       0xf4 .\CortexM3\ARM_GCC_484\Debug\chickybot.a(cyfitter_cfg.o)
 .text.AMux_Set
                0x00002bbc       0x1c .\CortexM3\ARM_GCC_484\Debug\chickybot.a(cyfitter_cfg.o)
                0x00002bbc                AMux_Set
 .text.AMux_Unset
                0x00002bd8       0x1c .\CortexM3\ARM_GCC_484\Debug\chickybot.a(cyfitter_cfg.o)
                0x00002bd8                AMux_Unset
 .text.cyfitter_cfg
                0x00002bf4      0x148 .\CortexM3\ARM_GCC_484\Debug\chickybot.a(cyfitter_cfg.o)
                0x00002bf4                cyfitter_cfg
 *fill*         0x00002d3c        0x4 
 .text          0x00002d40       0x28 .\CortexM3\ARM_GCC_484\Debug\chickybot.a(CyBootAsmGnu.o)
                0x00002d40                CyDelayCycles
                0x00002d54                CyEnterCriticalSection
                0x00002d5c                CyExitCriticalSection
 .text.CyDmacConfigure
                0x00002d68       0x34 .\CortexM3\ARM_GCC_484\Debug\chickybot.a(CyDmac.o)
                0x00002d68                CyDmacConfigure
 .text.CyHalt   0x00002d9c        0x4 .\CortexM3\ARM_GCC_484\Debug\chickybot.a(CyLib.o)
                0x00002d9c                CyHalt
 .text.CyDelay  0x00002da0       0x2c .\CortexM3\ARM_GCC_484\Debug\chickybot.a(CyLib.o)
                0x00002da0                CyDelay
 .text.CyDelayUs
                0x00002dcc       0x14 .\CortexM3\ARM_GCC_484\Debug\chickybot.a(CyLib.o)
                0x00002dcc                CyDelayUs
 .text.CyIntSetVector
                0x00002de0       0x28 .\CortexM3\ARM_GCC_484\Debug\chickybot.a(CyLib.o)
                0x00002de0                CyIntSetVector
 .text.CyIntSetPriority
                0x00002e08       0x30 .\CortexM3\ARM_GCC_484\Debug\chickybot.a(CyLib.o)
                0x00002e08                CyIntSetPriority
 .text.LedRed_Write
                0x00002e38       0x18 .\CortexM3\ARM_GCC_484\Debug\chickybot.a(LedRed.o)
                0x00002e38                LedRed_Write
 .text.LedRed_Read
                0x00002e50        0xc .\CortexM3\ARM_GCC_484\Debug\chickybot.a(LedRed.o)
                0x00002e50                LedRed_Read
 .text.LedGreen_Write
                0x00002e5c       0x18 .\CortexM3\ARM_GCC_484\Debug\chickybot.a(LedGreen.o)
                0x00002e5c                LedGreen_Write
 .text.LedGreen_Read
                0x00002e74       0x10 .\CortexM3\ARM_GCC_484\Debug\chickybot.a(LedGreen.o)
                0x00002e74                LedGreen_Read
 .text.LedBlue_Write
                0x00002e84       0x18 .\CortexM3\ARM_GCC_484\Debug\chickybot.a(LedBlue.o)
                0x00002e84                LedBlue_Write
 .text.LedBlue_Read
                0x00002e9c       0x10 .\CortexM3\ARM_GCC_484\Debug\chickybot.a(LedBlue.o)
                0x00002e9c                LedBlue_Read
 .text.Lcd_WrCntrlNib
                0x00002eac       0x34 .\CortexM3\ARM_GCC_484\Debug\chickybot.a(Lcd.o)
 .text.Lcd_WrDatNib
                0x00002ee0       0x3c .\CortexM3\ARM_GCC_484\Debug\chickybot.a(Lcd.o)
 .text.Lcd_WriteData
                0x00002f1c       0x20 .\CortexM3\ARM_GCC_484\Debug\chickybot.a(Lcd.o)
                0x00002f1c                Lcd_WriteData
 .text.Lcd_PrintString
                0x00002f3c       0x1c .\CortexM3\ARM_GCC_484\Debug\chickybot.a(Lcd.o)
                0x00002f3c                Lcd_PrintString
 .text.Lcd_WriteControl
                0x00002f58       0x24 .\CortexM3\ARM_GCC_484\Debug\chickybot.a(Lcd.o)
                0x00002f58                Lcd_WriteControl
 .text.Lcd_Init
                0x00002f7c       0x6c .\CortexM3\ARM_GCC_484\Debug\chickybot.a(Lcd.o)
                0x00002f7c                Lcd_Init
 .text.Lcd_Enable
                0x00002fe8       0x14 .\CortexM3\ARM_GCC_484\Debug\chickybot.a(Lcd.o)
                0x00002fe8                Lcd_Enable
 .text.Lcd_Start
                0x00002ffc       0x1c .\CortexM3\ARM_GCC_484\Debug\chickybot.a(Lcd.o)
                0x00002ffc                Lcd_Start
 .text.Lcd_Position
                0x00003018       0x3c .\CortexM3\ARM_GCC_484\Debug\chickybot.a(Lcd.o)
                0x00003018                Lcd_Position
 .text.Lcd_PrintNumber
                0x00003054       0x8c .\CortexM3\ARM_GCC_484\Debug\chickybot.a(Lcd.o)
                0x00003054                Lcd_PrintNumber
 .text.IsrBtn0Pressed_SetVector
                0x000030e0        0xc .\CortexM3\ARM_GCC_484\Debug\chickybot.a(IsrBtn0Pressed.o)
                0x000030e0                IsrBtn0Pressed_SetVector
 .text.IsrBtn0Pressed_SetPriority
                0x000030ec       0x10 .\CortexM3\ARM_GCC_484\Debug\chickybot.a(IsrBtn0Pressed.o)
                0x000030ec                IsrBtn0Pressed_SetPriority
 .text.IsrBtn0Pressed_Enable
                0x000030fc        0xc .\CortexM3\ARM_GCC_484\Debug\chickybot.a(IsrBtn0Pressed.o)
                0x000030fc                IsrBtn0Pressed_Enable
 .text.IsrBtn0Pressed_Disable
                0x00003108        0xc .\CortexM3\ARM_GCC_484\Debug\chickybot.a(IsrBtn0Pressed.o)
                0x00003108                IsrBtn0Pressed_Disable
 .text.IsrBtn0Pressed_StartEx
                0x00003114       0x1c .\CortexM3\ARM_GCC_484\Debug\chickybot.a(IsrBtn0Pressed.o)
                0x00003114                IsrBtn0Pressed_StartEx
 .text.IsrBtn1Pressed_SetVector
                0x00003130        0xc .\CortexM3\ARM_GCC_484\Debug\chickybot.a(IsrBtn1Pressed.o)
                0x00003130                IsrBtn1Pressed_SetVector
 .text.IsrBtn1Pressed_SetPriority
                0x0000313c       0x10 .\CortexM3\ARM_GCC_484\Debug\chickybot.a(IsrBtn1Pressed.o)
                0x0000313c                IsrBtn1Pressed_SetPriority
 .text.IsrBtn1Pressed_Enable
                0x0000314c        0xc .\CortexM3\ARM_GCC_484\Debug\chickybot.a(IsrBtn1Pressed.o)
                0x0000314c                IsrBtn1Pressed_Enable
 .text.IsrBtn1Pressed_Disable
                0x00003158        0xc .\CortexM3\ARM_GCC_484\Debug\chickybot.a(IsrBtn1Pressed.o)
                0x00003158                IsrBtn1Pressed_Disable
 .text.IsrBtn1Pressed_StartEx
                0x00003164       0x1c .\CortexM3\ARM_GCC_484\Debug\chickybot.a(IsrBtn1Pressed.o)
                0x00003164                IsrBtn1Pressed_StartEx
 .text.CsBtns_PWM_Enable
                0x00003180       0x28 .\CortexM3\ARM_GCC_484\Debug\chickybot.a(CsBtns_PWM.o)
                0x00003180                CsBtns_PWM_Enable
 .text.CsBtns_PWM_WritePeriod
                0x000031a8        0xc .\CortexM3\ARM_GCC_484\Debug\chickybot.a(CsBtns_PWM.o)
                0x000031a8                CsBtns_PWM_WritePeriod
 .text.CsBtns_PWM_WriteCompare
                0x000031b4        0xc .\CortexM3\ARM_GCC_484\Debug\chickybot.a(CsBtns_PWM.o)
                0x000031b4                CsBtns_PWM_WriteCompare
 .text.CsBtns_PWM_SetInterruptMode
                0x000031c0        0xc .\CortexM3\ARM_GCC_484\Debug\chickybot.a(CsBtns_PWM.o)
                0x000031c0                CsBtns_PWM_SetInterruptMode
 .text.CsBtns_PWM_Init
                0x000031cc       0x70 .\CortexM3\ARM_GCC_484\Debug\chickybot.a(CsBtns_PWM.o)
                0x000031cc                CsBtns_PWM_Init
 .text.CsBtns_PWM_Start
                0x0000323c       0x1c .\CortexM3\ARM_GCC_484\Debug\chickybot.a(CsBtns_PWM.o)
                0x0000323c                CsBtns_PWM_Start
 .text.IsrUsTimer_SetVector
                0x00003258        0xc .\CortexM3\ARM_GCC_484\Debug\chickybot.a(IsrUsTimer.o)
                0x00003258                IsrUsTimer_SetVector
 .text.IsrUsTimer_SetPriority
                0x00003264       0x10 .\CortexM3\ARM_GCC_484\Debug\chickybot.a(IsrUsTimer.o)
                0x00003264                IsrUsTimer_SetPriority
 .text.IsrUsTimer_Enable
                0x00003274        0xc .\CortexM3\ARM_GCC_484\Debug\chickybot.a(IsrUsTimer.o)
                0x00003274                IsrUsTimer_Enable
 .text.IsrUsTimer_Disable
                0x00003280        0xc .\CortexM3\ARM_GCC_484\Debug\chickybot.a(IsrUsTimer.o)
                0x00003280                IsrUsTimer_Disable
 .text.IsrUsTimer_StartEx
                0x0000328c       0x1c .\CortexM3\ARM_GCC_484\Debug\chickybot.a(IsrUsTimer.o)
                0x0000328c                IsrUsTimer_StartEx
 .text.UsTimer_Enable
                0x000032a8       0x10 .\CortexM3\ARM_GCC_484\Debug\chickybot.a(UsTimer.o)
                0x000032a8                UsTimer_Enable
 .text.UsTimer_SetInterruptMode
                0x000032b8        0xc .\CortexM3\ARM_GCC_484\Debug\chickybot.a(UsTimer.o)
                0x000032b8                UsTimer_SetInterruptMode
 .text.UsTimer_ReadStatusRegister
                0x000032c4        0xc .\CortexM3\ARM_GCC_484\Debug\chickybot.a(UsTimer.o)
                0x000032c4                UsTimer_ReadStatusRegister
 .text.UsTimer_WritePeriod
                0x000032d0        0xc .\CortexM3\ARM_GCC_484\Debug\chickybot.a(UsTimer.o)
                0x000032d0                UsTimer_WritePeriod
 .text.UsTimer_ReadCapture
                0x000032dc        0xc .\CortexM3\ARM_GCC_484\Debug\chickybot.a(UsTimer.o)
                0x000032dc                UsTimer_ReadCapture
 .text.UsTimer_WriteCounter
                0x000032e8        0xc .\CortexM3\ARM_GCC_484\Debug\chickybot.a(UsTimer.o)
                0x000032e8                UsTimer_WriteCounter
 .text.UsTimer_EnableTrigger
                0x000032f4       0x10 .\CortexM3\ARM_GCC_484\Debug\chickybot.a(UsTimer.o)
                0x000032f4                UsTimer_EnableTrigger
 .text.UsTimer_DisableTrigger
                0x00003304       0x10 .\CortexM3\ARM_GCC_484\Debug\chickybot.a(UsTimer.o)
                0x00003304                UsTimer_DisableTrigger
 .text.UsTimer_SetInterruptCount
                0x00003314       0x1c .\CortexM3\ARM_GCC_484\Debug\chickybot.a(UsTimer.o)
                0x00003314                UsTimer_SetInterruptCount
 .text.UsTimer_ClearFIFO
                0x00003330       0x14 .\CortexM3\ARM_GCC_484\Debug\chickybot.a(UsTimer.o)
                0x00003330                UsTimer_ClearFIFO
 .text.UsTimer_Init
                0x00003344       0x40 .\CortexM3\ARM_GCC_484\Debug\chickybot.a(UsTimer.o)
                0x00003344                UsTimer_Init
 .text.UsTimer_Start
                0x00003384       0x1c .\CortexM3\ARM_GCC_484\Debug\chickybot.a(UsTimer.o)
                0x00003384                UsTimer_Start
 .text.UsPWM_Enable
                0x000033a0       0x10 .\CortexM3\ARM_GCC_484\Debug\chickybot.a(UsPWM.o)
                0x000033a0                UsPWM_Enable
 .text.UsPWM_WriteCounter
                0x000033b0        0xc .\CortexM3\ARM_GCC_484\Debug\chickybot.a(UsPWM.o)
                0x000033b0                UsPWM_WriteCounter
 .text.UsPWM_WritePeriod
                0x000033bc        0xc .\CortexM3\ARM_GCC_484\Debug\chickybot.a(UsPWM.o)
                0x000033bc                UsPWM_WritePeriod
 .text.UsPWM_WriteCompare
                0x000033c8        0xc .\CortexM3\ARM_GCC_484\Debug\chickybot.a(UsPWM.o)
                0x000033c8                UsPWM_WriteCompare
 .text.UsPWM_SetInterruptMode
                0x000033d4        0xc .\CortexM3\ARM_GCC_484\Debug\chickybot.a(UsPWM.o)
                0x000033d4                UsPWM_SetInterruptMode
 .text.UsPWM_ReadStatusRegister
                0x000033e0        0xc .\CortexM3\ARM_GCC_484\Debug\chickybot.a(UsPWM.o)
                0x000033e0                UsPWM_ReadStatusRegister
 .text.UsPWM_ReadCapture
                0x000033ec        0xc .\CortexM3\ARM_GCC_484\Debug\chickybot.a(UsPWM.o)
                0x000033ec                UsPWM_ReadCapture
 .text.UsPWM_ClearFIFO
                0x000033f8       0x14 .\CortexM3\ARM_GCC_484\Debug\chickybot.a(UsPWM.o)
                0x000033f8                UsPWM_ClearFIFO
 .text.UsPWM_Init
                0x0000340c       0x64 .\CortexM3\ARM_GCC_484\Debug\chickybot.a(UsPWM.o)
                0x0000340c                UsPWM_Init
 .text.UsPWM_Start
                0x00003470       0x1c .\CortexM3\ARM_GCC_484\Debug\chickybot.a(UsPWM.o)
                0x00003470                UsPWM_Start
 .text.ADC_CalcGain
                0x0000348c       0x64 .\CortexM3\ARM_GCC_484\Debug\chickybot.a(ADC.o)
 .text.ADC_Enable
                0x000034f0       0x90 .\CortexM3\ARM_GCC_484\Debug\chickybot.a(ADC.o)
                0x000034f0                ADC_Enable
 .text.ADC_SetResolution
                0x00003580       0x38 .\CortexM3\ARM_GCC_484\Debug\chickybot.a(ADC.o)
                0x00003580                ADC_SetResolution
 .text.ADC_Init
                0x000035b8       0x3c .\CortexM3\ARM_GCC_484\Debug\chickybot.a(ADC.o)
                0x000035b8                ADC_Init
 .text.ADC_Start
                0x000035f4       0x1c .\CortexM3\ARM_GCC_484\Debug\chickybot.a(ADC.o)
                0x000035f4                ADC_Start
 .text.ADC_StartConvert
                0x00003610       0x10 .\CortexM3\ARM_GCC_484\Debug\chickybot.a(ADC.o)
                0x00003610                ADC_StartConvert
 .text.ADC_IsEndConversion
                0x00003620       0x24 .\CortexM3\ARM_GCC_484\Debug\chickybot.a(ADC.o)
                0x00003620                ADC_IsEndConversion
 .text.ADC_GetResult16
                0x00003644       0x18 .\CortexM3\ARM_GCC_484\Debug\chickybot.a(ADC.o)
                0x00003644                ADC_GetResult16
 .text.ADC_ISR  0x0000365c        0x4 .\CortexM3\ARM_GCC_484\Debug\chickybot.a(ADC_INT.o)
                0x0000365c                ADC_ISR
 .text.AMux_Start
                0x00003660       0x20 .\CortexM3\ARM_GCC_484\Debug\chickybot.a(AMux.o)
                0x00003660                AMux_Start
 .text.AMux_FastSelect
                0x00003680       0x20 .\CortexM3\ARM_GCC_484\Debug\chickybot.a(AMux.o)
                0x00003680                AMux_FastSelect
 .text.ADC_theACLK_SetModeRegister
                0x000036a0       0x14 .\CortexM3\ARM_GCC_484\Debug\chickybot.a(ADC_theACLK.o)
                0x000036a0                ADC_theACLK_SetModeRegister
 .text.IsrMicroSwitch_SetVector
                0x000036b4        0xc .\CortexM3\ARM_GCC_484\Debug\chickybot.a(IsrMicroSwitch.o)
                0x000036b4                IsrMicroSwitch_SetVector
 .text.IsrMicroSwitch_SetPriority
                0x000036c0       0x10 .\CortexM3\ARM_GCC_484\Debug\chickybot.a(IsrMicroSwitch.o)
                0x000036c0                IsrMicroSwitch_SetPriority
 .text.IsrMicroSwitch_Enable
                0x000036d0        0xc .\CortexM3\ARM_GCC_484\Debug\chickybot.a(IsrMicroSwitch.o)
                0x000036d0                IsrMicroSwitch_Enable
 .text.IsrMicroSwitch_Disable
                0x000036dc        0xc .\CortexM3\ARM_GCC_484\Debug\chickybot.a(IsrMicroSwitch.o)
                0x000036dc                IsrMicroSwitch_Disable
 .text.IsrMicroSwitch_StartEx
                0x000036e8       0x1c .\CortexM3\ARM_GCC_484\Debug\chickybot.a(IsrMicroSwitch.o)
                0x000036e8                IsrMicroSwitch_StartEx
 .text.RotateCCW_Write
                0x00003704       0x18 .\CortexM3\ARM_GCC_484\Debug\chickybot.a(RotateCCW.o)
                0x00003704                RotateCCW_Write
 .text.RotateCW_Write
                0x0000371c       0x18 .\CortexM3\ARM_GCC_484\Debug\chickybot.a(RotateCW.o)
                0x0000371c                RotateCW_Write
 .text.__libc_init_array
                0x00003734       0x4c c:/program files (x86)/cypress/psoc creator/3.2/psoc creator/import/gnu/arm/4.8.4/bin/../lib/gcc/arm-none-eabi/4.8.4/../../../../arm-none-eabi/lib/armv7-m\libg_s.a(lib_a-init.o)
                0x00003734                __libc_init_array
 .text.memcpy   0x00003780       0x12 c:/program files (x86)/cypress/psoc creator/3.2/psoc creator/import/gnu/arm/4.8.4/bin/../lib/gcc/arm-none-eabi/4.8.4/../../../../arm-none-eabi/lib/armv7-m\libg_s.a(lib_a-memcpy-stub.o)
                0x00003780                memcpy
 .text.memset   0x00003792       0x10 c:/program files (x86)/cypress/psoc creator/3.2/psoc creator/import/gnu/arm/4.8.4/bin/../lib/gcc/arm-none-eabi/4.8.4/../../../../arm-none-eabi/lib/armv7-m\libg_s.a(lib_a-memset.o)
                0x00003792                memset
 *(.plt)
 *(.gnu.warning)
 *(.glue_7t)
 .glue_7t       0x00000000        0x0 linker stubs
 *(.glue_7)
 .glue_7        0x00000000        0x0 linker stubs
 *(.vfp11_veneer)
 .vfp11_veneer  0x00000000        0x0 linker stubs
 *(.bootloader)
 *(.ARM.extab* .gnu.linkonce.armextab.*)
 *(.gcc_except_table)

.v4_bx          0x000037a4        0x0
 .v4_bx         0x00000000        0x0 linker stubs

.iplt           0x000037a4        0x0
 .iplt          0x00000000        0x0 c:/program files (x86)/cypress/psoc creator/3.2/psoc creator/import/gnu/arm/4.8.4/bin/../lib/gcc/arm-none-eabi/4.8.4/armv7-m/crtbegin.o

.eh_frame_hdr
 *(.eh_frame_hdr)

.eh_frame       0x000037a4        0x4
 *(.eh_frame)
 .eh_frame      0x000037a4        0x0 c:/program files (x86)/cypress/psoc creator/3.2/psoc creator/import/gnu/arm/4.8.4/bin/../lib/gcc/arm-none-eabi/4.8.4/armv7-m/crtbegin.o
 .eh_frame      0x000037a4        0x4 c:/program files (x86)/cypress/psoc creator/3.2/psoc creator/import/gnu/arm/4.8.4/bin/../lib/gcc/arm-none-eabi/4.8.4/armv7-m/crtend.o
                0x000037a8                PROVIDE (__exidx_start, .)

.ARM.exidx
 *(.ARM.exidx* .gnu.linkonce.armexidx.*)
                0x000037a8                __exidx_end = .

.rodata         0x000037a8      0x5e0
 *(.rodata .rodata.* .gnu.linkonce.r.*)
 .rodata.str1.4
                0x000037a8       0x20 .\CortexM3\ARM_GCC_484\Debug\main.o
 .rodata        0x000037c8      0x58c .\CortexM3\ARM_GCC_484\Debug\chickybot.a(cyfitter_cfg.o)
                0x000037c8                AMux__addrTable
                0x000037d4                AMux__maskTable
                0x00003d54                . = ALIGN (0x4)
 *(.init)
 .init          0x00003d54        0x4 c:/program files (x86)/cypress/psoc creator/3.2/psoc creator/import/gnu/arm/4.8.4/bin/../lib/gcc/arm-none-eabi/4.8.4/armv7-m/crti.o
                0x00003d54                _init
 .init          0x00003d58        0x8 c:/program files (x86)/cypress/psoc creator/3.2/psoc creator/import/gnu/arm/4.8.4/bin/../lib/gcc/arm-none-eabi/4.8.4/armv7-m/crtn.o
                0x00003d60                . = ALIGN (0x4)
                0x00003d60                __preinit_array_start = .
 *(.preinit_array)
                0x00003d60                __preinit_array_end = .
                0x00003d60                . = ALIGN (0x4)
                0x00003d60                __init_array_start = .
 *(SORT(.init_array.*))
 *(.init_array)
 .init_array    0x00003d60        0x4 c:/program files (x86)/cypress/psoc creator/3.2/psoc creator/import/gnu/arm/4.8.4/bin/../lib/gcc/arm-none-eabi/4.8.4/armv7-m/crtbegin.o
 .init_array    0x00003d64        0x4 .\CortexM3\ARM_GCC_484\Debug\Cm3Start.o
                0x00003d68                __init_array_end = .
                0x00003d68                . = ALIGN (0x4)
 *(.fini)
 .fini          0x00003d68        0x4 c:/program files (x86)/cypress/psoc creator/3.2/psoc creator/import/gnu/arm/4.8.4/bin/../lib/gcc/arm-none-eabi/4.8.4/armv7-m/crti.o
                0x00003d68                _fini
 .fini          0x00003d6c        0x8 c:/program files (x86)/cypress/psoc creator/3.2/psoc creator/import/gnu/arm/4.8.4/bin/../lib/gcc/arm-none-eabi/4.8.4/armv7-m/crtn.o
                0x00003d74                . = ALIGN (0x4)
                0x00003d74                __fini_array_start = .
 *(.fini_array)
 .fini_array    0x00003d74        0x4 c:/program files (x86)/cypress/psoc creator/3.2/psoc creator/import/gnu/arm/4.8.4/bin/../lib/gcc/arm-none-eabi/4.8.4/armv7-m/crtbegin.o
 *(SORT(.fini_array.*))
                0x00003d78                __fini_array_end = .
                0x00003d78                . = ALIGN (0x4)
 *crtbegin.o(.ctors)
 *(EXCLUDE_FILE(*crtend.o) .ctors)
 *(SORT(.ctors.*))
 *crtend.o(.ctors)
                0x00003d78                . = ALIGN (0x4)
 *crtbegin.o(.dtors)
 *(EXCLUDE_FILE(*crtend.o) .dtors)
 *(SORT(.dtors.*))
 *crtend.o(.dtors)
                0x00003d78                . = ALIGN (0x4)
                0x00003d78                __cy_regions = .
                0x00003d78        0x4 LONG 0x3d88 __cy_region_init_ram
                0x00003d7c        0x4 LONG 0x1fff8108 __cy_region_start_data
                0x00003d80        0x4 LONG 0x20 __cy_region_init_size_ram
                0x00003d84        0x4 LONG 0x38 __cy_region_zero_size_ram
                0x00003d88                __cy_regions_end = .
                0x00003d88                . = ALIGN (0x8)
                0x00003d88                _etext = .

.ramvectors     0x1fff8000      0x100
                0x1fff8000                __cy_region_start_ram = .
 *(.ramvectors)
 .ramvectors    0x1fff8000      0x100 .\CortexM3\ARM_GCC_484\Debug\Cm3Start.o
                0x1fff8000                CyRamVectors

.noinit         0x1fff8100        0x5
 *(.noinit)
 .noinit        0x1fff8100        0x4 .\CortexM3\ARM_GCC_484\Debug\Cm3Start.o
 .noinit        0x1fff8104        0x1 .\CortexM3\ARM_GCC_484\Debug\chickybot.a(CyLib.o)
                0x1fff8104                CyResetStatus

.data           0x1fff8108       0x20 load address 0x00003d88
                0x1fff8108                __cy_region_start_data = .
 *(.jcr)
 .jcr           0x1fff8108        0x0 c:/program files (x86)/cypress/psoc creator/3.2/psoc creator/import/gnu/arm/4.8.4/bin/../lib/gcc/arm-none-eabi/4.8.4/armv7-m/crtbegin.o
 .jcr           0x1fff8108        0x4 c:/program files (x86)/cypress/psoc creator/3.2/psoc creator/import/gnu/arm/4.8.4/bin/../lib/gcc/arm-none-eabi/4.8.4/armv7-m/crtend.o
 *(.got.plt)
 *(.got)
 *(.shdata)
 *(.data .data.* .gnu.linkonce.d.*)
 .data          0x1fff810c        0x8 .\CortexM3\ARM_GCC_484\Debug\chickybot.a(CyDmac.o)
 .data          0x1fff8114       0x10 .\CortexM3\ARM_GCC_484\Debug\chickybot.a(CyLib.o)
                0x1fff8114                cydelay_32k_ms
                0x1fff8118                cydelay_freq_khz
                0x1fff811c                cydelay_freq_mhz
                0x1fff8120                cydelay_freq_hz
 .data          0x1fff8124        0x1 .\CortexM3\ARM_GCC_484\Debug\chickybot.a(AMux.o)
                0x1fff8128                . = ALIGN (0x8)
 *fill*         0x1fff8125        0x3 
 *(.ram)
                0x1fff8128                _edata = .

.igot.plt       0x1fff8128        0x0 load address 0x00003da8
 .igot.plt      0x00000000        0x0 c:/program files (x86)/cypress/psoc creator/3.2/psoc creator/import/gnu/arm/4.8.4/bin/../lib/gcc/arm-none-eabi/4.8.4/armv7-m/crtbegin.o

.bss            0x1fff8128       0x38 load address 0x00003da8
                0x1fff8128                PROVIDE (__bss_start__, .)
 *(.shbss)
 *(.bss .bss.* .gnu.linkonce.b.*)
 .bss           0x1fff8128       0x1c c:/program files (x86)/cypress/psoc creator/3.2/psoc creator/import/gnu/arm/4.8.4/bin/../lib/gcc/arm-none-eabi/4.8.4/armv7-m/crtbegin.o
 .bss           0x1fff8144        0x2 .\CortexM3\ARM_GCC_484\Debug\chickybot.a(Lcd.o)
                0x1fff8144                Lcd_enableState
                0x1fff8145                Lcd_initVar
 .bss           0x1fff8146        0x1 .\CortexM3\ARM_GCC_484\Debug\chickybot.a(CsBtns_PWM.o)
                0x1fff8146                CsBtns_PWM_initVar
 .bss           0x1fff8147        0x1 .\CortexM3\ARM_GCC_484\Debug\chickybot.a(UsTimer.o)
                0x1fff8147                UsTimer_initVar
 .bss           0x1fff8148        0x1 .\CortexM3\ARM_GCC_484\Debug\chickybot.a(UsPWM.o)
                0x1fff8148                UsPWM_initVar
 .bss           0x1fff8149        0x1 .\CortexM3\ARM_GCC_484\Debug\chickybot.a(ADC.o)
                0x1fff8149                ADC_initVar
 *(COMMON)
 *fill*         0x1fff814a        0x2 
 COMMON         0x1fff814c        0x8 .\CortexM3\ARM_GCC_484\Debug\sensors.o
                0x1fff814c                rc
                0x1fff8150                dist
 COMMON         0x1fff8154        0xa .\CortexM3\ARM_GCC_484\Debug\chickybot.a(ADC.o)
                0x1fff8154                ADC_countsPer10Volt
                0x1fff8158                ADC_shift
                0x1fff815a                ADC_countsPerVolt
                0x1fff815c                ADC_offset
                0x1fff8160                . = ALIGN (0x8)
 *fill*         0x1fff815e        0x2 
 *(.ram.b)
                0x1fff8160                _end = .
                0x1fff8160                __end = .
                0x1fff8160                PROVIDE (end, .)
                0x1fff8160                PROVIDE (__bss_end__, .)
                0x00003d88                __cy_region_init_ram = LOADADDR (.data)
                0x00000020                __cy_region_init_size_ram = (_edata - ADDR (.data))
                0x00000038                __cy_region_zero_size_ram = (_end - _edata)

.heap           0x1fff8160       0x80 load address 0x00003da8
                0x1fff8160                . = _end
                0x1fff81e0                . = (. + 0x80)
 *fill*         0x1fff8160       0x80 
                0x1fff81e0                __cy_heap_limit = .

.stack          0x20007800      0x800
                0x20007800                __cy_stack_limit = .
                0x20008000                . = (. + 0x800)
 *fill*         0x20007800      0x800 
                0x00000001                ASSERT ((__cy_stack_limit >= __cy_heap_limit), region RAM overflowed with stack)

.cyloadermeta   0xf0000000       0x40
 *(.cyloadermeta)
 .cyloadermeta  0xf0000000       0x40 .\CortexM3\ARM_GCC_484\Debug\cybootloader.o
                0xf0000000                cy_meta_loader

.cyloadablemeta
                0x0003ffc0       0x40
 *(.cyloadablemeta)
 .cyloadablemeta
                0x0003ffc0       0x40 .\CortexM3\ARM_GCC_484\Debug\cymetadata.o
                0x0003ffc0                cy_meta_loadable

.cyconfigecc
 *(.cyconfigecc)

.cycustnvl      0x90000000        0x4
 *(.cycustnvl)
 .cycustnvl     0x90000000        0x4 .\CortexM3\ARM_GCC_484\Debug\cybootloader.o
                0x90000000                cy_meta_custnvl

.cywolatch      0x90100000        0x4
 *(.cywolatch)
 .cywolatch     0x90100000        0x4 .\CortexM3\ARM_GCC_484\Debug\cybootloader.o
                0x90100000                cy_meta_wonvl

.cyeeprom       0x90200000        0x0
 *(.cyeeprom)
                0x00000001                ASSERT ((. <= ((0x90200000 + ee_offset) + ee_size)), .cyeeprom data will not fit in EEPROM)

.cyflashprotect
                0x90400000      0x100
 *(.cyflashprotect)
 .cyflashprotect
                0x90400000      0x100 .\CortexM3\ARM_GCC_484\Debug\cybootloader.o
                0x90400000                cy_meta_flashprotect

.cymeta         0x90500000        0xc
 *(.cymeta)
 .cymeta        0x90500000        0xc .\CortexM3\ARM_GCC_484\Debug\cybootloader.o
                0x90500000                cy_metadata

.rel.dyn        0x00040000        0x0 load address 0x9050000c
 .rel.iplt      0x00000000        0x0 c:/program files (x86)/cypress/psoc creator/3.2/psoc creator/import/gnu/arm/4.8.4/bin/../lib/gcc/arm-none-eabi/4.8.4/armv7-m/crtbegin.o

.stab
 *(.stab)

.stabstr
 *(.stabstr)

.debug
 *(.debug)

.line
 *(.line)

.debug_srcinfo
 *(.debug_srcinfo)

.debug_sfnames
 *(.debug_sfnames)

.debug_aranges  0x00000000     0x1238
 *(.debug_aranges)
 .debug_aranges
                0x00000000       0x48 .\CortexM3\ARM_GCC_484\Debug\main.o
 .debug_aranges
                0x00000048       0x30 .\CortexM3\ARM_GCC_484\Debug\cv.o
 .debug_aranges
                0x00000078       0x38 .\CortexM3\ARM_GCC_484\Debug\sensors.o
 .debug_aranges
                0x000000b0       0xd8 .\CortexM3\ARM_GCC_484\Debug\motion.o
 .debug_aranges
                0x00000188       0x40 .\CortexM3\ARM_GCC_484\Debug\prelim.o
 .debug_aranges
                0x000001c8       0x18 .\CortexM3\ARM_GCC_484\Debug\cymetadata.o
 .debug_aranges
                0x000001e0       0x48 .\CortexM3\ARM_GCC_484\Debug\Cm3Start.o
 .debug_aranges
                0x00000228       0x18 .\CortexM3\ARM_GCC_484\Debug\cybootloader.o
 .debug_aranges
                0x00000240       0x70 .\CortexM3\ARM_GCC_484\Debug\chickybot.a(cyfitter_cfg.o)
 .debug_aranges
                0x000002b0       0x20 .\CortexM3\ARM_GCC_484\Debug\chickybot.a(CyBootAsmGnu.o)
 .debug_aranges
                0x000002d0       0xd8 .\CortexM3\ARM_GCC_484\Debug\chickybot.a(CyDmac.o)
 .debug_aranges
                0x000003a8      0x298 .\CortexM3\ARM_GCC_484\Debug\chickybot.a(CyLib.o)
 .debug_aranges
                0x00000640       0x98 .\CortexM3\ARM_GCC_484\Debug\chickybot.a(cyPm.o)
 .debug_aranges
                0x000006d8       0x38 .\CortexM3\ARM_GCC_484\Debug\chickybot.a(LedRed.o)
 .debug_aranges
                0x00000710       0x38 .\CortexM3\ARM_GCC_484\Debug\chickybot.a(LedGreen.o)
 .debug_aranges
                0x00000748       0x38 .\CortexM3\ARM_GCC_484\Debug\chickybot.a(LedBlue.o)
 .debug_aranges
                0x00000780       0x90 .\CortexM3\ARM_GCC_484\Debug\chickybot.a(Lcd.o)
 .debug_aranges
                0x00000810       0x80 .\CortexM3\ARM_GCC_484\Debug\chickybot.a(IsrBtn0Pressed.o)
 .debug_aranges
                0x00000890       0x80 .\CortexM3\ARM_GCC_484\Debug\chickybot.a(IsrBtn1Pressed.o)
 .debug_aranges
                0x00000910       0x78 .\CortexM3\ARM_GCC_484\Debug\chickybot.a(CsBtns_PWM.o)
 .debug_aranges
                0x00000988       0x58 .\CortexM3\ARM_GCC_484\Debug\chickybot.a(Camera.o)
 .debug_aranges
                0x000009e0       0x28 .\CortexM3\ARM_GCC_484\Debug\chickybot.a(Camera_DMA_dma.o)
 .debug_aranges
                0x00000a08       0x38 .\CortexM3\ARM_GCC_484\Debug\chickybot.a(Camera_VSYNC.o)
 .debug_aranges
                0x00000a40       0x38 .\CortexM3\ARM_GCC_484\Debug\chickybot.a(Camera_SIOD.o)
 .debug_aranges
                0x00000a78       0x38 .\CortexM3\ARM_GCC_484\Debug\chickybot.a(Camera_SIOC.o)
 .debug_aranges
                0x00000ab0       0x38 .\CortexM3\ARM_GCC_484\Debug\chickybot.a(Camera_I2C.o)
 .debug_aranges
                0x00000ae8       0x20 .\CortexM3\ARM_GCC_484\Debug\chickybot.a(Camera_I2C_INT.o)
 .debug_aranges
                0x00000b08       0x38 .\CortexM3\ARM_GCC_484\Debug\chickybot.a(Camera_I2C_PM.o)
 .debug_aranges
                0x00000b40       0x80 .\CortexM3\ARM_GCC_484\Debug\chickybot.a(Camera_I2C_MASTER.o)
 .debug_aranges
                0x00000bc0       0x80 .\CortexM3\ARM_GCC_484\Debug\chickybot.a(IsrUsTimer.o)
 .debug_aranges
                0x00000c40       0xa8 .\CortexM3\ARM_GCC_484\Debug\chickybot.a(UsTimer.o)
 .debug_aranges
                0x00000ce8       0x98 .\CortexM3\ARM_GCC_484\Debug\chickybot.a(UsPWM.o)
 .debug_aranges
                0x00000d80       0x38 .\CortexM3\ARM_GCC_484\Debug\chickybot.a(ElbowPos.o)
 .debug_aranges
                0x00000db8       0x38 .\CortexM3\ARM_GCC_484\Debug\chickybot.a(ElbowNeg.o)
 .debug_aranges
                0x00000df0       0x38 .\CortexM3\ARM_GCC_484\Debug\chickybot.a(ShoulderPos.o)
 .debug_aranges
                0x00000e28       0x38 .\CortexM3\ARM_GCC_484\Debug\chickybot.a(ShoulderNeg.o)
 .debug_aranges
                0x00000e60       0xa8 .\CortexM3\ARM_GCC_484\Debug\chickybot.a(ADC.o)
 .debug_aranges
                0x00000f08       0x20 .\CortexM3\ARM_GCC_484\Debug\chickybot.a(ADC_INT.o)
 .debug_aranges
                0x00000f28       0x30 .\CortexM3\ARM_GCC_484\Debug\chickybot.a(AMux.o)
 .debug_aranges
                0x00000f58       0x70 .\CortexM3\ARM_GCC_484\Debug\chickybot.a(ADC_theACLK.o)
 .debug_aranges
                0x00000fc8       0x38 .\CortexM3\ARM_GCC_484\Debug\chickybot.a(MicroSwitch.o)
 .debug_aranges
                0x00001000       0x80 .\CortexM3\ARM_GCC_484\Debug\chickybot.a(IsrMicroSwitch.o)
 .debug_aranges
                0x00001080       0x38 .\CortexM3\ARM_GCC_484\Debug\chickybot.a(Fan.o)
 .debug_aranges
                0x000010b8       0x38 .\CortexM3\ARM_GCC_484\Debug\chickybot.a(RotateCCW.o)
 .debug_aranges
                0x000010f0       0x38 .\CortexM3\ARM_GCC_484\Debug\chickybot.a(RotateCW.o)
 .debug_aranges
                0x00001128       0x80 .\CortexM3\ARM_GCC_484\Debug\chickybot.a(CyFlash.o)
 .debug_aranges
                0x000011a8       0x78 .\CortexM3\ARM_GCC_484\Debug\chickybot.a(CySpc.o)
 .debug_aranges
                0x00001220       0x18 .\CortexM3\ARM_GCC_484\Debug\chickybot.a(Camera_settings.o)

.debug_pubnames
 *(.debug_pubnames)

.debug_info     0x00000000     0xa992
 *(.debug_info .gnu.linkonce.wi.*)
 .debug_info    0x00000000      0x616 .\CortexM3\ARM_GCC_484\Debug\main.o
 .debug_info    0x00000616      0x31c .\CortexM3\ARM_GCC_484\Debug\cv.o
 .debug_info    0x00000932      0x5e8 .\CortexM3\ARM_GCC_484\Debug\sensors.o
 .debug_info    0x00000f1a      0xb73 .\CortexM3\ARM_GCC_484\Debug\motion.o
 .debug_info    0x00001a8d      0x5f6 .\CortexM3\ARM_GCC_484\Debug\prelim.o
 .debug_info    0x00002083       0xb1 .\CortexM3\ARM_GCC_484\Debug\cymetadata.o
 .debug_info    0x00002134      0x3af .\CortexM3\ARM_GCC_484\Debug\Cm3Start.o
 .debug_info    0x000024e3      0x164 .\CortexM3\ARM_GCC_484\Debug\cybootloader.o
 .debug_info    0x00002647      0x80c .\CortexM3\ARM_GCC_484\Debug\chickybot.a(cyfitter_cfg.o)
 .debug_info    0x00002e53       0xd0 .\CortexM3\ARM_GCC_484\Debug\chickybot.a(CyBootAsmGnu.o)
 .debug_info    0x00002f23      0x93f .\CortexM3\ARM_GCC_484\Debug\chickybot.a(CyDmac.o)
 .debug_info    0x00003862     0x1373 .\CortexM3\ARM_GCC_484\Debug\chickybot.a(CyLib.o)
 .debug_info    0x00004bd5      0xa56 .\CortexM3\ARM_GCC_484\Debug\chickybot.a(cyPm.o)
 .debug_info    0x0000562b      0x120 .\CortexM3\ARM_GCC_484\Debug\chickybot.a(LedRed.o)
 .debug_info    0x0000574b      0x120 .\CortexM3\ARM_GCC_484\Debug\chickybot.a(LedGreen.o)
 .debug_info    0x0000586b      0x120 .\CortexM3\ARM_GCC_484\Debug\chickybot.a(LedBlue.o)
 .debug_info    0x0000598b      0x69e .\CortexM3\ARM_GCC_484\Debug\chickybot.a(Lcd.o)
 .debug_info    0x00006029      0x2c7 .\CortexM3\ARM_GCC_484\Debug\chickybot.a(IsrBtn0Pressed.o)
 .debug_info    0x000062f0      0x2c7 .\CortexM3\ARM_GCC_484\Debug\chickybot.a(IsrBtn1Pressed.o)
 .debug_info    0x000065b7      0x275 .\CortexM3\ARM_GCC_484\Debug\chickybot.a(CsBtns_PWM.o)
 .debug_info    0x0000682c      0x687 .\CortexM3\ARM_GCC_484\Debug\chickybot.a(Camera.o)
 .debug_info    0x00006eb3      0x1fb .\CortexM3\ARM_GCC_484\Debug\chickybot.a(Camera_DMA_dma.o)
 .debug_info    0x000070ae      0x120 .\CortexM3\ARM_GCC_484\Debug\chickybot.a(Camera_VSYNC.o)
 .debug_info    0x000071ce      0x120 .\CortexM3\ARM_GCC_484\Debug\chickybot.a(Camera_SIOD.o)
 .debug_info    0x000072ee      0x120 .\CortexM3\ARM_GCC_484\Debug\chickybot.a(Camera_SIOC.o)
 .debug_info    0x0000740e      0x2d6 .\CortexM3\ARM_GCC_484\Debug\chickybot.a(Camera_I2C.o)
 .debug_info    0x000076e4      0x17d .\CortexM3\ARM_GCC_484\Debug\chickybot.a(Camera_I2C_INT.o)
 .debug_info    0x00007861      0x1fb .\CortexM3\ARM_GCC_484\Debug\chickybot.a(Camera_I2C_PM.o)
 .debug_info    0x00007a5c      0x3fe .\CortexM3\ARM_GCC_484\Debug\chickybot.a(Camera_I2C_MASTER.o)
 .debug_info    0x00007e5a      0x2c7 .\CortexM3\ARM_GCC_484\Debug\chickybot.a(IsrUsTimer.o)
 .debug_info    0x00008121      0x350 .\CortexM3\ARM_GCC_484\Debug\chickybot.a(UsTimer.o)
 .debug_info    0x00008471      0x34a .\CortexM3\ARM_GCC_484\Debug\chickybot.a(UsPWM.o)
 .debug_info    0x000087bb      0x120 .\CortexM3\ARM_GCC_484\Debug\chickybot.a(ElbowPos.o)
 .debug_info    0x000088db      0x120 .\CortexM3\ARM_GCC_484\Debug\chickybot.a(ElbowNeg.o)
 .debug_info    0x000089fb      0x120 .\CortexM3\ARM_GCC_484\Debug\chickybot.a(ShoulderPos.o)
 .debug_info    0x00008b1b      0x120 .\CortexM3\ARM_GCC_484\Debug\chickybot.a(ShoulderNeg.o)
 .debug_info    0x00008c3b      0x5f4 .\CortexM3\ARM_GCC_484\Debug\chickybot.a(ADC.o)
 .debug_info    0x0000922f       0x92 .\CortexM3\ARM_GCC_484\Debug\chickybot.a(ADC_INT.o)
 .debug_info    0x000092c1      0x14d .\CortexM3\ARM_GCC_484\Debug\chickybot.a(AMux.o)
 .debug_info    0x0000940e      0x283 .\CortexM3\ARM_GCC_484\Debug\chickybot.a(ADC_theACLK.o)
 .debug_info    0x00009691      0x120 .\CortexM3\ARM_GCC_484\Debug\chickybot.a(MicroSwitch.o)
 .debug_info    0x000097b1      0x2c7 .\CortexM3\ARM_GCC_484\Debug\chickybot.a(IsrMicroSwitch.o)
 .debug_info    0x00009a78      0x120 .\CortexM3\ARM_GCC_484\Debug\chickybot.a(Fan.o)
 .debug_info    0x00009b98      0x120 .\CortexM3\ARM_GCC_484\Debug\chickybot.a(RotateCCW.o)
 .debug_info    0x00009cb8      0x120 .\CortexM3\ARM_GCC_484\Debug\chickybot.a(RotateCW.o)
 .debug_info    0x00009dd8      0x5e4 .\CortexM3\ARM_GCC_484\Debug\chickybot.a(CyFlash.o)
 .debug_info    0x0000a3bc      0x4da .\CortexM3\ARM_GCC_484\Debug\chickybot.a(CySpc.o)
 .debug_info    0x0000a896       0xfc .\CortexM3\ARM_GCC_484\Debug\chickybot.a(Camera_settings.o)

.debug_abbrev   0x00000000     0x362c
 *(.debug_abbrev)
 .debug_abbrev  0x00000000      0x176 .\CortexM3\ARM_GCC_484\Debug\main.o
 .debug_abbrev  0x00000176      0x15b .\CortexM3\ARM_GCC_484\Debug\cv.o
 .debug_abbrev  0x000002d1      0x154 .\CortexM3\ARM_GCC_484\Debug\sensors.o
 .debug_abbrev  0x00000425      0x1be .\CortexM3\ARM_GCC_484\Debug\motion.o
 .debug_abbrev  0x000005e3      0x1b1 .\CortexM3\ARM_GCC_484\Debug\prelim.o
 .debug_abbrev  0x00000794       0x5d .\CortexM3\ARM_GCC_484\Debug\cymetadata.o
 .debug_abbrev  0x000007f1      0x20d .\CortexM3\ARM_GCC_484\Debug\Cm3Start.o
 .debug_abbrev  0x000009fe       0x77 .\CortexM3\ARM_GCC_484\Debug\cybootloader.o
 .debug_abbrev  0x00000a75      0x231 .\CortexM3\ARM_GCC_484\Debug\chickybot.a(cyfitter_cfg.o)
 .debug_abbrev  0x00000ca6       0x14 .\CortexM3\ARM_GCC_484\Debug\chickybot.a(CyBootAsmGnu.o)
 .debug_abbrev  0x00000cba      0x1cc .\CortexM3\ARM_GCC_484\Debug\chickybot.a(CyDmac.o)
 .debug_abbrev  0x00000e86      0x296 .\CortexM3\ARM_GCC_484\Debug\chickybot.a(CyLib.o)
 .debug_abbrev  0x0000111c      0x1fa .\CortexM3\ARM_GCC_484\Debug\chickybot.a(cyPm.o)
 .debug_abbrev  0x00001316       0x9d .\CortexM3\ARM_GCC_484\Debug\chickybot.a(LedRed.o)
 .debug_abbrev  0x000013b3       0x9d .\CortexM3\ARM_GCC_484\Debug\chickybot.a(LedGreen.o)
 .debug_abbrev  0x00001450       0x9d .\CortexM3\ARM_GCC_484\Debug\chickybot.a(LedBlue.o)
 .debug_abbrev  0x000014ed      0x17e .\CortexM3\ARM_GCC_484\Debug\chickybot.a(Lcd.o)
 .debug_abbrev  0x0000166b      0x157 .\CortexM3\ARM_GCC_484\Debug\chickybot.a(IsrBtn0Pressed.o)
 .debug_abbrev  0x000017c2      0x157 .\CortexM3\ARM_GCC_484\Debug\chickybot.a(IsrBtn1Pressed.o)
 .debug_abbrev  0x00001919      0x13a .\CortexM3\ARM_GCC_484\Debug\chickybot.a(CsBtns_PWM.o)
 .debug_abbrev  0x00001a53      0x1f2 .\CortexM3\ARM_GCC_484\Debug\chickybot.a(Camera.o)
 .debug_abbrev  0x00001c45       0xf8 .\CortexM3\ARM_GCC_484\Debug\chickybot.a(Camera_DMA_dma.o)
 .debug_abbrev  0x00001d3d       0x9d .\CortexM3\ARM_GCC_484\Debug\chickybot.a(Camera_VSYNC.o)
 .debug_abbrev  0x00001dda       0x9d .\CortexM3\ARM_GCC_484\Debug\chickybot.a(Camera_SIOD.o)
 .debug_abbrev  0x00001e77       0x9d .\CortexM3\ARM_GCC_484\Debug\chickybot.a(Camera_SIOC.o)
 .debug_abbrev  0x00001f14      0x15c .\CortexM3\ARM_GCC_484\Debug\chickybot.a(Camera_I2C.o)
 .debug_abbrev  0x00002070       0xca .\CortexM3\ARM_GCC_484\Debug\chickybot.a(Camera_I2C_INT.o)
 .debug_abbrev  0x0000213a      0x12b .\CortexM3\ARM_GCC_484\Debug\chickybot.a(Camera_I2C_PM.o)
 .debug_abbrev  0x00002265      0x149 .\CortexM3\ARM_GCC_484\Debug\chickybot.a(Camera_I2C_MASTER.o)
 .debug_abbrev  0x000023ae      0x157 .\CortexM3\ARM_GCC_484\Debug\chickybot.a(IsrUsTimer.o)
 .debug_abbrev  0x00002505      0x161 .\CortexM3\ARM_GCC_484\Debug\chickybot.a(UsTimer.o)
 .debug_abbrev  0x00002666      0x15a .\CortexM3\ARM_GCC_484\Debug\chickybot.a(UsPWM.o)
 .debug_abbrev  0x000027c0       0x9d .\CortexM3\ARM_GCC_484\Debug\chickybot.a(ElbowPos.o)
 .debug_abbrev  0x0000285d       0x9d .\CortexM3\ARM_GCC_484\Debug\chickybot.a(ElbowNeg.o)
 .debug_abbrev  0x000028fa       0x9d .\CortexM3\ARM_GCC_484\Debug\chickybot.a(ShoulderPos.o)
 .debug_abbrev  0x00002997       0x9d .\CortexM3\ARM_GCC_484\Debug\chickybot.a(ShoulderNeg.o)
 .debug_abbrev  0x00002a34      0x1f8 .\CortexM3\ARM_GCC_484\Debug\chickybot.a(ADC.o)
 .debug_abbrev  0x00002c2c       0x42 .\CortexM3\ARM_GCC_484\Debug\chickybot.a(ADC_INT.o)
 .debug_abbrev  0x00002c6e       0xcb .\CortexM3\ARM_GCC_484\Debug\chickybot.a(AMux.o)
 .debug_abbrev  0x00002d39      0x137 .\CortexM3\ARM_GCC_484\Debug\chickybot.a(ADC_theACLK.o)
 .debug_abbrev  0x00002e70       0x9d .\CortexM3\ARM_GCC_484\Debug\chickybot.a(MicroSwitch.o)
 .debug_abbrev  0x00002f0d      0x157 .\CortexM3\ARM_GCC_484\Debug\chickybot.a(IsrMicroSwitch.o)
 .debug_abbrev  0x00003064       0x9d .\CortexM3\ARM_GCC_484\Debug\chickybot.a(Fan.o)
 .debug_abbrev  0x00003101       0x9d .\CortexM3\ARM_GCC_484\Debug\chickybot.a(RotateCCW.o)
 .debug_abbrev  0x0000319e       0x9d .\CortexM3\ARM_GCC_484\Debug\chickybot.a(RotateCW.o)
 .debug_abbrev  0x0000323b      0x1de .\CortexM3\ARM_GCC_484\Debug\chickybot.a(CyFlash.o)
 .debug_abbrev  0x00003419      0x1ce .\CortexM3\ARM_GCC_484\Debug\chickybot.a(CySpc.o)
 .debug_abbrev  0x000035e7       0x45 .\CortexM3\ARM_GCC_484\Debug\chickybot.a(Camera_settings.o)

.debug_line     0x00000000     0x47f7
 *(.debug_line)
 .debug_line    0x00000000      0x327 .\CortexM3\ARM_GCC_484\Debug\main.o
 .debug_line    0x00000327      0x376 .\CortexM3\ARM_GCC_484\Debug\cv.o
 .debug_line    0x0000069d      0x1f5 .\CortexM3\ARM_GCC_484\Debug\sensors.o
 .debug_line    0x00000892      0x3f0 .\CortexM3\ARM_GCC_484\Debug\motion.o
 .debug_line    0x00000c82      0x23d .\CortexM3\ARM_GCC_484\Debug\prelim.o
 .debug_line    0x00000ebf       0x53 .\CortexM3\ARM_GCC_484\Debug\cymetadata.o
 .debug_line    0x00000f12      0x242 .\CortexM3\ARM_GCC_484\Debug\Cm3Start.o
 .debug_line    0x00001154       0x55 .\CortexM3\ARM_GCC_484\Debug\cybootloader.o
 .debug_line    0x000011a9      0x232 .\CortexM3\ARM_GCC_484\Debug\chickybot.a(cyfitter_cfg.o)
 .debug_line    0x000013db       0x68 .\CortexM3\ARM_GCC_484\Debug\chickybot.a(CyBootAsmGnu.o)
 .debug_line    0x00001443      0x2de .\CortexM3\ARM_GCC_484\Debug\chickybot.a(CyDmac.o)
 .debug_line    0x00001721      0x818 .\CortexM3\ARM_GCC_484\Debug\chickybot.a(CyLib.o)
 .debug_line    0x00001f39      0x366 .\CortexM3\ARM_GCC_484\Debug\chickybot.a(cyPm.o)
 .debug_line    0x0000229f       0x95 .\CortexM3\ARM_GCC_484\Debug\chickybot.a(LedRed.o)
 .debug_line    0x00002334       0x97 .\CortexM3\ARM_GCC_484\Debug\chickybot.a(LedGreen.o)
 .debug_line    0x000023cb       0x96 .\CortexM3\ARM_GCC_484\Debug\chickybot.a(LedBlue.o)
 .debug_line    0x00002461      0x1a4 .\CortexM3\ARM_GCC_484\Debug\chickybot.a(Lcd.o)
 .debug_line    0x00002605      0x154 .\CortexM3\ARM_GCC_484\Debug\chickybot.a(IsrBtn0Pressed.o)
 .debug_line    0x00002759      0x154 .\CortexM3\ARM_GCC_484\Debug\chickybot.a(IsrBtn1Pressed.o)
 .debug_line    0x000028ad      0x13a .\CortexM3\ARM_GCC_484\Debug\chickybot.a(CsBtns_PWM.o)
 .debug_line    0x000029e7      0x2d0 .\CortexM3\ARM_GCC_484\Debug\chickybot.a(Camera.o)
 .debug_line    0x00002cb7       0xa0 .\CortexM3\ARM_GCC_484\Debug\chickybot.a(Camera_DMA_dma.o)
 .debug_line    0x00002d57       0x9b .\CortexM3\ARM_GCC_484\Debug\chickybot.a(Camera_VSYNC.o)
 .debug_line    0x00002df2       0x9a .\CortexM3\ARM_GCC_484\Debug\chickybot.a(Camera_SIOD.o)
 .debug_line    0x00002e8c       0x9a .\CortexM3\ARM_GCC_484\Debug\chickybot.a(Camera_SIOC.o)
 .debug_line    0x00002f26       0xf0 .\CortexM3\ARM_GCC_484\Debug\chickybot.a(Camera_I2C.o)
 .debug_line    0x00003016      0x124 .\CortexM3\ARM_GCC_484\Debug\chickybot.a(Camera_I2C_INT.o)
 .debug_line    0x0000313a       0xcb .\CortexM3\ARM_GCC_484\Debug\chickybot.a(Camera_I2C_PM.o)
 .debug_line    0x00003205      0x217 .\CortexM3\ARM_GCC_484\Debug\chickybot.a(Camera_I2C_MASTER.o)
 .debug_line    0x0000341c      0x150 .\CortexM3\ARM_GCC_484\Debug\chickybot.a(IsrUsTimer.o)
 .debug_line    0x0000356c      0x1ad .\CortexM3\ARM_GCC_484\Debug\chickybot.a(UsTimer.o)
 .debug_line    0x00003719      0x18e .\CortexM3\ARM_GCC_484\Debug\chickybot.a(UsPWM.o)
 .debug_line    0x000038a7       0x97 .\CortexM3\ARM_GCC_484\Debug\chickybot.a(ElbowPos.o)
 .debug_line    0x0000393e       0x97 .\CortexM3\ARM_GCC_484\Debug\chickybot.a(ElbowNeg.o)
 .debug_line    0x000039d5       0x9a .\CortexM3\ARM_GCC_484\Debug\chickybot.a(ShoulderPos.o)
 .debug_line    0x00003a6f       0x9a .\CortexM3\ARM_GCC_484\Debug\chickybot.a(ShoulderNeg.o)
 .debug_line    0x00003b09      0x213 .\CortexM3\ARM_GCC_484\Debug\chickybot.a(ADC.o)
 .debug_line    0x00003d1c       0x52 .\CortexM3\ARM_GCC_484\Debug\chickybot.a(ADC_INT.o)
 .debug_line    0x00003d6e       0xaa .\CortexM3\ARM_GCC_484\Debug\chickybot.a(AMux.o)
 .debug_line    0x00003e18      0x19b .\CortexM3\ARM_GCC_484\Debug\chickybot.a(ADC_theACLK.o)
 .debug_line    0x00003fb3       0x9a .\CortexM3\ARM_GCC_484\Debug\chickybot.a(MicroSwitch.o)
 .debug_line    0x0000404d      0x154 .\CortexM3\ARM_GCC_484\Debug\chickybot.a(IsrMicroSwitch.o)
 .debug_line    0x000041a1       0x92 .\CortexM3\ARM_GCC_484\Debug\chickybot.a(Fan.o)
 .debug_line    0x00004233       0x98 .\CortexM3\ARM_GCC_484\Debug\chickybot.a(RotateCCW.o)
 .debug_line    0x000042cb       0x97 .\CortexM3\ARM_GCC_484\Debug\chickybot.a(RotateCW.o)
 .debug_line    0x00004362      0x228 .\CortexM3\ARM_GCC_484\Debug\chickybot.a(CyFlash.o)
 .debug_line    0x0000458a      0x222 .\CortexM3\ARM_GCC_484\Debug\chickybot.a(CySpc.o)
 .debug_line    0x000047ac       0x4b .\CortexM3\ARM_GCC_484\Debug\chickybot.a(Camera_settings.o)

.debug_frame    0x00000000     0x2b98
 *(.debug_frame)
 .debug_frame   0x00000000       0xc8 .\CortexM3\ARM_GCC_484\Debug\main.o
 .debug_frame   0x000000c8       0x7c .\CortexM3\ARM_GCC_484\Debug\cv.o
 .debug_frame   0x00000144       0x74 .\CortexM3\ARM_GCC_484\Debug\sensors.o
 .debug_frame   0x000001b8      0x2bc .\CortexM3\ARM_GCC_484\Debug\motion.o
 .debug_frame   0x00000474       0xe8 .\CortexM3\ARM_GCC_484\Debug\prelim.o
 .debug_frame   0x0000055c       0xac .\CortexM3\ARM_GCC_484\Debug\Cm3Start.o
 .debug_frame   0x00000608      0x128 .\CortexM3\ARM_GCC_484\Debug\chickybot.a(cyfitter_cfg.o)
 .debug_frame   0x00000730      0x1d0 .\CortexM3\ARM_GCC_484\Debug\chickybot.a(CyDmac.o)
 .debug_frame   0x00000900      0x730 .\CortexM3\ARM_GCC_484\Debug\chickybot.a(CyLib.o)
 .debug_frame   0x00001030      0x1fc .\CortexM3\ARM_GCC_484\Debug\chickybot.a(cyPm.o)
 .debug_frame   0x0000122c       0x50 .\CortexM3\ARM_GCC_484\Debug\chickybot.a(LedRed.o)
 .debug_frame   0x0000127c       0x50 .\CortexM3\ARM_GCC_484\Debug\chickybot.a(LedGreen.o)
 .debug_frame   0x000012cc       0x50 .\CortexM3\ARM_GCC_484\Debug\chickybot.a(LedBlue.o)
 .debug_frame   0x0000131c      0x1c0 .\CortexM3\ARM_GCC_484\Debug\chickybot.a(Lcd.o)
 .debug_frame   0x000014dc      0x104 .\CortexM3\ARM_GCC_484\Debug\chickybot.a(IsrBtn0Pressed.o)
 .debug_frame   0x000015e0      0x104 .\CortexM3\ARM_GCC_484\Debug\chickybot.a(IsrBtn1Pressed.o)
 .debug_frame   0x000016e4       0xe8 .\CortexM3\ARM_GCC_484\Debug\chickybot.a(CsBtns_PWM.o)
 .debug_frame   0x000017cc      0x10c .\CortexM3\ARM_GCC_484\Debug\chickybot.a(Camera.o)
 .debug_frame   0x000018d8       0x54 .\CortexM3\ARM_GCC_484\Debug\chickybot.a(Camera_DMA_dma.o)
 .debug_frame   0x0000192c       0x50 .\CortexM3\ARM_GCC_484\Debug\chickybot.a(Camera_VSYNC.o)
 .debug_frame   0x0000197c       0x50 .\CortexM3\ARM_GCC_484\Debug\chickybot.a(Camera_SIOD.o)
 .debug_frame   0x000019cc       0x50 .\CortexM3\ARM_GCC_484\Debug\chickybot.a(Camera_SIOC.o)
 .debug_frame   0x00001a1c       0x90 .\CortexM3\ARM_GCC_484\Debug\chickybot.a(Camera_I2C.o)
 .debug_frame   0x00001aac       0x30 .\CortexM3\ARM_GCC_484\Debug\chickybot.a(Camera_I2C_INT.o)
 .debug_frame   0x00001adc       0x74 .\CortexM3\ARM_GCC_484\Debug\chickybot.a(Camera_I2C_PM.o)
 .debug_frame   0x00001b50       0xf8 .\CortexM3\ARM_GCC_484\Debug\chickybot.a(Camera_I2C_MASTER.o)
 .debug_frame   0x00001c48      0x104 .\CortexM3\ARM_GCC_484\Debug\chickybot.a(IsrUsTimer.o)
 .debug_frame   0x00001d4c      0x154 .\CortexM3\ARM_GCC_484\Debug\chickybot.a(UsTimer.o)
 .debug_frame   0x00001ea0      0x134 .\CortexM3\ARM_GCC_484\Debug\chickybot.a(UsPWM.o)
 .debug_frame   0x00001fd4       0x50 .\CortexM3\ARM_GCC_484\Debug\chickybot.a(ElbowPos.o)
 .debug_frame   0x00002024       0x50 .\CortexM3\ARM_GCC_484\Debug\chickybot.a(ElbowNeg.o)
 .debug_frame   0x00002074       0x50 .\CortexM3\ARM_GCC_484\Debug\chickybot.a(ShoulderPos.o)
 .debug_frame   0x000020c4       0x50 .\CortexM3\ARM_GCC_484\Debug\chickybot.a(ShoulderNeg.o)
 .debug_frame   0x00002114      0x1a4 .\CortexM3\ARM_GCC_484\Debug\chickybot.a(ADC.o)
 .debug_frame   0x000022b8       0x20 .\CortexM3\ARM_GCC_484\Debug\chickybot.a(ADC_INT.o)
 .debug_frame   0x000022d8       0x64 .\CortexM3\ARM_GCC_484\Debug\chickybot.a(AMux.o)
 .debug_frame   0x0000233c       0xe0 .\CortexM3\ARM_GCC_484\Debug\chickybot.a(ADC_theACLK.o)
 .debug_frame   0x0000241c       0x50 .\CortexM3\ARM_GCC_484\Debug\chickybot.a(MicroSwitch.o)
 .debug_frame   0x0000246c      0x104 .\CortexM3\ARM_GCC_484\Debug\chickybot.a(IsrMicroSwitch.o)
 .debug_frame   0x00002570       0x50 .\CortexM3\ARM_GCC_484\Debug\chickybot.a(Fan.o)
 .debug_frame   0x000025c0       0x50 .\CortexM3\ARM_GCC_484\Debug\chickybot.a(RotateCCW.o)
 .debug_frame   0x00002610       0x50 .\CortexM3\ARM_GCC_484\Debug\chickybot.a(RotateCW.o)
 .debug_frame   0x00002660      0x17c .\CortexM3\ARM_GCC_484\Debug\chickybot.a(CyFlash.o)
 .debug_frame   0x000027dc      0x144 .\CortexM3\ARM_GCC_484\Debug\chickybot.a(CySpc.o)
 .debug_frame   0x00002920       0x58 c:/program files (x86)/cypress/psoc creator/3.2/psoc creator/import/gnu/arm/4.8.4/bin/../lib/gcc/arm-none-eabi/4.8.4/armv7-m\libgcc.a(bpabi.o)
 .debug_frame   0x00002978       0x34 c:/program files (x86)/cypress/psoc creator/3.2/psoc creator/import/gnu/arm/4.8.4/bin/../lib/gcc/arm-none-eabi/4.8.4/armv7-m\libgcc.a(_divdi3.o)
 .debug_frame   0x000029ac       0x34 c:/program files (x86)/cypress/psoc creator/3.2/psoc creator/import/gnu/arm/4.8.4/bin/../lib/gcc/arm-none-eabi/4.8.4/armv7-m\libgcc.a(_udivdi3.o)
 .debug_frame   0x000029e0       0x20 c:/program files (x86)/cypress/psoc creator/3.2/psoc creator/import/gnu/arm/4.8.4/bin/../lib/gcc/arm-none-eabi/4.8.4/../../../../arm-none-eabi/lib/armv7-m\libg_s.a(lib_a-errno.o)
 .debug_frame   0x00002a00       0x28 c:/program files (x86)/cypress/psoc creator/3.2/psoc creator/import/gnu/arm/4.8.4/bin/../lib/gcc/arm-none-eabi/4.8.4/../../../../arm-none-eabi/lib/armv7-m\libg_s.a(lib_a-exit.o)
 .debug_frame   0x00002a28       0x2c c:/program files (x86)/cypress/psoc creator/3.2/psoc creator/import/gnu/arm/4.8.4/bin/../lib/gcc/arm-none-eabi/4.8.4/../../../../arm-none-eabi/lib/armv7-m\libg_s.a(lib_a-init.o)
 .debug_frame   0x00002a54       0x30 c:/program files (x86)/cypress/psoc creator/3.2/psoc creator/import/gnu/arm/4.8.4/bin/../lib/gcc/arm-none-eabi/4.8.4/../../../../arm-none-eabi/lib/armv7-m\libg_s.a(lib_a-malloc.o)
 .debug_frame   0x00002a84       0x28 c:/program files (x86)/cypress/psoc creator/3.2/psoc creator/import/gnu/arm/4.8.4/bin/../lib/gcc/arm-none-eabi/4.8.4/../../../../arm-none-eabi/lib/armv7-m\libg_s.a(lib_a-memcpy-stub.o)
 .debug_frame   0x00002aac       0x20 c:/program files (x86)/cypress/psoc creator/3.2/psoc creator/import/gnu/arm/4.8.4/bin/../lib/gcc/arm-none-eabi/4.8.4/../../../../arm-none-eabi/lib/armv7-m\libg_s.a(lib_a-memset.o)
 .debug_frame   0x00002acc       0x2c c:/program files (x86)/cypress/psoc creator/3.2/psoc creator/import/gnu/arm/4.8.4/bin/../lib/gcc/arm-none-eabi/4.8.4/../../../../arm-none-eabi/lib/armv7-m\libg_s.a(lib_a-nano-freer.o)
 .debug_frame   0x00002af8       0x2c c:/program files (x86)/cypress/psoc creator/3.2/psoc creator/import/gnu/arm/4.8.4/bin/../lib/gcc/arm-none-eabi/4.8.4/../../../../arm-none-eabi/lib/armv7-m\libg_s.a(lib_a-nano-mallocr.o)
 .debug_frame   0x00002b24       0x2c c:/program files (x86)/cypress/psoc creator/3.2/psoc creator/import/gnu/arm/4.8.4/bin/../lib/gcc/arm-none-eabi/4.8.4/../../../../arm-none-eabi/lib/armv7-m\libg_s.a(lib_a-sbrkr.o)
 .debug_frame   0x00002b50       0x48 c:/program files (x86)/cypress/psoc creator/3.2/psoc creator/import/gnu/arm/4.8.4/bin/../lib/gcc/arm-none-eabi/4.8.4/../../../../arm-none-eabi/lib/armv7-m\libg_s.a(lib_a-reent.o)

.debug_str      0x00000000     0x3648
 *(.debug_str)
 .debug_str     0x00000000      0x3b3 .\CortexM3\ARM_GCC_484\Debug\main.o
                                0x418 (size before relaxing)
 .debug_str     0x000003b3       0xd4 .\CortexM3\ARM_GCC_484\Debug\cv.o
                                0x2d6 (size before relaxing)
 .debug_str     0x00000487      0x113 .\CortexM3\ARM_GCC_484\Debug\sensors.o
                                0x359 (size before relaxing)
 .debug_str     0x0000059a      0x1be .\CortexM3\ARM_GCC_484\Debug\motion.o
                                0x47a (size before relaxing)
 .debug_str     0x00000758       0xf5 .\CortexM3\ARM_GCC_484\Debug\prelim.o
                                0x376 (size before relaxing)
 .debug_str     0x0000084d       0x37 .\CortexM3\ARM_GCC_484\Debug\cymetadata.o
                                0x1d8 (size before relaxing)
 .debug_str     0x00000884      0x161 .\CortexM3\ARM_GCC_484\Debug\Cm3Start.o
                                0x33c (size before relaxing)
 .debug_str     0x000009e5       0x84 .\CortexM3\ARM_GCC_484\Debug\cybootloader.o
                                0x225 (size before relaxing)
 .debug_str     0x00000a69      0x23a .\CortexM3\ARM_GCC_484\Debug\chickybot.a(cyfitter_cfg.o)
                                0x43a (size before relaxing)
 .debug_str     0x00000ca3      0x377 .\CortexM3\ARM_GCC_484\Debug\chickybot.a(CyDmac.o)
                                0x56c (size before relaxing)
 .debug_str     0x0000101a      0x7d6 .\CortexM3\ARM_GCC_484\Debug\chickybot.a(CyLib.o)
                                0xa51 (size before relaxing)
 .debug_str     0x000017f0      0x35b .\CortexM3\ARM_GCC_484\Debug\chickybot.a(cyPm.o)
                                0x749 (size before relaxing)
 .debug_str     0x00001b4b       0x54 .\CortexM3\ARM_GCC_484\Debug\chickybot.a(LedRed.o)
                                0x215 (size before relaxing)
 .debug_str     0x00001b9f       0x4f .\CortexM3\ARM_GCC_484\Debug\chickybot.a(LedGreen.o)
                                0x21f (size before relaxing)
 .debug_str     0x00001bee       0x4c .\CortexM3\ARM_GCC_484\Debug\chickybot.a(LedBlue.o)
                                0x21a (size before relaxing)
 .debug_str     0x00001c3a      0x104 .\CortexM3\ARM_GCC_484\Debug\chickybot.a(Lcd.o)
                                0x333 (size before relaxing)
 .debug_str     0x00001d3e      0x14f .\CortexM3\ARM_GCC_484\Debug\chickybot.a(IsrBtn0Pressed.o)
                                0x346 (size before relaxing)
 .debug_str     0x00001e8d      0x14f .\CortexM3\ARM_GCC_484\Debug\chickybot.a(IsrBtn1Pressed.o)
                                0x346 (size before relaxing)
 .debug_str     0x00001fdc      0x16a .\CortexM3\ARM_GCC_484\Debug\chickybot.a(CsBtns_PWM.o)
                                0x335 (size before relaxing)
 .debug_str     0x00002146      0x190 .\CortexM3\ARM_GCC_484\Debug\chickybot.a(Camera.o)
                                0x448 (size before relaxing)
 .debug_str     0x000022d6       0x90 .\CortexM3\ARM_GCC_484\Debug\chickybot.a(Camera_DMA_dma.o)
                                0x2ab (size before relaxing)
 .debug_str     0x00002366       0x6e .\CortexM3\ARM_GCC_484\Debug\chickybot.a(Camera_VSYNC.o)
                                0x233 (size before relaxing)
 .debug_str     0x000023d4       0x62 .\CortexM3\ARM_GCC_484\Debug\chickybot.a(Camera_SIOD.o)
                                0x22e (size before relaxing)
 .debug_str     0x00002436       0x62 .\CortexM3\ARM_GCC_484\Debug\chickybot.a(Camera_SIOC.o)
                                0x22e (size before relaxing)
 .debug_str     0x00002498      0x11c .\CortexM3\ARM_GCC_484\Debug\chickybot.a(Camera_I2C.o)
                                0x364 (size before relaxing)
 .debug_str     0x000025b4       0xb9 .\CortexM3\ARM_GCC_484\Debug\chickybot.a(Camera_I2C_INT.o)
                                0x2ce (size before relaxing)
 .debug_str     0x0000266d       0x7b .\CortexM3\ARM_GCC_484\Debug\chickybot.a(Camera_I2C_PM.o)
                                0x2de (size before relaxing)
 .debug_str     0x000026e8      0x16a .\CortexM3\ARM_GCC_484\Debug\chickybot.a(Camera_I2C_MASTER.o)
                                0x467 (size before relaxing)
 .debug_str     0x00002852      0x11b .\CortexM3\ARM_GCC_484\Debug\chickybot.a(IsrUsTimer.o)
                                0x30e (size before relaxing)
 .debug_str     0x0000296d      0x119 .\CortexM3\ARM_GCC_484\Debug\chickybot.a(UsTimer.o)
                                0x3d7 (size before relaxing)
 .debug_str     0x00002a86      0x15b .\CortexM3\ARM_GCC_484\Debug\chickybot.a(UsPWM.o)
                                0x380 (size before relaxing)
 .debug_str     0x00002be1       0x5d .\CortexM3\ARM_GCC_484\Debug\chickybot.a(ElbowPos.o)
                                0x21f (size before relaxing)
 .debug_str     0x00002c3e       0x5d .\CortexM3\ARM_GCC_484\Debug\chickybot.a(ElbowNeg.o)
                                0x21f (size before relaxing)
 .debug_str     0x00002c9b       0x69 .\CortexM3\ARM_GCC_484\Debug\chickybot.a(ShoulderPos.o)
                                0x22e (size before relaxing)
 .debug_str     0x00002d04       0x69 .\CortexM3\ARM_GCC_484\Debug\chickybot.a(ShoulderNeg.o)
                                0x22e (size before relaxing)
 .debug_str     0x00002d6d      0x19b .\CortexM3\ARM_GCC_484\Debug\chickybot.a(ADC.o)
                                0x456 (size before relaxing)
 .debug_str     0x00002f08       0x2b .\CortexM3\ARM_GCC_484\Debug\chickybot.a(ADC_INT.o)
                                0x1bd (size before relaxing)
 .debug_str     0x00002f33       0x49 .\CortexM3\ARM_GCC_484\Debug\chickybot.a(AMux.o)
                                0x218 (size before relaxing)
 .debug_str     0x00002f7c      0x178 .\CortexM3\ARM_GCC_484\Debug\chickybot.a(ADC_theACLK.o)
                                0x34c (size before relaxing)
 .debug_str     0x000030f4       0x6a .\CortexM3\ARM_GCC_484\Debug\chickybot.a(MicroSwitch.o)
                                0x22e (size before relaxing)
 .debug_str     0x0000315e      0x14f .\CortexM3\ARM_GCC_484\Debug\chickybot.a(IsrMicroSwitch.o)
                                0x346 (size before relaxing)
 .debug_str     0x000032ad       0x49 .\CortexM3\ARM_GCC_484\Debug\chickybot.a(Fan.o)
                                0x206 (size before relaxing)
 .debug_str     0x000032f6       0x61 .\CortexM3\ARM_GCC_484\Debug\chickybot.a(RotateCCW.o)
                                0x224 (size before relaxing)
 .debug_str     0x00003357       0x5d .\CortexM3\ARM_GCC_484\Debug\chickybot.a(RotateCW.o)
                                0x21f (size before relaxing)
 .debug_str     0x000033b4      0x18d .\CortexM3\ARM_GCC_484\Debug\chickybot.a(CyFlash.o)
                                0x3b9 (size before relaxing)
 .debug_str     0x00003541       0xae .\CortexM3\ARM_GCC_484\Debug\chickybot.a(CySpc.o)
                                0x345 (size before relaxing)
 .debug_str     0x000035ef       0x59 .\CortexM3\ARM_GCC_484\Debug\chickybot.a(Camera_settings.o)
                                0x196 (size before relaxing)

.debug_loc      0x00000000     0x47db
 *(.debug_loc)
 .debug_loc     0x00000000       0x5b .\CortexM3\ARM_GCC_484\Debug\main.o
 .debug_loc     0x0000005b      0x904 .\CortexM3\ARM_GCC_484\Debug\cv.o
 .debug_loc     0x0000095f       0x3f .\CortexM3\ARM_GCC_484\Debug\sensors.o
 .debug_loc     0x0000099e      0x25a .\CortexM3\ARM_GCC_484\Debug\motion.o
 .debug_loc     0x00000bf8      0x1ef .\CortexM3\ARM_GCC_484\Debug\prelim.o
 .debug_loc     0x00000de7      0x14f .\CortexM3\ARM_GCC_484\Debug\Cm3Start.o
 .debug_loc     0x00000f36      0x2ad .\CortexM3\ARM_GCC_484\Debug\chickybot.a(cyfitter_cfg.o)
 .debug_loc     0x000011e3      0xb6b .\CortexM3\ARM_GCC_484\Debug\chickybot.a(CyDmac.o)
 .debug_loc     0x00001d4e      0xa53 .\CortexM3\ARM_GCC_484\Debug\chickybot.a(CyLib.o)
 .debug_loc     0x000027a1      0x22a .\CortexM3\ARM_GCC_484\Debug\chickybot.a(cyPm.o)
 .debug_loc     0x000029cb       0x55 .\CortexM3\ARM_GCC_484\Debug\chickybot.a(LedRed.o)
 .debug_loc     0x00002a20       0x55 .\CortexM3\ARM_GCC_484\Debug\chickybot.a(LedGreen.o)
 .debug_loc     0x00002a75       0x55 .\CortexM3\ARM_GCC_484\Debug\chickybot.a(LedBlue.o)
 .debug_loc     0x00002aca      0x36b .\CortexM3\ARM_GCC_484\Debug\chickybot.a(Lcd.o)
 .debug_loc     0x00002e35       0x56 .\CortexM3\ARM_GCC_484\Debug\chickybot.a(IsrBtn0Pressed.o)
 .debug_loc     0x00002e8b       0x56 .\CortexM3\ARM_GCC_484\Debug\chickybot.a(IsrBtn1Pressed.o)
 .debug_loc     0x00002ee1       0x13 .\CortexM3\ARM_GCC_484\Debug\chickybot.a(CsBtns_PWM.o)
 .debug_loc     0x00002ef4      0x10a .\CortexM3\ARM_GCC_484\Debug\chickybot.a(Camera.o)
 .debug_loc     0x00002ffe       0x84 .\CortexM3\ARM_GCC_484\Debug\chickybot.a(Camera_DMA_dma.o)
 .debug_loc     0x00003082       0x55 .\CortexM3\ARM_GCC_484\Debug\chickybot.a(Camera_VSYNC.o)
 .debug_loc     0x000030d7       0x55 .\CortexM3\ARM_GCC_484\Debug\chickybot.a(Camera_SIOD.o)
 .debug_loc     0x0000312c       0x55 .\CortexM3\ARM_GCC_484\Debug\chickybot.a(Camera_SIOC.o)
 .debug_loc     0x00003181       0x39 .\CortexM3\ARM_GCC_484\Debug\chickybot.a(Camera_I2C.o)
 .debug_loc     0x000031ba       0x29 .\CortexM3\ARM_GCC_484\Debug\chickybot.a(Camera_I2C_INT.o)
 .debug_loc     0x000031e3       0x13 .\CortexM3\ARM_GCC_484\Debug\chickybot.a(Camera_I2C_PM.o)
 .debug_loc     0x000031f6      0x566 .\CortexM3\ARM_GCC_484\Debug\chickybot.a(Camera_I2C_MASTER.o)
 .debug_loc     0x0000375c       0x56 .\CortexM3\ARM_GCC_484\Debug\chickybot.a(IsrUsTimer.o)
 .debug_loc     0x000037b2       0x31 .\CortexM3\ARM_GCC_484\Debug\chickybot.a(UsTimer.o)
 .debug_loc     0x000037e3       0x26 .\CortexM3\ARM_GCC_484\Debug\chickybot.a(UsPWM.o)
 .debug_loc     0x00003809       0x55 .\CortexM3\ARM_GCC_484\Debug\chickybot.a(ElbowPos.o)
 .debug_loc     0x0000385e       0x55 .\CortexM3\ARM_GCC_484\Debug\chickybot.a(ElbowNeg.o)
 .debug_loc     0x000038b3       0x55 .\CortexM3\ARM_GCC_484\Debug\chickybot.a(ShoulderPos.o)
 .debug_loc     0x00003908       0x55 .\CortexM3\ARM_GCC_484\Debug\chickybot.a(ShoulderNeg.o)
 .debug_loc     0x0000395d      0x2b3 .\CortexM3\ARM_GCC_484\Debug\chickybot.a(ADC.o)
 .debug_loc     0x00003c10       0x58 .\CortexM3\ARM_GCC_484\Debug\chickybot.a(AMux.o)
 .debug_loc     0x00003c68      0x15c .\CortexM3\ARM_GCC_484\Debug\chickybot.a(ADC_theACLK.o)
 .debug_loc     0x00003dc4       0x55 .\CortexM3\ARM_GCC_484\Debug\chickybot.a(MicroSwitch.o)
 .debug_loc     0x00003e19       0x56 .\CortexM3\ARM_GCC_484\Debug\chickybot.a(IsrMicroSwitch.o)
 .debug_loc     0x00003e6f       0x55 .\CortexM3\ARM_GCC_484\Debug\chickybot.a(Fan.o)
 .debug_loc     0x00003ec4       0x55 .\CortexM3\ARM_GCC_484\Debug\chickybot.a(RotateCCW.o)
 .debug_loc     0x00003f19       0x55 .\CortexM3\ARM_GCC_484\Debug\chickybot.a(RotateCW.o)
 .debug_loc     0x00003f6e      0x2f7 .\CortexM3\ARM_GCC_484\Debug\chickybot.a(CyFlash.o)
 .debug_loc     0x00004265      0x576 .\CortexM3\ARM_GCC_484\Debug\chickybot.a(CySpc.o)

.debug_macinfo
 *(.debug_macinfo)

.debug_ranges   0x00000000      0xf40
 *(.debug_ranges)
 .debug_ranges  0x00000000       0x38 .\CortexM3\ARM_GCC_484\Debug\main.o
 .debug_ranges  0x00000038       0x20 .\CortexM3\ARM_GCC_484\Debug\cv.o
 .debug_ranges  0x00000058       0x28 .\CortexM3\ARM_GCC_484\Debug\sensors.o
 .debug_ranges  0x00000080       0xc8 .\CortexM3\ARM_GCC_484\Debug\motion.o
 .debug_ranges  0x00000148       0x30 .\CortexM3\ARM_GCC_484\Debug\prelim.o
 .debug_ranges  0x00000178       0x50 .\CortexM3\ARM_GCC_484\Debug\Cm3Start.o
 .debug_ranges  0x000001c8       0x78 .\CortexM3\ARM_GCC_484\Debug\chickybot.a(cyfitter_cfg.o)
 .debug_ranges  0x00000240       0xc8 .\CortexM3\ARM_GCC_484\Debug\chickybot.a(CyDmac.o)
 .debug_ranges  0x00000308      0x288 .\CortexM3\ARM_GCC_484\Debug\chickybot.a(CyLib.o)
 .debug_ranges  0x00000590       0x88 .\CortexM3\ARM_GCC_484\Debug\chickybot.a(cyPm.o)
 .debug_ranges  0x00000618       0x28 .\CortexM3\ARM_GCC_484\Debug\chickybot.a(LedRed.o)
 .debug_ranges  0x00000640       0x28 .\CortexM3\ARM_GCC_484\Debug\chickybot.a(LedGreen.o)
 .debug_ranges  0x00000668       0x28 .\CortexM3\ARM_GCC_484\Debug\chickybot.a(LedBlue.o)
 .debug_ranges  0x00000690       0x80 .\CortexM3\ARM_GCC_484\Debug\chickybot.a(Lcd.o)
 .debug_ranges  0x00000710       0x70 .\CortexM3\ARM_GCC_484\Debug\chickybot.a(IsrBtn0Pressed.o)
 .debug_ranges  0x00000780       0x70 .\CortexM3\ARM_GCC_484\Debug\chickybot.a(IsrBtn1Pressed.o)
 .debug_ranges  0x000007f0       0x68 .\CortexM3\ARM_GCC_484\Debug\chickybot.a(CsBtns_PWM.o)
 .debug_ranges  0x00000858       0x48 .\CortexM3\ARM_GCC_484\Debug\chickybot.a(Camera.o)
 .debug_ranges  0x000008a0       0x18 .\CortexM3\ARM_GCC_484\Debug\chickybot.a(Camera_DMA_dma.o)
 .debug_ranges  0x000008b8       0x28 .\CortexM3\ARM_GCC_484\Debug\chickybot.a(Camera_VSYNC.o)
 .debug_ranges  0x000008e0       0x28 .\CortexM3\ARM_GCC_484\Debug\chickybot.a(Camera_SIOD.o)
 .debug_ranges  0x00000908       0x28 .\CortexM3\ARM_GCC_484\Debug\chickybot.a(Camera_SIOC.o)
 .debug_ranges  0x00000930       0x28 .\CortexM3\ARM_GCC_484\Debug\chickybot.a(Camera_I2C.o)
 .debug_ranges  0x00000958       0x10 .\CortexM3\ARM_GCC_484\Debug\chickybot.a(Camera_I2C_INT.o)
 .debug_ranges  0x00000968       0x28 .\CortexM3\ARM_GCC_484\Debug\chickybot.a(Camera_I2C_PM.o)
 .debug_ranges  0x00000990       0x70 .\CortexM3\ARM_GCC_484\Debug\chickybot.a(Camera_I2C_MASTER.o)
 .debug_ranges  0x00000a00       0x70 .\CortexM3\ARM_GCC_484\Debug\chickybot.a(IsrUsTimer.o)
 .debug_ranges  0x00000a70       0x98 .\CortexM3\ARM_GCC_484\Debug\chickybot.a(UsTimer.o)
 .debug_ranges  0x00000b08       0x88 .\CortexM3\ARM_GCC_484\Debug\chickybot.a(UsPWM.o)
 .debug_ranges  0x00000b90       0x28 .\CortexM3\ARM_GCC_484\Debug\chickybot.a(ElbowPos.o)
 .debug_ranges  0x00000bb8       0x28 .\CortexM3\ARM_GCC_484\Debug\chickybot.a(ElbowNeg.o)
 .debug_ranges  0x00000be0       0x28 .\CortexM3\ARM_GCC_484\Debug\chickybot.a(ShoulderPos.o)
 .debug_ranges  0x00000c08       0x28 .\CortexM3\ARM_GCC_484\Debug\chickybot.a(ShoulderNeg.o)
 .debug_ranges  0x00000c30       0x98 .\CortexM3\ARM_GCC_484\Debug\chickybot.a(ADC.o)
 .debug_ranges  0x00000cc8       0x10 .\CortexM3\ARM_GCC_484\Debug\chickybot.a(ADC_INT.o)
 .debug_ranges  0x00000cd8       0x20 .\CortexM3\ARM_GCC_484\Debug\chickybot.a(AMux.o)
 .debug_ranges  0x00000cf8       0x60 .\CortexM3\ARM_GCC_484\Debug\chickybot.a(ADC_theACLK.o)
 .debug_ranges  0x00000d58       0x28 .\CortexM3\ARM_GCC_484\Debug\chickybot.a(MicroSwitch.o)
 .debug_ranges  0x00000d80       0x70 .\CortexM3\ARM_GCC_484\Debug\chickybot.a(IsrMicroSwitch.o)
 .debug_ranges  0x00000df0       0x28 .\CortexM3\ARM_GCC_484\Debug\chickybot.a(Fan.o)
 .debug_ranges  0x00000e18       0x28 .\CortexM3\ARM_GCC_484\Debug\chickybot.a(RotateCCW.o)
 .debug_ranges  0x00000e40       0x28 .\CortexM3\ARM_GCC_484\Debug\chickybot.a(RotateCW.o)
 .debug_ranges  0x00000e68       0x70 .\CortexM3\ARM_GCC_484\Debug\chickybot.a(CyFlash.o)
 .debug_ranges  0x00000ed8       0x68 .\CortexM3\ARM_GCC_484\Debug\chickybot.a(CySpc.o)

.comment        0x00000000       0x70
 .comment       0x00000000       0x70 .\CortexM3\ARM_GCC_484\Debug\main.o
                                 0x71 (size before relaxing)
 .comment       0x00000000       0x71 .\CortexM3\ARM_GCC_484\Debug\cv.o
 .comment       0x00000000       0x71 .\CortexM3\ARM_GCC_484\Debug\sensors.o
 .comment       0x00000000       0x71 .\CortexM3\ARM_GCC_484\Debug\motion.o
 .comment       0x00000000       0x71 .\CortexM3\ARM_GCC_484\Debug\prelim.o
 .comment       0x00000000       0x71 .\CortexM3\ARM_GCC_484\Debug\cymetadata.o
 .comment       0x00000000       0x71 .\CortexM3\ARM_GCC_484\Debug\Cm3Start.o
 .comment       0x00000000       0x71 .\CortexM3\ARM_GCC_484\Debug\cybootloader.o
 .comment       0x00000000       0x71 .\CortexM3\ARM_GCC_484\Debug\chickybot.a(cyfitter_cfg.o)
 .comment       0x00000000       0x71 .\CortexM3\ARM_GCC_484\Debug\chickybot.a(CyDmac.o)
 .comment       0x00000000       0x71 .\CortexM3\ARM_GCC_484\Debug\chickybot.a(CyLib.o)
 .comment       0x00000000       0x71 .\CortexM3\ARM_GCC_484\Debug\chickybot.a(cyPm.o)
 .comment       0x00000000       0x71 .\CortexM3\ARM_GCC_484\Debug\chickybot.a(LedRed.o)
 .comment       0x00000000       0x71 .\CortexM3\ARM_GCC_484\Debug\chickybot.a(LedGreen.o)
 .comment       0x00000000       0x71 .\CortexM3\ARM_GCC_484\Debug\chickybot.a(LedBlue.o)
 .comment       0x00000000       0x71 .\CortexM3\ARM_GCC_484\Debug\chickybot.a(Lcd.o)
 .comment       0x00000000       0x71 .\CortexM3\ARM_GCC_484\Debug\chickybot.a(IsrBtn0Pressed.o)
 .comment       0x00000000       0x71 .\CortexM3\ARM_GCC_484\Debug\chickybot.a(IsrBtn1Pressed.o)
 .comment       0x00000000       0x71 .\CortexM3\ARM_GCC_484\Debug\chickybot.a(CsBtns_PWM.o)
 .comment       0x00000000       0x71 .\CortexM3\ARM_GCC_484\Debug\chickybot.a(Camera.o)
 .comment       0x00000000       0x71 .\CortexM3\ARM_GCC_484\Debug\chickybot.a(Camera_DMA_dma.o)
 .comment       0x00000000       0x71 .\CortexM3\ARM_GCC_484\Debug\chickybot.a(Camera_VSYNC.o)
 .comment       0x00000000       0x71 .\CortexM3\ARM_GCC_484\Debug\chickybot.a(Camera_SIOD.o)
 .comment       0x00000000       0x71 .\CortexM3\ARM_GCC_484\Debug\chickybot.a(Camera_SIOC.o)
 .comment       0x00000000       0x71 .\CortexM3\ARM_GCC_484\Debug\chickybot.a(Camera_I2C.o)
 .comment       0x00000000       0x71 .\CortexM3\ARM_GCC_484\Debug\chickybot.a(Camera_I2C_INT.o)
 .comment       0x00000000       0x71 .\CortexM3\ARM_GCC_484\Debug\chickybot.a(Camera_I2C_PM.o)
 .comment       0x00000000       0x71 .\CortexM3\ARM_GCC_484\Debug\chickybot.a(Camera_I2C_MASTER.o)
 .comment       0x00000000       0x71 .\CortexM3\ARM_GCC_484\Debug\chickybot.a(IsrUsTimer.o)
 .comment       0x00000000       0x71 .\CortexM3\ARM_GCC_484\Debug\chickybot.a(UsTimer.o)
 .comment       0x00000000       0x71 .\CortexM3\ARM_GCC_484\Debug\chickybot.a(UsPWM.o)
 .comment       0x00000000       0x71 .\CortexM3\ARM_GCC_484\Debug\chickybot.a(ElbowPos.o)
 .comment       0x00000000       0x71 .\CortexM3\ARM_GCC_484\Debug\chickybot.a(ElbowNeg.o)
 .comment       0x00000000       0x71 .\CortexM3\ARM_GCC_484\Debug\chickybot.a(ShoulderPos.o)
 .comment       0x00000000       0x71 .\CortexM3\ARM_GCC_484\Debug\chickybot.a(ShoulderNeg.o)
 .comment       0x00000000       0x71 .\CortexM3\ARM_GCC_484\Debug\chickybot.a(ADC.o)
 .comment       0x00000000       0x71 .\CortexM3\ARM_GCC_484\Debug\chickybot.a(ADC_INT.o)
 .comment       0x00000000       0x71 .\CortexM3\ARM_GCC_484\Debug\chickybot.a(AMux.o)
 .comment       0x00000000       0x71 .\CortexM3\ARM_GCC_484\Debug\chickybot.a(ADC_theACLK.o)
 .comment       0x00000000       0x71 .\CortexM3\ARM_GCC_484\Debug\chickybot.a(MicroSwitch.o)
 .comment       0x00000000       0x71 .\CortexM3\ARM_GCC_484\Debug\chickybot.a(IsrMicroSwitch.o)
 .comment       0x00000000       0x71 .\CortexM3\ARM_GCC_484\Debug\chickybot.a(Fan.o)
 .comment       0x00000000       0x71 .\CortexM3\ARM_GCC_484\Debug\chickybot.a(RotateCCW.o)
 .comment       0x00000000       0x71 .\CortexM3\ARM_GCC_484\Debug\chickybot.a(RotateCW.o)
 .comment       0x00000000       0x71 .\CortexM3\ARM_GCC_484\Debug\chickybot.a(CyFlash.o)
 .comment       0x00000000       0x71 .\CortexM3\ARM_GCC_484\Debug\chickybot.a(CySpc.o)
 .comment       0x00000000       0x71 .\CortexM3\ARM_GCC_484\Debug\chickybot.a(Camera_settings.o)

.debug_weaknames
 *(.debug_weaknames)

.debug_funcnames
 *(.debug_funcnames)

.debug_typenames
 *(.debug_typenames)

.debug_varnames
 *(.debug_varnames)

.note.gnu.arm.ident
 *(.note.gnu.arm.ident)

.ARM.attributes
                0x00000000       0x29
 *(.ARM.attributes)
 .ARM.attributes
                0x00000000       0x1d c:/program files (x86)/cypress/psoc creator/3.2/psoc creator/import/gnu/arm/4.8.4/bin/../lib/gcc/arm-none-eabi/4.8.4/armv7-m/crti.o
 .ARM.attributes
                0x0000001d       0x2d c:/program files (x86)/cypress/psoc creator/3.2/psoc creator/import/gnu/arm/4.8.4/bin/../lib/gcc/arm-none-eabi/4.8.4/armv7-m/crtbegin.o
 .ARM.attributes
                0x0000004a       0x1b c:/program files (x86)/cypress/psoc creator/3.2/psoc creator/import/gnu/arm/4.8.4/bin/../lib/gcc/arm-none-eabi/4.8.4/../../../../arm-none-eabi/lib/armv7-m/crt0.o
 .ARM.attributes
                0x00000065       0x33 .\CortexM3\ARM_GCC_484\Debug\main.o
 .ARM.attributes
                0x00000098       0x33 .\CortexM3\ARM_GCC_484\Debug\cv.o
 .ARM.attributes
                0x000000cb       0x33 .\CortexM3\ARM_GCC_484\Debug\sensors.o
 .ARM.attributes
                0x000000fe       0x33 .\CortexM3\ARM_GCC_484\Debug\motion.o
 .ARM.attributes
                0x00000131       0x33 .\CortexM3\ARM_GCC_484\Debug\prelim.o
 .ARM.attributes
                0x00000164       0x33 .\CortexM3\ARM_GCC_484\Debug\cymetadata.o
 .ARM.attributes
                0x00000197       0x33 .\CortexM3\ARM_GCC_484\Debug\Cm3Start.o
 .ARM.attributes
                0x000001ca       0x33 .\CortexM3\ARM_GCC_484\Debug\cybootloader.o
 .ARM.attributes
                0x000001fd       0x33 .\CortexM3\ARM_GCC_484\Debug\chickybot.a(cyfitter_cfg.o)
 .ARM.attributes
                0x00000230       0x21 .\CortexM3\ARM_GCC_484\Debug\chickybot.a(CyBootAsmGnu.o)
 .ARM.attributes
                0x00000251       0x33 .\CortexM3\ARM_GCC_484\Debug\chickybot.a(CyDmac.o)
 .ARM.attributes
                0x00000284       0x33 .\CortexM3\ARM_GCC_484\Debug\chickybot.a(CyLib.o)
 .ARM.attributes
                0x000002b7       0x33 .\CortexM3\ARM_GCC_484\Debug\chickybot.a(cyPm.o)
 .ARM.attributes
                0x000002ea       0x33 .\CortexM3\ARM_GCC_484\Debug\chickybot.a(LedRed.o)
 .ARM.attributes
                0x0000031d       0x33 .\CortexM3\ARM_GCC_484\Debug\chickybot.a(LedGreen.o)
 .ARM.attributes
                0x00000350       0x33 .\CortexM3\ARM_GCC_484\Debug\chickybot.a(LedBlue.o)
 .ARM.attributes
                0x00000383       0x33 .\CortexM3\ARM_GCC_484\Debug\chickybot.a(Lcd.o)
 .ARM.attributes
                0x000003b6       0x33 .\CortexM3\ARM_GCC_484\Debug\chickybot.a(IsrBtn0Pressed.o)
 .ARM.attributes
                0x000003e9       0x33 .\CortexM3\ARM_GCC_484\Debug\chickybot.a(IsrBtn1Pressed.o)
 .ARM.attributes
                0x0000041c       0x33 .\CortexM3\ARM_GCC_484\Debug\chickybot.a(CsBtns_PWM.o)
 .ARM.attributes
                0x0000044f       0x33 .\CortexM3\ARM_GCC_484\Debug\chickybot.a(Camera.o)
 .ARM.attributes
                0x00000482       0x33 .\CortexM3\ARM_GCC_484\Debug\chickybot.a(Camera_DMA_dma.o)
 .ARM.attributes
                0x000004b5       0x33 .\CortexM3\ARM_GCC_484\Debug\chickybot.a(Camera_VSYNC.o)
 .ARM.attributes
                0x000004e8       0x33 .\CortexM3\ARM_GCC_484\Debug\chickybot.a(Camera_SIOD.o)
 .ARM.attributes
                0x0000051b       0x33 .\CortexM3\ARM_GCC_484\Debug\chickybot.a(Camera_SIOC.o)
 .ARM.attributes
                0x0000054e       0x33 .\CortexM3\ARM_GCC_484\Debug\chickybot.a(Camera_I2C.o)
 .ARM.attributes
                0x00000581       0x33 .\CortexM3\ARM_GCC_484\Debug\chickybot.a(Camera_I2C_INT.o)
 .ARM.attributes
                0x000005b4       0x33 .\CortexM3\ARM_GCC_484\Debug\chickybot.a(Camera_I2C_PM.o)
 .ARM.attributes
                0x000005e7       0x33 .\CortexM3\ARM_GCC_484\Debug\chickybot.a(Camera_I2C_MASTER.o)
 .ARM.attributes
                0x0000061a       0x33 .\CortexM3\ARM_GCC_484\Debug\chickybot.a(IsrUsTimer.o)
 .ARM.attributes
                0x0000064d       0x33 .\CortexM3\ARM_GCC_484\Debug\chickybot.a(UsTimer.o)
 .ARM.attributes
                0x00000680       0x33 .\CortexM3\ARM_GCC_484\Debug\chickybot.a(UsPWM.o)
 .ARM.attributes
                0x000006b3       0x33 .\CortexM3\ARM_GCC_484\Debug\chickybot.a(ElbowPos.o)
 .ARM.attributes
                0x000006e6       0x33 .\CortexM3\ARM_GCC_484\Debug\chickybot.a(ElbowNeg.o)
 .ARM.attributes
                0x00000719       0x33 .\CortexM3\ARM_GCC_484\Debug\chickybot.a(ShoulderPos.o)
 .ARM.attributes
                0x0000074c       0x33 .\CortexM3\ARM_GCC_484\Debug\chickybot.a(ShoulderNeg.o)
 .ARM.attributes
                0x0000077f       0x33 .\CortexM3\ARM_GCC_484\Debug\chickybot.a(ADC.o)
 .ARM.attributes
                0x000007b2       0x33 .\CortexM3\ARM_GCC_484\Debug\chickybot.a(ADC_INT.o)
 .ARM.attributes
                0x000007e5       0x33 .\CortexM3\ARM_GCC_484\Debug\chickybot.a(AMux.o)
 .ARM.attributes
                0x00000818       0x33 .\CortexM3\ARM_GCC_484\Debug\chickybot.a(ADC_theACLK.o)
 .ARM.attributes
                0x0000084b       0x33 .\CortexM3\ARM_GCC_484\Debug\chickybot.a(MicroSwitch.o)
 .ARM.attributes
                0x0000087e       0x33 .\CortexM3\ARM_GCC_484\Debug\chickybot.a(IsrMicroSwitch.o)
 .ARM.attributes
                0x000008b1       0x33 .\CortexM3\ARM_GCC_484\Debug\chickybot.a(Fan.o)
 .ARM.attributes
                0x000008e4       0x33 .\CortexM3\ARM_GCC_484\Debug\chickybot.a(RotateCCW.o)
 .ARM.attributes
                0x00000917       0x33 .\CortexM3\ARM_GCC_484\Debug\chickybot.a(RotateCW.o)
 .ARM.attributes
                0x0000094a       0x33 .\CortexM3\ARM_GCC_484\Debug\chickybot.a(CyFlash.o)
 .ARM.attributes
                0x0000097d       0x33 .\CortexM3\ARM_GCC_484\Debug\chickybot.a(CySpc.o)
 .ARM.attributes
                0x000009b0       0x33 .\CortexM3\ARM_GCC_484\Debug\chickybot.a(Camera_settings.o)
 .ARM.attributes
                0x000009e3       0x1d c:/program files (x86)/cypress/psoc creator/3.2/psoc creator/import/gnu/arm/4.8.4/bin/../lib/gcc/arm-none-eabi/4.8.4/armv7-m\libgcc.a(_arm_addsubdf3.o)
 .ARM.attributes
                0x00000a00       0x1d c:/program files (x86)/cypress/psoc creator/3.2/psoc creator/import/gnu/arm/4.8.4/bin/../lib/gcc/arm-none-eabi/4.8.4/armv7-m\libgcc.a(_arm_muldivdf3.o)
 .ARM.attributes
                0x00000a1d       0x1d c:/program files (x86)/cypress/psoc creator/3.2/psoc creator/import/gnu/arm/4.8.4/bin/../lib/gcc/arm-none-eabi/4.8.4/armv7-m\libgcc.a(_arm_fixdfsi.o)
 .ARM.attributes
                0x00000a3a       0x1d c:/program files (x86)/cypress/psoc creator/3.2/psoc creator/import/gnu/arm/4.8.4/bin/../lib/gcc/arm-none-eabi/4.8.4/armv7-m\libgcc.a(_arm_fixunsdfsi.o)
 .ARM.attributes
                0x00000a57       0x1d c:/program files (x86)/cypress/psoc creator/3.2/psoc creator/import/gnu/arm/4.8.4/bin/../lib/gcc/arm-none-eabi/4.8.4/armv7-m\libgcc.a(_arm_addsubsf3.o)
 .ARM.attributes
                0x00000a74       0x1d c:/program files (x86)/cypress/psoc creator/3.2/psoc creator/import/gnu/arm/4.8.4/bin/../lib/gcc/arm-none-eabi/4.8.4/armv7-m\libgcc.a(_arm_muldivsf3.o)
 .ARM.attributes
                0x00000a91       0x1d c:/program files (x86)/cypress/psoc creator/3.2/psoc creator/import/gnu/arm/4.8.4/bin/../lib/gcc/arm-none-eabi/4.8.4/armv7-m\libgcc.a(_aeabi_ldivmod.o)
 .ARM.attributes
                0x00000aae       0x2d c:/program files (x86)/cypress/psoc creator/3.2/psoc creator/import/gnu/arm/4.8.4/bin/../lib/gcc/arm-none-eabi/4.8.4/armv7-m\libgcc.a(bpabi.o)
 .ARM.attributes
                0x00000adb       0x1d c:/program files (x86)/cypress/psoc creator/3.2/psoc creator/import/gnu/arm/4.8.4/bin/../lib/gcc/arm-none-eabi/4.8.4/armv7-m\libgcc.a(_dvmd_tls.o)
 .ARM.attributes
                0x00000af8       0x2d c:/program files (x86)/cypress/psoc creator/3.2/psoc creator/import/gnu/arm/4.8.4/bin/../lib/gcc/arm-none-eabi/4.8.4/armv7-m\libgcc.a(_divdi3.o)
 .ARM.attributes
                0x00000b25       0x2d c:/program files (x86)/cypress/psoc creator/3.2/psoc creator/import/gnu/arm/4.8.4/bin/../lib/gcc/arm-none-eabi/4.8.4/armv7-m\libgcc.a(_udivdi3.o)
 .ARM.attributes
                0x00000b52       0x2d c:/program files (x86)/cypress/psoc creator/3.2/psoc creator/import/gnu/arm/4.8.4/bin/../lib/gcc/arm-none-eabi/4.8.4/../../../../arm-none-eabi/lib/armv7-m\libg_s.a(lib_a-errno.o)
 .ARM.attributes
                0x00000b7f       0x2d c:/program files (x86)/cypress/psoc creator/3.2/psoc creator/import/gnu/arm/4.8.4/bin/../lib/gcc/arm-none-eabi/4.8.4/../../../../arm-none-eabi/lib/armv7-m\libg_s.a(lib_a-exit.o)
 .ARM.attributes
                0x00000bac       0x2d c:/program files (x86)/cypress/psoc creator/3.2/psoc creator/import/gnu/arm/4.8.4/bin/../lib/gcc/arm-none-eabi/4.8.4/../../../../arm-none-eabi/lib/armv7-m\libg_s.a(lib_a-impure.o)
 .ARM.attributes
                0x00000bd9       0x2d c:/program files (x86)/cypress/psoc creator/3.2/psoc creator/import/gnu/arm/4.8.4/bin/../lib/gcc/arm-none-eabi/4.8.4/../../../../arm-none-eabi/lib/armv7-m\libg_s.a(lib_a-init.o)
 .ARM.attributes
                0x00000c06       0x2d c:/program files (x86)/cypress/psoc creator/3.2/psoc creator/import/gnu/arm/4.8.4/bin/../lib/gcc/arm-none-eabi/4.8.4/../../../../arm-none-eabi/lib/armv7-m\libg_s.a(lib_a-malloc.o)
 .ARM.attributes
                0x00000c33       0x2d c:/program files (x86)/cypress/psoc creator/3.2/psoc creator/import/gnu/arm/4.8.4/bin/../lib/gcc/arm-none-eabi/4.8.4/../../../../arm-none-eabi/lib/armv7-m\libg_s.a(lib_a-memcpy-stub.o)
 .ARM.attributes
                0x00000c60       0x2d c:/program files (x86)/cypress/psoc creator/3.2/psoc creator/import/gnu/arm/4.8.4/bin/../lib/gcc/arm-none-eabi/4.8.4/../../../../arm-none-eabi/lib/armv7-m\libg_s.a(lib_a-memset.o)
 .ARM.attributes
                0x00000c8d       0x2d c:/program files (x86)/cypress/psoc creator/3.2/psoc creator/import/gnu/arm/4.8.4/bin/../lib/gcc/arm-none-eabi/4.8.4/../../../../arm-none-eabi/lib/armv7-m\libg_s.a(lib_a-nano-freer.o)
 .ARM.attributes
                0x00000cba       0x2d c:/program files (x86)/cypress/psoc creator/3.2/psoc creator/import/gnu/arm/4.8.4/bin/../lib/gcc/arm-none-eabi/4.8.4/../../../../arm-none-eabi/lib/armv7-m\libg_s.a(lib_a-nano-mallocr.o)
 .ARM.attributes
                0x00000ce7       0x2d c:/program files (x86)/cypress/psoc creator/3.2/psoc creator/import/gnu/arm/4.8.4/bin/../lib/gcc/arm-none-eabi/4.8.4/../../../../arm-none-eabi/lib/armv7-m\libg_s.a(lib_a-sbrkr.o)
 .ARM.attributes
                0x00000d14       0x2d c:/program files (x86)/cypress/psoc creator/3.2/psoc creator/import/gnu/arm/4.8.4/bin/../lib/gcc/arm-none-eabi/4.8.4/../../../../arm-none-eabi/lib/armv7-m\libg_s.a(lib_a-reent.o)
 .ARM.attributes
                0x00000d41       0x2d c:/program files (x86)/cypress/psoc creator/3.2/psoc creator/import/gnu/arm/4.8.4/bin/../lib/gcc/arm-none-eabi/4.8.4/armv7-m/crtend.o
 .ARM.attributes
                0x00000d6e       0x1d c:/program files (x86)/cypress/psoc creator/3.2/psoc creator/import/gnu/arm/4.8.4/bin/../lib/gcc/arm-none-eabi/4.8.4/armv7-m/crtn.o

/DISCARD/
 *(.note.GNU-stack)
OUTPUT(.\CortexM3\ARM_GCC_484\Debug\chickybot.elf elf32-littlearm)
