Archive member included because of file (symbol)

.\CortexM3\ARM_GCC_484\Debug\chickybot.a(cyfitter_cfg.o)
                              .\CortexM3\ARM_GCC_484\Debug\Cm3Start.o (cyfitter_cfg)
.\CortexM3\ARM_GCC_484\Debug\chickybot.a(CyBootAsmGnu.o)
                              .\CortexM3\ARM_GCC_484\Debug\chickybot.a(cyfitter_cfg.o) (CyDelayCycles)
.\CortexM3\ARM_GCC_484\Debug\chickybot.a(CyDmac.o)
                              .\CortexM3\ARM_GCC_484\Debug\Cm3Start.o (CyDmacConfigure)
.\CortexM3\ARM_GCC_484\Debug\chickybot.a(CyLib.o)
                              .\CortexM3\ARM_GCC_484\Debug\Cm3Start.o (CyHalt)
.\CortexM3\ARM_GCC_484\Debug\chickybot.a(cyPm.o)
                              .\CortexM3\ARM_GCC_484\Debug\chickybot.a(CyLib.o) (CyPmReadStatus)
.\CortexM3\ARM_GCC_484\Debug\chickybot.a(LedRed.o)
                              .\CortexM3\ARM_GCC_484\Debug\main.o (LedRed_Write)
.\CortexM3\ARM_GCC_484\Debug\chickybot.a(LedGreen.o)
                              .\CortexM3\ARM_GCC_484\Debug\main.o (LedGreen_Write)
.\CortexM3\ARM_GCC_484\Debug\chickybot.a(LedBlue.o)
                              .\CortexM3\ARM_GCC_484\Debug\main.o (LedBlue_Write)
.\CortexM3\ARM_GCC_484\Debug\chickybot.a(Lcd.o)
                              .\CortexM3\ARM_GCC_484\Debug\main.o (Lcd_PrintString)
.\CortexM3\ARM_GCC_484\Debug\chickybot.a(IsrBtn0Pressed.o)
                              .\CortexM3\ARM_GCC_484\Debug\main.o (IsrBtn0Pressed_StartEx)
.\CortexM3\ARM_GCC_484\Debug\chickybot.a(IsrBtn1Pressed.o)
                              .\CortexM3\ARM_GCC_484\Debug\main.o (IsrBtn1Pressed_StartEx)
.\CortexM3\ARM_GCC_484\Debug\chickybot.a(CsBtns_PWM.o)
                              .\CortexM3\ARM_GCC_484\Debug\main.o (CsBtns_PWM_Start)
.\CortexM3\ARM_GCC_484\Debug\chickybot.a(Camera.o)
                              .\CortexM3\ARM_GCC_484\Debug\cv.o (Camera_SyncFrame)
.\CortexM3\ARM_GCC_484\Debug\chickybot.a(Camera_DMA_dma.o)
                              .\CortexM3\ARM_GCC_484\Debug\chickybot.a(Camera.o) (Camera_DMA_DmaInitialize)
.\CortexM3\ARM_GCC_484\Debug\chickybot.a(Camera_VSYNC.o)
                              .\CortexM3\ARM_GCC_484\Debug\chickybot.a(Camera.o) (Camera_VSYNC_Read)
.\CortexM3\ARM_GCC_484\Debug\chickybot.a(Camera_SIOD.o)
                              .\CortexM3\ARM_GCC_484\Debug\chickybot.a(Camera.o) (Camera_SIOD_SetDriveMode)
.\CortexM3\ARM_GCC_484\Debug\chickybot.a(Camera_SIOC.o)
                              .\CortexM3\ARM_GCC_484\Debug\chickybot.a(Camera.o) (Camera_SIOC_SetDriveMode)
.\CortexM3\ARM_GCC_484\Debug\chickybot.a(Camera_I2C.o)
                              .\CortexM3\ARM_GCC_484\Debug\chickybot.a(Camera.o) (Camera_I2C_Start)
.\CortexM3\ARM_GCC_484\Debug\chickybot.a(Camera_I2C_INT.o)
                              .\CortexM3\ARM_GCC_484\Debug\chickybot.a(Camera_I2C.o) (Camera_I2C_ISR)
.\CortexM3\ARM_GCC_484\Debug\chickybot.a(Camera_I2C_PM.o)
                              .\CortexM3\ARM_GCC_484\Debug\chickybot.a(Camera_I2C.o) (Camera_I2C_backup)
.\CortexM3\ARM_GCC_484\Debug\chickybot.a(Camera_I2C_MASTER.o)
                              .\CortexM3\ARM_GCC_484\Debug\chickybot.a(Camera_I2C.o) (Camera_I2C_mstrStatus)
.\CortexM3\ARM_GCC_484\Debug\chickybot.a(IsrUsTimer.o)
                              .\CortexM3\ARM_GCC_484\Debug\main.o (IsrUsTimer_StartEx)
.\CortexM3\ARM_GCC_484\Debug\chickybot.a(UsTimer.o)
                              .\CortexM3\ARM_GCC_484\Debug\sensors.o (UsTimer_ReadStatusRegister)
.\CortexM3\ARM_GCC_484\Debug\chickybot.a(UsPWM.o)
                              .\CortexM3\ARM_GCC_484\Debug\main.o (UsPWM_Start)
.\CortexM3\ARM_GCC_484\Debug\chickybot.a(ElbowPos.o)
                              .\CortexM3\ARM_GCC_484\Debug\motion.o (ElbowPos_Write)
.\CortexM3\ARM_GCC_484\Debug\chickybot.a(ElbowNeg.o)
                              .\CortexM3\ARM_GCC_484\Debug\motion.o (ElbowNeg_Write)
.\CortexM3\ARM_GCC_484\Debug\chickybot.a(ShoulderPos.o)
                              .\CortexM3\ARM_GCC_484\Debug\motion.o (ShoulderPos_Write)
.\CortexM3\ARM_GCC_484\Debug\chickybot.a(ShoulderNeg.o)
                              .\CortexM3\ARM_GCC_484\Debug\motion.o (ShoulderNeg_Write)
.\CortexM3\ARM_GCC_484\Debug\chickybot.a(ADC.o)
                              .\CortexM3\ARM_GCC_484\Debug\main.o (ADC_Start)
.\CortexM3\ARM_GCC_484\Debug\chickybot.a(ADC_INT.o)
                              .\CortexM3\ARM_GCC_484\Debug\chickybot.a(ADC.o) (ADC_ISR)
.\CortexM3\ARM_GCC_484\Debug\chickybot.a(AMux.o)
                              .\CortexM3\ARM_GCC_484\Debug\main.o (AMux_Start)
.\CortexM3\ARM_GCC_484\Debug\chickybot.a(ADC_theACLK.o)
                              .\CortexM3\ARM_GCC_484\Debug\chickybot.a(ADC.o) (ADC_theACLK_SetModeRegister)
.\CortexM3\ARM_GCC_484\Debug\chickybot.a(IsrMicroSwitch.o)
                              .\CortexM3\ARM_GCC_484\Debug\main.o (IsrMicroSwitch_StartEx)
.\CortexM3\ARM_GCC_484\Debug\chickybot.a(RotateCCW.o)
[...]
Memory Configuration

Name             Origin             Length             Attributes
rom              0x00000000         0x00040000         xr
ram              0x1fff8000         0x00010000         xrw
*default*        0x00000000         0xffffffff

Linker script and memory map

LOAD c:/program files (x86)/cypress/psoc creator/3.2/psoc creator/import/gnu/arm/4.8.4/bin/../lib/gcc/arm-none-eabi/4.8.4/armv7-m/crti.o
LOAD c:/program files (x86)/cypress/psoc creator/3.2/psoc creator/import/gnu/arm/4.8.4/bin/../lib/gcc/arm-none-eabi/4.8.4/armv7-m/crtbegin.o
LOAD c:/program files (x86)/cypress/psoc creator/3.2/psoc creator/import/gnu/arm/4.8.4/bin/../lib/gcc/arm-none-eabi/4.8.4/../../../../arm-none-eabi/lib/armv7-m/crt0.o
START GROUP
LOAD .\CortexM3\ARM_GCC_484\Debug\main.o
LOAD .\CortexM3\ARM_GCC_484\Debug\cv.o
LOAD .\CortexM3\ARM_GCC_484\Debug\sensors.o
LOAD .\CortexM3\ARM_GCC_484\Debug\motion.o
LOAD .\CortexM3\ARM_GCC_484\Debug\cymetadata.o
LOAD .\CortexM3\ARM_GCC_484\Debug\Cm3Start.o
LOAD .\CortexM3\ARM_GCC_484\Debug\cybootloader.o
LOAD .\CortexM3\ARM_GCC_484\Debug\chickybot.a
LOAD C:\Program Files (x86)\Cypress\PSoC Creator\3.2\PSoC Creator\psoc\content\cycomponentlibrary\CyComponentLibrary.cylib\CortexM3\ARM_GCC_484\Debug\CyComponentLibrary.a
END GROUP
START GROUP
LOAD c:/program files (x86)/cypress/psoc creator/3.2/psoc creator/import/gnu/arm/4.8.4/bin/../lib/gcc/arm-none-eabi/4.8.4/armv7-m\libgcc.a
LOAD c:/program files (x86)/cypress/psoc creator/3.2/psoc creator/import/gnu/arm/4.8.4/bin/../lib/gcc/arm-none-eabi/4.8.4/../../../../arm-none-eabi/lib/armv7-m\libg_s.a
LOAD c:/program files (x86)/cypress/psoc creator/3.2/psoc creator/import/gnu/arm/4.8.4/bin/../lib/gcc/arm-none-eabi/4.8.4/../../../../arm-none-eabi/lib/armv7-m\libc_s.a
END GROUP
START GROUP
LOAD c:/program files (x86)/cypress/psoc creator/3.2/psoc creator/import/gnu/arm/4.8.4/bin/../lib/gcc/arm-none-eabi/4.8.4/armv7-m\libgcc.a
LOAD c:/program files (x86)/cypress/psoc creator/3.2/psoc creator/import/gnu/arm/4.8.4/bin/../lib/gcc/arm-none-eabi/4.8.4/../../../../arm-none-eabi/lib/armv7-m\libc_s.a
END GROUP
LOAD c:/program files (x86)/cypress/psoc creator/3.2/psoc creator/import/gnu/arm/4.8.4/bin/../lib/gcc/arm-none-eabi/4.8.4/armv7-m/crtend.o
LOAD c:/program files (x86)/cypress/psoc creator/3.2/psoc creator/import/gnu/arm/4.8.4/bin/../lib/gcc/arm-none-eabi/4.8.4/armv7-m/crtn.o
START GROUP
LOAD c:/program files (x86)/cypress/psoc creator/3.2/psoc creator/import/gnu/arm/4.8.4/bin/../lib/gcc/arm-none-eabi/4.8.4/armv7-m\libgcc.a
LOAD c:/program files (x86)/cypress/psoc creator/3.2/psoc creator/import/gnu/arm/4.8.4/bin/../lib/gcc/arm-none-eabi/4.8.4/../../../../arm-none-eabi/lib/armv7-m\libc.a
LOAD c:/program files (x86)/cypress/psoc creator/3.2/psoc creator/import/gnu/arm/4.8.4/bin/../lib/gcc/arm-none-eabi/4.8.4/../../../../arm-none-eabi/lib/armv7-m\libnosys.a
END GROUP
                0x00000000                CY_APPL_ORIGIN = 0x0
                0x00000100                CY_FLASH_ROW_SIZE = 0x100
                0x00000020                CY_ECC_ROW_SIZE = 0x20
                0x00000000                CY_EE_IN_BTLDR = 0x0
                0x00000001                CY_APPL_LOADABLE = 0x1
                0x00000800                CY_EE_SIZE = 0x800
                0x00000001                CY_APPL_NUM = 0x1
                0x00000001                CY_APPL_MAX = 0x1
                0x00000040                CY_METADATA_SIZE = 0x40
                0x1fff8160                PROVIDE (__cy_heap_start, _end)
                0x00000001                PROVIDE (__cy_region_num, ((__cy_regions_end - __cy_regions) / 0x10))
                0x20008000                PROVIDE (__cy_stack, (ORIGIN (ram) + 0x10000))
                0x20007800                PROVIDE (__cy_heap_end, (__cy_stack - 0x800))

.cybootloader   0x00000000     0x2700
 *(.cybootloader)
 .cybootloader  0x00000000     0x2700 .\CortexM3\ARM_GCC_484\Debug\cybootloader.o
                0x00000000                cy_bootloader
                0x00002700                appl1_start = CY_APPL_ORIGIN?CY_APPL_ORIGIN:ALIGN (CY_FLASH_ROW_SIZE)
                0x00021300                appl2_start = (appl1_start + ALIGN ((((0x40000 - appl1_start) - (0x2 * CY_FLASH_ROW_SIZE)) / 0x2), CY_FLASH_ROW_SIZE))
                0x00002700                appl_start = (CY_APPL_NUM == 0x1)?appl1_start:appl2_start
                0x000004e0                ecc_offset = ((appl_start / CY_FLASH_ROW_SIZE) * CY_ECC_ROW_SIZE)
                0x00000000                ee_offset = (CY_APPL_LOADABLE && ! (CY_EE_IN_BTLDR))?((CY_EE_SIZE / CY_APPL_MAX) * (CY_APPL_NUM - 0x1)):0x0
                0x00000800                ee_size = (CY_APPL_LOADABLE && ! (CY_EE_IN_BTLDR))?(CY_EE_SIZE / CY_APPL_MAX):CY_EE_SIZE
                0x000004e0                PROVIDE (CY_ECC_OFFSET, ecc_offset)

.text           0x00002700     0x118e
 CREATE_OBJECT_SYMBOLS
                0x00002700                PROVIDE (__cy_interrupt_vector, RomVectors)
 *(.romvectors)
 .romvectors    0x00002700       0x10 .\CortexM3\ARM_GCC_484\Debug\Cm3Start.o
                0x00002700                RomVectors
                0x00000001                ASSERT ((. != __cy_interrupt_vector), No interrupt vector)
                0x00000001                ASSERT (CY_APPL_ORIGIN?(SIZEOF (.cybootloader) <= CY_APPL_ORIGIN):0x1, Wrong image location)
                0x00002710                PROVIDE (__cy_reset, Reset)
 *(.text.Reset)
 .text.Reset    0x00002710        0x8 .\CortexM3\ARM_GCC_484\Debug\Cm3Start.o
                0x00002710                Reset
                0x00000001                ASSERT ((. != __cy_reset), No reset code)
 *(.dma_init)
                0x00000001                ASSERT ((((appl_start + .) <= 0x10000) || 0x1), DMA Init must be within the first 64k of flash)
 *(.text .text.* .gnu.linkonce.t.*)
 .text          0x00002718       0x54 c:/program files (x86)/cypress/psoc creator/3.2/psoc creator/import/gnu/arm/4.8.4/bin/../lib/gcc/arm-none-eabi/4.8.4/armv7-m/crtbegin.o
 .text.Btn0Pressed
                0x0000276c       0x1c .\CortexM3\ARM_GCC_484\Debug\main.o
                0x0000276c                Btn0Pressed
 .text.Btn1Pressed
                0x00002788       0x1c .\CortexM3\ARM_GCC_484\Debug\main.o
                0x00002788                Btn1Pressed
 .text.MicroSwitchTrigger
                0x000027a4       0x20 .\CortexM3\ARM_GCC_484\Debug\main.o
                0x000027a4                MicroSwitchTrigger
 .text.main     0x000027c4       0x98 .\CortexM3\ARM_GCC_484\Debug\main.o
                0x000027c4                main
 .text.UsSensorTrigger
                0x0000285c       0x54 .\CortexM3\ARM_GCC_484\Debug\sensors.o
                0x0000285c                UsSensorTrigger
 .text.getShoulderPos
                0x000028b0       0x14 .\CortexM3\ARM_GCC_484\Debug\motion.o
                0x000028b0                getShoulderPos
 .text.displayShoulderPos
                0x000028c4       0x20 .\CortexM3\ARM_GCC_484\Debug\motion.o
                0x000028c4                displayShoulderPos
 .text.shoulderUp
                0x000028e4       0x10 .\CortexM3\ARM_GCC_484\Debug\motion.o
                0x000028e4                shoulderUp
 .text.shoulderDown
                0x000028f4       0x10 .\CortexM3\ARM_GCC_484\Debug\motion.o
                0x000028f4                shoulderDown
 .text.shoulderStop
                0x00002904       0x10 .\CortexM3\ARM_GCC_484\Debug\motion.o
                0x00002904                shoulderStop
 .text.shoulderGoToPos
                0x00002914       0x4c .\CortexM3\ARM_GCC_484\Debug\motion.o
                0x00002914                shoulderGoToPos
 .text.rotateStepCCW
                0x00002960       0x24 .\CortexM3\ARM_GCC_484\Debug\motion.o
                0x00002960                rotateStepCCW
 .text.rotateStepCW
                0x00002984       0x24 .\CortexM3\ARM_GCC_484\Debug\motion.o
                0x00002984                rotateStepCW
 .text.IntDefaultHandler
                0x000029a8        0x4 .\CortexM3\ARM_GCC_484\Debug\Cm3Start.o
                0x000029a8                IntDefaultHandler
 .text.Start_c  0x000029ac       0x4c .\CortexM3\ARM_GCC_484\Debug\Cm3Start.o
                0x000029ac                Start_c
 .text.initialize_psoc
                0x000029f8       0x74 .\CortexM3\ARM_GCC_484\Debug\Cm3Start.o
                0x000029f8                initialize_psoc
 .text.CyClockStartupError
                0x00002a6c        0x4 .\CortexM3\ARM_GCC_484\Debug\chickybot.a(cyfitter_cfg.o)
 .text.cfg_write_bytes32
                0x00002a70       0x34 .\CortexM3\ARM_GCC_484\Debug\chickybot.a(cyfitter_cfg.o)
 .text.AnalogSetDefault
                0x00002aa4       0x74 .\CortexM3\ARM_GCC_484\Debug\chickybot.a(cyfitter_cfg.o)
 .text.CYMEMZERO
                0x00002b18        0xc .\CortexM3\ARM_GCC_484\Debug\chickybot.a(cyfitter_cfg.o)
 .text.CYCONFIGCPYCODE
                0x00002b24        0x8 .\CortexM3\ARM_GCC_484\Debug\chickybot.a(cyfitter_cfg.o)
 .text.CYCONFIGCPY
                0x00002b2c        0x8 .\CortexM3\ARM_GCC_484\Debug\chickybot.a(cyfitter_cfg.o)
 .text.ClockSetup
                0x00002b34       0xf4 .\CortexM3\ARM_GCC_484\Debug\chickybot.a(cyfitter_cfg.o)
 .text.AMux_Set
                0x00002c28       0x1c .\CortexM3\ARM_GCC_484\Debug\chickybot.a(cyfitter_cfg.o)
                0x00002c28                AMux_Set
 .text.AMux_Unset
                0x00002c44       0x1c .\CortexM3\ARM_GCC_484\Debug\chickybot.a(cyfitter_cfg.o)
                0x00002c44                AMux_Unset
 .text.cyfitter_cfg
                0x00002c60      0x148 .\CortexM3\ARM_GCC_484\Debug\chickybot.a(cyfitter_cfg.o)
                0x00002c60                cyfitter_cfg
 .text          0x00002da8       0x28 .\CortexM3\ARM_GCC_484\Debug\chickybot.a(CyBootAsmGnu.o)
                0x00002da8                CyDelayCycles
                0x00002dbc                CyEnterCriticalSection
                0x00002dc4                CyExitCriticalSection
 .text.CyDmacConfigure
                0x00002dd0       0x34 .\CortexM3\ARM_GCC_484\Debug\chickybot.a(CyDmac.o)
                0x00002dd0                CyDmacConfigure
 .text.CyHalt   0x00002e04        0x4 .\CortexM3\ARM_GCC_484\Debug\chickybot.a(CyLib.o)
                0x00002e04                CyHalt
 .text.CyDelay  0x00002e08       0x2c .\CortexM3\ARM_GCC_484\Debug\chickybot.a(CyLib.o)
                0x00002e08                CyDelay
 .text.CyDelayUs
                0x00002e34       0x14 .\CortexM3\ARM_GCC_484\Debug\chickybot.a(CyLib.o)
                0x00002e34                CyDelayUs
 .text.CyIntSetVector
                0x00002e48       0x28 .\CortexM3\ARM_GCC_484\Debug\chickybot.a(CyLib.o)
                0x00002e48                CyIntSetVector
 .text.CyIntSetPriority
                0x00002e70       0x30 .\CortexM3\ARM_GCC_484\Debug\chickybot.a(CyLib.o)
                0x00002e70                CyIntSetPriority
 .text.LedRed_Write
                0x00002ea0       0x18 .\CortexM3\ARM_GCC_484\Debug\chickybot.a(LedRed.o)
                0x00002ea0                LedRed_Write
 .text.LedRed_Read
                0x00002eb8        0xc .\CortexM3\ARM_GCC_484\Debug\chickybot.a(LedRed.o)
                0x00002eb8                LedRed_Read
 .text.LedGreen_Write
                0x00002ec4       0x18 .\CortexM3\ARM_GCC_484\Debug\chickybot.a(LedGreen.o)
                0x00002ec4                LedGreen_Write
 .text.LedGreen_Read
                0x00002edc       0x10 .\CortexM3\ARM_GCC_484\Debug\chickybot.a(LedGreen.o)
                0x00002edc                LedGreen_Read
 .text.LedBlue_Write
                0x00002eec       0x18 .\CortexM3\ARM_GCC_484\Debug\chickybot.a(LedBlue.o)
                0x00002eec                LedBlue_Write
 .text.LedBlue_Read
                0x00002f04       0x10 .\CortexM3\ARM_GCC_484\Debug\chickybot.a(LedBlue.o)
                0x00002f04                LedBlue_Read
 .text.Lcd_WrCntrlNib
                0x00002f14       0x34 .\CortexM3\ARM_GCC_484\Debug\chickybot.a(Lcd.o)
 .text.Lcd_WrDatNib
                0x00002f48       0x3c .\CortexM3\ARM_GCC_484\Debug\chickybot.a(Lcd.o)
 .text.Lcd_WriteData
                0x00002f84       0x20 .\CortexM3\ARM_GCC_484\Debug\chickybot.a(Lcd.o)
                0x00002f84                Lcd_WriteData
 .text.Lcd_PrintString
                0x00002fa4       0x1c .\CortexM3\ARM_GCC_484\Debug\chickybot.a(Lcd.o)
                0x00002fa4                Lcd_PrintString
 .text.Lcd_WriteControl
                0x00002fc0       0x24 .\CortexM3\ARM_GCC_484\Debug\chickybot.a(Lcd.o)
                0x00002fc0                Lcd_WriteControl
 .text.Lcd_Init
                0x00002fe4       0x6c .\CortexM3\ARM_GCC_484\Debug\chickybot.a(Lcd.o)
                0x00002fe4                Lcd_Init
 .text.Lcd_Enable
                0x00003050       0x14 .\CortexM3\ARM_GCC_484\Debug\chickybot.a(Lcd.o)
                0x00003050                Lcd_Enable
 .text.Lcd_Start
                0x00003064       0x1c .\CortexM3\ARM_GCC_484\Debug\chickybot.a(Lcd.o)
                0x00003064                Lcd_Start
 .text.Lcd_Position
                0x00003080       0x3c .\CortexM3\ARM_GCC_484\Debug\chickybot.a(Lcd.o)
                0x00003080                Lcd_Position
 .text.Lcd_PrintNumber
                0x000030bc       0x8c .\CortexM3\ARM_GCC_484\Debug\chickybot.a(Lcd.o)
                0x000030bc                Lcd_PrintNumber
 .text.IsrBtn0Pressed_SetVector
                0x00003148        0xc .\CortexM3\ARM_GCC_484\Debug\chickybot.a(IsrBtn0Pressed.o)
                0x00003148                IsrBtn0Pressed_SetVector
 .text.IsrBtn0Pressed_SetPriority
                0x00003154       0x10 .\CortexM3\ARM_GCC_484\Debug\chickybot.a(IsrBtn0Pressed.o)
                0x00003154                IsrBtn0Pressed_SetPriority
 .text.IsrBtn0Pressed_Enable
                0x00003164        0xc .\CortexM3\ARM_GCC_484\Debug\chickybot.a(IsrBtn0Pressed.o)
                0x00003164                IsrBtn0Pressed_Enable
 .text.IsrBtn0Pressed_Disable
                0x00003170        0xc .\CortexM3\ARM_GCC_484\Debug\chickybot.a(IsrBtn0Pressed.o)
                0x00003170                IsrBtn0Pressed_Disable
 .text.IsrBtn0Pressed_StartEx
                0x0000317c       0x1c .\CortexM3\ARM_GCC_484\Debug\chickybot.a(IsrBtn0Pressed.o)
                0x0000317c                IsrBtn0Pressed_StartEx
 .text.IsrBtn1Pressed_SetVector
                0x00003198        0xc .\CortexM3\ARM_GCC_484\Debug\chickybot.a(IsrBtn1Pressed.o)
                0x00003198                IsrBtn1Pressed_SetVector
 .text.IsrBtn1Pressed_SetPriority
                0x000031a4       0x10 .\CortexM3\ARM_GCC_484\Debug\chickybot.a(IsrBtn1Pressed.o)
                0x000031a4                IsrBtn1Pressed_SetPriority
 .text.IsrBtn1Pressed_Enable
                0x000031b4        0xc .\CortexM3\ARM_GCC_484\Debug\chickybot.a(IsrBtn1Pressed.o)
                0x000031b4                IsrBtn1Pressed_Enable
 .text.IsrBtn1Pressed_Disable
                0x000031c0        0xc .\CortexM3\ARM_GCC_484\Debug\chickybot.a(IsrBtn1Pressed.o)
                0x000031c0                IsrBtn1Pressed_Disable
 .text.IsrBtn1Pressed_StartEx
                0x000031cc       0x1c .\CortexM3\ARM_GCC_484\Debug\chickybot.a(IsrBtn1Pressed.o)
                0x000031cc                IsrBtn1Pressed_StartEx
 .text.CsBtns_PWM_Enable
                0x000031e8       0x28 .\CortexM3\ARM_GCC_484\Debug\chickybot.a(CsBtns_PWM.o)
                0x000031e8                CsBtns_PWM_Enable
 .text.CsBtns_PWM_WritePeriod
                0x00003210        0xc .\CortexM3\ARM_GCC_484\Debug\chickybot.a(CsBtns_PWM.o)
                0x00003210                CsBtns_PWM_WritePeriod
 .text.CsBtns_PWM_WriteCompare
                0x0000321c        0xc .\CortexM3\ARM_GCC_484\Debug\chickybot.a(CsBtns_PWM.o)
                0x0000321c                CsBtns_PWM_WriteCompare
 .text.CsBtns_PWM_SetInterruptMode
                0x00003228        0xc .\CortexM3\ARM_GCC_484\Debug\chickybot.a(CsBtns_PWM.o)
                0x00003228                CsBtns_PWM_SetInterruptMode
 .text.CsBtns_PWM_Init
                0x00003234       0x70 .\CortexM3\ARM_GCC_484\Debug\chickybot.a(CsBtns_PWM.o)
                0x00003234                CsBtns_PWM_Init
 .text.CsBtns_PWM_Start
                0x000032a4       0x1c .\CortexM3\ARM_GCC_484\Debug\chickybot.a(CsBtns_PWM.o)
                0x000032a4                CsBtns_PWM_Start
 .text.IsrUsTimer_SetVector
                0x000032c0        0xc .\CortexM3\ARM_GCC_484\Debug\chickybot.a(IsrUsTimer.o)
                0x000032c0                IsrUsTimer_SetVector
 .text.IsrUsTimer_SetPriority
                0x000032cc       0x10 .\CortexM3\ARM_GCC_484\Debug\chickybot.a(IsrUsTimer.o)
                0x000032cc                IsrUsTimer_SetPriority
 .text.IsrUsTimer_Enable
                0x000032dc        0xc .\CortexM3\ARM_GCC_484\Debug\chickybot.a(IsrUsTimer.o)
                0x000032dc                IsrUsTimer_Enable
 .text.IsrUsTimer_Disable
                0x000032e8        0xc .\CortexM3\ARM_GCC_484\Debug\chickybot.a(IsrUsTimer.o)
                0x000032e8                IsrUsTimer_Disable
 .text.IsrUsTimer_StartEx
                0x000032f4       0x1c .\CortexM3\ARM_GCC_484\Debug\chickybot.a(IsrUsTimer.o)
                0x000032f4                IsrUsTimer_StartEx
 .text.UsTimer_Enable
                0x00003310       0x10 .\CortexM3\ARM_GCC_484\Debug\chickybot.a(UsTimer.o)
                0x00003310                UsTimer_Enable
 .text.UsTimer_SetInterruptMode
                0x00003320        0xc .\CortexM3\ARM_GCC_484\Debug\chickybot.a(UsTimer.o)
                0x00003320                UsTimer_SetInterruptMode
 .text.UsTimer_ReadStatusRegister
                0x0000332c        0xc .\CortexM3\ARM_GCC_484\Debug\chickybot.a(UsTimer.o)
                0x0000332c                UsTimer_ReadStatusRegister
 .text.UsTimer_WritePeriod
                0x00003338        0xc .\CortexM3\ARM_GCC_484\Debug\chickybot.a(UsTimer.o)
                0x00003338                UsTimer_WritePeriod
 .text.UsTimer_ReadCapture
                0x00003344        0xc .\CortexM3\ARM_GCC_484\Debug\chickybot.a(UsTimer.o)
                0x00003344                UsTimer_ReadCapture
 .text.UsTimer_WriteCounter
                0x00003350        0xc .\CortexM3\ARM_GCC_484\Debug\chickybot.a(UsTimer.o)
                0x00003350                UsTimer_WriteCounter
 .text.UsTimer_EnableTrigger
                0x0000335c       0x10 .\CortexM3\ARM_GCC_484\Debug\chickybot.a(UsTimer.o)
                0x0000335c                UsTimer_EnableTrigger
 .text.UsTimer_DisableTrigger
                0x0000336c       0x10 .\CortexM3\ARM_GCC_484\Debug\chickybot.a(UsTimer.o)
                0x0000336c                UsTimer_DisableTrigger
 .text.UsTimer_SetInterruptCount
                0x0000337c       0x1c .\CortexM3\ARM_GCC_484\Debug\chickybot.a(UsTimer.o)
                0x0000337c                UsTimer_SetInterruptCount
 .text.UsTimer_ClearFIFO
                0x00003398       0x14 .\CortexM3\ARM_GCC_484\Debug\chickybot.a(UsTimer.o)
                0x00003398                UsTimer_ClearFIFO
 .text.UsTimer_Init
                0x000033ac       0x40 .\CortexM3\ARM_GCC_484\Debug\chickybot.a(UsTimer.o)
                0x000033ac                UsTimer_Init
 .text.UsTimer_Start
                0x000033ec       0x1c .\CortexM3\ARM_GCC_484\Debug\chickybot.a(UsTimer.o)
                0x000033ec                UsTimer_Start
 .text.UsPWM_Enable
                0x00003408       0x10 .\CortexM3\ARM_GCC_484\Debug\chickybot.a(UsPWM.o)
                0x00003408                UsPWM_Enable
 .text.UsPWM_WriteCounter
                0x00003418        0xc .\CortexM3\ARM_GCC_484\Debug\chickybot.a(UsPWM.o)
                0x00003418                UsPWM_WriteCounter
 .text.UsPWM_WritePeriod
                0x00003424        0xc .\CortexM3\ARM_GCC_484\Debug\chickybot.a(UsPWM.o)
                0x00003424                UsPWM_WritePeriod
 .text.UsPWM_WriteCompare
                0x00003430        0xc .\CortexM3\ARM_GCC_484\Debug\chickybot.a(UsPWM.o)
                0x00003430                UsPWM_WriteCompare
 .text.UsPWM_SetInterruptMode
                0x0000343c        0xc .\CortexM3\ARM_GCC_484\Debug\chickybot.a(UsPWM.o)
                0x0000343c                UsPWM_SetInterruptMode
 .text.UsPWM_ReadStatusRegister
                0x00003448        0xc .\CortexM3\ARM_GCC_484\Debug\chickybot.a(UsPWM.o)
                0x00003448                UsPWM_ReadStatusRegister
 .text.UsPWM_ReadCapture
                0x00003454        0xc .\CortexM3\ARM_GCC_484\Debug\chickybot.a(UsPWM.o)
                0x00003454                UsPWM_ReadCapture
 .text.UsPWM_ClearFIFO
                0x00003460       0x14 .\CortexM3\ARM_GCC_484\Debug\chickybot.a(UsPWM.o)
                0x00003460                UsPWM_ClearFIFO
 .text.UsPWM_Init
                0x00003474       0x64 .\CortexM3\ARM_GCC_484\Debug\chickybot.a(UsPWM.o)
                0x00003474                UsPWM_Init
 .text.UsPWM_Start
                0x000034d8       0x1c .\CortexM3\ARM_GCC_484\Debug\chickybot.a(UsPWM.o)
                0x000034d8                UsPWM_Start
 .text.ShoulderPos_Write
                0x000034f4       0x18 .\CortexM3\ARM_GCC_484\Debug\chickybot.a(ShoulderPos.o)
                0x000034f4                ShoulderPos_Write
 .text.ShoulderNeg_Write
                0x0000350c       0x18 .\CortexM3\ARM_GCC_484\Debug\chickybot.a(ShoulderNeg.o)
                0x0000350c                ShoulderNeg_Write
 .text.ADC_CalcGain
                0x00003524       0x64 .\CortexM3\ARM_GCC_484\Debug\chickybot.a(ADC.o)
 .text.ADC_Enable
                0x00003588       0x90 .\CortexM3\ARM_GCC_484\Debug\chickybot.a(ADC.o)
                0x00003588                ADC_Enable
 .text.ADC_SetResolution
                0x00003618       0x38 .\CortexM3\ARM_GCC_484\Debug\chickybot.a(ADC.o)
                0x00003618                ADC_SetResolution
 .text.ADC_Init
                0x00003650       0x3c .\CortexM3\ARM_GCC_484\Debug\chickybot.a(ADC.o)
                0x00003650                ADC_Init
 .text.ADC_Start
                0x0000368c       0x1c .\CortexM3\ARM_GCC_484\Debug\chickybot.a(ADC.o)
                0x0000368c                ADC_Start
 .text.ADC_StartConvert
                0x000036a8       0x10 .\CortexM3\ARM_GCC_484\Debug\chickybot.a(ADC.o)
                0x000036a8                ADC_StartConvert
 .text.ADC_IsEndConversion
                0x000036b8       0x24 .\CortexM3\ARM_GCC_484\Debug\chickybot.a(ADC.o)
                0x000036b8                ADC_IsEndConversion
 .text.ADC_GetResult16
                0x000036dc       0x18 .\CortexM3\ARM_GCC_484\Debug\chickybot.a(ADC.o)
                0x000036dc                ADC_GetResult16
 .text.ADC_CountsTo_mVolts
                0x000036f4       0x54 .\CortexM3\ARM_GCC_484\Debug\chickybot.a(ADC.o)
                0x000036f4                ADC_CountsTo_mVolts
 .text.ADC_ISR  0x00003748        0x4 .\CortexM3\ARM_GCC_484\Debug\chickybot.a(ADC_INT.o)
                0x00003748                ADC_ISR
 .text.AMux_Start
                0x0000374c       0x20 .\CortexM3\ARM_GCC_484\Debug\chickybot.a(AMux.o)
                0x0000374c                AMux_Start
 .text.AMux_FastSelect
                0x0000376c       0x20 .\CortexM3\ARM_GCC_484\Debug\chickybot.a(AMux.o)
                0x0000376c                AMux_FastSelect
 .text.ADC_theACLK_SetModeRegister
                0x0000378c       0x14 .\CortexM3\ARM_GCC_484\Debug\chickybot.a(ADC_theACLK.o)
                0x0000378c                ADC_theACLK_SetModeRegister
 .text.IsrMicroSwitch_SetVector
                0x000037a0        0xc .\CortexM3\ARM_GCC_484\Debug\chickybot.a(IsrMicroSwitch.o)
                0x000037a0                IsrMicroSwitch_SetVector
 .text.IsrMicroSwitch_SetPriority
                0x000037ac       0x10 .\CortexM3\ARM_GCC_484\Debug\chickybot.a(IsrMicroSwitch.o)
                0x000037ac                IsrMicroSwitch_SetPriority
 .text.IsrMicroSwitch_Enable
                0x000037bc        0xc .\CortexM3\ARM_GCC_484\Debug\chickybot.a(IsrMicroSwitch.o)
                0x000037bc                IsrMicroSwitch_Enable
 .text.IsrMicroSwitch_Disable
                0x000037c8        0xc .\CortexM3\ARM_GCC_484\Debug\chickybot.a(IsrMicroSwitch.o)
                0x000037c8                IsrMicroSwitch_Disable
 .text.IsrMicroSwitch_StartEx
                0x000037d4       0x1c .\CortexM3\ARM_GCC_484\Debug\chickybot.a(IsrMicroSwitch.o)
                0x000037d4                IsrMicroSwitch_StartEx
 .text.RotateCCW_Write
                0x000037f0       0x18 .\CortexM3\ARM_GCC_484\Debug\chickybot.a(RotateCCW.o)
                0x000037f0                RotateCCW_Write
 .text.RotateCW_Write
                0x00003808       0x18 .\CortexM3\ARM_GCC_484\Debug\chickybot.a(RotateCW.o)
                0x00003808                RotateCW_Write
 .text.__libc_init_array
                0x00003820       0x4c c:/program files (x86)/cypress/psoc creator/3.2/psoc creator/import/gnu/arm/4.8.4/bin/../lib/gcc/arm-none-eabi/4.8.4/../../../../arm-none-eabi/lib/armv7-m\libg_s.a(lib_a-init.o)
                0x00003820                __libc_init_array
 .text.memcpy   0x0000386c       0x12 c:/program files (x86)/cypress/psoc creator/3.2/psoc creator/import/gnu/arm/4.8.4/bin/../lib/gcc/arm-none-eabi/4.8.4/../../../../arm-none-eabi/lib/armv7-m\libg_s.a(lib_a-memcpy-stub.o)
                0x0000386c                memcpy
 .text.memset   0x0000387e       0x10 c:/program files (x86)/cypress/psoc creator/3.2/psoc creator/import/gnu/arm/4.8.4/bin/../lib/gcc/arm-none-eabi/4.8.4/../../../../arm-none-eabi/lib/armv7-m\libg_s.a(lib_a-memset.o)
                0x0000387e                memset
 *(.plt)
 *(.gnu.warning)
 *(.glue_7t)
 .glue_7t       0x00000000        0x0 linker stubs
 *(.glue_7)
 .glue_7        0x00000000        0x0 linker stubs
 *(.vfp11_veneer)
 .vfp11_veneer  0x00000000        0x0 linker stubs
 *(.bootloader)
 *(.ARM.extab* .gnu.linkonce.armextab.*)
 *(.gcc_except_table)

.v4_bx          0x00003890        0x0
 .v4_bx         0x00000000        0x0 linker stubs

.iplt           0x00003890        0x0
 .iplt          0x00000000        0x0 c:/program files (x86)/cypress/psoc creator/3.2/psoc creator/import/gnu/arm/4.8.4/bin/../lib/gcc/arm-none-eabi/4.8.4/armv7-m/crtbegin.o

.eh_frame_hdr
 *(.eh_frame_hdr)

.eh_frame       0x00003890        0x4
 *(.eh_frame)
 .eh_frame      0x00003890        0x0 c:/program files (x86)/cypress/psoc creator/3.2/psoc creator/import/gnu/arm/4.8.4/bin/../lib/gcc/arm-none-eabi/4.8.4/armv7-m/crtbegin.o
 .eh_frame      0x00003890        0x4 c:/program files (x86)/cypress/psoc creator/3.2/psoc creator/import/gnu/arm/4.8.4/bin/../lib/gcc/arm-none-eabi/4.8.4/armv7-m/crtend.o
                0x00003894                PROVIDE (__exidx_start, .)

.ARM.exidx
 *(.ARM.exidx* .gnu.linkonce.armexidx.*)
                0x00003894                __exidx_end = .

.rodata         0x00003894      0x5d4
 *(.rodata .rodata.* .gnu.linkonce.r.*)
 .rodata.str1.4
                0x00003894       0x14 .\CortexM3\ARM_GCC_484\Debug\main.o
 .rodata        0x000038a8      0x58c .\CortexM3\ARM_GCC_484\Debug\chickybot.a(cyfitter_cfg.o)
                0x000038a8                AMux__addrTable
                0x000038b4                AMux__maskTable
                0x00003e34                . = ALIGN (0x4)
 *(.init)
 .init          0x00003e34        0x4 c:/program files (x86)/cypress/psoc creator/3.2/psoc creator/import/gnu/arm/4.8.4/bin/../lib/gcc/arm-none-eabi/4.8.4/armv7-m/crti.o
                0x00003e34                _init
 .init          0x00003e38        0x8 c:/program files (x86)/cypress/psoc creator/3.2/psoc creator/import/gnu/arm/4.8.4/bin/../lib/gcc/arm-none-eabi/4.8.4/armv7-m/crtn.o
                0x00003e40                . = ALIGN (0x4)
                0x00003e40                __preinit_array_start = .
 *(.preinit_array)
                0x00003e40                __preinit_array_end = .
                0x00003e40                . = ALIGN (0x4)
                0x00003e40                __init_array_start = .
 *(SORT(.init_array.*))
 *(.init_array)
 .init_array    0x00003e40        0x4 c:/program files (x86)/cypress/psoc creator/3.2/psoc creator/import/gnu/arm/4.8.4/bin/../lib/gcc/arm-none-eabi/4.8.4/armv7-m/crtbegin.o
 .init_array    0x00003e44        0x4 .\CortexM3\ARM_GCC_484\Debug\Cm3Start.o
                0x00003e48                __init_array_end = .
                0x00003e48                . = ALIGN (0x4)
 *(.fini)
 .fini          0x00003e48        0x4 c:/program files (x86)/cypress/psoc creator/3.2/psoc creator/import/gnu/arm/4.8.4/bin/../lib/gcc/arm-none-eabi/4.8.4/armv7-m/crti.o
                0x00003e48                _fini
 .fini          0x00003e4c        0x8 c:/program files (x86)/cypress/psoc creator/3.2/psoc creator/import/gnu/arm/4.8.4/bin/../lib/gcc/arm-none-eabi/4.8.4/armv7-m/crtn.o
                0x00003e54                . = ALIGN (0x4)
                0x00003e54                __fini_array_start = .
 *(.fini_array)
 .fini_array    0x00003e54        0x4 c:/program files (x86)/cypress/psoc creator/3.2/psoc creator/import/gnu/arm/4.8.4/bin/../lib/gcc/arm-none-eabi/4.8.4/armv7-m/crtbegin.o
 *(SORT(.fini_array.*))
                0x00003e58                __fini_array_end = .
                0x00003e58                . = ALIGN (0x4)
 *crtbegin.o(.ctors)
 *(EXCLUDE_FILE(*crtend.o) .ctors)
 *(SORT(.ctors.*))
 *crtend.o(.ctors)
                0x00003e58                . = ALIGN (0x4)
 *crtbegin.o(.dtors)
 *(EXCLUDE_FILE(*crtend.o) .dtors)
 *(SORT(.dtors.*))
 *crtend.o(.dtors)
                0x00003e58                . = ALIGN (0x4)
                0x00003e58                __cy_regions = .
                0x00003e58        0x4 LONG 0x3e68 __cy_region_init_ram
                0x00003e5c        0x4 LONG 0x1fff8108 __cy_region_start_data
                0x00003e60        0x4 LONG 0x20 __cy_region_init_size_ram
                0x00003e64        0x4 LONG 0x38 __cy_region_zero_size_ram
                0x00003e68                __cy_regions_end = .
                0x00003e68                . = ALIGN (0x8)
                0x00003e68                _etext = .

.ramvectors     0x1fff8000      0x100
                0x1fff8000                __cy_region_start_ram = .
 *(.ramvectors)
 .ramvectors    0x1fff8000      0x100 .\CortexM3\ARM_GCC_484\Debug\Cm3Start.o
                0x1fff8000                CyRamVectors

.noinit         0x1fff8100        0x5
 *(.noinit)
 .noinit        0x1fff8100        0x4 .\CortexM3\ARM_GCC_484\Debug\Cm3Start.o
 .noinit        0x1fff8104        0x1 .\CortexM3\ARM_GCC_484\Debug\chickybot.a(CyLib.o)
                0x1fff8104                CyResetStatus

.data           0x1fff8108       0x20 load address 0x00003e68
                0x1fff8108                __cy_region_start_data = .
 *(.jcr)
 .jcr           0x1fff8108        0x0 c:/program files (x86)/cypress/psoc creator/3.2/psoc creator/import/gnu/arm/4.8.4/bin/../lib/gcc/arm-none-eabi/4.8.4/armv7-m/crtbegin.o
 .jcr           0x1fff8108        0x4 c:/program files (x86)/cypress/psoc creator/3.2/psoc creator/import/gnu/arm/4.8.4/bin/../lib/gcc/arm-none-eabi/4.8.4/armv7-m/crtend.o
 *(.got.plt)
 *(.got)
 *(.shdata)
 *(.data .data.* .gnu.linkonce.d.*)
 .data          0x1fff810c        0x8 .\CortexM3\ARM_GCC_484\Debug\chickybot.a(CyDmac.o)
 .data          0x1fff8114       0x10 .\CortexM3\ARM_GCC_484\Debug\chickybot.a(CyLib.o)
                0x1fff8114                cydelay_32k_ms
                0x1fff8118                cydelay_freq_khz
                0x1fff811c                cydelay_freq_mhz
                0x1fff8120                cydelay_freq_hz
 .data          0x1fff8124        0x1 .\CortexM3\ARM_GCC_484\Debug\chickybot.a(AMux.o)
                0x1fff8128                . = ALIGN (0x8)
 *fill*         0x1fff8125        0x3 
 *(.ram)
                0x1fff8128                _edata = .

.igot.plt       0x1fff8128        0x0 load address 0x00003e88
 .igot.plt      0x00000000        0x0 c:/program files (x86)/cypress/psoc creator/3.2/psoc creator/import/gnu/arm/4.8.4/bin/../lib/gcc/arm-none-eabi/4.8.4/armv7-m/crtbegin.o

.bss            0x1fff8128       0x38 load address 0x00003e88
                0x1fff8128                PROVIDE (__bss_start__, .)
 *(.shbss)
 *(.bss .bss.* .gnu.linkonce.b.*)
 .bss           0x1fff8128       0x1c c:/program files (x86)/cypress/psoc creator/3.2/psoc creator/import/gnu/arm/4.8.4/bin/../lib/gcc/arm-none-eabi/4.8.4/armv7-m/crtbegin.o
 .bss           0x1fff8144        0x2 .\CortexM3\ARM_GCC_484\Debug\chickybot.a(Lcd.o)
                0x1fff8144                Lcd_enableState
                0x1fff8145                Lcd_initVar
 .bss           0x1fff8146        0x1 .\CortexM3\ARM_GCC_484\Debug\chickybot.a(CsBtns_PWM.o)
                0x1fff8146                CsBtns_PWM_initVar
 .bss           0x1fff8147        0x1 .\CortexM3\ARM_GCC_484\Debug\chickybot.a(UsTimer.o)
                0x1fff8147                UsTimer_initVar
 .bss           0x1fff8148        0x1 .\CortexM3\ARM_GCC_484\Debug\chickybot.a(UsPWM.o)
                0x1fff8148                UsPWM_initVar
 .bss           0x1fff8149        0x1 .\CortexM3\ARM_GCC_484\Debug\chickybot.a(ADC.o)
                0x1fff8149                ADC_initVar
 *(COMMON)
 *fill*         0x1fff814a        0x2 
 COMMON         0x1fff814c        0x8 .\CortexM3\ARM_GCC_484\Debug\sensors.o
                0x1fff814c                rc
                0x1fff8150                dist
 COMMON         0x1fff8154        0xa .\CortexM3\ARM_GCC_484\Debug\chickybot.a(ADC.o)
                0x1fff8154                ADC_countsPer10Volt
                0x1fff8158                ADC_shift
                0x1fff815a                ADC_countsPerVolt
                0x1fff815c                ADC_offset
                0x1fff8160                . = ALIGN (0x8)
 *fill*         0x1fff815e        0x2 
 *(.ram.b)
                0x1fff8160                _end = .
                0x1fff8160                __end = .
                0x1fff8160                PROVIDE (end, .)
                0x1fff8160                PROVIDE (__bss_end__, .)
                0x00003e68                __cy_region_init_ram = LOADADDR (.data)
                0x00000020                __cy_region_init_size_ram = (_edata - ADDR (.data))
                0x00000038                __cy_region_zero_size_ram = (_end - _edata)

.heap           0x1fff8160       0x80 load address 0x00003e88
                0x1fff8160                . = _end
                0x1fff81e0                . = (. + 0x80)
 *fill*         0x1fff8160       0x80 
                0x1fff81e0                __cy_heap_limit = .

.stack          0x20007800      0x800
                0x20007800                __cy_stack_limit = .
                0x20008000                . = (. + 0x800)
 *fill*         0x20007800      0x800 
                0x00000001                ASSERT ((__cy_stack_limit >= __cy_heap_limit), region RAM overflowed with stack)

.cyloadermeta   0xf0000000       0x40
 *(.cyloadermeta)
 .cyloadermeta  0xf0000000       0x40 .\CortexM3\ARM_GCC_484\Debug\cybootloader.o
                0xf0000000                cy_meta_loader

.cyloadablemeta
                0x0003ffc0       0x40
 *(.cyloadablemeta)
 .cyloadablemeta
                0x0003ffc0       0x40 .\CortexM3\ARM_GCC_484\Debug\cymetadata.o
                0x0003ffc0                cy_meta_loadable

.cyconfigecc
 *(.cyconfigecc)

.cycustnvl      0x90000000        0x4
 *(.cycustnvl)
 .cycustnvl     0x90000000        0x4 .\CortexM3\ARM_GCC_484\Debug\cybootloader.o
                0x90000000                cy_meta_custnvl

.cywolatch      0x90100000        0x4
 *(.cywolatch)
 .cywolatch     0x90100000        0x4 .\CortexM3\ARM_GCC_484\Debug\cybootloader.o
                0x90100000                cy_meta_wonvl

.cyeeprom       0x90200000        0x0
 *(.cyeeprom)
                0x00000001                ASSERT ((. <= ((0x90200000 + ee_offset) + ee_size)), .cyeeprom data will not fit in EEPROM)

.cyflashprotect
                0x90400000      0x100
 *(.cyflashprotect)
 .cyflashprotect
                0x90400000      0x100 .\CortexM3\ARM_GCC_484\Debug\cybootloader.o
                0x90400000                cy_meta_flashprotect

.cymeta         0x90500000        0xc
 *(.cymeta)
 .cymeta        0x90500000        0xc .\CortexM3\ARM_GCC_484\Debug\cybootloader.o
                0x90500000                cy_metadata

.rel.dyn        0x00040000        0x0 load address 0x9050000c
 .rel.iplt      0x00000000        0x0 c:/program files (x86)/cypress/psoc creator/3.2/psoc creator/import/gnu/arm/4.8.4/bin/../lib/gcc/arm-none-eabi/4.8.4/armv7-m/crtbegin.o

.stab
 *(.stab)

.stabstr
 *(.stabstr)

.debug
 *(.debug)

.line
 *(.line)

.debug_srcinfo
 *(.debug_srcinfo)

.debug_sfnames
 *(.debug_sfnames)

.debug_aranges  0x00000000     0x1168
 *(.debug_aranges)
 .debug_aranges
                0x00000000       0x48 .\CortexM3\ARM_GCC_484\Debug\main.o
 .debug_aranges
                0x00000048       0x30 .\CortexM3\ARM_GCC_484\Debug\cv.o
 .debug_aranges
                0x00000078       0x38 .\CortexM3\ARM_GCC_484\Debug\sensors.o
 .debug_aranges
                0x000000b0       0xb8 .\CortexM3\ARM_GCC_484\Debug\motion.o
 .debug_aranges
                0x00000168       0x18 .\CortexM3\ARM_GCC_484\Debug\cymetadata.o
 .debug_aranges
                0x00000180       0x48 .\CortexM3\ARM_GCC_484\Debug\Cm3Start.o
 .debug_aranges
                0x000001c8       0x18 .\CortexM3\ARM_GCC_484\Debug\cybootloader.o
 .debug_aranges
                0x000001e0       0x70 .\CortexM3\ARM_GCC_484\Debug\chickybot.a(cyfitter_cfg.o)
 .debug_aranges
                0x00000250       0x20 .\CortexM3\ARM_GCC_484\Debug\chickybot.a(CyBootAsmGnu.o)
 .debug_aranges
                0x00000270       0xd8 .\CortexM3\ARM_GCC_484\Debug\chickybot.a(CyDmac.o)
 .debug_aranges
                0x00000348      0x298 .\CortexM3\ARM_GCC_484\Debug\chickybot.a(CyLib.o)
 .debug_aranges
                0x000005e0       0x98 .\CortexM3\ARM_GCC_484\Debug\chickybot.a(cyPm.o)
 .debug_aranges
                0x00000678       0x38 .\CortexM3\ARM_GCC_484\Debug\chickybot.a(LedRed.o)
 .debug_aranges
                0x000006b0       0x38 .\CortexM3\ARM_GCC_484\Debug\chickybot.a(LedGreen.o)
 .debug_aranges
                0x000006e8       0x38 .\CortexM3\ARM_GCC_484\Debug\chickybot.a(LedBlue.o)
 .debug_aranges
                0x00000720       0x90 .\CortexM3\ARM_GCC_484\Debug\chickybot.a(Lcd.o)
 .debug_aranges
                0x000007b0       0x80 .\CortexM3\ARM_GCC_484\Debug\chickybot.a(IsrBtn0Pressed.o)
 .debug_aranges
                0x00000830       0x80 .\CortexM3\ARM_GCC_484\Debug\chickybot.a(IsrBtn1Pressed.o)
 .debug_aranges
                0x000008b0       0x78 .\CortexM3\ARM_GCC_484\Debug\chickybot.a(CsBtns_PWM.o)
 .debug_aranges
                0x00000928       0x58 .\CortexM3\ARM_GCC_484\Debug\chickybot.a(Camera.o)
 .debug_aranges
                0x00000980       0x28 .\CortexM3\ARM_GCC_484\Debug\chickybot.a(Camera_DMA_dma.o)
 .debug_aranges
                0x000009a8       0x38 .\CortexM3\ARM_GCC_484\Debug\chickybot.a(Camera_VSYNC.o)
 .debug_aranges
                0x000009e0       0x38 .\CortexM3\ARM_GCC_484\Debug\chickybot.a(Camera_SIOD.o)
 .debug_aranges
                0x00000a18       0x38 .\CortexM3\ARM_GCC_484\Debug\chickybot.a(Camera_SIOC.o)
 .debug_aranges
                0x00000a50       0x38 .\CortexM3\ARM_GCC_484\Debug\chickybot.a(Camera_I2C.o)
 .debug_aranges
                0x00000a88       0x20 .\CortexM3\ARM_GCC_484\Debug\chickybot.a(Camera_I2C_INT.o)
 .debug_aranges
                0x00000aa8       0x38 .\CortexM3\ARM_GCC_484\Debug\chickybot.a(Camera_I2C_PM.o)
 .debug_aranges
                0x00000ae0       0x80 .\CortexM3\ARM_GCC_484\Debug\chickybot.a(Camera_I2C_MASTER.o)
 .debug_aranges
                0x00000b60       0x80 .\CortexM3\ARM_GCC_484\Debug\chickybot.a(IsrUsTimer.o)
 .debug_aranges
                0x00000be0       0xa8 .\CortexM3\ARM_GCC_484\Debug\chickybot.a(UsTimer.o)
 .debug_aranges
                0x00000c88       0x98 .\CortexM3\ARM_GCC_484\Debug\chickybot.a(UsPWM.o)
 .debug_aranges
                0x00000d20       0x38 .\CortexM3\ARM_GCC_484\Debug\chickybot.a(ElbowPos.o)
 .debug_aranges
                0x00000d58       0x38 .\CortexM3\ARM_GCC_484\Debug\chickybot.a(ElbowNeg.o)
 .debug_aranges
                0x00000d90       0x38 .\CortexM3\ARM_GCC_484\Debug\chickybot.a(ShoulderPos.o)
 .debug_aranges
                0x00000dc8       0x38 .\CortexM3\ARM_GCC_484\Debug\chickybot.a(ShoulderNeg.o)
 .debug_aranges
                0x00000e00       0xa8 .\CortexM3\ARM_GCC_484\Debug\chickybot.a(ADC.o)
 .debug_aranges
                0x00000ea8       0x20 .\CortexM3\ARM_GCC_484\Debug\chickybot.a(ADC_INT.o)
 .debug_aranges
                0x00000ec8       0x30 .\CortexM3\ARM_GCC_484\Debug\chickybot.a(AMux.o)
 .debug_aranges
                0x00000ef8       0x70 .\CortexM3\ARM_GCC_484\Debug\chickybot.a(ADC_theACLK.o)
 .debug_aranges
                0x00000f68       0x80 .\CortexM3\ARM_GCC_484\Debug\chickybot.a(IsrMicroSwitch.o)
 .debug_aranges
                0x00000fe8       0x38 .\CortexM3\ARM_GCC_484\Debug\chickybot.a(RotateCCW.o)
 .debug_aranges
                0x00001020       0x38 .\CortexM3\ARM_GCC_484\Debug\chickybot.a(RotateCW.o)
 .debug_aranges
                0x00001058       0x80 .\CortexM3\ARM_GCC_484\Debug\chickybot.a(CyFlash.o)
 .debug_aranges
                0x000010d8       0x78 .\CortexM3\ARM_GCC_484\Debug\chickybot.a(CySpc.o)
 .debug_aranges
                0x00001150       0x18 .\CortexM3\ARM_GCC_484\Debug\chickybot.a(Camera_settings.o)

.debug_pubnames
 *(.debug_pubnames)

.debug_info     0x00000000     0xa078
 *(.debug_info .gnu.linkonce.wi.*)
 .debug_info    0x00000000      0x5d6 .\CortexM3\ARM_GCC_484\Debug\main.o
 .debug_info    0x000005d6      0x31c .\CortexM3\ARM_GCC_484\Debug\cv.o
 .debug_info    0x000008f2      0x5e8 .\CortexM3\ARM_GCC_484\Debug\sensors.o
 .debug_info    0x00000eda      0xacf .\CortexM3\ARM_GCC_484\Debug\motion.o
 .debug_info    0x000019a9       0xb1 .\CortexM3\ARM_GCC_484\Debug\cymetadata.o
 .debug_info    0x00001a5a      0x3af .\CortexM3\ARM_GCC_484\Debug\Cm3Start.o
 .debug_info    0x00001e09      0x164 .\CortexM3\ARM_GCC_484\Debug\cybootloader.o
 .debug_info    0x00001f6d      0x80c .\CortexM3\ARM_GCC_484\Debug\chickybot.a(cyfitter_cfg.o)
 .debug_info    0x00002779       0xd0 .\CortexM3\ARM_GCC_484\Debug\chickybot.a(CyBootAsmGnu.o)
 .debug_info    0x00002849      0x93f .\CortexM3\ARM_GCC_484\Debug\chickybot.a(CyDmac.o)
 .debug_info    0x00003188     0x1373 .\CortexM3\ARM_GCC_484\Debug\chickybot.a(CyLib.o)
 .debug_info    0x000044fb      0xa56 .\CortexM3\ARM_GCC_484\Debug\chickybot.a(cyPm.o)
 .debug_info    0x00004f51      0x120 .\CortexM3\ARM_GCC_484\Debug\chickybot.a(LedRed.o)
 .debug_info    0x00005071      0x120 .\CortexM3\ARM_GCC_484\Debug\chickybot.a(LedGreen.o)
 .debug_info    0x00005191      0x120 .\CortexM3\ARM_GCC_484\Debug\chickybot.a(LedBlue.o)
 .debug_info    0x000052b1      0x69e .\CortexM3\ARM_GCC_484\Debug\chickybot.a(Lcd.o)
 .debug_info    0x0000594f      0x2c7 .\CortexM3\ARM_GCC_484\Debug\chickybot.a(IsrBtn0Pressed.o)
 .debug_info    0x00005c16      0x2c7 .\CortexM3\ARM_GCC_484\Debug\chickybot.a(IsrBtn1Pressed.o)
 .debug_info    0x00005edd      0x275 .\CortexM3\ARM_GCC_484\Debug\chickybot.a(CsBtns_PWM.o)
 .debug_info    0x00006152      0x687 .\CortexM3\ARM_GCC_484\Debug\chickybot.a(Camera.o)
 .debug_info    0x000067d9      0x1fb .\CortexM3\ARM_GCC_484\Debug\chickybot.a(Camera_DMA_dma.o)
 .debug_info    0x000069d4      0x120 .\CortexM3\ARM_GCC_484\Debug\chickybot.a(Camera_VSYNC.o)
 .debug_info    0x00006af4      0x120 .\CortexM3\ARM_GCC_484\Debug\chickybot.a(Camera_SIOD.o)
 .debug_info    0x00006c14      0x120 .\CortexM3\ARM_GCC_484\Debug\chickybot.a(Camera_SIOC.o)
 .debug_info    0x00006d34      0x2d6 .\CortexM3\ARM_GCC_484\Debug\chickybot.a(Camera_I2C.o)
 .debug_info    0x0000700a      0x17d .\CortexM3\ARM_GCC_484\Debug\chickybot.a(Camera_I2C_INT.o)
 .debug_info    0x00007187      0x1fb .\CortexM3\ARM_GCC_484\Debug\chickybot.a(Camera_I2C_PM.o)
 .debug_info    0x00007382      0x3fe .\CortexM3\ARM_GCC_484\Debug\chickybot.a(Camera_I2C_MASTER.o)
 .debug_info    0x00007780      0x2c7 .\CortexM3\ARM_GCC_484\Debug\chickybot.a(IsrUsTimer.o)
 .debug_info    0x00007a47      0x350 .\CortexM3\ARM_GCC_484\Debug\chickybot.a(UsTimer.o)
 .debug_info    0x00007d97      0x34a .\CortexM3\ARM_GCC_484\Debug\chickybot.a(UsPWM.o)
 .debug_info    0x000080e1      0x120 .\CortexM3\ARM_GCC_484\Debug\chickybot.a(ElbowPos.o)
 .debug_info    0x00008201      0x120 .\CortexM3\ARM_GCC_484\Debug\chickybot.a(ElbowNeg.o)
 .debug_info    0x00008321      0x120 .\CortexM3\ARM_GCC_484\Debug\chickybot.a(ShoulderPos.o)
 .debug_info    0x00008441      0x120 .\CortexM3\ARM_GCC_484\Debug\chickybot.a(ShoulderNeg.o)
 .debug_info    0x00008561      0x5f4 .\CortexM3\ARM_GCC_484\Debug\chickybot.a(ADC.o)
 .debug_info    0x00008b55       0x92 .\CortexM3\ARM_GCC_484\Debug\chickybot.a(ADC_INT.o)
 .debug_info    0x00008be7      0x14d .\CortexM3\ARM_GCC_484\Debug\chickybot.a(AMux.o)
 .debug_info    0x00008d34      0x283 .\CortexM3\ARM_GCC_484\Debug\chickybot.a(ADC_theACLK.o)
 .debug_info    0x00008fb7      0x2c7 .\CortexM3\ARM_GCC_484\Debug\chickybot.a(IsrMicroSwitch.o)
 .debug_info    0x0000927e      0x120 .\CortexM3\ARM_GCC_484\Debug\chickybot.a(RotateCCW.o)
 .debug_info    0x0000939e      0x120 .\CortexM3\ARM_GCC_484\Debug\chickybot.a(RotateCW.o)
 .debug_info    0x000094be      0x5e4 .\CortexM3\ARM_GCC_484\Debug\chickybot.a(CyFlash.o)
 .debug_info    0x00009aa2      0x4da .\CortexM3\ARM_GCC_484\Debug\chickybot.a(CySpc.o)
 .debug_info    0x00009f7c       0xfc .\CortexM3\ARM_GCC_484\Debug\chickybot.a(Camera_settings.o)

.debug_abbrev   0x00000000     0x334b
 *(.debug_abbrev)
 .debug_abbrev  0x00000000      0x19c .\CortexM3\ARM_GCC_484\Debug\main.o
 .debug_abbrev  0x0000019c      0x15b .\CortexM3\ARM_GCC_484\Debug\cv.o
 .debug_abbrev  0x000002f7      0x154 .\CortexM3\ARM_GCC_484\Debug\sensors.o
 .debug_abbrev  0x0000044b      0x1a2 .\CortexM3\ARM_GCC_484\Debug\motion.o
 .debug_abbrev  0x000005ed       0x5d .\CortexM3\ARM_GCC_484\Debug\cymetadata.o
 .debug_abbrev  0x0000064a      0x20d .\CortexM3\ARM_GCC_484\Debug\Cm3Start.o
 .debug_abbrev  0x00000857       0x77 .\CortexM3\ARM_GCC_484\Debug\cybootloader.o
 .debug_abbrev  0x000008ce      0x231 .\CortexM3\ARM_GCC_484\Debug\chickybot.a(cyfitter_cfg.o)
 .debug_abbrev  0x00000aff       0x14 .\CortexM3\ARM_GCC_484\Debug\chickybot.a(CyBootAsmGnu.o)
 .debug_abbrev  0x00000b13      0x1cc .\CortexM3\ARM_GCC_484\Debug\chickybot.a(CyDmac.o)
 .debug_abbrev  0x00000cdf      0x296 .\CortexM3\ARM_GCC_484\Debug\chickybot.a(CyLib.o)
 .debug_abbrev  0x00000f75      0x1fa .\CortexM3\ARM_GCC_484\Debug\chickybot.a(cyPm.o)
 .debug_abbrev  0x0000116f       0x9d .\CortexM3\ARM_GCC_484\Debug\chickybot.a(LedRed.o)
 .debug_abbrev  0x0000120c       0x9d .\CortexM3\ARM_GCC_484\Debug\chickybot.a(LedGreen.o)
 .debug_abbrev  0x000012a9       0x9d .\CortexM3\ARM_GCC_484\Debug\chickybot.a(LedBlue.o)
 .debug_abbrev  0x00001346      0x17e .\CortexM3\ARM_GCC_484\Debug\chickybot.a(Lcd.o)
 .debug_abbrev  0x000014c4      0x157 .\CortexM3\ARM_GCC_484\Debug\chickybot.a(IsrBtn0Pressed.o)
 .debug_abbrev  0x0000161b      0x157 .\CortexM3\ARM_GCC_484\Debug\chickybot.a(IsrBtn1Pressed.o)
 .debug_abbrev  0x00001772      0x13a .\CortexM3\ARM_GCC_484\Debug\chickybot.a(CsBtns_PWM.o)
 .debug_abbrev  0x000018ac      0x1f2 .\CortexM3\ARM_GCC_484\Debug\chickybot.a(Camera.o)
 .debug_abbrev  0x00001a9e       0xf8 .\CortexM3\ARM_GCC_484\Debug\chickybot.a(Camera_DMA_dma.o)
 .debug_abbrev  0x00001b96       0x9d .\CortexM3\ARM_GCC_484\Debug\chickybot.a(Camera_VSYNC.o)
 .debug_abbrev  0x00001c33       0x9d .\CortexM3\ARM_GCC_484\Debug\chickybot.a(Camera_SIOD.o)
 .debug_abbrev  0x00001cd0       0x9d .\CortexM3\ARM_GCC_484\Debug\chickybot.a(Camera_SIOC.o)
 .debug_abbrev  0x00001d6d      0x15c .\CortexM3\ARM_GCC_484\Debug\chickybot.a(Camera_I2C.o)
 .debug_abbrev  0x00001ec9       0xca .\CortexM3\ARM_GCC_484\Debug\chickybot.a(Camera_I2C_INT.o)
 .debug_abbrev  0x00001f93      0x12b .\CortexM3\ARM_GCC_484\Debug\chickybot.a(Camera_I2C_PM.o)
 .debug_abbrev  0x000020be      0x149 .\CortexM3\ARM_GCC_484\Debug\chickybot.a(Camera_I2C_MASTER.o)
 .debug_abbrev  0x00002207      0x157 .\CortexM3\ARM_GCC_484\Debug\chickybot.a(IsrUsTimer.o)
 .debug_abbrev  0x0000235e      0x161 .\CortexM3\ARM_GCC_484\Debug\chickybot.a(UsTimer.o)
 .debug_abbrev  0x000024bf      0x15a .\CortexM3\ARM_GCC_484\Debug\chickybot.a(UsPWM.o)
 .debug_abbrev  0x00002619       0x9d .\CortexM3\ARM_GCC_484\Debug\chickybot.a(ElbowPos.o)
 .debug_abbrev  0x000026b6       0x9d .\CortexM3\ARM_GCC_484\Debug\chickybot.a(ElbowNeg.o)
 .debug_abbrev  0x00002753       0x9d .\CortexM3\ARM_GCC_484\Debug\chickybot.a(ShoulderPos.o)
 .debug_abbrev  0x000027f0       0x9d .\CortexM3\ARM_GCC_484\Debug\chickybot.a(ShoulderNeg.o)
 .debug_abbrev  0x0000288d      0x1f8 .\CortexM3\ARM_GCC_484\Debug\chickybot.a(ADC.o)
 .debug_abbrev  0x00002a85       0x42 .\CortexM3\ARM_GCC_484\Debug\chickybot.a(ADC_INT.o)
 .debug_abbrev  0x00002ac7       0xcb .\CortexM3\ARM_GCC_484\Debug\chickybot.a(AMux.o)
 .debug_abbrev  0x00002b92      0x137 .\CortexM3\ARM_GCC_484\Debug\chickybot.a(ADC_theACLK.o)
 .debug_abbrev  0x00002cc9      0x157 .\CortexM3\ARM_GCC_484\Debug\chickybot.a(IsrMicroSwitch.o)
 .debug_abbrev  0x00002e20       0x9d .\CortexM3\ARM_GCC_484\Debug\chickybot.a(RotateCCW.o)
 .debug_abbrev  0x00002ebd       0x9d .\CortexM3\ARM_GCC_484\Debug\chickybot.a(RotateCW.o)
 .debug_abbrev  0x00002f5a      0x1de .\CortexM3\ARM_GCC_484\Debug\chickybot.a(CyFlash.o)
 .debug_abbrev  0x00003138      0x1ce .\CortexM3\ARM_GCC_484\Debug\chickybot.a(CySpc.o)
 .debug_abbrev  0x00003306       0x45 .\CortexM3\ARM_GCC_484\Debug\chickybot.a(Camera_settings.o)

.debug_line     0x00000000     0x4435
 *(.debug_line)
 .debug_line    0x00000000      0x318 .\CortexM3\ARM_GCC_484\Debug\main.o
 .debug_line    0x00000318      0x376 .\CortexM3\ARM_GCC_484\Debug\cv.o
 .debug_line    0x0000068e      0x1f5 .\CortexM3\ARM_GCC_484\Debug\sensors.o
 .debug_line    0x00000883      0x3a6 .\CortexM3\ARM_GCC_484\Debug\motion.o
 .debug_line    0x00000c29       0x53 .\CortexM3\ARM_GCC_484\Debug\cymetadata.o
 .debug_line    0x00000c7c      0x242 .\CortexM3\ARM_GCC_484\Debug\Cm3Start.o
 .debug_line    0x00000ebe       0x55 .\CortexM3\ARM_GCC_484\Debug\cybootloader.o
 .debug_line    0x00000f13      0x232 .\CortexM3\ARM_GCC_484\Debug\chickybot.a(cyfitter_cfg.o)
 .debug_line    0x00001145       0x68 .\CortexM3\ARM_GCC_484\Debug\chickybot.a(CyBootAsmGnu.o)
 .debug_line    0x000011ad      0x2de .\CortexM3\ARM_GCC_484\Debug\chickybot.a(CyDmac.o)
 .debug_line    0x0000148b      0x818 .\CortexM3\ARM_GCC_484\Debug\chickybot.a(CyLib.o)
 .debug_line    0x00001ca3      0x366 .\CortexM3\ARM_GCC_484\Debug\chickybot.a(cyPm.o)
 .debug_line    0x00002009       0x95 .\CortexM3\ARM_GCC_484\Debug\chickybot.a(LedRed.o)
 .debug_line    0x0000209e       0x97 .\CortexM3\ARM_GCC_484\Debug\chickybot.a(LedGreen.o)
 .debug_line    0x00002135       0x96 .\CortexM3\ARM_GCC_484\Debug\chickybot.a(LedBlue.o)
 .debug_line    0x000021cb      0x1a4 .\CortexM3\ARM_GCC_484\Debug\chickybot.a(Lcd.o)
 .debug_line    0x0000236f      0x154 .\CortexM3\ARM_GCC_484\Debug\chickybot.a(IsrBtn0Pressed.o)
 .debug_line    0x000024c3      0x154 .\CortexM3\ARM_GCC_484\Debug\chickybot.a(IsrBtn1Pressed.o)
 .debug_line    0x00002617      0x13a .\CortexM3\ARM_GCC_484\Debug\chickybot.a(CsBtns_PWM.o)
 .debug_line    0x00002751      0x2d0 .\CortexM3\ARM_GCC_484\Debug\chickybot.a(Camera.o)
 .debug_line    0x00002a21       0xa0 .\CortexM3\ARM_GCC_484\Debug\chickybot.a(Camera_DMA_dma.o)
 .debug_line    0x00002ac1       0x9b .\CortexM3\ARM_GCC_484\Debug\chickybot.a(Camera_VSYNC.o)
 .debug_line    0x00002b5c       0x9a .\CortexM3\ARM_GCC_484\Debug\chickybot.a(Camera_SIOD.o)
 .debug_line    0x00002bf6       0x9a .\CortexM3\ARM_GCC_484\Debug\chickybot.a(Camera_SIOC.o)
 .debug_line    0x00002c90       0xf0 .\CortexM3\ARM_GCC_484\Debug\chickybot.a(Camera_I2C.o)
 .debug_line    0x00002d80      0x124 .\CortexM3\ARM_GCC_484\Debug\chickybot.a(Camera_I2C_INT.o)
 .debug_line    0x00002ea4       0xcb .\CortexM3\ARM_GCC_484\Debug\chickybot.a(Camera_I2C_PM.o)
 .debug_line    0x00002f6f      0x217 .\CortexM3\ARM_GCC_484\Debug\chickybot.a(Camera_I2C_MASTER.o)
 .debug_line    0x00003186      0x150 .\CortexM3\ARM_GCC_484\Debug\chickybot.a(IsrUsTimer.o)
 .debug_line    0x000032d6      0x1ad .\CortexM3\ARM_GCC_484\Debug\chickybot.a(UsTimer.o)
 .debug_line    0x00003483      0x18e .\CortexM3\ARM_GCC_484\Debug\chickybot.a(UsPWM.o)
 .debug_line    0x00003611       0x97 .\CortexM3\ARM_GCC_484\Debug\chickybot.a(ElbowPos.o)
 .debug_line    0x000036a8       0x97 .\CortexM3\ARM_GCC_484\Debug\chickybot.a(ElbowNeg.o)
 .debug_line    0x0000373f       0x9a .\CortexM3\ARM_GCC_484\Debug\chickybot.a(ShoulderPos.o)
 .debug_line    0x000037d9       0x9a .\CortexM3\ARM_GCC_484\Debug\chickybot.a(ShoulderNeg.o)
 .debug_line    0x00003873      0x213 .\CortexM3\ARM_GCC_484\Debug\chickybot.a(ADC.o)
 .debug_line    0x00003a86       0x52 .\CortexM3\ARM_GCC_484\Debug\chickybot.a(ADC_INT.o)
 .debug_line    0x00003ad8       0xaa .\CortexM3\ARM_GCC_484\Debug\chickybot.a(AMux.o)
 .debug_line    0x00003b82      0x19b .\CortexM3\ARM_GCC_484\Debug\chickybot.a(ADC_theACLK.o)
 .debug_line    0x00003d1d      0x154 .\CortexM3\ARM_GCC_484\Debug\chickybot.a(IsrMicroSwitch.o)
 .debug_line    0x00003e71       0x98 .\CortexM3\ARM_GCC_484\Debug\chickybot.a(RotateCCW.o)
 .debug_line    0x00003f09       0x97 .\CortexM3\ARM_GCC_484\Debug\chickybot.a(RotateCW.o)
 .debug_line    0x00003fa0      0x228 .\CortexM3\ARM_GCC_484\Debug\chickybot.a(CyFlash.o)
 .debug_line    0x000041c8      0x222 .\CortexM3\ARM_GCC_484\Debug\chickybot.a(CySpc.o)
 .debug_line    0x000043ea       0x4b .\CortexM3\ARM_GCC_484\Debug\chickybot.a(Camera_settings.o)

.debug_frame    0x00000000     0x29a0
 *(.debug_frame)
 .debug_frame   0x00000000       0xc8 .\CortexM3\ARM_GCC_484\Debug\main.o
 .debug_frame   0x000000c8       0x7c .\CortexM3\ARM_GCC_484\Debug\cv.o
 .debug_frame   0x00000144       0x74 .\CortexM3\ARM_GCC_484\Debug\sensors.o
 .debug_frame   0x000001b8      0x24c .\CortexM3\ARM_GCC_484\Debug\motion.o
 .debug_frame   0x00000404       0xac .\CortexM3\ARM_GCC_484\Debug\Cm3Start.o
 .debug_frame   0x000004b0      0x128 .\CortexM3\ARM_GCC_484\Debug\chickybot.a(cyfitter_cfg.o)
 .debug_frame   0x000005d8      0x1d0 .\CortexM3\ARM_GCC_484\Debug\chickybot.a(CyDmac.o)
 .debug_frame   0x000007a8      0x730 .\CortexM3\ARM_GCC_484\Debug\chickybot.a(CyLib.o)
 .debug_frame   0x00000ed8      0x1fc .\CortexM3\ARM_GCC_484\Debug\chickybot.a(cyPm.o)
 .debug_frame   0x000010d4       0x50 .\CortexM3\ARM_GCC_484\Debug\chickybot.a(LedRed.o)
 .debug_frame   0x00001124       0x50 .\CortexM3\ARM_GCC_484\Debug\chickybot.a(LedGreen.o)
 .debug_frame   0x00001174       0x50 .\CortexM3\ARM_GCC_484\Debug\chickybot.a(LedBlue.o)
 .debug_frame   0x000011c4      0x1c0 .\CortexM3\ARM_GCC_484\Debug\chickybot.a(Lcd.o)
 .debug_frame   0x00001384      0x104 .\CortexM3\ARM_GCC_484\Debug\chickybot.a(IsrBtn0Pressed.o)
 .debug_frame   0x00001488      0x104 .\CortexM3\ARM_GCC_484\Debug\chickybot.a(IsrBtn1Pressed.o)
 .debug_frame   0x0000158c       0xe8 .\CortexM3\ARM_GCC_484\Debug\chickybot.a(CsBtns_PWM.o)
 .debug_frame   0x00001674      0x10c .\CortexM3\ARM_GCC_484\Debug\chickybot.a(Camera.o)
 .debug_frame   0x00001780       0x54 .\CortexM3\ARM_GCC_484\Debug\chickybot.a(Camera_DMA_dma.o)
 .debug_frame   0x000017d4       0x50 .\CortexM3\ARM_GCC_484\Debug\chickybot.a(Camera_VSYNC.o)
 .debug_frame   0x00001824       0x50 .\CortexM3\ARM_GCC_484\Debug\chickybot.a(Camera_SIOD.o)
 .debug_frame   0x00001874       0x50 .\CortexM3\ARM_GCC_484\Debug\chickybot.a(Camera_SIOC.o)
 .debug_frame   0x000018c4       0x90 .\CortexM3\ARM_GCC_484\Debug\chickybot.a(Camera_I2C.o)
 .debug_frame   0x00001954       0x30 .\CortexM3\ARM_GCC_484\Debug\chickybot.a(Camera_I2C_INT.o)
 .debug_frame   0x00001984       0x74 .\CortexM3\ARM_GCC_484\Debug\chickybot.a(Camera_I2C_PM.o)
 .debug_frame   0x000019f8       0xf8 .\CortexM3\ARM_GCC_484\Debug\chickybot.a(Camera_I2C_MASTER.o)
 .debug_frame   0x00001af0      0x104 .\CortexM3\ARM_GCC_484\Debug\chickybot.a(IsrUsTimer.o)
 .debug_frame   0x00001bf4      0x154 .\CortexM3\ARM_GCC_484\Debug\chickybot.a(UsTimer.o)
 .debug_frame   0x00001d48      0x134 .\CortexM3\ARM_GCC_484\Debug\chickybot.a(UsPWM.o)
 .debug_frame   0x00001e7c       0x50 .\CortexM3\ARM_GCC_484\Debug\chickybot.a(ElbowPos.o)
 .debug_frame   0x00001ecc       0x50 .\CortexM3\ARM_GCC_484\Debug\chickybot.a(ElbowNeg.o)
 .debug_frame   0x00001f1c       0x50 .\CortexM3\ARM_GCC_484\Debug\chickybot.a(ShoulderPos.o)
 .debug_frame   0x00001f6c       0x50 .\CortexM3\ARM_GCC_484\Debug\chickybot.a(ShoulderNeg.o)
 .debug_frame   0x00001fbc      0x1a4 .\CortexM3\ARM_GCC_484\Debug\chickybot.a(ADC.o)
 .debug_frame   0x00002160       0x20 .\CortexM3\ARM_GCC_484\Debug\chickybot.a(ADC_INT.o)
 .debug_frame   0x00002180       0x64 .\CortexM3\ARM_GCC_484\Debug\chickybot.a(AMux.o)
 .debug_frame   0x000021e4       0xe0 .\CortexM3\ARM_GCC_484\Debug\chickybot.a(ADC_theACLK.o)
 .debug_frame   0x000022c4      0x104 .\CortexM3\ARM_GCC_484\Debug\chickybot.a(IsrMicroSwitch.o)
 .debug_frame   0x000023c8       0x50 .\CortexM3\ARM_GCC_484\Debug\chickybot.a(RotateCCW.o)
 .debug_frame   0x00002418       0x50 .\CortexM3\ARM_GCC_484\Debug\chickybot.a(RotateCW.o)
 .debug_frame   0x00002468      0x17c .\CortexM3\ARM_GCC_484\Debug\chickybot.a(CyFlash.o)
 .debug_frame   0x000025e4      0x144 .\CortexM3\ARM_GCC_484\Debug\chickybot.a(CySpc.o)
 .debug_frame   0x00002728       0x58 c:/program files (x86)/cypress/psoc creator/3.2/psoc creator/import/gnu/arm/4.8.4/bin/../lib/gcc/arm-none-eabi/4.8.4/armv7-m\libgcc.a(bpabi.o)
 .debug_frame   0x00002780       0x34 c:/program files (x86)/cypress/psoc creator/3.2/psoc creator/import/gnu/arm/4.8.4/bin/../lib/gcc/arm-none-eabi/4.8.4/armv7-m\libgcc.a(_divdi3.o)
 .debug_frame   0x000027b4       0x34 c:/program files (x86)/cypress/psoc creator/3.2/psoc creator/import/gnu/arm/4.8.4/bin/../lib/gcc/arm-none-eabi/4.8.4/armv7-m\libgcc.a(_udivdi3.o)
 .debug_frame   0x000027e8       0x20 c:/program files (x86)/cypress/psoc creator/3.2/psoc creator/import/gnu/arm/4.8.4/bin/../lib/gcc/arm-none-eabi/4.8.4/../../../../arm-none-eabi/lib/armv7-m\libg_s.a(lib_a-errno.o)
 .debug_frame   0x00002808       0x28 c:/program files (x86)/cypress/psoc creator/3.2/psoc creator/import/gnu/arm/4.8.4/bin/../lib/gcc/arm-none-eabi/4.8.4/../../../../arm-none-eabi/lib/armv7-m\libg_s.a(lib_a-exit.o)
 .debug_frame   0x00002830       0x2c c:/program files (x86)/cypress/psoc creator/3.2/psoc creator/import/gnu/arm/4.8.4/bin/../lib/gcc/arm-none-eabi/4.8.4/../../../../arm-none-eabi/lib/armv7-m\libg_s.a(lib_a-init.o)
 .debug_frame   0x0000285c       0x30 c:/program files (x86)/cypress/psoc creator/3.2/psoc creator/import/gnu/arm/4.8.4/bin/../lib/gcc/arm-none-eabi/4.8.4/../../../../arm-none-eabi/lib/armv7-m\libg_s.a(lib_a-malloc.o)
 .debug_frame   0x0000288c       0x28 c:/program files (x86)/cypress/psoc creator/3.2/psoc creator/import/gnu/arm/4.8.4/bin/../lib/gcc/arm-none-eabi/4.8.4/../../../../arm-none-eabi/lib/armv7-m\libg_s.a(lib_a-memcpy-stub.o)
 .debug_frame   0x000028b4       0x20 c:/program files (x86)/cypress/psoc creator/3.2/psoc creator/import/gnu/arm/4.8.4/bin/../lib/gcc/arm-none-eabi/4.8.4/../../../../arm-none-eabi/lib/armv7-m\libg_s.a(lib_a-memset.o)
 .debug_frame   0x000028d4       0x2c c:/program files (x86)/cypress/psoc creator/3.2/psoc creator/import/gnu/arm/4.8.4/bin/../lib/gcc/arm-none-eabi/4.8.4/../../../../arm-none-eabi/lib/armv7-m\libg_s.a(lib_a-nano-freer.o)
 .debug_frame   0x00002900       0x2c c:/program files (x86)/cypress/psoc creator/3.2/psoc creator/import/gnu/arm/4.8.4/bin/../lib/gcc/arm-none-eabi/4.8.4/../../../../arm-none-eabi/lib/armv7-m\libg_s.a(lib_a-nano-mallocr.o)
 .debug_frame   0x0000292c       0x2c c:/program files (x86)/cypress/psoc creator/3.2/psoc creator/import/gnu/arm/4.8.4/bin/../lib/gcc/arm-none-eabi/4.8.4/../../../../arm-none-eabi/lib/armv7-m\libg_s.a(lib_a-sbrkr.o)
 .debug_frame   0x00002958       0x48 c:/program files (x86)/cypress/psoc creator/3.2/psoc creator/import/gnu/arm/4.8.4/bin/../lib/gcc/arm-none-eabi/4.8.4/../../../../arm-none-eabi/lib/armv7-m\libg_s.a(lib_a-reent.o)

.debug_str      0x00000000     0x3448
 *(.debug_str)
 .debug_str     0x00000000      0x3d1 .\CortexM3\ARM_GCC_484\Debug\main.o
                                0x426 (size before relaxing)
 .debug_str     0x000003d1       0xd4 .\CortexM3\ARM_GCC_484\Debug\cv.o
                                0x2d6 (size before relaxing)
 .debug_str     0x000004a5      0x113 .\CortexM3\ARM_GCC_484\Debug\sensors.o
                                0x359 (size before relaxing)
 .debug_str     0x000005b8      0x148 .\CortexM3\ARM_GCC_484\Debug\motion.o
                                0x41b (size before relaxing)
 .debug_str     0x00000700       0x37 .\CortexM3\ARM_GCC_484\Debug\cymetadata.o
                                0x1d8 (size before relaxing)
 .debug_str     0x00000737      0x161 .\CortexM3\ARM_GCC_484\Debug\Cm3Start.o
                                0x33c (size before relaxing)
 .debug_str     0x00000898       0x84 .\CortexM3\ARM_GCC_484\Debug\cybootloader.o
                                0x225 (size before relaxing)
 .debug_str     0x0000091c      0x23a .\CortexM3\ARM_GCC_484\Debug\chickybot.a(cyfitter_cfg.o)
                                0x43a (size before relaxing)
 .debug_str     0x00000b56      0x377 .\CortexM3\ARM_GCC_484\Debug\chickybot.a(CyDmac.o)
                                0x56c (size before relaxing)
 .debug_str     0x00000ecd      0x7d6 .\CortexM3\ARM_GCC_484\Debug\chickybot.a(CyLib.o)
                                0xa51 (size before relaxing)
 .debug_str     0x000016a3      0x35b .\CortexM3\ARM_GCC_484\Debug\chickybot.a(cyPm.o)
                                0x749 (size before relaxing)
 .debug_str     0x000019fe       0x54 .\CortexM3\ARM_GCC_484\Debug\chickybot.a(LedRed.o)
                                0x215 (size before relaxing)
 .debug_str     0x00001a52       0x4f .\CortexM3\ARM_GCC_484\Debug\chickybot.a(LedGreen.o)
                                0x21f (size before relaxing)
 .debug_str     0x00001aa1       0x4c .\CortexM3\ARM_GCC_484\Debug\chickybot.a(LedBlue.o)
                                0x21a (size before relaxing)
 .debug_str     0x00001aed      0x104 .\CortexM3\ARM_GCC_484\Debug\chickybot.a(Lcd.o)
                                0x333 (size before relaxing)
 .debug_str     0x00001bf1      0x14f .\CortexM3\ARM_GCC_484\Debug\chickybot.a(IsrBtn0Pressed.o)
                                0x346 (size before relaxing)
 .debug_str     0x00001d40      0x14f .\CortexM3\ARM_GCC_484\Debug\chickybot.a(IsrBtn1Pressed.o)
                                0x346 (size before relaxing)
 .debug_str     0x00001e8f      0x16a .\CortexM3\ARM_GCC_484\Debug\chickybot.a(CsBtns_PWM.o)
                                0x335 (size before relaxing)
 .debug_str     0x00001ff9      0x190 .\CortexM3\ARM_GCC_484\Debug\chickybot.a(Camera.o)
                                0x448 (size before relaxing)
 .debug_str     0x00002189       0x90 .\CortexM3\ARM_GCC_484\Debug\chickybot.a(Camera_DMA_dma.o)
                                0x2ab (size before relaxing)
 .debug_str     0x00002219       0x6e .\CortexM3\ARM_GCC_484\Debug\chickybot.a(Camera_VSYNC.o)
                                0x233 (size before relaxing)
 .debug_str     0x00002287       0x62 .\CortexM3\ARM_GCC_484\Debug\chickybot.a(Camera_SIOD.o)
                                0x22e (size before relaxing)
 .debug_str     0x000022e9       0x62 .\CortexM3\ARM_GCC_484\Debug\chickybot.a(Camera_SIOC.o)
                                0x22e (size before relaxing)
 .debug_str     0x0000234b      0x11c .\CortexM3\ARM_GCC_484\Debug\chickybot.a(Camera_I2C.o)
                                0x364 (size before relaxing)
 .debug_str     0x00002467       0xb9 .\CortexM3\ARM_GCC_484\Debug\chickybot.a(Camera_I2C_INT.o)
                                0x2ce (size before relaxing)
 .debug_str     0x00002520       0x7b .\CortexM3\ARM_GCC_484\Debug\chickybot.a(Camera_I2C_PM.o)
                                0x2de (size before relaxing)
 .debug_str     0x0000259b      0x16a .\CortexM3\ARM_GCC_484\Debug\chickybot.a(Camera_I2C_MASTER.o)
                                0x467 (size before relaxing)
 .debug_str     0x00002705      0x11b .\CortexM3\ARM_GCC_484\Debug\chickybot.a(IsrUsTimer.o)
                                0x30e (size before relaxing)
 .debug_str     0x00002820      0x119 .\CortexM3\ARM_GCC_484\Debug\chickybot.a(UsTimer.o)
                                0x3d7 (size before relaxing)
 .debug_str     0x00002939      0x15b .\CortexM3\ARM_GCC_484\Debug\chickybot.a(UsPWM.o)
                                0x380 (size before relaxing)
 .debug_str     0x00002a94       0x5d .\CortexM3\ARM_GCC_484\Debug\chickybot.a(ElbowPos.o)
                                0x21f (size before relaxing)
 .debug_str     0x00002af1       0x5d .\CortexM3\ARM_GCC_484\Debug\chickybot.a(ElbowNeg.o)
                                0x21f (size before relaxing)
 .debug_str     0x00002b4e       0x69 .\CortexM3\ARM_GCC_484\Debug\chickybot.a(ShoulderPos.o)
                                0x22e (size before relaxing)
 .debug_str     0x00002bb7       0x69 .\CortexM3\ARM_GCC_484\Debug\chickybot.a(ShoulderNeg.o)
                                0x22e (size before relaxing)
 .debug_str     0x00002c20      0x19b .\CortexM3\ARM_GCC_484\Debug\chickybot.a(ADC.o)
                                0x456 (size before relaxing)
 .debug_str     0x00002dbb       0x2b .\CortexM3\ARM_GCC_484\Debug\chickybot.a(ADC_INT.o)
                                0x1bd (size before relaxing)
 .debug_str     0x00002de6       0x49 .\CortexM3\ARM_GCC_484\Debug\chickybot.a(AMux.o)
                                0x218 (size before relaxing)
 .debug_str     0x00002e2f      0x178 .\CortexM3\ARM_GCC_484\Debug\chickybot.a(ADC_theACLK.o)
                                0x34c (size before relaxing)
 .debug_str     0x00002fa7      0x14f .\CortexM3\ARM_GCC_484\Debug\chickybot.a(IsrMicroSwitch.o)
                                0x346 (size before relaxing)
 .debug_str     0x000030f6       0x61 .\CortexM3\ARM_GCC_484\Debug\chickybot.a(RotateCCW.o)
                                0x224 (size before relaxing)
 .debug_str     0x00003157       0x5d .\CortexM3\ARM_GCC_484\Debug\chickybot.a(RotateCW.o)
                                0x21f (size before relaxing)
 .debug_str     0x000031b4      0x18d .\CortexM3\ARM_GCC_484\Debug\chickybot.a(CyFlash.o)
                                0x3b9 (size before relaxing)
 .debug_str     0x00003341       0xae .\CortexM3\ARM_GCC_484\Debug\chickybot.a(CySpc.o)
                                0x345 (size before relaxing)
 .debug_str     0x000033ef       0x59 .\CortexM3\ARM_GCC_484\Debug\chickybot.a(Camera_settings.o)
                                0x196 (size before relaxing)

.debug_loc      0x00000000     0x44a0
 *(.debug_loc)
 .debug_loc     0x00000000       0x3d .\CortexM3\ARM_GCC_484\Debug\main.o
 .debug_loc     0x0000003d      0x904 .\CortexM3\ARM_GCC_484\Debug\cv.o
 .debug_loc     0x00000941       0x3f .\CortexM3\ARM_GCC_484\Debug\sensors.o
 .debug_loc     0x00000980      0x1d6 .\CortexM3\ARM_GCC_484\Debug\motion.o
 .debug_loc     0x00000b56      0x14f .\CortexM3\ARM_GCC_484\Debug\Cm3Start.o
 .debug_loc     0x00000ca5      0x2ad .\CortexM3\ARM_GCC_484\Debug\chickybot.a(cyfitter_cfg.o)
 .debug_loc     0x00000f52      0xb6b .\CortexM3\ARM_GCC_484\Debug\chickybot.a(CyDmac.o)
 .debug_loc     0x00001abd      0xa53 .\CortexM3\ARM_GCC_484\Debug\chickybot.a(CyLib.o)
 .debug_loc     0x00002510      0x22a .\CortexM3\ARM_GCC_484\Debug\chickybot.a(cyPm.o)
 .debug_loc     0x0000273a       0x55 .\CortexM3\ARM_GCC_484\Debug\chickybot.a(LedRed.o)
 .debug_loc     0x0000278f       0x55 .\CortexM3\ARM_GCC_484\Debug\chickybot.a(LedGreen.o)
 .debug_loc     0x000027e4       0x55 .\CortexM3\ARM_GCC_484\Debug\chickybot.a(LedBlue.o)
 .debug_loc     0x00002839      0x36b .\CortexM3\ARM_GCC_484\Debug\chickybot.a(Lcd.o)
 .debug_loc     0x00002ba4       0x56 .\CortexM3\ARM_GCC_484\Debug\chickybot.a(IsrBtn0Pressed.o)
 .debug_loc     0x00002bfa       0x56 .\CortexM3\ARM_GCC_484\Debug\chickybot.a(IsrBtn1Pressed.o)
 .debug_loc     0x00002c50       0x13 .\CortexM3\ARM_GCC_484\Debug\chickybot.a(CsBtns_PWM.o)
 .debug_loc     0x00002c63      0x10a .\CortexM3\ARM_GCC_484\Debug\chickybot.a(Camera.o)
 .debug_loc     0x00002d6d       0x84 .\CortexM3\ARM_GCC_484\Debug\chickybot.a(Camera_DMA_dma.o)
 .debug_loc     0x00002df1       0x55 .\CortexM3\ARM_GCC_484\Debug\chickybot.a(Camera_VSYNC.o)
 .debug_loc     0x00002e46       0x55 .\CortexM3\ARM_GCC_484\Debug\chickybot.a(Camera_SIOD.o)
 .debug_loc     0x00002e9b       0x55 .\CortexM3\ARM_GCC_484\Debug\chickybot.a(Camera_SIOC.o)
 .debug_loc     0x00002ef0       0x39 .\CortexM3\ARM_GCC_484\Debug\chickybot.a(Camera_I2C.o)
 .debug_loc     0x00002f29       0x29 .\CortexM3\ARM_GCC_484\Debug\chickybot.a(Camera_I2C_INT.o)
 .debug_loc     0x00002f52       0x13 .\CortexM3\ARM_GCC_484\Debug\chickybot.a(Camera_I2C_PM.o)
 .debug_loc     0x00002f65      0x566 .\CortexM3\ARM_GCC_484\Debug\chickybot.a(Camera_I2C_MASTER.o)
 .debug_loc     0x000034cb       0x56 .\CortexM3\ARM_GCC_484\Debug\chickybot.a(IsrUsTimer.o)
 .debug_loc     0x00003521       0x31 .\CortexM3\ARM_GCC_484\Debug\chickybot.a(UsTimer.o)
 .debug_loc     0x00003552       0x26 .\CortexM3\ARM_GCC_484\Debug\chickybot.a(UsPWM.o)
 .debug_loc     0x00003578       0x55 .\CortexM3\ARM_GCC_484\Debug\chickybot.a(ElbowPos.o)
 .debug_loc     0x000035cd       0x55 .\CortexM3\ARM_GCC_484\Debug\chickybot.a(ElbowNeg.o)
 .debug_loc     0x00003622       0x55 .\CortexM3\ARM_GCC_484\Debug\chickybot.a(ShoulderPos.o)
 .debug_loc     0x00003677       0x55 .\CortexM3\ARM_GCC_484\Debug\chickybot.a(ShoulderNeg.o)
 .debug_loc     0x000036cc      0x2b3 .\CortexM3\ARM_GCC_484\Debug\chickybot.a(ADC.o)
 .debug_loc     0x0000397f       0x58 .\CortexM3\ARM_GCC_484\Debug\chickybot.a(AMux.o)
 .debug_loc     0x000039d7      0x15c .\CortexM3\ARM_GCC_484\Debug\chickybot.a(ADC_theACLK.o)
 .debug_loc     0x00003b33       0x56 .\CortexM3\ARM_GCC_484\Debug\chickybot.a(IsrMicroSwitch.o)
 .debug_loc     0x00003b89       0x55 .\CortexM3\ARM_GCC_484\Debug\chickybot.a(RotateCCW.o)
 .debug_loc     0x00003bde       0x55 .\CortexM3\ARM_GCC_484\Debug\chickybot.a(RotateCW.o)
 .debug_loc     0x00003c33      0x2f7 .\CortexM3\ARM_GCC_484\Debug\chickybot.a(CyFlash.o)
 .debug_loc     0x00003f2a      0x576 .\CortexM3\ARM_GCC_484\Debug\chickybot.a(CySpc.o)

.debug_macinfo
 *(.debug_macinfo)

.debug_ranges   0x00000000      0xea0
 *(.debug_ranges)
 .debug_ranges  0x00000000       0x38 .\CortexM3\ARM_GCC_484\Debug\main.o
 .debug_ranges  0x00000038       0x20 .\CortexM3\ARM_GCC_484\Debug\cv.o
 .debug_ranges  0x00000058       0x28 .\CortexM3\ARM_GCC_484\Debug\sensors.o
 .debug_ranges  0x00000080       0xa8 .\CortexM3\ARM_GCC_484\Debug\motion.o
 .debug_ranges  0x00000128       0x50 .\CortexM3\ARM_GCC_484\Debug\Cm3Start.o
 .debug_ranges  0x00000178       0x78 .\CortexM3\ARM_GCC_484\Debug\chickybot.a(cyfitter_cfg.o)
 .debug_ranges  0x000001f0       0xc8 .\CortexM3\ARM_GCC_484\Debug\chickybot.a(CyDmac.o)
 .debug_ranges  0x000002b8      0x288 .\CortexM3\ARM_GCC_484\Debug\chickybot.a(CyLib.o)
 .debug_ranges  0x00000540       0x88 .\CortexM3\ARM_GCC_484\Debug\chickybot.a(cyPm.o)
 .debug_ranges  0x000005c8       0x28 .\CortexM3\ARM_GCC_484\Debug\chickybot.a(LedRed.o)
 .debug_ranges  0x000005f0       0x28 .\CortexM3\ARM_GCC_484\Debug\chickybot.a(LedGreen.o)
 .debug_ranges  0x00000618       0x28 .\CortexM3\ARM_GCC_484\Debug\chickybot.a(LedBlue.o)
 .debug_ranges  0x00000640       0x80 .\CortexM3\ARM_GCC_484\Debug\chickybot.a(Lcd.o)
 .debug_ranges  0x000006c0       0x70 .\CortexM3\ARM_GCC_484\Debug\chickybot.a(IsrBtn0Pressed.o)
 .debug_ranges  0x00000730       0x70 .\CortexM3\ARM_GCC_484\Debug\chickybot.a(IsrBtn1Pressed.o)
 .debug_ranges  0x000007a0       0x68 .\CortexM3\ARM_GCC_484\Debug\chickybot.a(CsBtns_PWM.o)
 .debug_ranges  0x00000808       0x48 .\CortexM3\ARM_GCC_484\Debug\chickybot.a(Camera.o)
 .debug_ranges  0x00000850       0x18 .\CortexM3\ARM_GCC_484\Debug\chickybot.a(Camera_DMA_dma.o)
 .debug_ranges  0x00000868       0x28 .\CortexM3\ARM_GCC_484\Debug\chickybot.a(Camera_VSYNC.o)
 .debug_ranges  0x00000890       0x28 .\CortexM3\ARM_GCC_484\Debug\chickybot.a(Camera_SIOD.o)
 .debug_ranges  0x000008b8       0x28 .\CortexM3\ARM_GCC_484\Debug\chickybot.a(Camera_SIOC.o)
 .debug_ranges  0x000008e0       0x28 .\CortexM3\ARM_GCC_484\Debug\chickybot.a(Camera_I2C.o)
 .debug_ranges  0x00000908       0x10 .\CortexM3\ARM_GCC_484\Debug\chickybot.a(Camera_I2C_INT.o)
 .debug_ranges  0x00000918       0x28 .\CortexM3\ARM_GCC_484\Debug\chickybot.a(Camera_I2C_PM.o)
 .debug_ranges  0x00000940       0x70 .\CortexM3\ARM_GCC_484\Debug\chickybot.a(Camera_I2C_MASTER.o)
 .debug_ranges  0x000009b0       0x70 .\CortexM3\ARM_GCC_484\Debug\chickybot.a(IsrUsTimer.o)
 .debug_ranges  0x00000a20       0x98 .\CortexM3\ARM_GCC_484\Debug\chickybot.a(UsTimer.o)
 .debug_ranges  0x00000ab8       0x88 .\CortexM3\ARM_GCC_484\Debug\chickybot.a(UsPWM.o)
 .debug_ranges  0x00000b40       0x28 .\CortexM3\ARM_GCC_484\Debug\chickybot.a(ElbowPos.o)
 .debug_ranges  0x00000b68       0x28 .\CortexM3\ARM_GCC_484\Debug\chickybot.a(ElbowNeg.o)
 .debug_ranges  0x00000b90       0x28 .\CortexM3\ARM_GCC_484\Debug\chickybot.a(ShoulderPos.o)
 .debug_ranges  0x00000bb8       0x28 .\CortexM3\ARM_GCC_484\Debug\chickybot.a(ShoulderNeg.o)
 .debug_ranges  0x00000be0       0x98 .\CortexM3\ARM_GCC_484\Debug\chickybot.a(ADC.o)
 .debug_ranges  0x00000c78       0x10 .\CortexM3\ARM_GCC_484\Debug\chickybot.a(ADC_INT.o)
 .debug_ranges  0x00000c88       0x20 .\CortexM3\ARM_GCC_484\Debug\chickybot.a(AMux.o)
 .debug_ranges  0x00000ca8       0x60 .\CortexM3\ARM_GCC_484\Debug\chickybot.a(ADC_theACLK.o)
 .debug_ranges  0x00000d08       0x70 .\CortexM3\ARM_GCC_484\Debug\chickybot.a(IsrMicroSwitch.o)
 .debug_ranges  0x00000d78       0x28 .\CortexM3\ARM_GCC_484\Debug\chickybot.a(RotateCCW.o)
 .debug_ranges  0x00000da0       0x28 .\CortexM3\ARM_GCC_484\Debug\chickybot.a(RotateCW.o)
 .debug_ranges  0x00000dc8       0x70 .\CortexM3\ARM_GCC_484\Debug\chickybot.a(CyFlash.o)
 .debug_ranges  0x00000e38       0x68 .\CortexM3\ARM_GCC_484\Debug\chickybot.a(CySpc.o)

.comment        0x00000000       0x70
 .comment       0x00000000       0x70 .\CortexM3\ARM_GCC_484\Debug\main.o
                                 0x71 (size before relaxing)
 .comment       0x00000000       0x71 .\CortexM3\ARM_GCC_484\Debug\cv.o
 .comment       0x00000000       0x71 .\CortexM3\ARM_GCC_484\Debug\sensors.o
 .comment       0x00000000       0x71 .\CortexM3\ARM_GCC_484\Debug\motion.o
 .comment       0x00000000       0x71 .\CortexM3\ARM_GCC_484\Debug\cymetadata.o
 .comment       0x00000000       0x71 .\CortexM3\ARM_GCC_484\Debug\Cm3Start.o
 .comment       0x00000000       0x71 .\CortexM3\ARM_GCC_484\Debug\cybootloader.o
 .comment       0x00000000       0x71 .\CortexM3\ARM_GCC_484\Debug\chickybot.a(cyfitter_cfg.o)
 .comment       0x00000000       0x71 .\CortexM3\ARM_GCC_484\Debug\chickybot.a(CyDmac.o)
 .comment       0x00000000       0x71 .\CortexM3\ARM_GCC_484\Debug\chickybot.a(CyLib.o)
 .comment       0x00000000       0x71 .\CortexM3\ARM_GCC_484\Debug\chickybot.a(cyPm.o)
 .comment       0x00000000       0x71 .\CortexM3\ARM_GCC_484\Debug\chickybot.a(LedRed.o)
 .comment       0x00000000       0x71 .\CortexM3\ARM_GCC_484\Debug\chickybot.a(LedGreen.o)
 .comment       0x00000000       0x71 .\CortexM3\ARM_GCC_484\Debug\chickybot.a(LedBlue.o)
 .comment       0x00000000       0x71 .\CortexM3\ARM_GCC_484\Debug\chickybot.a(Lcd.o)
 .comment       0x00000000       0x71 .\CortexM3\ARM_GCC_484\Debug\chickybot.a(IsrBtn0Pressed.o)
 .comment       0x00000000       0x71 .\CortexM3\ARM_GCC_484\Debug\chickybot.a(IsrBtn1Pressed.o)
 .comment       0x00000000       0x71 .\CortexM3\ARM_GCC_484\Debug\chickybot.a(CsBtns_PWM.o)
 .comment       0x00000000       0x71 .\CortexM3\ARM_GCC_484\Debug\chickybot.a(Camera.o)
 .comment       0x00000000       0x71 .\CortexM3\ARM_GCC_484\Debug\chickybot.a(Camera_DMA_dma.o)
 .comment       0x00000000       0x71 .\CortexM3\ARM_GCC_484\Debug\chickybot.a(Camera_VSYNC.o)
 .comment       0x00000000       0x71 .\CortexM3\ARM_GCC_484\Debug\chickybot.a(Camera_SIOD.o)
 .comment       0x00000000       0x71 .\CortexM3\ARM_GCC_484\Debug\chickybot.a(Camera_SIOC.o)
 .comment       0x00000000       0x71 .\CortexM3\ARM_GCC_484\Debug\chickybot.a(Camera_I2C.o)
 .comment       0x00000000       0x71 .\CortexM3\ARM_GCC_484\Debug\chickybot.a(Camera_I2C_INT.o)
 .comment       0x00000000       0x71 .\CortexM3\ARM_GCC_484\Debug\chickybot.a(Camera_I2C_PM.o)
 .comment       0x00000000       0x71 .\CortexM3\ARM_GCC_484\Debug\chickybot.a(Camera_I2C_MASTER.o)
 .comment       0x00000000       0x71 .\CortexM3\ARM_GCC_484\Debug\chickybot.a(IsrUsTimer.o)
 .comment       0x00000000       0x71 .\CortexM3\ARM_GCC_484\Debug\chickybot.a(UsTimer.o)
 .comment       0x00000000       0x71 .\CortexM3\ARM_GCC_484\Debug\chickybot.a(UsPWM.o)
 .comment       0x00000000       0x71 .\CortexM3\ARM_GCC_484\Debug\chickybot.a(ElbowPos.o)
 .comment       0x00000000       0x71 .\CortexM3\ARM_GCC_484\Debug\chickybot.a(ElbowNeg.o)
 .comment       0x00000000       0x71 .\CortexM3\ARM_GCC_484\Debug\chickybot.a(ShoulderPos.o)
 .comment       0x00000000       0x71 .\CortexM3\ARM_GCC_484\Debug\chickybot.a(ShoulderNeg.o)
 .comment       0x00000000       0x71 .\CortexM3\ARM_GCC_484\Debug\chickybot.a(ADC.o)
 .comment       0x00000000       0x71 .\CortexM3\ARM_GCC_484\Debug\chickybot.a(ADC_INT.o)
 .comment       0x00000000       0x71 .\CortexM3\ARM_GCC_484\Debug\chickybot.a(AMux.o)
 .comment       0x00000000       0x71 .\CortexM3\ARM_GCC_484\Debug\chickybot.a(ADC_theACLK.o)
 .comment       0x00000000       0x71 .\CortexM3\ARM_GCC_484\Debug\chickybot.a(IsrMicroSwitch.o)
 .comment       0x00000000       0x71 .\CortexM3\ARM_GCC_484\Debug\chickybot.a(RotateCCW.o)
 .comment       0x00000000       0x71 .\CortexM3\ARM_GCC_484\Debug\chickybot.a(RotateCW.o)
 .comment       0x00000000       0x71 .\CortexM3\ARM_GCC_484\Debug\chickybot.a(CyFlash.o)
 .comment       0x00000000       0x71 .\CortexM3\ARM_GCC_484\Debug\chickybot.a(CySpc.o)
 .comment       0x00000000       0x71 .\CortexM3\ARM_GCC_484\Debug\chickybot.a(Camera_settings.o)

.debug_weaknames
 *(.debug_weaknames)

.debug_funcnames
 *(.debug_funcnames)

.debug_typenames
 *(.debug_typenames)

.debug_varnames
 *(.debug_varnames)

.note.gnu.arm.ident
 *(.note.gnu.arm.ident)

.ARM.attributes
                0x00000000       0x29
 *(.ARM.attributes)
 .ARM.attributes
                0x00000000       0x1d c:/program files (x86)/cypress/psoc creator/3.2/psoc creator/import/gnu/arm/4.8.4/bin/../lib/gcc/arm-none-eabi/4.8.4/armv7-m/crti.o
 .ARM.attributes
                0x0000001d       0x2d c:/program files (x86)/cypress/psoc creator/3.2/psoc creator/import/gnu/arm/4.8.4/bin/../lib/gcc/arm-none-eabi/4.8.4/armv7-m/crtbegin.o
 .ARM.attributes
                0x0000004a       0x1b c:/program files (x86)/cypress/psoc creator/3.2/psoc creator/import/gnu/arm/4.8.4/bin/../lib/gcc/arm-none-eabi/4.8.4/../../../../arm-none-eabi/lib/armv7-m/crt0.o
 .ARM.attributes
                0x00000065       0x33 .\CortexM3\ARM_GCC_484\Debug\main.o
 .ARM.attributes
                0x00000098       0x33 .\CortexM3\ARM_GCC_484\Debug\cv.o
 .ARM.attributes
                0x000000cb       0x33 .\CortexM3\ARM_GCC_484\Debug\sensors.o
 .ARM.attributes
                0x000000fe       0x33 .\CortexM3\ARM_GCC_484\Debug\motion.o
 .ARM.attributes
                0x00000131       0x33 .\CortexM3\ARM_GCC_484\Debug\cymetadata.o
 .ARM.attributes
                0x00000164       0x33 .\CortexM3\ARM_GCC_484\Debug\Cm3Start.o
 .ARM.attributes
                0x00000197       0x33 .\CortexM3\ARM_GCC_484\Debug\cybootloader.o
 .ARM.attributes
                0x000001ca       0x33 .\CortexM3\ARM_GCC_484\Debug\chickybot.a(cyfitter_cfg.o)
 .ARM.attributes
                0x000001fd       0x21 .\CortexM3\ARM_GCC_484\Debug\chickybot.a(CyBootAsmGnu.o)
 .ARM.attributes
                0x0000021e       0x33 .\CortexM3\ARM_GCC_484\Debug\chickybot.a(CyDmac.o)
 .ARM.attributes
                0x00000251       0x33 .\CortexM3\ARM_GCC_484\Debug\chickybot.a(CyLib.o)
 .ARM.attributes
                0x00000284       0x33 .\CortexM3\ARM_GCC_484\Debug\chickybot.a(cyPm.o)
 .ARM.attributes
                0x000002b7       0x33 .\CortexM3\ARM_GCC_484\Debug\chickybot.a(LedRed.o)
 .ARM.attributes
                0x000002ea       0x33 .\CortexM3\ARM_GCC_484\Debug\chickybot.a(LedGreen.o)
 .ARM.attributes
                0x0000031d       0x33 .\CortexM3\ARM_GCC_484\Debug\chickybot.a(LedBlue.o)
 .ARM.attributes
                0x00000350       0x33 .\CortexM3\ARM_GCC_484\Debug\chickybot.a(Lcd.o)
 .ARM.attributes
                0x00000383       0x33 .\CortexM3\ARM_GCC_484\Debug\chickybot.a(IsrBtn0Pressed.o)
 .ARM.attributes
                0x000003b6       0x33 .\CortexM3\ARM_GCC_484\Debug\chickybot.a(IsrBtn1Pressed.o)
 .ARM.attributes
                0x000003e9       0x33 .\CortexM3\ARM_GCC_484\Debug\chickybot.a(CsBtns_PWM.o)
 .ARM.attributes
                0x0000041c       0x33 .\CortexM3\ARM_GCC_484\Debug\chickybot.a(Camera.o)
 .ARM.attributes
                0x0000044f       0x33 .\CortexM3\ARM_GCC_484\Debug\chickybot.a(Camera_DMA_dma.o)
 .ARM.attributes
                0x00000482       0x33 .\CortexM3\ARM_GCC_484\Debug\chickybot.a(Camera_VSYNC.o)
 .ARM.attributes
                0x000004b5       0x33 .\CortexM3\ARM_GCC_484\Debug\chickybot.a(Camera_SIOD.o)
 .ARM.attributes
                0x000004e8       0x33 .\CortexM3\ARM_GCC_484\Debug\chickybot.a(Camera_SIOC.o)
 .ARM.attributes
                0x0000051b       0x33 .\CortexM3\ARM_GCC_484\Debug\chickybot.a(Camera_I2C.o)
 .ARM.attributes
                0x0000054e       0x33 .\CortexM3\ARM_GCC_484\Debug\chickybot.a(Camera_I2C_INT.o)
 .ARM.attributes
                0x00000581       0x33 .\CortexM3\ARM_GCC_484\Debug\chickybot.a(Camera_I2C_PM.o)
 .ARM.attributes
                0x000005b4       0x33 .\CortexM3\ARM_GCC_484\Debug\chickybot.a(Camera_I2C_MASTER.o)
 .ARM.attributes
                0x000005e7       0x33 .\CortexM3\ARM_GCC_484\Debug\chickybot.a(IsrUsTimer.o)
 .ARM.attributes
                0x0000061a       0x33 .\CortexM3\ARM_GCC_484\Debug\chickybot.a(UsTimer.o)
 .ARM.attributes
                0x0000064d       0x33 .\CortexM3\ARM_GCC_484\Debug\chickybot.a(UsPWM.o)
 .ARM.attributes
                0x00000680       0x33 .\CortexM3\ARM_GCC_484\Debug\chickybot.a(ElbowPos.o)
 .ARM.attributes
                0x000006b3       0x33 .\CortexM3\ARM_GCC_484\Debug\chickybot.a(ElbowNeg.o)
 .ARM.attributes
                0x000006e6       0x33 .\CortexM3\ARM_GCC_484\Debug\chickybot.a(ShoulderPos.o)
 .ARM.attributes
                0x00000719       0x33 .\CortexM3\ARM_GCC_484\Debug\chickybot.a(ShoulderNeg.o)
 .ARM.attributes
                0x0000074c       0x33 .\CortexM3\ARM_GCC_484\Debug\chickybot.a(ADC.o)
 .ARM.attributes
                0x0000077f       0x33 .\CortexM3\ARM_GCC_484\Debug\chickybot.a(ADC_INT.o)
 .ARM.attributes
                0x000007b2       0x33 .\CortexM3\ARM_GCC_484\Debug\chickybot.a(AMux.o)
 .ARM.attributes
                0x000007e5       0x33 .\CortexM3\ARM_GCC_484\Debug\chickybot.a(ADC_theACLK.o)
 .ARM.attributes
                0x00000818       0x33 .\CortexM3\ARM_GCC_484\Debug\chickybot.a(IsrMicroSwitch.o)
 .ARM.attributes
                0x0000084b       0x33 .\CortexM3\ARM_GCC_484\Debug\chickybot.a(RotateCCW.o)
 .ARM.attributes
                0x0000087e       0x33 .\CortexM3\ARM_GCC_484\Debug\chickybot.a(RotateCW.o)
 .ARM.attributes
                0x000008b1       0x33 .\CortexM3\ARM_GCC_484\Debug\chickybot.a(CyFlash.o)
 .ARM.attributes
                0x000008e4       0x33 .\CortexM3\ARM_GCC_484\Debug\chickybot.a(CySpc.o)
 .ARM.attributes
                0x00000917       0x33 .\CortexM3\ARM_GCC_484\Debug\chickybot.a(Camera_settings.o)
 .ARM.attributes
                0x0000094a       0x1d c:/program files (x86)/cypress/psoc creator/3.2/psoc creator/import/gnu/arm/4.8.4/bin/../lib/gcc/arm-none-eabi/4.8.4/armv7-m\libgcc.a(_arm_addsubsf3.o)
 .ARM.attributes
                0x00000967       0x1d c:/program files (x86)/cypress/psoc creator/3.2/psoc creator/import/gnu/arm/4.8.4/bin/../lib/gcc/arm-none-eabi/4.8.4/armv7-m\libgcc.a(_arm_muldivsf3.o)
 .ARM.attributes
                0x00000984       0x1d c:/program files (x86)/cypress/psoc creator/3.2/psoc creator/import/gnu/arm/4.8.4/bin/../lib/gcc/arm-none-eabi/4.8.4/armv7-m\libgcc.a(_aeabi_ldivmod.o)
 .ARM.attributes
                0x000009a1       0x2d c:/program files (x86)/cypress/psoc creator/3.2/psoc creator/import/gnu/arm/4.8.4/bin/../lib/gcc/arm-none-eabi/4.8.4/armv7-m\libgcc.a(bpabi.o)
 .ARM.attributes
                0x000009ce       0x1d c:/program files (x86)/cypress/psoc creator/3.2/psoc creator/import/gnu/arm/4.8.4/bin/../lib/gcc/arm-none-eabi/4.8.4/armv7-m\libgcc.a(_dvmd_tls.o)
 .ARM.attributes
                0x000009eb       0x2d c:/program files (x86)/cypress/psoc creator/3.2/psoc creator/import/gnu/arm/4.8.4/bin/../lib/gcc/arm-none-eabi/4.8.4/armv7-m\libgcc.a(_divdi3.o)
 .ARM.attributes
                0x00000a18       0x2d c:/program files (x86)/cypress/psoc creator/3.2/psoc creator/import/gnu/arm/4.8.4/bin/../lib/gcc/arm-none-eabi/4.8.4/armv7-m\libgcc.a(_udivdi3.o)
 .ARM.attributes
                0x00000a45       0x2d c:/program files (x86)/cypress/psoc creator/3.2/psoc creator/import/gnu/arm/4.8.4/bin/../lib/gcc/arm-none-eabi/4.8.4/../../../../arm-none-eabi/lib/armv7-m\libg_s.a(lib_a-errno.o)
 .ARM.attributes
                0x00000a72       0x2d c:/program files (x86)/cypress/psoc creator/3.2/psoc creator/import/gnu/arm/4.8.4/bin/../lib/gcc/arm-none-eabi/4.8.4/../../../../arm-none-eabi/lib/armv7-m\libg_s.a(lib_a-exit.o)
 .ARM.attributes
                0x00000a9f       0x2d c:/program files (x86)/cypress/psoc creator/3.2/psoc creator/import/gnu/arm/4.8.4/bin/../lib/gcc/arm-none-eabi/4.8.4/../../../../arm-none-eabi/lib/armv7-m\libg_s.a(lib_a-impure.o)
 .ARM.attributes
                0x00000acc       0x2d c:/program files (x86)/cypress/psoc creator/3.2/psoc creator/import/gnu/arm/4.8.4/bin/../lib/gcc/arm-none-eabi/4.8.4/../../../../arm-none-eabi/lib/armv7-m\libg_s.a(lib_a-init.o)
 .ARM.attributes
                0x00000af9       0x2d c:/program files (x86)/cypress/psoc creator/3.2/psoc creator/import/gnu/arm/4.8.4/bin/../lib/gcc/arm-none-eabi/4.8.4/../../../../arm-none-eabi/lib/armv7-m\libg_s.a(lib_a-malloc.o)
 .ARM.attributes
                0x00000b26       0x2d c:/program files (x86)/cypress/psoc creator/3.2/psoc creator/import/gnu/arm/4.8.4/bin/../lib/gcc/arm-none-eabi/4.8.4/../../../../arm-none-eabi/lib/armv7-m\libg_s.a(lib_a-memcpy-stub.o)
 .ARM.attributes
                0x00000b53       0x2d c:/program files (x86)/cypress/psoc creator/3.2/psoc creator/import/gnu/arm/4.8.4/bin/../lib/gcc/arm-none-eabi/4.8.4/../../../../arm-none-eabi/lib/armv7-m\libg_s.a(lib_a-memset.o)
 .ARM.attributes
                0x00000b80       0x2d c:/program files (x86)/cypress/psoc creator/3.2/psoc creator/import/gnu/arm/4.8.4/bin/../lib/gcc/arm-none-eabi/4.8.4/../../../../arm-none-eabi/lib/armv7-m\libg_s.a(lib_a-nano-freer.o)
 .ARM.attributes
                0x00000bad       0x2d c:/program files (x86)/cypress/psoc creator/3.2/psoc creator/import/gnu/arm/4.8.4/bin/../lib/gcc/arm-none-eabi/4.8.4/../../../../arm-none-eabi/lib/armv7-m\libg_s.a(lib_a-nano-mallocr.o)
 .ARM.attributes
                0x00000bda       0x2d c:/program files (x86)/cypress/psoc creator/3.2/psoc creator/import/gnu/arm/4.8.4/bin/../lib/gcc/arm-none-eabi/4.8.4/../../../../arm-none-eabi/lib/armv7-m\libg_s.a(lib_a-sbrkr.o)
 .ARM.attributes
                0x00000c07       0x2d c:/program files (x86)/cypress/psoc creator/3.2/psoc creator/import/gnu/arm/4.8.4/bin/../lib/gcc/arm-none-eabi/4.8.4/../../../../arm-none-eabi/lib/armv7-m\libg_s.a(lib_a-reent.o)
 .ARM.attributes
                0x00000c34       0x2d c:/program files (x86)/cypress/psoc creator/3.2/psoc creator/import/gnu/arm/4.8.4/bin/../lib/gcc/arm-none-eabi/4.8.4/armv7-m/crtend.o
 .ARM.attributes
                0x00000c61       0x1d c:/program files (x86)/cypress/psoc creator/3.2/psoc creator/import/gnu/arm/4.8.4/bin/../lib/gcc/arm-none-eabi/4.8.4/armv7-m/crtn.o

/DISCARD/
 *(.note.GNU-stack)
OUTPUT(.\CortexM3\ARM_GCC_484\Debug\chickybot.elf elf32-littlearm)
